Product: MDK-ARM Lite 5.10
Component: ARM Compiler 5.04 update 1 (build 49)
Tool: armlink [5040049]

==============================================================================

Section Cross References

    startup.o(RESET) refers to startup.o(STACK) for __initial_sp
    startup.o(RESET) refers to startup.o(.text) for Reset_Handler
    startup.o(RESET) refers to gpio.o(i.GPIO_IRQHandler) for GPIO_IRQHandler
    startup.o(RESET) refers to analog.o(i.COMPARATOR0_IRQHandler) for COMPARATOR0_IRQHandler
    startup.o(RESET) refers to analog.o(i.COMPARATOR1_IRQHandler) for COMPARATOR1_IRQHandler
    startup.o(RESET) refers to lib.o(i.BLE_IRQHandler) for BLE_IRQHandler
    startup.o(RESET) refers to sleep.o(i.OSC_EN_IRQHandler) for OSC_EN_IRQHandler
    startup.o(RESET) refers to adc.o(i.ADC_IRQHandler) for ADC_IRQHandler
    startup.o(RESET) refers to uart.o(i.UART0_TX_IRQHandler) for UART0_TX_IRQHandler
    startup.o(RESET) refers to uart.o(i.UART0_RX_IRQHandler) for UART0_RX_IRQHandler
    startup.o(RESET) refers to timer.o(i.TIMER0_IRQHandler) for TIMER0_IRQHandler
    startup.o(RESET) refers to timer.o(i.TIMER1_IRQHandler) for TIMER1_IRQHandler
    startup.o(RESET) refers to timer.o(i.TIMER2_IRQHandler) for TIMER2_IRQHandler
    startup.o(RESET) refers to timer.o(i.TIMER3_IRQHandler) for TIMER3_IRQHandler
    startup.o(RESET) refers to wdt.o(i.WDT_IRQHandler) for WDT_IRQHandler
    startup.o(.text) refers to entry.o(.ARM.Collect$$$$00000000) for __main
    app_main.o(i.assert_err) refers to printfa.o(i.__0printf) for __2printf
    app_main.o(i.assert_warn) refers to printfa.o(i.__0printf) for __2printf
    app_main.o(i.main) refers to lib.o(i.dc_dc_enable) for dc_dc_enable
    app_main.o(i.main) refers to lib.o(i.plf_init) for plf_init
    app_main.o(i.main) refers to system.o(i.SystemInit) for SystemInit
    app_main.o(i.main) refers to lib.o(i.ble_init) for ble_init
    app_main.o(i.main) refers to app_env.o(i.app_init) for app_init
    app_main.o(i.main) refers to usr_design.o(i.usr_init) for usr_init
    app_main.o(i.main) refers to sleep.o(i.sleep_init) for sleep_init
    app_main.o(i.main) refers to sleep.o(i.wakeup_by_sleep_timer) for wakeup_by_sleep_timer
    app_main.o(i.main) refers to lib.o(i.ke_schedule) for ke_schedule
    app_main.o(i.main) refers to sleep.o(i.usr_sleep) for usr_sleep
    app_main.o(i.main) refers to lib.o(i.ble_sleep) for ble_sleep
    app_main.o(i.main) refers to led.o(i.led_set) for led_set
    app_main.o(i.main) refers to sleep.o(i.enter_sleep) for enter_sleep
    app_main.o(i.main) refers to prf_utils.o(i.prf_init) for prf_init
    app_main.o(i.main) refers to prf_utils.o(i.prf_dispatch_disconnect) for prf_dispatch_disconnect
    app_main.o(i.main) refers to app_main.o(.bss) for .bss
    app_main.o(i.main) refers to sleep.o(i.sleep_cb) for sleep_cb
    system.o(i.SystemInit) refers to system.o(i.timer_clock_off) for timer_clock_off
    system.o(i.SystemInit) refers to system.o(i.uart_clock_off) for uart_clock_off
    system.o(i.SystemInit) refers to system.o(i.spi_clock_off) for spi_clock_off
    system.o(i.SystemInit) refers to syscon.o(i.syscon_set_sysclk_src) for syscon_set_sysclk_src
    system.o(i.SystemInit) refers to syscon.o(i.syscon_set_ahb_clk) for syscon_set_ahb_clk
    system.o(i.SystemInit) refers to syscon.o(i.syscon_set_ble_clk) for syscon_set_ble_clk
    system.o(i.SystemInit) refers to syscon.o(i.syscon_set_apb_clk) for syscon_set_apb_clk
    system.o(i.SystemInit) refers to syscon.o(i.syscon_set_timer_clk) for syscon_set_timer_clk
    system.o(i.SystemInit) refers to syscon.o(i.syscon_set_usart_clk) for syscon_set_usart_clk
    system.o(i.SystemInit) refers to gpio.o(i.gpio_init) for gpio_init
    system.o(i.SystemInit) refers to led.o(i.led_init) for led_init
    system.o(i.SystemInit) refers to button.o(i.button_init) for button_init
    system.o(i.SystemInit) refers to uart.o(i.uart_init) for uart_init
    system.o(i.SystemInit) refers to usr_design.o(i.gpio_interrupt_callback) for gpio_interrupt_callback
    usr_design.o(i.app_button_timer_handler) refers to gpio.o(i.gpio_read_pin) for gpio_read_pin
    usr_design.o(i.app_button_timer_handler) refers to app_main.o(i.assert_err) for assert_err
    usr_design.o(i.app_button_timer_handler) refers to app_gap.o(i.app_gap_adv_stop_req) for app_gap_adv_stop_req
    usr_design.o(i.app_button_timer_handler) refers to app_util.o(i.app_get_local_service_flag) for app_get_local_service_flag
    usr_design.o(i.app_button_timer_handler) refers to app_util.o(i.app_set_scan_rsp_data) for app_set_scan_rsp_data
    usr_design.o(i.app_button_timer_handler) refers to app_util.o(i.app_set_adv_data) for app_set_adv_data
    usr_design.o(i.app_button_timer_handler) refers to app_gap.o(i.app_gap_adv_start_req) for app_gap_adv_start_req
    usr_design.o(i.app_button_timer_handler) refers to app_env.o(.bss) for app_env
[...]
    .constdata                               0x10006194   Section        8  diss_task.o(.constdata)
    .constdata                               0x1000619c   Section       16  diss_task.o(.constdata)
    .constdata                               0x100061ac   Section        8  diss_task.o(.constdata)
    .constdata                               0x100061b4   Section       32  diss_task.o(.constdata)
    .constdata                               0x100061d4   Section       51  uart.o(.constdata)
    .constdata                               0x10006208   Section       16  lib.o(.constdata)
    .constdata                               0x10006218   Section       12  mktime.o(.constdata)
    monlen                                   0x10006218   Data          12  mktime.o(.constdata)
    .constdata                               0x10006224   Section       12  localtime_i.o(.constdata)
    monlen                                   0x10006224   Data          12  localtime_i.o(.constdata)
    .constdata                               0x10006230   Section      129  ctype_o.o(.constdata)
    .constdata                               0x100062b4   Section        4  ctype_o.o(.constdata)
    table                                    0x100062b4   Data           4  ctype_o.o(.constdata)
    .conststring                             0x100062b8   Section      214  app_gap_task.o(.conststring)
    .conststring                             0x10006390   Section      173  app_smp_task.o(.conststring)
    .data                                    0x10006470   Section      548  usr_design.o(.data)
    .data                                    0x10006694   Section        2  app_task.o(.data)
    .data                                    0x10006698   Section        4  app_htpt_task.o(.data)
    .data                                    0x1000669c   Section        4  app_diss_task.o(.data)
    .data                                    0x100066a0   Section        2  htpt_task.o(.data)
    .data                                    0x100066a2   Section        2  diss_task.o(.data)
    .data                                    0x100066a4   Section        4  gpio.o(.data)
    gpio_env                                 0x100066a4   Data           4  gpio.o(.data)
    .data                                    0x100066a8   Section       28  sleep.o(.data)
    .data                                    0x100066c4   Section       12  syscon.o(.data)
    .data                                    0x100066d0   Section        8  bletime.o(.data)
    s_pre_tick_count_sec                     0x100066d0   Data           4  bletime.o(.data)
    s_pre_tick_count_10ms                    0x100066d4   Data           4  bletime.o(.data)
    .data                                    0x100066d8   Section       12  adc.o(.data)
    ADC_VCM_flag                             0x100066d8   Data           1  adc.o(.data)
    adc_offset_get_done                      0x100066d9   Data           1  adc.o(.data)
    scan_ch_num                              0x100066da   Data           1  adc.o(.data)
    ADC_SCALE                                0x100066dc   Data           2  adc.o(.data)
    ADC_VCM                                  0x100066de   Data           2  adc.o(.data)
    ADC_OFFSET                               0x100066e0   Data           2  adc.o(.data)
    ADC_VREF                                 0x100066e2   Data           2  adc.o(.data)
    .data                                    0x100066e4   Section       12  analog.o(.data)
    acmp_env0                                0x100066e8   Data           4  analog.o(.data)
    acmp_env1                                0x100066ec   Data           4  analog.o(.data)
    .data                                    0x100066f0   Section        4  wdt.o(.data)
    .data                                    0x100066f4   Section       32  timer.o(.data)
    .data                                    0x10006714   Section        4  retarget.o(.data)
    .data                                    0x10006718   Section       32  lib.o(.data)
    ext_ctrl                                 0x10006718   Data           1  lib.o(.data)
    acc                                      0x10006719   Data           1  lib.o(.data)
    dc_dc_flag                               0x1000671a   Data           1  lib.o(.data)
    l2cm_default_handler                     0x10006728   Data           8  lib.o(.data)
    gatt_default_handler_new                 0x10006730   Data           8  lib.o(.data)
    .data                                    0x10006738   Section        4  rand.o(.data)
    _rand_state                              0x10006738   Data           4  rand.o(.data)
    .data                                    0x1000673c   Section        4  errno.o(.data)
    _errno                                   0x1000673c   Data           4  errno.o(.data)
    .bss                                     0x10006740   Section     1800  app_main.o(.bss)
    ble_heap                                 0x10006740   Data        1800  app_main.o(.bss)
    .bss                                     0x10006e48   Section      252  app_env.o(.bss)
    .bss                                     0x10006f44   Section       14  htpt.o(.bss)
    .bss                                     0x10006f52   Section       18  diss.o(.bss)
    .bss                                     0x10006f64   Section       48  uart.o(.bss)
    uart0_env                                0x10006f64   Data          24  uart.o(.bss)
    uart1_env                                0x10006f7c   Data          24  uart.o(.bss)
    .bss                                     0x10006f94   Section       20  adc.o(.bss)
    adc_env                                  0x10006f94   Data          20  adc.o(.bss)
    .bss                                     0x10006fa8   Section      928  lib.o(.bss)
    gatt_state_handler_new                   0x10006fa8   Data          16  lib.o(.bss)
    atts_resource_init_state_new             0x10006fb8   Data          32  lib.o(.bss)
    atts_state_handler_new                   0x10006fd8   Data          24  lib.o(.bss)
    nvds_temp_buff                           0x10006ff0   Data         256  lib.o(.bss)
    l2cm_default_state_new                   0x100070f0   Data          72  lib.o(.bss)
    gatt_default_state_new                   0x10007238   Data         272  lib.o(.bss)
    .bss                                     0x10007348   Section       44  localtime_w.o(.bss)
    _tms                                     0x10007348   Data          44  localtime_w.o(.bss)
    STACK                                    0x10007378   Section      512  startup.o(STACK)

    Global Symbols

    Symbol Name                              Value     Ov Type        Size  Object(Section)

    BuildAttributes$$THM_ISAv3M$S$PE$A:L22$X:L11$S22$IEEE1$IW$USESV6$~STKCKD$USESV7$~SHL$OSPACE$ROPI$EBA8$MICROLIB$REQ8$PRES8$EABIv2 0x00000000   Number         0  anon$$obj.o ABSOLUTE
    __ARM_use_no_argv                        0x00000000   Number         0  app_main.o ABSOLUTE
    __use_no_errno                           0x00000000   Number         0  useno.o ABSOLUTE
    __use_no_exception_handling              0x00000000   Number         0  useno.o ABSOLUTE
    __use_no_fp                              0x00000000   Number         0  useno.o ABSOLUTE
    __use_no_heap                            0x00000000   Number         0  useno.o ABSOLUTE
    __use_no_heap_region                     0x00000000   Number         0  useno.o ABSOLUTE
    __use_no_semihosting                     0x00000000   Number         0  useno.o ABSOLUTE
    __use_no_semihosting_swi                 0x00000000   Number         0  useno.o ABSOLUTE
    __use_no_signal_handling                 0x00000000   Number         0  useno.o ABSOLUTE
    _printf_a                                0x00000000   Number         0  stubs.o ABSOLUTE
    _printf_c                                0x00000000   Number         0  stubs.o ABSOLUTE
    _printf_charcount                        0x00000000   Number         0  stubs.o ABSOLUTE
    _printf_d                                0x00000000   Number         0  stubs.o ABSOLUTE
    _printf_e                                0x00000000   Number         0  stubs.o ABSOLUTE
    _printf_f                                0x00000000   Number         0  stubs.o ABSOLUTE
    _printf_flags                            0x00000000   Number         0  stubs.o ABSOLUTE
    _printf_fp_dec                           0x00000000   Number         0  stubs.o ABSOLUTE
    _printf_fp_hex                           0x00000000   Number         0  stubs.o ABSOLUTE
    _printf_g                                0x00000000   Number         0  stubs.o ABSOLUTE
    _printf_i                                0x00000000   Number         0  stubs.o ABSOLUTE
    _printf_int_dec                          0x00000000   Number         0  stubs.o ABSOLUTE
    _printf_l                                0x00000000   Number         0  stubs.o ABSOLUTE
    _printf_lc                               0x00000000   Number         0  stubs.o ABSOLUTE
    _printf_ll                               0x00000000   Number         0  stubs.o ABSOLUTE
    _printf_lld                              0x00000000   Number         0  stubs.o ABSOLUTE
    _printf_lli                              0x00000000   Number         0  stubs.o ABSOLUTE
    _printf_llo                              0x00000000   Number         0  stubs.o ABSOLUTE
    _printf_llu                              0x00000000   Number         0  stubs.o ABSOLUTE
    _printf_llx                              0x00000000   Number         0  stubs.o ABSOLUTE
    _printf_longlong_dec                     0x00000000   Number         0  stubs.o ABSOLUTE
    _printf_longlong_hex                     0x00000000   Number         0  stubs.o ABSOLUTE
    _printf_longlong_oct                     0x00000000   Number         0  stubs.o ABSOLUTE
    _printf_ls                               0x00000000   Number         0  stubs.o ABSOLUTE
    _printf_mbtowc                           0x00000000   Number         0  stubs.o ABSOLUTE
    _printf_n                                0x00000000   Number         0  stubs.o ABSOLUTE
    _printf_o                                0x00000000   Number         0  stubs.o ABSOLUTE
    _printf_p                                0x00000000   Number         0  stubs.o ABSOLUTE
    _printf_percent                          0x00000000   Number         0  stubs.o ABSOLUTE
    _printf_pre_padding                      0x00000000   Number         0  stubs.o ABSOLUTE
    _printf_return_value                     0x00000000   Number         0  stubs.o ABSOLUTE
    _printf_s                                0x00000000   Number         0  stubs.o ABSOLUTE
    _printf_sizespec                         0x00000000   Number         0  stubs.o ABSOLUTE
    _printf_str                              0x00000000   Number         0  stubs.o ABSOLUTE
    _printf_truncate_signed                  0x00000000   Number         0  stubs.o ABSOLUTE
    _printf_truncate_unsigned                0x00000000   Number         0  stubs.o ABSOLUTE
    _printf_u                                0x00000000   Number         0  stubs.o ABSOLUTE
    _printf_wc                               0x00000000   Number         0  stubs.o ABSOLUTE
    _printf_wctomb                           0x00000000   Number         0  stubs.o ABSOLUTE
    _printf_widthprec                        0x00000000   Number         0  stubs.o ABSOLUTE
    _printf_x                                0x00000000   Number         0  stubs.o ABSOLUTE
    __cpp_initialize__aeabi_                  - Undefined Weak Reference
    __cxa_finalize                            - Undefined Weak Reference
    _clock_init                               - Undefined Weak Reference
    _microlib_exit                            - Undefined Weak Reference
    __Vectors_Size                           0x000000c0   Number         0  startup.o ABSOLUTE
    __Vectors                                0x10000000   Data           4  startup.o(RESET)
    __Vectors_End                            0x100000c0   Data           0  startup.o(RESET)
    __main                                   0x100000c1   Thumb Code     0  entry.o(.ARM.Collect$$$$00000000)
    _main_stk                                0x100000c1   Thumb Code     0  entry2.o(.ARM.Collect$$$$00000001)
    _main_scatterload                        0x100000c5   Thumb Code     0  entry5.o(.ARM.Collect$$$$00000004)
    __main_after_scatterload                 0x100000c9   Thumb Code     0  entry5.o(.ARM.Collect$$$$00000004)
    _main_clock                              0x100000c9   Thumb Code     0  entry7b.o(.ARM.Collect$$$$00000008)
    _main_cpp_init                           0x100000c9   Thumb Code     0  entry8b.o(.ARM.Collect$$$$0000000A)
    _main_init                               0x100000c9   Thumb Code     0  entry9a.o(.ARM.Collect$$$$0000000B)
    __rt_final_cpp                           0x100000d1   Thumb Code     0  entry10a.o(.ARM.Collect$$$$0000000D)
    __rt_final_exit                          0x100000d1   Thumb Code     0  entry11a.o(.ARM.Collect$$$$0000000F)
    Reset_Handler                            0x100000d5   Thumb Code    14  startup.o(.text)
    NMI_Handler                              0x100000e3   Thumb Code     2  startup.o(.text)
    HardFault_Handler                        0x100000e5   Thumb Code     2  startup.o(.text)
    MemManage_Handler                        0x100000e7   Thumb Code     2  startup.o(.text)
    BusFault_Handler                         0x100000e9   Thumb Code     2  startup.o(.text)
    UsageFault_Handler                       0x100000eb   Thumb Code     2  startup.o(.text)
    SVC_Handler                              0x100000ed   Thumb Code     2  startup.o(.text)
    DebugMon_Handler                         0x100000ef   Thumb Code     2  startup.o(.text)
    PendSV_Handler                           0x100000f1   Thumb Code     2  startup.o(.text)
    SysTick_Handler                          0x100000f3   Thumb Code     2  startup.o(.text)
    CALIB_IRQHandler                         0x100000f5   Thumb Code     0  startup.o(.text)
    DMA_IRQHandler                           0x100000f5   Thumb Code     0  startup.o(.text)
    I2C_IRQHandler                           0x100000f5   Thumb Code     0  startup.o(.text)
    PWM0_IRQHandler                          0x100000f5   Thumb Code     0  startup.o(.text)
    PWM1_IRQHandler                          0x100000f5   Thumb Code     0  startup.o(.text)
    RTC_CAP_IRQHandler                       0x100000f5   Thumb Code     0  startup.o(.text)
    RTC_IRQHandler                           0x100000f5   Thumb Code     0  startup.o(.text)
    SPI0_RX_IRQHandler                       0x100000f5   Thumb Code     0  startup.o(.text)
    SPI0_TX_IRQHandler                       0x100000f5   Thumb Code     0  startup.o(.text)
    SPI1_RX_IRQHandler                       0x100000f5   Thumb Code     0  startup.o(.text)
    SPI1_TX_IRQHandler                       0x100000f5   Thumb Code     0  startup.o(.text)
    TUNER_RX_IRQHandler                      0x100000f5   Thumb Code     0  startup.o(.text)
    TUNER_SETTING_IRQHandler                 0x100000f5   Thumb Code     0  startup.o(.text)
    TUNER_TX_IRQHandler                      0x100000f5   Thumb Code     0  startup.o(.text)
    UART1_RX_IRQHandler                      0x100000f5   Thumb Code     0  startup.o(.text)
    UART1_TX_IRQHandler                      0x100000f5   Thumb Code     0  startup.o(.text)
    __rd_ble_reg                             0x10000105   Thumb Code     4  math.o(.text)
    __wr_ble_reg                             0x10000109   Thumb Code     4  math.o(.text)
    __aeabi_lmul                             0x1000010d   Thumb Code   166  math.o(.text)
    __aeabi_uldivmod                         0x100001b3   Thumb Code   256  math.o(.text)
    __aeabi_uidiv                            0x100002b3   Thumb Code     0  uidiv.o(.text)
    __aeabi_uidivmod                         0x100002b3   Thumb Code    44  uidiv.o(.text)
    __aeabi_idiv                             0x100002df   Thumb Code     0  idiv.o(.text)
    __aeabi_idivmod                          0x100002df   Thumb Code    40  idiv.o(.text)
    __aeabi_lasr                             0x10000307   Thumb Code    38  llsshr.o(.text)
    _ll_sshift_r                             0x10000307   Thumb Code     0  llsshr.o(.text)
    rand                                     0x1000032d   Thumb Code    18  rand.o(.text)
    srand                                    0x1000033f   Thumb Code     6  rand.o(.text)
    mktime                                   0x10000351   Thumb Code   124  mktime.o(.text)
    __aeabi_memcpy                           0x100003dd   Thumb Code    36  memcpya.o(.text)
    __aeabi_memcpy4                          0x100003dd   Thumb Code     0  memcpya.o(.text)
    __aeabi_memcpy8                          0x100003dd   Thumb Code     0  memcpya.o(.text)
    __aeabi_memset                           0x10000401   Thumb Code    14  memseta.o(.text)
    __aeabi_memset4                          0x10000401   Thumb Code     0  memseta.o(.text)
    __aeabi_memset8                          0x10000401   Thumb Code     0  memseta.o(.text)
    __aeabi_memclr                           0x1000040f   Thumb Code     4  memseta.o(.text)
    __aeabi_memclr4                          0x1000040f   Thumb Code     0  memseta.o(.text)
    __aeabi_memclr8                          0x1000040f   Thumb Code     0  memseta.o(.text)
    _memset$wrapper                          0x10000413   Thumb Code    18  memseta.o(.text)
    memcmp                                   0x10000425   Thumb Code    26  memcmp.o(.text)
    strcpy                                   0x1000043f   Thumb Code    18  strcpy.o(.text)
    __aeabi_uread4                           0x10000451   Thumb Code    20  uread4.o(.text)
    __rt_uread4                              0x10000451   Thumb Code     0  uread4.o(.text)
    _uread4                                  0x10000451   Thumb Code     0  uread4.o(.text)
    atoi                                     0x10000465   Thumb Code    26  atoi.o(.text)
    __aeabi_dadd                             0x10000481   Thumb Code   328  dadd.o(.text)
    __aeabi_dsub                             0x100005c9   Thumb Code    12  dadd.o(.text)
    __aeabi_drsub                            0x100005d5   Thumb Code    12  dadd.o(.text)
    __aeabi_dmul                             0x100005e5   Thumb Code   202  dmul.o(.text)
    __aeabi_ddiv                             0x100006b5   Thumb Code   234  ddiv.o(.text)
    __aeabi_i2d                              0x100007a5   Thumb Code    34  dflti.o(.text)
    __aeabi_d2iz                             0x100007cd   Thumb Code    62  dfixi.o(.text)
    __aeabi_llsl                             0x10000815   Thumb Code    32  llshl.o(.text)
    _ll_shift_l                              0x10000815   Thumb Code     0  llshl.o(.text)
    __aeabi_llsr                             0x10000835   Thumb Code    34  llushr.o(.text)
    _ll_ushift_r                             0x10000835   Thumb Code     0  llushr.o(.text)
    localtime                                0x10000859   Thumb Code    10  localtime_w.o(.text)
    _localtime                               0x10000869   Thumb Code   104  localtime_i.o(.text)
    strtol                                   0x100008dd   Thumb Code   108  strtol.o(.text)
    __I$use$fp                               0x1000094d   Thumb Code     0  iusefp.o(.text)
    _double_round                            0x1000094d   Thumb Code    26  depilogue.o(.text)
    _double_epilogue                         0x10000967   Thumb Code   164  depilogue.o(.text)
    __aeabi_d2ulz                            0x10000a0d   Thumb Code    54  dfixul.o(.text)
    __aeabi_cdrcmple                         0x10000a4d   Thumb Code    38  cdrcmple.o(.text)
    __scatterload                            0x10000a75   Thumb Code    28  init.o(.text)
    __scatterload_rt2                        0x10000a75   Thumb Code     0  init.o(.text)
    __rt_ctype_table                         0x10000a99   Thumb Code     4  ctype_o.o(.text)
    _strtoul                                 0x10000aa1   Thumb Code   166  _strtoul.o(.text)
    _chval                                   0x10000b47   Thumb Code    30  _chval.o(.text)
    __decompress                             0x10000b65   Thumb Code     0  __dczerorl.o(.text)
    __decompress0                            0x10000b65   Thumb Code    58  __dczerorl.o(.text)
    ADC_IRQHandler                           0x10000ba1   Thumb Code   190  adc.o(i.ADC_IRQHandler)
    BLE_IRQHandler                           0x10000c75   Thumb Code   150  lib.o(i.BLE_IRQHandler)
    COMPARATOR0_IRQHandler                   0x10000d21   Thumb Code    12  analog.o(i.COMPARATOR0_IRQHandler)
    COMPARATOR1_IRQHandler                   0x10000d31   Thumb Code    12  analog.o(i.COMPARATOR1_IRQHandler)
    GPIO_IRQHandler                          0x10000d41   Thumb Code    36  gpio.o(i.GPIO_IRQHandler)
    OSC_EN_IRQHandler                        0x10000d69   Thumb Code    12  sleep.o(i.OSC_EN_IRQHandler)
    SystemInit                               0x10000d7d   Thumb Code   220  system.o(i.SystemInit)
    TIMER0_IRQHandler                        0x10000e91   Thumb Code    44  timer.o(i.TIMER0_IRQHandler)
    TIMER1_IRQHandler                        0x10000ec5   Thumb Code    44  timer.o(i.TIMER1_IRQHandler)
    TIMER2_IRQHandler                        0x10000ef9   Thumb Code    44  timer.o(i.TIMER2_IRQHandler)
    TIMER3_IRQHandler                        0x10000f2d   Thumb Code    44  timer.o(i.TIMER3_IRQHandler)
    UART0_RX_IRQHandler                      0x10000f61   Thumb Code    90  uart.o(i.UART0_RX_IRQHandler)
    UART0_TX_IRQHandler                      0x10000fc5   Thumb Code    52  uart.o(i.UART0_TX_IRQHandler)
    UartPutc                                 0x10001001   Thumb Code    18  uart.o(i.UartPutc)
    WDT_IRQHandler                           0x10001019   Thumb Code    18  wdt.o(i.WDT_IRQHandler)
    __0printf                                0x10001031   Thumb Code    24  printfa.o(i.__0printf)
    __1printf                                0x10001031   Thumb Code     0  printfa.o(i.__0printf)
    __2printf                                0x10001031   Thumb Code     0  printfa.o(i.__0printf)
    __c89printf                              0x10001031   Thumb Code     0  printfa.o(i.__0printf)
    printf                                   0x10001031   Thumb Code     0  printfa.o(i.__0printf)
    __ARM_clz                                0x10001051   Thumb Code    46  depilogue.o(i.__ARM_clz)
    __ARM_common_switch8                     0x1000107f   Thumb Code    26  app_gap_task.o(i.__ARM_common_switch8)
    __aeabi_errno_addr                       0x10001159   Thumb Code     4  errno.o(i.__aeabi_errno_addr)
    __rt_errno_addr                          0x10001159   Thumb Code     0  errno.o(i.__aeabi_errno_addr)
    __scatterload_copy                       0x10001161   Thumb Code    14  handlers.o(i.__scatterload_copy)
    __scatterload_null                       0x1000116f   Thumb Code     2  handlers.o(i.__scatterload_null)
    __scatterload_zeroinit                   0x10001171   Thumb Code    14  handlers.o(i.__scatterload_zeroinit)
    adc_clean_fifo                           0x10001a29   Thumb Code    14  adc.o(i.adc_clean_fifo)
    adc_init                                 0x10001a3d   Thumb Code   234  adc.o(i.adc_init)
    adc_read                                 0x10001b4d   Thumb Code   126  adc.o(i.adc_read)
    adc_sample_complete_callback             0x10001be5   Thumb Code     6  usr_design.o(i.adc_sample_complete_callback)
    app_add_bonded_dev                       0x10001bf1   Thumb Code    32  app_util.o(i.app_add_bonded_dev)
    app_button_timer_handler                 0x10001c15   Thumb Code   112  usr_design.o(i.app_button_timer_handler)
    app_char_config_desc_change              0x10001cad   Thumb Code   168  usr_design.o(i.app_char_config_desc_change)
    app_clear_local_service_flag             0x10001d65   Thumb Code    10  app_util.o(i.app_clear_local_service_flag)
    app_clear_stored_meas                    0x10001d75   Thumb Code    10  usr_design.o(i.app_clear_stored_meas)
    app_create_server_service_DB             0x10001d85   Thumb Code    28  app_util.o(i.app_create_server_service_DB)
    app_diss_create_db                       0x10001da9   Thumb Code    26  app_diss.o(i.app_diss_create_db)
    app_diss_create_db_cfm_handler           0x10001dc9   Thumb Code   184  app_diss_task.o(i.app_diss_create_db_cfm_handler)
    app_diss_enable_req                      0x10001ed9   Thumb Code    30  app_diss.o(i.app_diss_enable_req)
    app_diss_error_ind_handler               0x10001f01   Thumb Code     4  app_diss_task.o(i.app_diss_error_ind_handler)
    app_enable_server_service                0x10001f05   Thumb Code    86  app_util.o(i.app_enable_server_service)
    app_event_adc_sample_cmp_handler         0x10001f65   Thumb Code    68  usr_design.o(i.app_event_adc_sample_cmp_handler)
    app_event_button1_press_handler          0x10001fb9   Thumb Code    20  usr_design.o(i.app_event_button1_press_handler)
    app_find_bonded_dev                      0x10001fd9   Thumb Code    50  app_util.o(i.app_find_bonded_dev)
    app_gap_adv_intv_update_timer_handler    0x10002015   Thumb Code    64  usr_design.o(i.app_gap_adv_intv_update_timer_handler)
    app_gap_adv_req_cmp_evt_handler          0x10002061   Thumb Code    34  app_gap_task.o(i.app_gap_adv_req_cmp_evt_handler)
    app_gap_adv_start_req                    0x100020a9   Thumb Code   128  app_gap.o(i.app_gap_adv_start_req)
    app_gap_adv_stop_req                     0x10002131   Thumb Code    26  app_gap.o(i.app_gap_adv_stop_req)
    app_gap_bond_req_cmp_ind_handler         0x10002155   Thumb Code   110  app_gap_task.o(i.app_gap_bond_req_cmp_ind_handler)
    app_gap_bond_req_ind_handler             0x100021cd   Thumb Code    82  app_gap_task.o(i.app_gap_bond_req_ind_handler)
    app_gap_bond_resp                        0x10002229   Thumb Code    52  app_gap.o(i.app_gap_bond_resp)
    app_gap_change_param_req_cmp_handler     0x10002265   Thumb Code    44  app_gap_task.o(i.app_gap_change_param_req_cmp_handler)
    app_gap_discon_cmp_evt_handler           0x100022b1   Thumb Code    86  app_gap_task.o(i.app_gap_discon_cmp_evt_handler)
    app_gap_discon_req                       0x10002365   Thumb Code    30  app_gap.o(i.app_gap_discon_req)
    app_gap_le_create_conn_req_cmp_evt_handler 0x1000238d   Thumb Code   100  app_gap_task.o(i.app_gap_le_create_conn_req_cmp_evt_handler)
    app_gap_param_update_req                 0x10002431   Thumb Code    42  app_gap.o(i.app_gap_param_update_req)
    app_gap_param_update_resp_handler        0x10002465   Thumb Code    46  app_gap_task.o(i.app_gap_param_update_resp_handler)
    app_gap_read_bdaddr_req                  0x100024bd   Thumb Code    10  app_gap.o(i.app_gap_read_bdaddr_req)
    app_gap_read_bdaddr_req_cmp_evt_handler  0x100024d1   Thumb Code    48  app_gap_task.o(i.app_gap_read_bdaddr_req_cmp_evt_handler)
    app_gap_read_ver_req                     0x10002525   Thumb Code    10  app_gap.o(i.app_gap_read_ver_req)
    app_gap_read_ver_req_cmp_evt_handler     0x10002539   Thumb Code    32  app_gap_task.o(i.app_gap_read_ver_req_cmp_evt_handler)
    app_gap_ready_evt_handler                0x1000255d   Thumb Code    24  app_gap_task.o(i.app_gap_ready_evt_handler)
    app_gap_reset_req_cmp_handler            0x10002575   Thumb Code    10  app_gap_task.o(i.app_gap_reset_req_cmp_handler)
    app_gap_set_bondable_mode_req            0x10002581   Thumb Code    26  app_gap.o(i.app_gap_set_bondable_mode_req)
    app_gap_set_devname_req_cmp_evt_handler  0x100025a5   Thumb Code    24  app_gap_task.o(i.app_gap_set_devname_req_cmp_evt_handler)
    app_gap_set_mode_req_cmp_evt_handler     0x100025d9   Thumb Code    66  app_gap_task.o(i.app_gap_set_mode_req_cmp_evt_handler)
    app_gap_set_privacy_req_cmp_handler      0x1000266d   Thumb Code    22  app_gap_task.o(i.app_gap_set_privacy_req_cmp_handler)
    app_gap_set_random_add_req_cmp_handler   0x100026b5   Thumb Code    18  app_gap_task.o(i.app_gap_set_random_add_req_cmp_handler)
    app_gap_set_sec_req                      0x100026e5   Thumb Code    30  app_gap.o(i.app_gap_set_sec_req)
    app_gap_set_sec_req_cmp_evt_handler      0x1000270d   Thumb Code    32  app_gap_task.o(i.app_gap_set_sec_req_cmp_evt_handler)
    app_gatt_resource_access_req_handler     0x10002731   Thumb Code    30  app_gap_task.o(i.app_gatt_resource_access_req_handler)
    app_get_bd_addr_by_conhdl                0x10002759   Thumb Code    60  app_util.o(i.app_get_bd_addr_by_conhdl)
    app_get_bond_nb                          0x10002799   Thumb Code     6  app_util.o(i.app_get_bond_nb)
    app_get_bond_status                      0x100027a5   Thumb Code    30  app_util.o(i.app_get_bond_status)
    app_get_celsius_temperature              0x100027c9   Thumb Code    84  usr_design.o(i.app_get_celsius_temperature)
    app_get_conhdl_by_idx                    0x10002841   Thumb Code    30  app_util.o(i.app_get_conhdl_by_idx)
    app_get_imeas_notify_data                0x10002869   Thumb Code    54  usr_design.o(i.app_get_imeas_notify_data)
    app_get_link_status_by_idx               0x100028bd   Thumb Code    24  app_util.o(i.app_get_link_status_by_idx)
    app_get_lk_sec_status                    0x100028d9   Thumb Code    32  app_util.o(i.app_get_lk_sec_status)
    app_get_local_service_flag               0x100028fd   Thumb Code     4  app_util.o(i.app_get_local_service_flag)
    app_get_meas_indicate_data               0x10002905   Thumb Code   130  usr_design.o(i.app_get_meas_indicate_data)
    app_get_role                             0x100029c5   Thumb Code     6  app_util.o(i.app_get_role)
    app_htpt_cfg_indntf_ind_handler          0x100029d1   Thumb Code    10  app_htpt_task.o(i.app_htpt_cfg_indntf_ind_handler)
    app_htpt_create_db                       0x100029dd   Thumb Code    34  app_htpt.o(i.app_htpt_create_db)
    app_htpt_create_db_cfm_handler           0x10002a05   Thumb Code    18  app_htpt_task.o(i.app_htpt_create_db_cfm_handler)
    app_htpt_disable_ind_handler             0x10002a19   Thumb Code    24  app_htpt_task.o(i.app_htpt_disable_ind_handler)
    app_htpt_enable_req                      0x10002a35   Thumb Code    54  app_htpt.o(i.app_htpt_enable_req)
    app_htpt_error_ind_handler               0x10002a75   Thumb Code    12  app_htpt_task.o(i.app_htpt_error_ind_handler)
    app_htpt_idle_connection_timeout_timer_handler 0x10002a9d   Thumb Code    46  usr_design.o(i.app_htpt_idle_connection_timeout_timer_handler)
    app_htpt_meas_intv_chg_ind_handler       0x10002b05   Thumb Code    38  app_htpt_task.o(i.app_htpt_meas_intv_chg_ind_handler)
    app_htpt_measurement_intv_send           0x10002b55   Thumb Code    30  app_htpt.o(i.app_htpt_measurement_intv_send)
    app_htpt_period_meas_timer_handler       0x10002b7d   Thumb Code    80  usr_design.o(i.app_htpt_period_meas_timer_handler)
    app_htpt_temp_send                       0x10002c15   Thumb Code    38  app_htpt.o(i.app_htpt_temp_send)
    app_htpt_temp_send_cfm_handler           0x10002c45   Thumb Code    10  app_htpt_task.o(i.app_htpt_temp_send_cfm_handler)
    app_i_to_array                           0x10002c4f   Thumb Code    38  app_util.o(i.app_i_to_array)
    app_init                                 0x10002c75   Thumb Code   108  app_env.o(i.app_init)
    app_init_local_smp_key                   0x10002cf9   Thumb Code    22  app_util.o(i.app_init_local_smp_key)
    app_interm_temp_notify                   0x10002d15   Thumb Code    78  usr_design.o(i.app_interm_temp_notify)
    app_interm_temp_stable_status_reset      0x10002d75   Thumb Code    16  usr_design.o(i.app_interm_temp_stable_status_reset)
    app_is_interm_temp_stable                0x10002d8d   Thumb Code    62  usr_design.o(i.app_is_interm_temp_stable)
    app_led_timer_handler                    0x10002df9   Thumb Code    56  usr_design.o(i.app_led_timer_handler)
    app_param_update                         0x10002e3d   Thumb Code    56  usr_design.o(i.app_param_update)
    app_send_stored_meas                     0x10002e81   Thumb Code   100  usr_design.o(i.app_send_stored_meas)
    app_set_adv_data                         0x10002f05   Thumb Code    92  app_util.o(i.app_set_adv_data)
    app_set_char_val_req                     0x10002f79   Thumb Code    46  app_diss.o(i.app_set_char_val_req)
    app_set_idle_connection                  0x10002fb1   Thumb Code    18  usr_design.o(i.app_set_idle_connection)
    app_set_link_status_by_conhdl            0x10002fd1   Thumb Code    90  app_util.o(i.app_set_link_status_by_conhdl)
    app_set_role                             0x10003031   Thumb Code     6  app_util.o(i.app_set_role)
    app_set_scan_rsp_data                    0x1000303d   Thumb Code   128  app_util.o(i.app_set_scan_rsp_data)
    app_smpc_chk_bd_addr_req_ind_handler     0x100031fd   Thumb Code    66  app_smp_task.o(i.app_smpc_chk_bd_addr_req_ind_handler)
    app_smpc_chk_bd_addr_req_rsp             0x10003245   Thumb Code    56  app_smp.o(i.app_smpc_chk_bd_addr_req_rsp)
    app_smpc_irk_req_ind_handler             0x10003285   Thumb Code   138  app_smp_task.o(i.app_smpc_irk_req_ind_handler)
    app_smpc_irk_req_rsp                     0x1000333d   Thumb Code    66  app_smp.o(i.app_smpc_irk_req_rsp)
    app_smpc_key_ind_handler                 0x10003389   Thumb Code   136  app_smp_task.o(i.app_smpc_key_ind_handler)
    app_smpc_ltk_req_ind_handler             0x10003435   Thumb Code   172  app_smp_task.o(i.app_smpc_ltk_req_ind_handler)
    app_smpc_ltk_req_rsp                     0x10003519   Thumb Code    74  app_smp.o(i.app_smpc_ltk_req_rsp)
    app_smpc_sec_started_ind_handler         0x1000356d   Thumb Code    38  app_smp_task.o(i.app_smpc_sec_started_ind_handler)
    app_smpc_timeout_evt_handler             0x10003599   Thumb Code    36  app_smp_task.o(i.app_smpc_timeout_evt_handler)
    app_smpc_tk_req_ind_handler              0x100035dd   Thumb Code    76  app_smp_task.o(i.app_smpc_tk_req_ind_handler)
    app_smpc_tk_req_rsp                      0x10003661   Thumb Code    50  app_smp.o(i.app_smpc_tk_req_rsp)
    app_smpm_set_key_cfm_handler             0x1000369d   Thumb Code    32  app_smp_task.o(i.app_smpm_set_key_cfm_handler)
    app_smpm_set_key_req                     0x100036c1   Thumb Code    42  app_smp.o(i.app_smpm_set_key_req)
    app_start_adv                            0x100036f5   Thumb Code    64  usr_design.o(i.app_start_adv)
    app_sys_time_check_timer_handler         0x1000377d   Thumb Code    10  bletime.o(i.app_sys_time_check_timer_handler)
    app_task_msg_hdl                         0x10003789   Thumb Code   260  usr_design.o(i.app_task_msg_hdl)
    app_temp_meas_indicate                   0x100038d9   Thumb Code    54  usr_design.o(i.app_temp_meas_indicate)
    app_uart_init                            0x10003919   Thumb Code     2  app_sys.o(i.app_uart_init)
    assert_err                               0x1000391d   Thumb Code    20  app_main.o(i.assert_err)
    ble_ext_wakeup_allow                     0x100039a1   Thumb Code    36  lib.o(i.ble_ext_wakeup_allow)
    ble_hw_sleep                             0x100039c9   Thumb Code    18  lib.o(i.ble_hw_sleep)
    ble_init                                 0x100039dd   Thumb Code   204  lib.o(i.ble_init)
    ble_sleep                                0x10003aed   Thumb Code    42  lib.o(i.ble_sleep)
    button_init                              0x10003b1d   Thumb Code    36  button.o(i.button_init)
    check_ble_wakeup                         0x10003b59   Thumb Code    14  lib.o(i.check_ble_wakeup)
    co_buf_rx_get                            0x10003b6d   Thumb Code    10  lib.o(i.co_buf_rx_get)
    config_work_mode                         0x10003b7d   Thumb Code    74  lib.o(i.config_work_mode)
    dc_dc_enable                             0x10003be1   Thumb Code    50  lib.o(i.dc_dc_enable)
    diss_check_val_len                       0x10003c75   Thumb Code    42  diss.o(i.diss_check_val_len)
    diss_compute_cfg_flag                    0x10003c9f   Thumb Code    38  diss.o(i.diss_compute_cfg_flag)
    diss_disable                             0x10003d39   Thumb Code    44  diss.o(i.diss_disable)
    diss_init                                0x10003dc5   Thumb Code    24  diss.o(i.diss_init)
    enter_sleep                              0x10003e61   Thumb Code   204  sleep.o(i.enter_sleep)
    foo1                                     0x10003f65   Thumb Code     2  lib.o(i.foo1)
    fputc                                    0x10003f67   Thumb Code    10  retarget.o(i.fputc)
    fw_ble_sleep                             0x10003f71   Thumb Code   134  lib.o(i.fw_ble_sleep)
    get_time_sec                             0x10004391   Thumb Code    40  bletime.o(i.get_time_sec)
    gpio_enable_interrupt                    0x100043c1   Thumb Code    10  gpio.o(i.gpio_enable_interrupt)
    gpio_init                                0x100043cd   Thumb Code    20  gpio.o(i.gpio_init)
    gpio_interrupt_callback                  0x100043e9   Thumb Code    16  usr_design.o(i.gpio_interrupt_callback)
    gpio_read_pin                            0x100043f9   Thumb Code    20  gpio.o(i.gpio_read_pin)
    gpio_read_pin_field                      0x1000440d   Thumb Code    12  gpio.o(i.gpio_read_pin_field)
    gpio_set_direction                       0x10004419   Thumb Code    16  gpio.o(i.gpio_set_direction)
    gpio_set_direction_field                 0x10004429   Thumb Code    14  gpio.o(i.gpio_set_direction_field)
    gpio_sleep_allowed                       0x10004437   Thumb Code    30  gpio.o(i.gpio_sleep_allowed)
    gpio_wakeup_config                       0x10004455   Thumb Code    86  gpio.o(i.gpio_wakeup_config)
    gpio_write_pin                           0x100044ab   Thumb Code    22  gpio.o(i.gpio_write_pin)
    htpt_compute_att_table                   0x100044c1   Thumb Code    54  htpt.o(i.htpt_compute_att_table)
    htpt_disable                             0x1000460d   Thumb Code   132  htpt.o(i.htpt_disable)
    htpt_get_valid_rge_offset                0x100047c1   Thumb Code    20  htpt.o(i.htpt_get_valid_rge_offset)
    htpt_init                                0x100047d9   Thumb Code    24  htpt.o(i.htpt_init)
    htpt_pack_temp_value                     0x10004861   Thumb Code    92  htpt.o(i.htpt_pack_temp_value)
    htpt_temp_send_cfm_send                  0x100048bd   Thumb Code    36  htpt.o(i.htpt_temp_send_cfm_send)
    ke_schedule                              0x100049d9   Thumb Code    60  lib.o(i.ke_schedule)
    ke_time                                  0x10004a25   Thumb Code    34  lib.o(i.ke_time)
    ke_timer_empty                           0x10004a4d   Thumb Code    18  lib.o(i.ke_timer_empty)
    led_get                                  0x10004b11   Thumb Code    46  led.o(i.led_get)
    led_init                                 0x10004b3f   Thumb Code    56  led.o(i.led_init)
    led_set                                  0x10004b77   Thumb Code    40  led.o(i.led_set)
    main                                     0x10004bdd   Thumb Code   276  app_main.o(i.main)
    plf_init                                 0x10004e71   Thumb Code   592  lib.o(i.plf_init)
    prf_dispatch_disconnect                  0x100052bd   Thumb Code    52  prf_utils.o(i.prf_dispatch_disconnect)
    prf_init                                 0x100052f9   Thumb Code    12  prf_utils.o(i.prf_init)
    prf_pack_date_time                       0x10005305   Thumb Code    32  prf_utils.o(i.prf_pack_date_time)
    prf_server_error_ind_send                0x10005325   Thumb Code    38  prf_utils.o(i.prf_server_error_ind_send)
    qn_time_get                              0x10005351   Thumb Code    48  bletime.o(i.qn_time_get)
    qn_time_init                             0x10005385   Thumb Code     8  bletime.o(i.qn_time_init)
    qn_time_set                              0x1000538d   Thumb Code   106  bletime.o(i.qn_time_set)
    restore_ble_setting                      0x10005401   Thumb Code    68  lib.o(i.restore_ble_setting)
    rf_enable                                0x10005455   Thumb Code    92  qnrf.o(i.rf_enable)
    rf_enable_sw_set_freq                    0x100054b1   Thumb Code    26  qnrf.o(i.rf_enable_sw_set_freq)
    rwble_slot_2_lpcycles                    0x100054d1   Thumb Code    32  lib.o(i.rwble_slot_2_lpcycles)
    set_dbg_info                             0x100054f5   Thumb Code    10  lib.o(i.set_dbg_info)
    set_time_sec                             0x10005505   Thumb Code    14  bletime.o(i.set_time_sec)
    sleep_cb                                 0x10005519   Thumb Code    20  sleep.o(i.sleep_cb)
    sleep_init                               0x10005531   Thumb Code    40  sleep.o(i.sleep_init)
    sleep_post_process                       0x10005569   Thumb Code    90  lib.o(i.sleep_post_process)
    start_measure_temperature                0x100055f1   Thumb Code    52  usr_design.o(i.start_measure_temperature)
    syscon_set_ahb_clk                       0x10005699   Thumb Code    48  syscon.o(i.syscon_set_ahb_clk)
    syscon_set_apb_clk                       0x100056d1   Thumb Code    46  syscon.o(i.syscon_set_apb_clk)
    syscon_set_ble_clk                       0x10005705   Thumb Code    56  syscon.o(i.syscon_set_ble_clk)
    syscon_set_sysclk_src                    0x10005745   Thumb Code   150  syscon.o(i.syscon_set_sysclk_src)
    syscon_set_timer_clk                     0x100057fd   Thumb Code    38  syscon.o(i.syscon_set_timer_clk)
    syscon_set_usart_clk                     0x10005829   Thumb Code    92  syscon.o(i.syscon_set_usart_clk)
    task_app_desc_register                   0x10005899   Thumb Code    44  app_task.o(i.task_app_desc_register)
    task_diss_desc_register                  0x100058d1   Thumb Code    44  diss_task.o(i.task_diss_desc_register)
    task_htpt_desc_register                  0x100059cd   Thumb Code    44  htpt_task.o(i.task_htpt_desc_register)
    temp_sensor_enable                       0x10005a05   Thumb Code    68  analog.o(i.temp_sensor_enable)
    time_check_trigger                       0x10005a59   Thumb Code    56  bletime.o(i.time_check_trigger)
    uart_check_tx_free                       0x10005ae9   Thumb Code    44  uart.o(i.uart_check_tx_free)
    uart_init                                0x10005b4d   Thumb Code   104  uart.o(i.uart_init)
    usr_button1_cb                           0x10005c05   Thumb Code    22  usr_design.o(i.usr_button1_cb)
    usr_init                                 0x10005c25   Thumb Code    48  usr_design.o(i.usr_init)
    usr_sleep                                0x10005cd1   Thumb Code    78  sleep.o(i.usr_sleep)
    usr_sleep_restore                        0x10005d29   Thumb Code    36  usr_design.o(i.usr_sleep_restore)
    wakeup_by_sleep_timer                    0x10005d55   Thumb Code    90  sleep.o(i.wakeup_by_sleep_timer)
    wdt_irq_clear                            0x10005dbd   Thumb Code    18  wdt.o(i.wdt_irq_clear)
    app_default_state                        0x10005de4   Data         328  app_task.o(.constdata)
    app_default_handler                      0x10005f2c   Data           8  app_task.o(.constdata)
    app_state_handler                        0x10005f34   Data          40  app_task.o(.constdata)
    htpt_att_db                              0x10005f5c   Data         156  htpt.o(.constdata)
    htpt_hlth_therm_svc                      0x10005ff8   Data           2  htpt.o(.constdata)
    htpt_temp_meas_char                      0x10005ffa   Data           5  htpt.o(.constdata)
    htpt_temp_type_char                      0x10005fff   Data           5  htpt.o(.constdata)
    htpt_interm_temp_char                    0x10006004   Data           5  htpt.o(.constdata)
    htpt_meas_intv_char                      0x10006009   Data           5  htpt.o(.constdata)
    htpt_disabled                            0x10006010   Data           8  htpt_task.o(.constdata)
    htpt_idle                                0x10006018   Data          16  htpt_task.o(.constdata)
    htpt_connected                           0x10006028   Data          48  htpt_task.o(.constdata)
    htpt_default_state                       0x10006058   Data           8  htpt_task.o(.constdata)
    htpt_default_handler                     0x10006060   Data           8  htpt_task.o(.constdata)
    htpt_state_handler                       0x10006068   Data          24  htpt_task.o(.constdata)
    diss_att_db                              0x10006080   Data         228  diss.o(.constdata)
    diss_dis_svc                             0x10006164   Data           2  diss.o(.constdata)
    diss_manufacturer_name_char              0x10006166   Data           5  diss.o(.constdata)
    diss_model_nb_str_char                   0x1000616b   Data           5  diss.o(.constdata)
    diss_serial_nb_str_char                  0x10006170   Data           5  diss.o(.constdata)
    diss_hard_rev_str_char                   0x10006175   Data           5  diss.o(.constdata)
    diss_firm_rev_str_char                   0x1000617a   Data           5  diss.o(.constdata)
    diss_sw_rev_str_char                     0x1000617f   Data           5  diss.o(.constdata)
    diss_system_id_char                      0x10006184   Data           5  diss.o(.constdata)
    diss_ieee_char                           0x10006189   Data           5  diss.o(.constdata)
    diss_pnp_id_char                         0x1000618e   Data           5  diss.o(.constdata)
    diss_disabled                            0x10006194   Data           8  diss_task.o(.constdata)
    diss_idle                                0x1000619c   Data          16  diss_task.o(.constdata)
    diss_default_state                       0x100061ac   Data           8  diss_task.o(.constdata)
    diss_default_handler                     0x100061b4   Data           8  diss_task.o(.constdata)
    diss_state_handler                       0x100061bc   Data          24  diss_task.o(.constdata)
    uart_divider                             0x100061d4   Data          51  uart.o(.constdata)
    __ctype_table                            0x10006230   Data         129  ctype_o.o(.constdata)
    Region$$Table$$Base                      0x10006440   Number         0  anon$$obj.o(Region$$Table)
    Region$$Table$$Limit                     0x10006470   Number         0  anon$$obj.o(Region$$Table)
    usr_env                                  0x10006470   Data         548  usr_design.o(.data)
    app_state                                0x10006694   Data           2  app_task.o(.data)
    app_htpt_env                             0x10006698   Data           4  app_htpt_task.o(.data)
    app_diss_env                             0x1000669c   Data           4  app_diss_task.o(.data)
    htpt_state                               0x100066a0   Data           2  htpt_task.o(.data)
    diss_state                               0x100066a2   Data           2  diss_task.o(.data)
    low_power_mode_en                        0x100066a8   Data           1  sleep.o(.data)
    PGCR1_restore                            0x100066ac   Data           4  sleep.o(.data)
    sleep_env                                0x100066b0   Data          20  sleep.o(.data)
    g_SystemClock                            0x100066c4   Data           4  syscon.o(.data)
    g_AhbClock                               0x100066c8   Data           4  syscon.o(.data)
    g_ApbClock                               0x100066cc   Data           4  syscon.o(.data)
    TEMP_OFFSET                              0x100066e4   Data           2  analog.o(.data)
    reset_test                               0x100066f0   Data           4  wdt.o(.data)
    timer0_env                               0x100066f4   Data           8  timer.o(.data)
    timer1_env                               0x100066fc   Data           8  timer.o(.data)
    timer2_env                               0x10006704   Data           8  timer.o(.data)
    timer3_env                               0x1000670c   Data           8  timer.o(.data)
    __stdout                                 0x10006714   Data           4  retarget.o(.data)
    ke_evt_hdlr                              0x1000671c   Data           4  lib.o(.data)
    ke_env                                   0x10006720   Data           4  lib.o(.data)
    rwble_env                                0x10006724   Data           4  lib.o(.data)
    app_env                                  0x10006e48   Data         252  app_env.o(.bss)
    htpt_env                                 0x10006f44   Data          14  htpt.o(.bss)
    diss_env                                 0x10006f52   Data          18  diss.o(.bss)
    gatt_idle_new                            0x10007138   Data         256  lib.o(.bss)
    __initial_sp                             0x10007578   Data           0  startup.o(STACK)



==============================================================================

Memory Map of the image

  Image Entry point : 0x100000c1

  Load Region LR_ROM1 (Base: 0x10000000, Size: 0x00006740, Max: 0x0000cdb0, ABSOLUTE, COMPRESSED[0x000064b4])

    Execution Region APP_CODE (Base: 0x10000000, Size: 0x00007578, Max: 0x0000cdb0, ABSOLUTE, COMPRESSED[0x00000044])

    Base Addr    Size         Type   Attr      Idx    E Section Name        Object

    0x10000000   0x000000c0   Data   RO            3    RESET               startup.o
    0x100000c0   0x00000000   Code   RO         2785  * .ARM.Collect$$$$00000000  mc_p.l(entry.o)
    0x100000c0   0x00000004   Code   RO         3089    .ARM.Collect$$$$00000001  mc_p.l(entry2.o)
    0x100000c4   0x00000004   Code   RO         3092    .ARM.Collect$$$$00000004  mc_p.l(entry5.o)
    0x100000c8   0x00000000   Code   RO         3094    .ARM.Collect$$$$00000008  mc_p.l(entry7b.o)
    0x100000c8   0x00000000   Code   RO         3096    .ARM.Collect$$$$0000000A  mc_p.l(entry8b.o)
    0x100000c8   0x00000008   Code   RO         3097    .ARM.Collect$$$$0000000B  mc_p.l(entry9a.o)
    0x100000d0   0x00000000   Code   RO         3099    .ARM.Collect$$$$0000000D  mc_p.l(entry10a.o)
    0x100000d0   0x00000000   Code   RO         3101    .ARM.Collect$$$$0000000F  mc_p.l(entry11a.o)
    0x100000d0   0x00000004   Code   RO         3090    .ARM.Collect$$$$00002712  mc_p.l(entry2.o)
    0x100000d4   0x00000030   Code   RO            4    .text               startup.o
    0x10000104   0x000001ae   Code   RO         2766    .text               qn9020b2_lib_peripheral.lib(math.o)
    0x100002b2   0x0000002c   Code   RO         2788    .text               mc_p.l(uidiv.o)
    0x100002de   0x00000028   Code   RO         2790    .text               mc_p.l(idiv.o)
    0x10000306   0x00000026   Code   RO         2792    .text               mc_p.l(llsshr.o)
    0x1000032c   0x00000024   Code   RO         2794    .text               mc_p.l(rand.o)
    0x10000350   0x0000008c   Code   RO         2801    .text               mc_p.l(mktime.o)
    0x100003dc   0x00000024   Code   RO         2804    .text               mc_p.l(memcpya.o)
    0x10000400   0x00000024   Code   RO         2806    .text               mc_p.l(memseta.o)
    0x10000424   0x0000001a   Code   RO         2808    .text               mc_p.l(memcmp.o)
    0x1000043e   0x00000012   Code   RO         2810    .text               mc_p.l(strcpy.o)
    0x10000450   0x00000014   Code   RO         3075    .text               mc_p.l(uread4.o)
    0x10000464   0x0000001a   Code   RO         3077    .text               mc_p.l(atoi.o)
    0x1000047e   0x00000002   PAD
    0x10000480   0x00000164   Code   RO         3079    .text               mf_p.l(dadd.o)
    0x100005e4   0x000000d0   Code   RO         3081    .text               mf_p.l(dmul.o)
    0x100006b4   0x000000f0   Code   RO         3083    .text               mf_p.l(ddiv.o)
    0x100007a4   0x00000028   Code   RO         3085    .text               mf_p.l(dflti.o)
    0x100007cc   0x00000048   Code   RO         3087    .text               mf_p.l(dfixi.o)
    0x10000814   0x00000020   Code   RO         3103    .text               mc_p.l(llshl.o)
    0x10000834   0x00000022   Code   RO         3105    .text               mc_p.l(llushr.o)
    0x10000856   0x00000002   PAD
    0x10000858   0x00000010   Code   RO         3107    .text               mc_p.l(localtime_w.o)
    0x10000868   0x00000074   Code   RO         3110    .text               mc_p.l(localtime_i.o)
    0x100008dc   0x00000070   Code   RO         3120    .text               mc_p.l(strtol.o)
    0x1000094c   0x00000000   Code   RO         3122    .text               mc_p.l(iusefp.o)
    0x1000094c   0x000000be   Code   RO         3123    .text               mf_p.l(depilogue.o)
    0x10000a0a   0x00000002   PAD
    0x10000a0c   0x00000040   Code   RO         3127    .text               mf_p.l(dfixul.o)
    0x10000a4c   0x00000028   Code   RO         3129    .text               mf_p.l(cdrcmple.o)
    0x10000a74   0x00000024   Code   RO         3131    .text               mc_p.l(init.o)
    0x10000a98   0x00000008   Code   RO         3133    .text               mc_p.l(ctype_o.o)
    0x10000aa0   0x000000a6   Code   RO         3161    .text               mc_p.l(_strtoul.o)
    0x10000b46   0x0000001e   Code   RO         3163    .text               mc_p.l(_chval.o)
    0x10000b64   0x0000003a   Code   RO         3173    .text               mc_p.l(__dczerorl.o)
    0x10000b9e   0x00000002   PAD
    0x10000ba0   0x000000d4   Code   RO         2220    i.ADC_IRQHandler    adc.o
    0x10000c74   0x000000ac   Code   RO         2665    i.BLE_IRQHandler    qn9020b2_lib_peripheral.lib(lib.o)
    0x10000d20   0x00000010   Code   RO         2322    i.COMPARATOR0_IRQHandler  analog.o
    0x10000d30   0x00000010   Code   RO         2323    i.COMPARATOR1_IRQHandler  analog.o
    0x10000d40   0x00000028   Code   RO         1841    i.GPIO_IRQHandler   gpio.o
    0x10000d68   0x00000014   Code   RO         1952    i.OSC_EN_IRQHandler  sleep.o
    0x10000d7c   0x00000114   Code   RO          294    i.SystemInit        system.o
    0x10000e90   0x00000034   Code   RO         2456    i.TIMER0_IRQHandler  timer.o
    0x10000ec4   0x00000034   Code   RO         2457    i.TIMER1_IRQHandler  timer.o
    0x10000ef8   0x00000034   Code   RO         2458    i.TIMER2_IRQHandler  timer.o
    0x10000f2c   0x00000034   Code   RO         2459    i.TIMER3_IRQHandler  timer.o
    0x10000f60   0x00000064   Code   RO         1727    i.UART0_RX_IRQHandler  uart.o
    0x10000fc4   0x0000003c   Code   RO         1728    i.UART0_TX_IRQHandler  uart.o
    0x10001000   0x00000018   Code   RO         1730    i.UartPutc          uart.o
    0x10001018   0x00000018   Code   RO         2395    i.WDT_IRQHandler    wdt.o
    0x10001030   0x00000020   Code   RO         3047    i.__0printf         mc_p.l(printfa.o)
    0x10001050   0x0000002e   Code   RO         3125    i.__ARM_clz         mf_p.l(depilogue.o)
    0x1000107e   0x0000001a   Code   RO         1090    i.__ARM_common_switch8  app_gap_task.o
    0x10001098   0x000000c0   Code   RO         2222    i.__adc_calibrate   adc.o
    0x10001158   0x00000008   Code   RO         3113    i.__aeabi_errno_addr  mc_p.l(errno.o)
    0x10001160   0x0000000e   Code   RO         3167    i.__scatterload_copy  mc_p.l(handlers.o)
    0x1000116e   0x00000002   Code   RO         3168    i.__scatterload_null  mc_p.l(handlers.o)
    0x10001170   0x0000000e   Code   RO         3169    i.__scatterload_zeroinit  mc_p.l(handlers.o)
    0x1000117e   0x00000002   PAD
    0x10001180   0x00000158   Code   RO         3054    i._fp_digits        mc_p.l(printfa.o)
    0x100012d8   0x000006ec   Code   RO         3055    i._printf_core      mc_p.l(printfa.o)
    0x100019c4   0x00000020   Code   RO         3056    i._printf_post_padding  mc_p.l(printfa.o)
    0x100019e4   0x0000002c   Code   RO         3057    i._printf_pre_padding  mc_p.l(printfa.o)
    0x10001a10   0x0000000c   Code   RO         2223    i.adc_adc_SetADC0WithMask  adc.o
    0x10001a1c   0x0000000c   Code   RO         2224    i.adc_adc_SetADC1WithMask  adc.o
    0x10001a28   0x00000014   Code   RO         2227    i.adc_clean_fifo    adc.o
    0x10001a3c   0x00000104   Code   RO         2230    i.adc_init          adc.o
    0x10001b40   0x0000000c   Code   RO         2231    i.adc_offset_get_cb  adc.o
    0x10001b4c   0x00000098   Code   RO         2232    i.adc_read          adc.o
    0x10001be4   0x0000000c   Code   RO          376    i.adc_sample_complete_callback  usr_design.o
    0x10001bf0   0x00000024   Code   RO          584    i.app_add_bonded_dev  app_util.o
    0x10001c14   0x00000098   Code   RO          377    i.app_button_timer_handler  usr_design.o
    0x10001cac   0x000000b8   Code   RO          378    i.app_char_config_desc_change  usr_design.o
    0x10001d64   0x00000010   Code   RO          586    i.app_clear_local_service_flag  app_util.o
    0x10001d74   0x00000010   Code   RO          379    i.app_clear_stored_meas  usr_design.o
    0x10001d84   0x00000024   Code   RO          587    i.app_create_server_service_DB  app_util.o
    0x10001da8   0x00000020   Code   RO         1343    i.app_diss_create_db  app_diss.o
    0x10001dc8   0x00000110   Code   RO         1375    i.app_diss_create_db_cfm_handler  app_diss_task.o
    0x10001ed8   0x00000028   Code   RO         1344    i.app_diss_enable_req  app_diss.o
    0x10001f00   0x00000004   Code   RO         1376    i.app_diss_error_ind_handler  app_diss_task.o
    0x10001f04   0x00000060   Code   RO          588    i.app_enable_server_service  app_util.o
    0x10001f64   0x00000054   Code   RO          380    i.app_event_adc_sample_cmp_handler  usr_design.o
    0x10001fb8   0x00000020   Code   RO          381    i.app_event_button1_press_handler  usr_design.o
    0x10001fd8   0x0000003c   Code   RO          589    i.app_find_bonded_dev  app_util.o
    0x10002014   0x0000004c   Code   RO          382    i.app_gap_adv_intv_update_timer_handler  usr_design.o
    0x10002060   0x00000048   Code   RO          969    i.app_gap_adv_req_cmp_evt_handler  app_gap_task.o
    0x100020a8   0x00000088   Code   RO          857    i.app_gap_adv_start_req  app_gap.o
    0x10002130   0x00000024   Code   RO          858    i.app_gap_adv_stop_req  app_gap.o
    0x10002154   0x00000078   Code   RO          970    i.app_gap_bond_req_cmp_ind_handler  app_gap_task.o
    0x100021cc   0x0000005c   Code   RO          971    i.app_gap_bond_req_ind_handler  app_gap_task.o
    0x10002228   0x0000003c   Code   RO          860    i.app_gap_bond_resp  app_gap.o
    0x10002264   0x0000004c   Code   RO          972    i.app_gap_change_param_req_cmp_handler  app_gap_task.o
    0x100022b0   0x000000b4   Code   RO          973    i.app_gap_discon_cmp_evt_handler  app_gap_task.o
    0x10002364   0x00000028   Code   RO          861    i.app_gap_discon_req  app_gap.o
    0x1000238c   0x000000a4   Code   RO          974    i.app_gap_le_create_conn_req_cmp_evt_handler  app_gap_task.o
    0x10002430   0x00000034   Code   RO          862    i.app_gap_param_update_req  app_gap.o
    0x10002464   0x00000058   Code   RO          975    i.app_gap_param_update_resp_handler  app_gap_task.o
    0x100024bc   0x00000014   Code   RO          863    i.app_gap_read_bdaddr_req  app_gap.o
    0x100024d0   0x00000054   Code   RO          976    i.app_gap_read_bdaddr_req_cmp_evt_handler  app_gap_task.o
    0x10002524   0x00000014   Code   RO          864    i.app_gap_read_ver_req  app_gap.o
    0x10002538   0x00000024   Code   RO          977    i.app_gap_read_ver_req_cmp_evt_handler  app_gap_task.o
    0x1000255c   0x00000018   Code   RO          978    i.app_gap_ready_evt_handler  app_gap_task.o
    0x10002574   0x0000000a   Code   RO          979    i.app_gap_reset_req_cmp_handler  app_gap_task.o
    0x1000257e   0x00000002   PAD
    0x10002580   0x00000024   Code   RO          867    i.app_gap_set_bondable_mode_req  app_gap.o
    0x100025a4   0x00000034   Code   RO          980    i.app_gap_set_devname_req_cmp_evt_handler  app_gap_task.o
    0x100025d8   0x00000094   Code   RO          981    i.app_gap_set_mode_req_cmp_evt_handler  app_gap_task.o
    0x1000266c   0x00000048   Code   RO          982    i.app_gap_set_privacy_req_cmp_handler  app_gap_task.o
    0x100026b4   0x00000030   Code   RO          983    i.app_gap_set_random_add_req_cmp_handler  app_gap_task.o
    0x100026e4   0x00000028   Code   RO          871    i.app_gap_set_sec_req  app_gap.o
    0x1000270c   0x00000024   Code   RO          984    i.app_gap_set_sec_req_cmp_evt_handler  app_gap_task.o
    0x10002730   0x00000028   Code   RO          985    i.app_gatt_resource_access_req_handler  app_gap_task.o
    0x10002758   0x00000040   Code   RO          590    i.app_get_bd_addr_by_conhdl  app_util.o
    0x10002798   0x0000000c   Code   RO          591    i.app_get_bond_nb   app_util.o
    0x100027a4   0x00000024   Code   RO          592    i.app_get_bond_status  app_util.o
    0x100027c8   0x00000078   Code   RO          383    i.app_get_celsius_temperature  usr_design.o
    0x10002840   0x00000028   Code   RO          594    i.app_get_conhdl_by_idx  app_util.o
    0x10002868   0x00000054   Code   RO          384    i.app_get_imeas_notify_data  usr_design.o
    0x100028bc   0x0000001c   Code   RO          595    i.app_get_link_status_by_idx  app_util.o
    0x100028d8   0x00000024   Code   RO          596    i.app_get_lk_sec_status  app_util.o
    0x100028fc   0x00000008   Code   RO          597    i.app_get_local_service_flag  app_util.o
    0x10002904   0x000000c0   Code   RO          385    i.app_get_meas_indicate_data  usr_design.o
    0x100029c4   0x0000000c   Code   RO          598    i.app_get_role      app_util.o
    0x100029d0   0x0000000a   Code   RO         1283    i.app_htpt_cfg_indntf_ind_handler  app_htpt_task.o
    0x100029da   0x00000002   PAD
    0x100029dc   0x00000028   Code   RO         1239    i.app_htpt_create_db  app_htpt.o
    0x10002a04   0x00000012   Code   RO         1284    i.app_htpt_create_db_cfm_handler  app_htpt_task.o
    0x10002a16   0x00000002   PAD
    0x10002a18   0x0000001c   Code   RO         1285    i.app_htpt_disable_ind_handler  app_htpt_task.o
    0x10002a34   0x00000040   Code   RO         1240    i.app_htpt_enable_req  app_htpt.o
    0x10002a74   0x00000028   Code   RO         1286    i.app_htpt_error_ind_handler  app_htpt_task.o
    0x10002a9c   0x00000068   Code   RO          386    i.app_htpt_idle_connection_timeout_timer_handler  usr_design.o
    0x10002b04   0x00000050   Code   RO         1287    i.app_htpt_meas_intv_chg_ind_handler  app_htpt_task.o
    0x10002b54   0x00000028   Code   RO         1241    i.app_htpt_measurement_intv_send  app_htpt.o
    0x10002b7c   0x00000098   Code   RO          387    i.app_htpt_period_meas_timer_handler  usr_design.o
    0x10002c14   0x00000030   Code   RO         1242    i.app_htpt_temp_send  app_htpt.o
    0x10002c44   0x0000000a   Code   RO         1288    i.app_htpt_temp_send_cfm_handler  app_htpt_task.o
    0x10002c4e   0x00000026   Code   RO          599    i.app_i_to_array    app_util.o
    0x10002c74   0x00000084   Code   RO          727    i.app_init          app_env.o
    0x10002cf8   0x0000001c   Code   RO          600    i.app_init_local_smp_key  app_util.o
    0x10002d14   0x00000060   Code   RO          388    i.app_interm_temp_notify  usr_design.o
    0x10002d74   0x00000018   Code   RO          389    i.app_interm_temp_stable_status_reset  usr_design.o
    0x10002d8c   0x0000006c   Code   RO          390    i.app_is_interm_temp_stable  usr_design.o
    0x10002df8   0x00000044   Code   RO          391    i.app_led_timer_handler  usr_design.o
    0x10002e3c   0x00000044   Code   RO          392    i.app_param_update  usr_design.o
    0x10002e80   0x00000084   Code   RO          393    i.app_send_stored_meas  usr_design.o
    0x10002f04   0x00000074   Code   RO          601    i.app_set_adv_data  app_util.o
    0x10002f78   0x00000038   Code   RO         1345    i.app_set_char_val_req  app_diss.o
    0x10002fb0   0x00000020   Code   RO          394    i.app_set_idle_connection  usr_design.o
    0x10002fd0   0x00000060   Code   RO          602    i.app_set_link_status_by_conhdl  app_util.o
    0x10003030   0x0000000c   Code   RO          603    i.app_set_role      app_util.o
    0x1000303c   0x00000088   Code   RO          604    i.app_set_scan_rsp_data  app_util.o
    0x100030c4   0x00000138   Code   RO          728    i.app_smp_init      app_env.o
    0x100031fc   0x00000048   Code   RO         1176    i.app_smpc_chk_bd_addr_req_ind_handler  app_smp_task.o
    0x10003244   0x00000040   Code   RO         1126    i.app_smpc_chk_bd_addr_req_rsp  app_smp.o
    0x10003284   0x000000b8   Code   RO         1177    i.app_smpc_irk_req_ind_handler  app_smp_task.o
    0x1000333c   0x0000004c   Code   RO         1127    i.app_smpc_irk_req_rsp  app_smp.o
    0x10003388   0x000000ac   Code   RO         1178    i.app_smpc_key_ind_handler  app_smp_task.o
    0x10003434   0x000000e4   Code   RO         1179    i.app_smpc_ltk_req_ind_handler  app_smp_task.o
    0x10003518   0x00000054   Code   RO         1128    i.app_smpc_ltk_req_rsp  app_smp.o
    0x1000356c   0x0000002c   Code   RO         1180    i.app_smpc_sec_started_ind_handler  app_smp_task.o
    0x10003598   0x00000044   Code   RO         1181    i.app_smpc_timeout_evt_handler  app_smp_task.o
    0x100035dc   0x00000084   Code   RO         1182    i.app_smpc_tk_req_ind_handler  app_smp_task.o
    0x10003660   0x0000003c   Code   RO         1130    i.app_smpc_tk_req_rsp  app_smp.o
    0x1000369c   0x00000024   Code   RO         1183    i.app_smpm_set_key_cfm_handler  app_smp_task.o
    0x100036c0   0x00000034   Code   RO         1131    i.app_smpm_set_key_req  app_smp.o
    0x100036f4   0x0000004c   Code   RO          395    i.app_start_adv     usr_design.o
    0x10003740   0x0000003c   Code   RO          396    i.app_store_meas_fifo_in  usr_design.o
    0x1000377c   0x0000000a   Code   RO         2142    i.app_sys_time_check_timer_handler  bletime.o
    0x10003786   0x00000002   PAD
    0x10003788   0x00000150   Code   RO          398    i.app_task_msg_hdl  usr_design.o
    0x100038d8   0x00000040   Code   RO          399    i.app_temp_meas_indicate  usr_design.o
    0x10003918   0x00000002   Code   RO          809    i.app_uart_init     app_sys.o
    0x1000391a   0x00000002   PAD
    0x1000391c   0x00000038   Code   RO           12    i.assert_err        app_main.o
    0x10003954   0x0000004c   Code   RO         2667    i.atts_req_error_ind_handler_patch  qn9020b2_lib_peripheral.lib(lib.o)
    0x100039a0   0x00000028   Code   RO         2669    i.ble_ext_wakeup_allow  qn9020b2_lib_peripheral.lib(lib.o)
    0x100039c8   0x00000012   Code   RO         2670    i.ble_hw_sleep      qn9020b2_lib_peripheral.lib(lib.o)
    0x100039da   0x00000002   PAD
    0x100039dc   0x00000110   Code   RO         2671    i.ble_init          qn9020b2_lib_peripheral.lib(lib.o)
    0x10003aec   0x00000030   Code   RO         2672    i.ble_sleep         qn9020b2_lib_peripheral.lib(lib.o)
    0x10003b1c   0x00000024   Code   RO         2589    i.button_init       button.o
    0x10003b40   0x0000000c   Code   RO         2673    i.cal_cal_SetCAL0WithMask  qn9020b2_lib_peripheral.lib(lib.o)
    0x10003b4c   0x0000000c   Code   RO         2674    i.cal_cal_SetCAL1WithMask  qn9020b2_lib_peripheral.lib(lib.o)
    0x10003b58   0x00000014   Code   RO         2675    i.check_ble_wakeup  qn9020b2_lib_peripheral.lib(lib.o)
    0x10003b6c   0x00000010   Code   RO         2676    i.co_buf_rx_get     qn9020b2_lib_peripheral.lib(lib.o)
    0x10003b7c   0x00000064   Code   RO         2677    i.config_work_mode  qn9020b2_lib_peripheral.lib(lib.o)
    0x10003be0   0x0000003c   Code   RO         2678    i.dc_dc_enable      qn9020b2_lib_peripheral.lib(lib.o)
    0x10003c1c   0x0000002c   Code   RO         2679    i.default_enter_sleep_cb  qn9020b2_lib_peripheral.lib(lib.o)
    0x10003c48   0x0000001c   Code   RO         2680    i.default_exit_sleep_cb  qn9020b2_lib_peripheral.lib(lib.o)
    0x10003c64   0x00000010   Code   RO         2681    i.delay             qn9020b2_lib_peripheral.lib(lib.o)
    0x10003c74   0x0000002a   Code   RO         1622    i.diss_check_val_len  diss.o
    0x10003c9e   0x00000026   Code   RO         1623    i.diss_compute_cfg_flag  diss.o
    0x10003cc4   0x00000074   Code   RO         1677    i.diss_create_db_req_handler  diss_task.o
    0x10003d38   0x00000040   Code   RO         1624    i.diss_disable      diss.o
    0x10003d78   0x0000004c   Code   RO         1678    i.diss_enable_req_handler  diss_task.o
    0x10003dc4   0x00000020   Code   RO         1625    i.diss_init         diss.o
    0x10003de4   0x00000054   Code   RO         1679    i.diss_set_char_val_req_handler  diss_task.o
    0x10003e38   0x00000014   Code   RO         2682    i.dp_dp_SetRegWithMask  qn9020b2_lib_peripheral.lib(lib.o)
    0x10003e4c   0x00000014   Code   RO         2770    i.dp_dp_SetRegWithMask  qn9020b2_lib_peripheral.lib(qnrf.o)
    0x10003e60   0x000000e4   Code   RO         1954    i.enter_sleep       sleep.o
    0x10003f44   0x00000020   Code   RO         2683    i.flash_on          qn9020b2_lib_peripheral.lib(lib.o)
    0x10003f64   0x00000002   Code   RO         2684    i.foo1              qn9020b2_lib_peripheral.lib(lib.o)
    0x10003f66   0x0000000a   Code   RO         2617    i.fputc             retarget.o
    0x10003f70   0x0000009c   Code   RO         2685    i.fw_ble_sleep      qn9020b2_lib_peripheral.lib(lib.o)
    0x1000400c   0x00000018   Code   RO         1546    i.gap_discon_cmp_evt_handler  htpt_task.o
    0x10004024   0x00000018   Code   RO         1680    i.gap_discon_cmp_evt_handler  diss_task.o
    0x1000403c   0x000000a4   Code   RO         2686    i.gap_discon_ind_handler_patch  qn9020b2_lib_peripheral.lib(lib.o)
    0x100040e0   0x0000000e   Code   RO         1547    i.gatt_handle_value_cfm_handler  htpt_task.o
    0x100040ee   0x0000000e   Code   RO         1548    i.gatt_notify_cmp_evt_handler  htpt_task.o
    0x100040fc   0x00000048   Code   RO         2687    i.gatt_read_char_req_handler_patch  qn9020b2_lib_peripheral.lib(lib.o)
    0x10004144   0x000000fc   Code   RO         2688    i.gatt_write_char_req_handler_patch  qn9020b2_lib_peripheral.lib(lib.o)
    0x10004240   0x00000150   Code   RO         1549    i.gatt_write_cmd_ind_handler  htpt_task.o
    0x10004390   0x00000030   Code   RO         2143    i.get_time_sec      bletime.o
    0x100043c0   0x0000000a   Code   RO         1843    i.gpio_enable_interrupt  gpio.o
    0x100043ca   0x00000002   PAD
    0x100043cc   0x0000001c   Code   RO         1844    i.gpio_init         gpio.o
    0x100043e8   0x00000010   Code   RO          400    i.gpio_interrupt_callback  usr_design.o
    0x100043f8   0x00000014   Code   RO         1846    i.gpio_read_pin     gpio.o
    0x1000440c   0x0000000c   Code   RO         1847    i.gpio_read_pin_field  gpio.o
    0x10004418   0x00000010   Code   RO         1848    i.gpio_set_direction  gpio.o
    0x10004428   0x0000000e   Code   RO         1849    i.gpio_set_direction_field  gpio.o
    0x10004436   0x0000001e   Code   RO         1851    i.gpio_sleep_allowed  gpio.o
    0x10004454   0x00000056   Code   RO         1853    i.gpio_wakeup_config  gpio.o
    0x100044aa   0x00000016   Code   RO         1854    i.gpio_write_pin    gpio.o
    0x100044c0   0x0000003c   Code   RO         1471    i.htpt_compute_att_table  htpt.o
    0x100044fc   0x00000110   Code   RO         1550    i.htpt_create_db_req_handler  htpt_task.o
    0x1000460c   0x00000098   Code   RO         1472    i.htpt_disable      htpt.o
    0x100046a4   0x0000011c   Code   RO         1551    i.htpt_enable_req_handler  htpt_task.o
    0x100047c0   0x00000018   Code   RO         1473    i.htpt_get_valid_rge_offset  htpt.o
    0x100047d8   0x00000020   Code   RO         1474    i.htpt_init         htpt.o
    0x100047f8   0x00000068   Code   RO         1552    i.htpt_meas_intv_upd_req_handler  htpt_task.o
    0x10004860   0x0000005c   Code   RO         1475    i.htpt_pack_temp_value  htpt.o
    0x100048bc   0x00000030   Code   RO         1476    i.htpt_temp_send_cfm_send  htpt.o
    0x100048ec   0x000000b4   Code   RO         1553    i.htpt_temp_send_req_handler  htpt_task.o
    0x100049a0   0x00000038   Code   RO         1554    i.htpt_temp_type_upd_req_handler  htpt_task.o
    0x100049d8   0x0000004c   Code   RO         2689    i.ke_schedule       qn9020b2_lib_peripheral.lib(lib.o)
    0x10004a24   0x00000028   Code   RO         2690    i.ke_time           qn9020b2_lib_peripheral.lib(lib.o)
    0x10004a4c   0x00000018   Code   RO         2691    i.ke_timer_empty    qn9020b2_lib_peripheral.lib(lib.o)
    0x10004a64   0x0000005c   Code   RO         2692    i.l2cc_data_packet_ind_handler_patch  qn9020b2_lib_peripheral.lib(lib.o)
    0x10004ac0   0x00000050   Code   RO         2693    i.l2cc_data_send_rsp_handler_patch  qn9020b2_lib_peripheral.lib(lib.o)
    0x10004b10   0x0000002e   Code   RO         2551    i.led_get           led.o
    0x10004b3e   0x00000038   Code   RO         2552    i.led_init          led.o
    0x10004b76   0x00000028   Code   RO         2554    i.led_set           led.o
    0x10004b9e   0x00000002   PAD
    0x10004ba0   0x0000003c   Code   RO         2694    i.lld_sleep_lpcycles_2_us  qn9020b2_lib_peripheral.lib(lib.o)
    0x10004bdc   0x0000013c   Code   RO           15    i.main              app_main.o
    0x10004d18   0x00000060   Code   RO         2695    i.nvds_copy         qn9020b2_lib_peripheral.lib(lib.o)
    0x10004d78   0x00000030   Code   RO         2696    i.nvds_erase        qn9020b2_lib_peripheral.lib(lib.o)
    0x10004da8   0x00000074   Code   RO         2698    i.nvds_restore_backup  qn9020b2_lib_peripheral.lib(lib.o)
    0x10004e1c   0x00000054   Code   RO         2699    i.nvds_write        qn9020b2_lib_peripheral.lib(lib.o)
    0x10004e70   0x000002f4   Code   RO         2700    i.plf_init          qn9020b2_lib_peripheral.lib(lib.o)
    0x10005164   0x00000010   Code   RO         2701    i.plf_reset_cb      qn9020b2_lib_peripheral.lib(lib.o)
    0x10005174   0x00000148   Code   RO         2702    i.powerup_calibration  qn9020b2_lib_peripheral.lib(lib.o)
    0x100052bc   0x0000003c   Code   RO         1411    i.prf_dispatch_disconnect  prf_utils.o
    0x100052f8   0x0000000c   Code   RO         1412    i.prf_init          prf_utils.o
    0x10005304   0x00000020   Code   RO         1413    i.prf_pack_date_time  prf_utils.o
    0x10005324   0x0000002c   Code   RO         1414    i.prf_server_error_ind_send  prf_utils.o
    0x10005350   0x00000034   Code   RO         2144    i.qn_time_get       bletime.o
    0x10005384   0x00000008   Code   RO         2145    i.qn_time_init      bletime.o
    0x1000538c   0x00000074   Code   RO         2146    i.qn_time_set       bletime.o
    0x10005400   0x00000054   Code   RO         2705    i.restore_ble_setting  qn9020b2_lib_peripheral.lib(lib.o)
    0x10005454   0x0000005c   Code   RO         2771    i.rf_enable         qn9020b2_lib_peripheral.lib(qnrf.o)
    0x100054b0   0x00000020   Code   RO         2772    i.rf_enable_sw_set_freq  qn9020b2_lib_peripheral.lib(qnrf.o)
    0x100054d0   0x00000024   Code   RO         2706    i.rwble_slot_2_lpcycles  qn9020b2_lib_peripheral.lib(lib.o)
    0x100054f4   0x00000010   Code   RO         2708    i.set_dbg_info      qn9020b2_lib_peripheral.lib(lib.o)
    0x10005504   0x00000014   Code   RO         2147    i.set_time_sec      bletime.o
    0x10005518   0x00000018   Code   RO         1956    i.sleep_cb          sleep.o
    0x10005530   0x00000038   Code   RO         1957    i.sleep_init        sleep.o
    0x10005568   0x0000005a   Code   RO         2709    i.sleep_post_process  qn9020b2_lib_peripheral.lib(lib.o)
    0x100055c2   0x00000002   PAD
    0x100055c4   0x0000002c   Code   RO          295    i.spi_clock_off     system.o
    0x100055f0   0x0000003c   Code   RO          401    i.start_measure_temperature  usr_design.o
    0x1000562c   0x0000000e   Code   RO         2233    i.syscon_SetADCCRWithMask  adc.o
    0x1000563a   0x0000000e   Code   RO         2328    i.syscon_SetAnalogCRWithMask  analog.o
    0x10005648   0x0000000c   Code   RO         1958    i.syscon_SetCMDCRWithMask  sleep.o
    0x10005654   0x0000000c   Code   RO         2047    i.syscon_SetCMDCRWithMask  syscon.o
    0x10005660   0x0000000e   Code   RO         2710    i.syscon_SetIvrefX32WithMask  qn9020b2_lib_peripheral.lib(lib.o)
    0x1000566e   0x0000000e   Code   RO         1959    i.syscon_SetPGCR0WithMask  sleep.o
    0x1000567c   0x0000000e   Code   RO         2711    i.syscon_SetPGCR1WithMask  qn9020b2_lib_peripheral.lib(lib.o)
    0x1000568a   0x0000000e   Code   RO         1960    i.syscon_SetPGCR2WithMask  sleep.o
    0x10005698   0x00000038   Code   RO         2052    i.syscon_set_ahb_clk  syscon.o
    0x100056d0   0x00000034   Code   RO         2053    i.syscon_set_apb_clk  syscon.o
    0x10005704   0x00000040   Code   RO         2054    i.syscon_set_ble_clk  syscon.o
    0x10005744   0x000000b8   Code   RO         2055    i.syscon_set_sysclk_src  syscon.o
    0x100057fc   0x0000002c   Code   RO         2056    i.syscon_set_timer_clk  syscon.o
    0x10005828   0x00000070   Code   RO         2057    i.syscon_set_usart_clk  syscon.o
    0x10005898   0x00000038   Code   RO          829    i.task_app_desc_register  app_task.o
    0x100058d0   0x00000038   Code   RO         1681    i.task_diss_desc_register  diss_task.o
    0x10005908   0x000000c4   Code   RO         2712    i.task_gatt_desc_register  qn9020b2_lib_peripheral.lib(lib.o)
    0x100059cc   0x00000038   Code   RO         1555    i.task_htpt_desc_register  htpt_task.o
    0x10005a04   0x00000054   Code   RO         2329    i.temp_sensor_enable  analog.o
    0x10005a58   0x0000004c   Code   RO         2148    i.time_check_trigger  bletime.o
    0x10005aa4   0x00000044   Code   RO          296    i.timer_clock_off   system.o
    0x10005ae8   0x00000038   Code   RO         1731    i.uart_check_tx_free  uart.o
    0x10005b20   0x0000002c   Code   RO          297    i.uart_clock_off    system.o
    0x10005b4c   0x00000080   Code   RO         1736    i.uart_init         uart.o
    0x10005bcc   0x00000038   Code   RO         1739    i.uart_tx_int_enable  uart.o
    0x10005c04   0x00000020   Code   RO          402    i.usr_button1_cb    usr_design.o
    0x10005c24   0x00000058   Code   RO          403    i.usr_init          usr_design.o
    0x10005c7c   0x00000054   Code   RO          404    i.usr_led1_set      usr_design.o
    0x10005cd0   0x00000058   Code   RO         1961    i.usr_sleep         sleep.o
    0x10005d28   0x0000002c   Code   RO          405    i.usr_sleep_restore  usr_design.o
    0x10005d54   0x00000068   Code   RO         1963    i.wakeup_by_sleep_timer  sleep.o
    0x10005dbc   0x00000020   Code   RO         2397    i.wdt_irq_clear     wdt.o
    0x10005ddc   0x00000008   Data   RO          406    .constdata          usr_design.o
    0x10005de4   0x00000148   Data   RO          830    .constdata          app_task.o
    0x10005f2c   0x00000030   Data   RO          831    .constdata          app_task.o
    0x10005f5c   0x0000009c   Data   RO         1478    .constdata          htpt.o
    0x10005ff8   0x00000002   Data   RO         1479    .constdata          htpt.o
    0x10005ffa   0x00000005   Data   RO         1480    .constdata          htpt.o
    0x10005fff   0x00000005   Data   RO         1481    .constdata          htpt.o
    0x10006004   0x00000005   Data   RO         1482    .constdata          htpt.o
    0x10006009   0x00000005   Data   RO         1483    .constdata          htpt.o
    0x1000600e   0x00000002   PAD
    0x10006010   0x00000008   Data   RO         1556    .constdata          htpt_task.o
    0x10006018   0x00000010   Data   RO         1557    .constdata          htpt_task.o
    0x10006028   0x00000030   Data   RO         1558    .constdata          htpt_task.o
    0x10006058   0x00000008   Data   RO         1559    .constdata          htpt_task.o
    0x10006060   0x00000020   Data   RO         1560    .constdata          htpt_task.o
    0x10006080   0x000000e4   Data   RO         1627    .constdata          diss.o
    0x10006164   0x00000002   Data   RO         1628    .constdata          diss.o
    0x10006166   0x00000005   Data   RO         1629    .constdata          diss.o
    0x1000616b   0x00000005   Data   RO         1630    .constdata          diss.o
    0x10006170   0x00000005   Data   RO         1631    .constdata          diss.o
    0x10006175   0x00000005   Data   RO         1632    .constdata          diss.o
    0x1000617a   0x00000005   Data   RO         1633    .constdata          diss.o
    0x1000617f   0x00000005   Data   RO         1634    .constdata          diss.o
    0x10006184   0x00000005   Data   RO         1635    .constdata          diss.o
    0x10006189   0x00000005   Data   RO         1636    .constdata          diss.o
    0x1000618e   0x00000005   Data   RO         1637    .constdata          diss.o
    0x10006193   0x00000001   PAD
    0x10006194   0x00000008   Data   RO         1682    .constdata          diss_task.o
    0x1000619c   0x00000010   Data   RO         1683    .constdata          diss_task.o
    0x100061ac   0x00000008   Data   RO         1684    .constdata          diss_task.o
    0x100061b4   0x00000020   Data   RO         1685    .constdata          diss_task.o
    0x100061d4   0x00000033   Data   RO         1742    .constdata          uart.o
    0x10006207   0x00000001   PAD
    0x10006208   0x00000010   Data   RO         2714    .constdata          qn9020b2_lib_peripheral.lib(lib.o)
    0x10006218   0x0000000c   Data   RO         2802    .constdata          mc_p.l(mktime.o)
    0x10006224   0x0000000c   Data   RO         3111    .constdata          mc_p.l(localtime_i.o)
    0x10006230   0x00000081   Data   RO         3134    .constdata          mc_p.l(ctype_o.o)
    0x100062b1   0x00000003   PAD
    0x100062b4   0x00000004   Data   RO         3135    .constdata          mc_p.l(ctype_o.o)
    0x100062b8   0x000000d6   Data   RO          986    .conststring        app_gap_task.o
    0x1000638e   0x00000002   PAD
    0x10006390   0x000000ad   Data   RO         1184    .conststring        app_smp_task.o
    0x1000643d   0x00000003   PAD
    0x10006440   0x00000030   Data   RO         3165    Region$$Table       anon$$obj.o
    0x10006470   0x00000224   Data   RW          407    .data               usr_design.o
    0x10006694   0x00000002   Data   RW          832    .data               app_task.o
    0x10006696   0x00000002   PAD
    0x10006698   0x00000004   Data   RW         1289    .data               app_htpt_task.o
    0x1000669c   0x00000004   Data   RW         1377    .data               app_diss_task.o
    0x100066a0   0x00000002   Data   RW         1561    .data               htpt_task.o
    0x100066a2   0x00000002   Data   RW         1686    .data               diss_task.o
    0x100066a4   0x00000004   Data   RW         1856    .data               gpio.o
    0x100066a8   0x0000001c   Data   RW         1964    .data               sleep.o
    0x100066c4   0x0000000c   Data   RW         2058    .data               syscon.o
    0x100066d0   0x00000008   Data   RW         2149    .data               bletime.o
    0x100066d8   0x0000000c   Data   RW         2235    .data               adc.o
    0x100066e4   0x0000000c   Data   RW         2330    .data               analog.o
    0x100066f0   0x00000004   Data   RW         2401    .data               wdt.o
    0x100066f4   0x00000020   Data   RW         2465    .data               timer.o
    0x10006714   0x00000004   Data   RW         2618    .data               retarget.o
    0x10006718   0x00000020   Data   RW         2715    .data               qn9020b2_lib_peripheral.lib(lib.o)
    0x10006738   0x00000004   Data   RW         2795    .data               mc_p.l(rand.o)
    0x1000673c   0x00000004   Data   RW         3116    .data               mc_p.l(errno.o)
    0x10006740   0x00000708   Zero   RW           16    .bss                app_main.o
    0x10006e48   0x000000fc   Zero   RW          729    .bss                app_env.o
    0x10006f44   0x0000000e   Zero   RW         1477    .bss                htpt.o
    0x10006f52   0x00000012   Zero   RW         1626    .bss                diss.o
    0x10006f64   0x00000030   Zero   RW         1741    .bss                uart.o
    0x10006f94   0x00000014   Zero   RW         2234    .bss                adc.o
    0x10006fa8   0x000003a0   Zero   RW         2713    .bss                qn9020b2_lib_peripheral.lib(lib.o)
    0x10007348   0x0000002c   Zero   RW         3108    .bss                mc_p.l(localtime_w.o)
    0x10007374   0x00000004   PAD
    0x10007378   0x00000200   Zero   RW            1    STACK               startup.o


==============================================================================

Image component sizes


      Code (inc. data)   RO Data    RW Data    ZI Data      Debug   Object Name

       886        108          0         12         20      22332   adc.o
       130         24          0         12          0      16141   analog.o
       128         26          0          0          0       1946   app_diss.o
       276         88          0          4          0       2597   app_diss_task.o
       444         96          0          0        252       3793   app_env.o
       440         86          0          0          0       5142   app_gap.o
      1368        544        214          0          0      11434   app_gap_task.o
       192         36          0          0          0       2733   app_htpt.o
       186         74          0          4          0       4884   app_htpt_task.o
       372         76          0          0       1800      96900   app_main.o
       336         48          0          0          0       3294   app_smp.o
       936        242        173          0          0       5659   app_smp_task.o
         2          0          0          0          0        412   app_sys.o
        56         12        376          2          0       1253   app_task.o
       906        132          0          0          0      10774   app_util.o
       330         48          0          8          0       5417   bletime.o
        36          0          0          0          0        454   button.o
       176         28        275          0         18       5062   diss.o
       356         76         64          2          0       5010   diss_task.o
       278         12          0          4          0      22321   gpio.o
       408         50        178          0         14       7378   htpt.o
      1340        148        112          2          0       9749   htpt_task.o
       142         16          0          0          0       1499   led.o
       148         14          0          0          0       3834   prf_utils.o
        10          0          0          4          0       2326   retarget.o
       560         76          0         28          0      28438   sleep.o
        48         14        192          0        512        832   startup.o
       524         82          0         12          0      19339   syscon.o
       432         92          0          0          0      29599   system.o
       208         32          0         32          0      18398   timer.o
       424         70         51          0         48      29227   uart.o
      2596        692          8        548          0      35944   usr_design.o
        56         20          0          4          0       1550   wdt.o

    ----------------------------------------------------------------------
     14744       3062       1700        680       2664     415671   Object Totals
         0          0         48          0          0          0   (incl. Generated)
        14          0          9          2          0          0   (incl. Padding)

    ----------------------------------------------------------------------

      Code (inc. data)   RO Data    RW Data    ZI Data      Debug   Library Member Name

        58          0          0          0          0          0   __dczerorl.o
        30          0          0          0          0         60   _chval.o
       166          0          0          0          0         84   _strtoul.o
        26          0          0          0          0         72   atoi.o
         8          4        133          0          0         60   ctype_o.o
         0          0          0          0          0          0   entry.o
         0          0          0          0          0          0   entry10a.o
         0          0          0          0          0          0   entry11a.o
         8          4          0          0          0          0   entry2.o
         4          0          0          0          0          0   entry5.o
         0          0          0          0          0          0   entry7b.o
         0          0          0          0          0          0   entry8b.o
         8          4          0          0          0          0   entry9a.o
         8          4          0          4          0         60   errno.o
        30          0          0          0          0          0   handlers.o
        40          0          0          0          0         72   idiv.o
        36          8          0          0          0         68   init.o
         0          0          0          0          0          0   iusefp.o
        32          0          0          0          0         68   llshl.o
        38          0          0          0          0         68   llsshr.o
        34          0          0          0          0         68   llushr.o
       116         12         12          0          0         72   localtime_i.o
        16          6          0          0         44         68   localtime_w.o
        26          0          0          0          0         72   memcmp.o
        36          0          0          0          0         60   memcpya.o
        36          0          0          0          0        100   memseta.o
       140         16         12          0          0         72   mktime.o
      2224         98          0          0          0        412   printfa.o
        36         12          0          4          0        120   rand.o
        18          0          0          0          0         60   strcpy.o
       112          4          0          0          0         76   strtol.o
        44          0          0          0          0         72   uidiv.o
        20          0          0          0          0         60   uread4.o
        40          2          0          0          0         68   cdrcmple.o
       356          4          0          0          0        140   dadd.o
       240          6          0          0          0         84   ddiv.o
       236          0          0          0          0        216   depilogue.o
        72         10          0          0          0         72   dfixi.o
        64         10          0          0          0         68   dfixul.o
        40          6          0          0          0         68   dflti.o
       208          6          0          0          0         88   dmul.o
      3898        716         16         32        928       2928   lib.o
       430          0          0          0          0        116   math.o
       144         10          0          0          0        204   qnrf.o

    ----------------------------------------------------------------------
      9092        942        176         40        976       5976   Library Totals
        14          0          3          0          4          0   (incl. Padding)

    ----------------------------------------------------------------------

      Code (inc. data)   RO Data    RW Data    ZI Data      Debug   Library Name

      3350        172        157          8         44       1924   mc_p.l
      1256         44          0          0          0        804   mf_p.l
      4472        726         16         32        928       3248   qn9020b2_lib_peripheral.lib

    ----------------------------------------------------------------------
      9092        942        176         40        976       5976   Library Totals

    ----------------------------------------------------------------------

==============================================================================


      Code (inc. data)   RO Data    RW Data    ZI Data      Debug   

     23836       4004       1876        720       3640     409535   Grand Totals
     23836       4004       1876         68       3640     409535   ELF Image Totals (compressed)
     23836       4004       1876         68          0          0   ROM Totals

==============================================================================

    Total RO  Size (Code + RO Data)                25712 (  25.11kB)
    Total RW  Size (RW Data + ZI Data)              4360 (   4.26kB)
    Total ROM Size (Code + RO Data + RW Data)      25780 (  25.18kB)

==============================================================================

