Product: MDK-ARM Lite 5.10
Component: ARM Compiler 5.04 update 1 (build 49)
Tool: armlink [5040049]

==============================================================================

Section Cross References

    startup.o(RESET) refers to startup.o(STACK) for __initial_sp
    startup.o(RESET) refers to startup.o(.text) for Reset_Handler
    startup.o(RESET) refers to gpio.o(i.GPIO_IRQHandler) for GPIO_IRQHandler
    startup.o(RESET) refers to lib.o(i.BLE_IRQHandler) for BLE_IRQHandler
    startup.o(RESET) refers to sleep.o(i.OSC_EN_IRQHandler) for OSC_EN_IRQHandler
    startup.o(RESET) refers to dma.o(i.DMA_IRQHandler) for DMA_IRQHandler
    startup.o(RESET) refers to uart.o(i.UART0_TX_IRQHandler) for UART0_TX_IRQHandler
    startup.o(RESET) refers to uart.o(i.UART0_RX_IRQHandler) for UART0_RX_IRQHandler
    startup.o(RESET) refers to timer.o(i.TIMER0_IRQHandler) for TIMER0_IRQHandler
    startup.o(RESET) refers to timer.o(i.TIMER1_IRQHandler) for TIMER1_IRQHandler
    startup.o(RESET) refers to timer.o(i.TIMER2_IRQHandler) for TIMER2_IRQHandler
    startup.o(RESET) refers to timer.o(i.TIMER3_IRQHandler) for TIMER3_IRQHandler
    startup.o(RESET) refers to wdt.o(i.WDT_IRQHandler) for WDT_IRQHandler
    startup.o(RESET) refers to pwm.o(i.PWM0_IRQHandler) for PWM0_IRQHandler
    startup.o(.text) refers to entry.o(.ARM.Collect$$$$00000000) for __main
    app_main.o(i.assert_err) refers to printf8.o(i.__0printf$8) for __2printf
    app_main.o(i.assert_warn) refers to printf8.o(i.__0printf$8) for __2printf
    app_main.o(i.main) refers to lib.o(i.dc_dc_enable) for dc_dc_enable
    app_main.o(i.main) refers to lib.o(i.plf_init) for plf_init
    app_main.o(i.main) refers to system.o(i.SystemInit) for SystemInit
    app_main.o(i.main) refers to lib.o(i.ble_init) for ble_init
    app_main.o(i.main) refers to app_env.o(i.app_init) for app_init
    app_main.o(i.main) refers to usr_design.o(i.usr_init) for usr_init
    app_main.o(i.main) refers to sleep.o(i.sleep_init) for sleep_init
    app_main.o(i.main) refers to sleep.o(i.wakeup_by_sleep_timer) for wakeup_by_sleep_timer
    app_main.o(i.main) refers to lib.o(i.ke_schedule) for ke_schedule
    app_main.o(i.main) refers to sleep.o(i.usr_sleep) for usr_sleep
    app_main.o(i.main) refers to lib.o(i.ble_sleep) for ble_sleep
    app_main.o(i.main) refers to led.o(i.led_set) for led_set
    app_main.o(i.main) refers to sleep.o(i.enter_sleep) for enter_sleep
    app_main.o(i.main) refers to prf_utils.o(i.prf_init) for prf_init
    app_main.o(i.main) refers to prf_utils.o(i.prf_dispatch_disconnect) for prf_dispatch_disconnect
    app_main.o(i.main) refers to app_main.o(.bss) for .bss
    app_main.o(i.main) refers to sleep.o(i.sleep_cb) for sleep_cb
    system.o(i.SystemInit) refers to system.o(i.timer_clock_off) for timer_clock_off
    system.o(i.SystemInit) refers to system.o(i.uart_clock_off) for uart_clock_off
    system.o(i.SystemInit) refers to system.o(i.spi_clock_off) for spi_clock_off
    system.o(i.SystemInit) refers to syscon.o(i.syscon_set_sysclk_src) for syscon_set_sysclk_src
    system.o(i.SystemInit) refers to syscon.o(i.syscon_set_ahb_clk) for syscon_set_ahb_clk
    system.o(i.SystemInit) refers to syscon.o(i.syscon_set_ble_clk) for syscon_set_ble_clk
    system.o(i.SystemInit) refers to syscon.o(i.syscon_set_apb_clk) for syscon_set_apb_clk
    system.o(i.SystemInit) refers to syscon.o(i.syscon_set_timer_clk) for syscon_set_timer_clk
    system.o(i.SystemInit) refers to syscon.o(i.syscon_set_usart_clk) for syscon_set_usart_clk
    system.o(i.SystemInit) refers to gpio.o(i.gpio_init) for gpio_init
    system.o(i.SystemInit) refers to led.o(i.led_init) for led_init
    system.o(i.SystemInit) refers to button.o(i.button_init) for button_init
    system.o(i.SystemInit) refers to uart.o(i.uart_init) for uart_init
    system.o(i.SystemInit) refers to usr_design.o(i.gpio_interrupt_callback) for gpio_interrupt_callback
    usr_design.o(i.app_button_timer_handler) refers to app_main.o(i.assert_err) for assert_err
    usr_design.o(i.app_button_timer_handler) refers to gpio.o(i.gpio_read_pin) for gpio_read_pin
    usr_design.o(i.app_button_timer_handler) refers to app_gap.o(i.app_gap_adv_stop_req) for app_gap_adv_stop_req
    usr_design.o(i.app_button_timer_handler) refers to app_util.o(i.app_get_local_service_flag) for app_get_local_service_flag
    usr_design.o(i.app_button_timer_handler) refers to app_util.o(i.app_set_scan_rsp_data) for app_set_scan_rsp_data
    usr_design.o(i.app_button_timer_handler) refers to app_util.o(i.app_set_adv_data) for app_set_adv_data
    usr_design.o(i.app_button_timer_handler) refers to app_gap.o(i.app_gap_adv_start_req) for app_gap_adv_start_req
    usr_design.o(i.app_button_timer_handler) refers to buzz.o(i.buzzer_off) for buzzer_off
    usr_design.o(i.app_button_timer_handler) refers to sleep.o(.data) for sleep_env
[...]
    i.app_get_lk_sec_status                  0x100017b8   Section        0  app_util.o(i.app_get_lk_sec_status)
    i.app_get_local_service_flag             0x100017dc   Section        0  app_util.o(i.app_get_local_service_flag)
    i.app_get_role                           0x100017e4   Section        0  app_util.o(i.app_get_role)
    i.app_i_to_array                         0x100017f0   Section        0  app_util.o(i.app_i_to_array)
    i.app_init                               0x10001818   Section        0  app_env.o(i.app_init)
    i.app_init_local_smp_key                 0x10001888   Section        0  app_util.o(i.app_init_local_smp_key)
    i.app_led_timer_handler                  0x100018a4   Section        0  usr_design.o(i.app_led_timer_handler)
    i.app_proxr_alert_ind_handler            0x100018e8   Section        0  app_proxr_task.o(i.app_proxr_alert_ind_handler)
    i.app_proxr_alert_to_handler             0x10001948   Section        0  usr_design.o(i.app_proxr_alert_to_handler)
    i.app_proxr_create_db                    0x10001974   Section        0  app_proxr.o(i.app_proxr_create_db)
    i.app_proxr_create_db_cfm_handler        0x10001998   Section        0  app_proxr_task.o(i.app_proxr_create_db_cfm_handler)
    i.app_proxr_disable_ind_handler          0x100019ac   Section        0  app_proxr_task.o(i.app_proxr_disable_ind_handler)
    i.app_proxr_enable_req                   0x100019c8   Section        0  app_proxr.o(i.app_proxr_enable_req)
    i.app_set_adv_data                       0x100019f8   Section        0  app_util.o(i.app_set_adv_data)
    i.app_set_link_status_by_conhdl          0x10001a6c   Section        0  app_util.o(i.app_set_link_status_by_conhdl)
    i.app_set_role                           0x10001acc   Section        0  app_util.o(i.app_set_role)
    i.app_set_scan_rsp_data                  0x10001ad8   Section        0  app_util.o(i.app_set_scan_rsp_data)
    i.app_smp_init                           0x10001b50   Section        0  app_env.o(i.app_smp_init)
    app_smp_init                             0x10001b51   Thumb Code   240  app_env.o(i.app_smp_init)
    i.app_smpc_chk_bd_addr_req_ind_handler   0x10001c88   Section        0  app_smp_task.o(i.app_smpc_chk_bd_addr_req_ind_handler)
    i.app_smpc_chk_bd_addr_req_rsp           0x10001cd0   Section        0  app_smp.o(i.app_smpc_chk_bd_addr_req_rsp)
    i.app_smpc_irk_req_ind_handler           0x10001d10   Section        0  app_smp_task.o(i.app_smpc_irk_req_ind_handler)
    i.app_smpc_irk_req_rsp                   0x10001dc8   Section        0  app_smp.o(i.app_smpc_irk_req_rsp)
    i.app_smpc_key_ind_handler               0x10001e14   Section        0  app_smp_task.o(i.app_smpc_key_ind_handler)
    i.app_smpc_ltk_req_ind_handler           0x10001ec0   Section        0  app_smp_task.o(i.app_smpc_ltk_req_ind_handler)
    i.app_smpc_ltk_req_rsp                   0x10001fa4   Section        0  app_smp.o(i.app_smpc_ltk_req_rsp)
    i.app_smpc_sec_started_ind_handler       0x10001ff8   Section        0  app_smp_task.o(i.app_smpc_sec_started_ind_handler)
    i.app_smpc_timeout_evt_handler           0x10002024   Section        0  app_smp_task.o(i.app_smpc_timeout_evt_handler)
    i.app_smpc_tk_req_ind_handler            0x10002068   Section        0  app_smp_task.o(i.app_smpc_tk_req_ind_handler)
    i.app_smpc_tk_req_rsp                    0x100020ec   Section        0  app_smp.o(i.app_smpc_tk_req_rsp)
    i.app_smpm_set_key_cfm_handler           0x10002128   Section        0  app_smp_task.o(i.app_smpm_set_key_cfm_handler)
    i.app_smpm_set_key_req                   0x1000214c   Section        0  app_smp.o(i.app_smpm_set_key_req)
    i.app_task_msg_hdl                       0x10002180   Section        0  usr_design.o(i.app_task_msg_hdl)
    i.app_uart_init                          0x100022bc   Section        0  app_sys.o(i.app_uart_init)
    i.assert_err                             0x100022c0   Section        0  app_main.o(i.assert_err)
    i.atts_req_error_ind_handler_patch       0x100022f8   Section        0  lib.o(i.atts_req_error_ind_handler_patch)
    atts_req_error_ind_handler_patch         0x100022f9   Thumb Code    58  lib.o(i.atts_req_error_ind_handler_patch)
    i.ble_ext_wakeup_allow                   0x10002344   Section        0  lib.o(i.ble_ext_wakeup_allow)
    i.ble_hw_sleep                           0x1000236c   Section        0  lib.o(i.ble_hw_sleep)
    i.ble_init                               0x10002380   Section        0  lib.o(i.ble_init)
    i.ble_sleep                              0x10002490   Section        0  lib.o(i.ble_sleep)
    i.button_init                            0x100024c0   Section        0  button.o(i.button_init)
    i.buzzer_off                             0x100024e4   Section        0  buzz.o(i.buzzer_off)
    i.buzzer_on                              0x100024f4   Section        0  buzz.o(i.buzzer_on)
    i.cal_cal_SetCAL0WithMask                0x1000252c   Section        0  lib.o(i.cal_cal_SetCAL0WithMask)
    cal_cal_SetCAL0WithMask                  0x1000252d   Thumb Code    12  lib.o(i.cal_cal_SetCAL0WithMask)
    i.cal_cal_SetCAL1WithMask                0x10002538   Section        0  lib.o(i.cal_cal_SetCAL1WithMask)
    cal_cal_SetCAL1WithMask                  0x10002539   Thumb Code    12  lib.o(i.cal_cal_SetCAL1WithMask)
    i.check_ble_wakeup                       0x10002544   Section        0  lib.o(i.check_ble_wakeup)
    i.co_buf_rx_get                          0x10002558   Section        0  lib.o(i.co_buf_rx_get)
    i.config_work_mode                       0x10002568   Section        0  lib.o(i.config_work_mode)
    i.dc_dc_enable                           0x100025cc   Section        0  lib.o(i.dc_dc_enable)
    i.default_enter_sleep_cb                 0x10002608   Section        0  lib.o(i.default_enter_sleep_cb)
    default_enter_sleep_cb                   0x10002609   Thumb Code    34  lib.o(i.default_enter_sleep_cb)
    i.default_exit_sleep_cb                  0x10002634   Section        0  lib.o(i.default_exit_sleep_cb)
    default_exit_sleep_cb                    0x10002635   Thumb Code    20  lib.o(i.default_exit_sleep_cb)
    i.delay                                  0x10002650   Section        0  lib.o(i.delay)
    delay                                    0x10002651   Thumb Code    16  lib.o(i.delay)
    i.dev_allow_sleep                        0x10002660   Section        0  dma.o(i.dev_allow_sleep)
    dev_allow_sleep                          0x10002661   Thumb Code    10  dma.o(i.dev_allow_sleep)
    i.dp_dp_SetRegWithMask                   0x10002670   Section        0  lib.o(i.dp_dp_SetRegWithMask)
    dp_dp_SetRegWithMask                     0x10002671   Thumb Code    16  lib.o(i.dp_dp_SetRegWithMask)
    i.dp_dp_SetRegWithMask                   0x10002684   Section        0  qnrf.o(i.dp_dp_SetRegWithMask)
    dp_dp_SetRegWithMask                     0x10002685   Thumb Code    16  qnrf.o(i.dp_dp_SetRegWithMask)
    i.enter_sleep                            0x10002698   Section        0  sleep.o(i.enter_sleep)
    i.flash_on                               0x10002810   Section        0  lib.o(i.flash_on)
    flash_on                                 0x10002811   Thumb Code    28  lib.o(i.flash_on)
    i.foo1                                   0x10002830   Section        0  lib.o(i.foo1)
    i.fputc                                  0x10002832   Section        0  retarget.o(i.fputc)
    i.fw_ble_sleep                           0x1000283c   Section        0  lib.o(i.fw_ble_sleep)
    i.gap_discon_cmp_evt_handler             0x100028d8   Section        0  proxr_task.o(i.gap_discon_cmp_evt_handler)
    gap_discon_cmp_evt_handler               0x100028d9   Thumb Code    54  proxr_task.o(i.gap_discon_cmp_evt_handler)
    i.gap_discon_ind_handler_patch           0x10002918   Section        0  lib.o(i.gap_discon_ind_handler_patch)
    gap_discon_ind_handler_patch             0x10002919   Thumb Code   128  lib.o(i.gap_discon_ind_handler_patch)
    i.gatt_read_char_req_handler_patch       0x100029bc   Section        0  lib.o(i.gatt_read_char_req_handler_patch)
    gatt_read_char_req_handler_patch         0x100029bd   Thumb Code    58  lib.o(i.gatt_read_char_req_handler_patch)
    i.gatt_write_char_req_handler_patch      0x10002a04   Section        0  lib.o(i.gatt_write_char_req_handler_patch)
    gatt_write_char_req_handler_patch        0x10002a05   Thumb Code   222  lib.o(i.gatt_write_char_req_handler_patch)
    i.gatt_write_cmd_ind_handler             0x10002b00   Section        0  proxr_task.o(i.gatt_write_cmd_ind_handler)
    gatt_write_cmd_ind_handler               0x10002b01   Thumb Code    88  proxr_task.o(i.gatt_write_cmd_ind_handler)
    i.gpio_enable_interrupt                  0x10002b64   Section        0  gpio.o(i.gpio_enable_interrupt)
    i.gpio_init                              0x10002b70   Section        0  gpio.o(i.gpio_init)
    i.gpio_interrupt_callback                0x10002b8c   Section        0  usr_design.o(i.gpio_interrupt_callback)
    i.gpio_read_pin                          0x10002ba6   Section        0  gpio.o(i.gpio_read_pin)
    i.gpio_read_pin_field                    0x10002bba   Section        0  gpio.o(i.gpio_read_pin_field)
    i.gpio_set_direction                     0x10002bc6   Section        0  gpio.o(i.gpio_set_direction)
    i.gpio_set_direction_field               0x10002bd6   Section        0  gpio.o(i.gpio_set_direction_field)
    i.gpio_sleep_allowed                     0x10002be4   Section        0  gpio.o(i.gpio_sleep_allowed)
    i.gpio_wakeup_config                     0x10002c02   Section        0  gpio.o(i.gpio_wakeup_config)
    i.gpio_write_pin                         0x10002c58   Section        0  gpio.o(i.gpio_write_pin)
    i.ke_schedule                            0x10002c70   Section        0  lib.o(i.ke_schedule)
    i.ke_time                                0x10002cbc   Section        0  lib.o(i.ke_time)
    i.ke_timer_empty                         0x10002ce4   Section        0  lib.o(i.ke_timer_empty)
    i.l2cc_data_packet_ind_handler_patch     0x10002cfc   Section        0  lib.o(i.l2cc_data_packet_ind_handler_patch)
    l2cc_data_packet_ind_handler_patch       0x10002cfd   Thumb Code    78  lib.o(i.l2cc_data_packet_ind_handler_patch)
    i.l2cc_data_send_rsp_handler_patch       0x10002d58   Section        0  lib.o(i.l2cc_data_send_rsp_handler_patch)
    l2cc_data_send_rsp_handler_patch         0x10002d59   Thumb Code    64  lib.o(i.l2cc_data_send_rsp_handler_patch)
    i.led_get                                0x10002da8   Section        0  led.o(i.led_get)
    i.led_init                               0x10002dd6   Section        0  led.o(i.led_init)
    i.led_set                                0x10002e0e   Section        0  led.o(i.led_set)
    i.lld_sleep_lpcycles_2_us                0x10002e38   Section        0  lib.o(i.lld_sleep_lpcycles_2_us)
    lld_sleep_lpcycles_2_us                  0x10002e39   Thumb Code    50  lib.o(i.lld_sleep_lpcycles_2_us)
    i.main                                   0x10002e74   Section        0  app_main.o(i.main)
    i.nvds_copy                              0x10002fb0   Section        0  lib.o(i.nvds_copy)
    nvds_copy                                0x10002fb1   Thumb Code    82  lib.o(i.nvds_copy)
    i.nvds_erase                             0x10003010   Section        0  lib.o(i.nvds_erase)
    nvds_erase                               0x10003011   Thumb Code    44  lib.o(i.nvds_erase)
    i.nvds_restore_backup                    0x10003040   Section        0  lib.o(i.nvds_restore_backup)
    nvds_restore_backup                      0x10003041   Thumb Code    98  lib.o(i.nvds_restore_backup)
    i.nvds_write                             0x100030b4   Section        0  lib.o(i.nvds_write)
    nvds_write                               0x100030b5   Thumb Code    80  lib.o(i.nvds_write)
    i.plf_init                               0x10003108   Section        0  lib.o(i.plf_init)
    i.plf_reset_cb                           0x100033fc   Section        0  lib.o(i.plf_reset_cb)
    plf_reset_cb                             0x100033fd   Thumb Code    12  lib.o(i.plf_reset_cb)
    i.powerup_calibration                    0x1000340c   Section        0  lib.o(i.powerup_calibration)
    powerup_calibration                      0x1000340d   Thumb Code   280  lib.o(i.powerup_calibration)
    i.prf_dispatch_disconnect                0x10003554   Section        0  prf_utils.o(i.prf_dispatch_disconnect)
    i.prf_init                               0x1000357c   Section        0  prf_utils.o(i.prf_init)
    i.prf_server_error_ind_send              0x10003584   Section        0  prf_utils.o(i.prf_server_error_ind_send)
    i.proxr_alert_start                      0x100035b0   Section        0  proxr.o(i.proxr_alert_start)
    i.proxr_create_db_req_handler            0x100035e0   Section        0  proxr_task.o(i.proxr_create_db_req_handler)
    proxr_create_db_req_handler              0x100035e1   Thumb Code   140  proxr_task.o(i.proxr_create_db_req_handler)
    i.proxr_disable                          0x10003690   Section        0  proxr.o(i.proxr_disable)
    i.proxr_enable_req_handler               0x10003700   Section        0  proxr_task.o(i.proxr_enable_req_handler)
    proxr_enable_req_handler                 0x10003701   Thumb Code   104  proxr_task.o(i.proxr_enable_req_handler)
    i.proxr_init                             0x1000377c   Section        0  proxr.o(i.proxr_init)
    i.pwm_config                             0x1000379c   Section        0  pwm.o(i.pwm_config)
    i.pwm_enable                             0x10003850   Section        0  buzz.o(i.pwm_enable)
    pwm_enable                               0x10003851   Thumb Code    56  buzz.o(i.pwm_enable)
    i.pwm_init                               0x10003890   Section        0  pwm.o(i.pwm_init)
    i.restore_ble_setting                    0x100038d0   Section        0  lib.o(i.restore_ble_setting)
    i.rf_enable                              0x10003924   Section        0  qnrf.o(i.rf_enable)
    i.rf_enable_sw_set_freq                  0x10003980   Section        0  qnrf.o(i.rf_enable_sw_set_freq)
    i.rf_tx_power_level_get                  0x100039a0   Section        0  qnrf.o(i.rf_tx_power_level_get)
    i.rwble_slot_2_lpcycles                  0x100039ec   Section        0  lib.o(i.rwble_slot_2_lpcycles)
    i.set_dbg_info                           0x10003a10   Section        0  lib.o(i.set_dbg_info)
    i.sleep_cb                               0x10003a20   Section        0  sleep.o(i.sleep_cb)
    i.sleep_init                             0x10003a38   Section        0  sleep.o(i.sleep_init)
    i.sleep_post_process                     0x10003a6c   Section        0  lib.o(i.sleep_post_process)
    i.spi_clock_off                          0x10003ac8   Section        0  system.o(i.spi_clock_off)
    spi_clock_off                            0x10003ac9   Thumb Code    34  system.o(i.spi_clock_off)
    i.syscon_SetCMDCRWithMask                0x10003af4   Section        0  sleep.o(i.syscon_SetCMDCRWithMask)
    syscon_SetCMDCRWithMask                  0x10003af5   Thumb Code    12  sleep.o(i.syscon_SetCMDCRWithMask)
    i.syscon_SetCMDCRWithMask                0x10003b00   Section        0  syscon.o(i.syscon_SetCMDCRWithMask)
    syscon_SetCMDCRWithMask                  0x10003b01   Thumb Code    12  syscon.o(i.syscon_SetCMDCRWithMask)
    i.syscon_SetIvrefX32WithMask             0x10003b0c   Section        0  sleep.o(i.syscon_SetIvrefX32WithMask)
    syscon_SetIvrefX32WithMask               0x10003b0d   Thumb Code    14  sleep.o(i.syscon_SetIvrefX32WithMask)
    i.syscon_SetIvrefX32WithMask             0x10003b1a   Section        0  lib.o(i.syscon_SetIvrefX32WithMask)
    syscon_SetIvrefX32WithMask               0x10003b1b   Thumb Code    14  lib.o(i.syscon_SetIvrefX32WithMask)
    i.syscon_SetPGCR0WithMask                0x10003b28   Section        0  sleep.o(i.syscon_SetPGCR0WithMask)
    syscon_SetPGCR0WithMask                  0x10003b29   Thumb Code    14  sleep.o(i.syscon_SetPGCR0WithMask)
    i.syscon_SetPGCR1WithMask                0x10003b36   Section        0  sleep.o(i.syscon_SetPGCR1WithMask)
    syscon_SetPGCR1WithMask                  0x10003b37   Thumb Code    14  sleep.o(i.syscon_SetPGCR1WithMask)
    i.syscon_SetPGCR1WithMask                0x10003b44   Section        0  lib.o(i.syscon_SetPGCR1WithMask)
    syscon_SetPGCR1WithMask                  0x10003b45   Thumb Code    14  lib.o(i.syscon_SetPGCR1WithMask)
    i.syscon_SetPGCR2WithMask                0x10003b52   Section        0  sleep.o(i.syscon_SetPGCR2WithMask)
    syscon_SetPGCR2WithMask                  0x10003b53   Thumb Code    14  sleep.o(i.syscon_SetPGCR2WithMask)
    i.syscon_set_ahb_clk                     0x10003b60   Section        0  syscon.o(i.syscon_set_ahb_clk)
    i.syscon_set_apb_clk                     0x10003b98   Section        0  syscon.o(i.syscon_set_apb_clk)
    i.syscon_set_ble_clk                     0x10003bcc   Section        0  syscon.o(i.syscon_set_ble_clk)
    i.syscon_set_sysclk_src                  0x10003c0c   Section        0  syscon.o(i.syscon_set_sysclk_src)
    i.syscon_set_timer_clk                   0x10003cc4   Section        0  syscon.o(i.syscon_set_timer_clk)
    i.syscon_set_usart_clk                   0x10003cf0   Section        0  syscon.o(i.syscon_set_usart_clk)
    i.task_app_desc_register                 0x10003d60   Section        0  app_task.o(i.task_app_desc_register)
    i.task_gatt_desc_register                0x10003d98   Section        0  lib.o(i.task_gatt_desc_register)
    task_gatt_desc_register                  0x10003d99   Thumb Code   124  lib.o(i.task_gatt_desc_register)
    i.task_proxr_desc_register               0x10003e5c   Section        0  proxr_task.o(i.task_proxr_desc_register)
    i.timer_clock_off                        0x10003e94   Section        0  system.o(i.timer_clock_off)
    timer_clock_off                          0x10003e95   Thumb Code    52  system.o(i.timer_clock_off)
    i.uart_check_tx_free                     0x10003ed8   Section        0  uart.o(i.uart_check_tx_free)
    i.uart_clock_off                         0x10003f10   Section        0  system.o(i.uart_clock_off)
    uart_clock_off                           0x10003f11   Thumb Code    34  system.o(i.uart_clock_off)
    i.uart_init                              0x10003f3c   Section        0  uart.o(i.uart_init)
    i.uart_tx_int_enable                     0x10003fbc   Section        0  uart.o(i.uart_tx_int_enable)
    uart_tx_int_enable                       0x10003fbd   Thumb Code    46  uart.o(i.uart_tx_int_enable)
    i.usr_button1_cb                         0x10003ff4   Section        0  usr_design.o(i.usr_button1_cb)
    i.usr_button2_cb                         0x10004024   Section        0  usr_design.o(i.usr_button2_cb)
    i.usr_init                               0x10004054   Section        0  usr_design.o(i.usr_init)
    i.usr_led1_set                           0x100040ac   Section        0  usr_design.o(i.usr_led1_set)
    usr_led1_set                             0x100040ad   Thumb Code    72  usr_design.o(i.usr_led1_set)
    i.usr_sleep                              0x10004100   Section        0  sleep.o(i.usr_sleep)
    i.usr_sleep_restore                      0x10004158   Section        0  usr_design.o(i.usr_sleep_restore)
    i.wakeup_32k_xtal_start_timer            0x10004184   Section        0  sleep.o(i.wakeup_32k_xtal_start_timer)
    i.wakeup_32k_xtal_switch_clk             0x10004198   Section        0  sleep.o(i.wakeup_32k_xtal_switch_clk)
    i.wakeup_by_sleep_timer                  0x100041e8   Section        0  sleep.o(i.wakeup_by_sleep_timer)
    i.wdt_irq_clear                          0x1000424c   Section        0  wdt.o(i.wdt_irq_clear)
    .constdata                               0x1000426c   Section      280  app_task.o(.constdata)
    .constdata                               0x10004384   Section       48  app_task.o(.constdata)
    .constdata                               0x100043b4   Section       36  proxr.o(.constdata)
    .constdata                               0x100043d8   Section       36  proxr.o(.constdata)
    .constdata                               0x100043fc   Section       36  proxr.o(.constdata)
    .constdata                               0x10004420   Section        2  proxr.o(.constdata)
    .constdata                               0x10004422   Section        5  proxr.o(.constdata)
    .constdata                               0x10004428   Section        2  proxr.o(.constdata)
    .constdata                               0x1000442a   Section        5  proxr.o(.constdata)
    .constdata                               0x10004430   Section        2  proxr.o(.constdata)
    .constdata                               0x10004432   Section        5  proxr.o(.constdata)
    .constdata                               0x10004438   Section        8  proxr_task.o(.constdata)
    .constdata                               0x10004440   Section        8  proxr_task.o(.constdata)
    .constdata                               0x10004448   Section        8  proxr_task.o(.constdata)
    .constdata                               0x10004450   Section        8  proxr_task.o(.constdata)
    .constdata                               0x10004458   Section       32  proxr_task.o(.constdata)
    .constdata                               0x10004478   Section       51  uart.o(.constdata)
    .constdata                               0x100044ac   Section       16  lib.o(.constdata)
    .constdata                               0x100044bc   Section      337  qnrf.o(.constdata)
    .constdata                               0x1000460d   Section      129  ctype_o.o(.constdata)
    .constdata                               0x10004690   Section        4  ctype_o.o(.constdata)
    table                                    0x10004690   Data           4  ctype_o.o(.constdata)
    .conststring                             0x10004694   Section      214  app_gap_task.o(.conststring)
    .conststring                             0x1000476c   Section      173  app_smp_task.o(.conststring)
    .data                                    0x1000482c   Section        4  usr_design.o(.data)
    .data                                    0x10004830   Section        2  app_task.o(.data)
    .data                                    0x10004834   Section        4  app_proxr_task.o(.data)
    .data                                    0x10004838   Section        2  proxr_task.o(.data)
    .data                                    0x1000483c   Section        4  gpio.o(.data)
    gpio_env                                 0x1000483c   Data           4  gpio.o(.data)
    .data                                    0x10004840   Section       28  sleep.o(.data)
    .data                                    0x1000485c   Section       12  syscon.o(.data)
    .data                                    0x10004868   Section        4  wdt.o(.data)
    .data                                    0x1000486c   Section       32  timer.o(.data)
    .data                                    0x1000488c   Section        4  dma.o(.data)
    dma_env                                  0x1000488c   Data           4  dma.o(.data)
    .data                                    0x10004890   Section        4  retarget.o(.data)
    .data                                    0x10004894   Section       32  lib.o(.data)
    ext_ctrl                                 0x10004894   Data           1  lib.o(.data)
    acc                                      0x10004895   Data           1  lib.o(.data)
    dc_dc_flag                               0x10004896   Data           1  lib.o(.data)
    l2cm_default_handler                     0x100048a4   Data           8  lib.o(.data)
    gatt_default_handler_new                 0x100048ac   Data           8  lib.o(.data)
    .data                                    0x100048b4   Section        4  rand.o(.data)
    _rand_state                              0x100048b4   Data           4  rand.o(.data)
    .data                                    0x100048b8   Section        4  errno.o(.data)
    _errno                                   0x100048b8   Data           4  errno.o(.data)
    .bss                                     0x100048bc   Section     1240  app_main.o(.bss)
    ble_heap                                 0x100048bc   Data        1240  app_main.o(.bss)
    .bss                                     0x10004d94   Section      244  app_env.o(.bss)
    .bss                                     0x10004e88   Section       12  proxr.o(.bss)
    .bss                                     0x10004e94   Section       48  uart.o(.bss)
    uart0_env                                0x10004e94   Data          24  uart.o(.bss)
    uart1_env                                0x10004eac   Data          24  uart.o(.bss)
    .bss                                     0x10004ec4   Section      928  lib.o(.bss)
    gatt_state_handler_new                   0x10004ec4   Data          16  lib.o(.bss)
    atts_resource_init_state_new             0x10004ed4   Data          32  lib.o(.bss)
    atts_state_handler_new                   0x10004ef4   Data          24  lib.o(.bss)
    nvds_temp_buff                           0x10004f0c   Data         256  lib.o(.bss)
    l2cm_default_state_new                   0x1000500c   Data          72  lib.o(.bss)
    gatt_default_state_new                   0x10005154   Data         272  lib.o(.bss)
    STACK                                    0x10005268   Section      512  startup.o(STACK)

    Global Symbols

    Symbol Name                              Value     Ov Type        Size  Object(Section)

    BuildAttributes$$THM_ISAv3M$S$PE$A:L22$X:L11$S22$IEEE1$IW$USESV6$~STKCKD$USESV7$~SHL$OSPACE$ROPI$EBA8$MICROLIB$REQ8$PRES8$EABIv2 0x00000000   Number         0  anon$$obj.o ABSOLUTE
    __ARM_use_no_argv                        0x00000000   Number         0  app_main.o ABSOLUTE
    __use_no_errno                           0x00000000   Number         0  useno.o ABSOLUTE
    __use_no_exception_handling              0x00000000   Number         0  useno.o ABSOLUTE
    __use_no_fp                              0x00000000   Number         0  useno.o ABSOLUTE
    __use_no_heap                            0x00000000   Number         0  useno.o ABSOLUTE
    __use_no_heap_region                     0x00000000   Number         0  useno.o ABSOLUTE
    __use_no_semihosting                     0x00000000   Number         0  useno.o ABSOLUTE
    __use_no_semihosting_swi                 0x00000000   Number         0  useno.o ABSOLUTE
    __use_no_signal_handling                 0x00000000   Number         0  useno.o ABSOLUTE
    _printf_a                                0x00000000   Number         0  stubs.o ABSOLUTE
    _printf_c                                0x00000000   Number         0  stubs.o ABSOLUTE
    _printf_charcount                        0x00000000   Number         0  stubs.o ABSOLUTE
    _printf_d                                0x00000000   Number         0  stubs.o ABSOLUTE
    _printf_e                                0x00000000   Number         0  stubs.o ABSOLUTE
    _printf_f                                0x00000000   Number         0  stubs.o ABSOLUTE
    _printf_flags                            0x00000000   Number         0  stubs.o ABSOLUTE
    _printf_fp_dec                           0x00000000   Number         0  stubs.o ABSOLUTE
    _printf_fp_hex                           0x00000000   Number         0  stubs.o ABSOLUTE
    _printf_g                                0x00000000   Number         0  stubs.o ABSOLUTE
    _printf_i                                0x00000000   Number         0  stubs.o ABSOLUTE
    _printf_int_dec                          0x00000000   Number         0  stubs.o ABSOLUTE
    _printf_l                                0x00000000   Number         0  stubs.o ABSOLUTE
    _printf_lc                               0x00000000   Number         0  stubs.o ABSOLUTE
    _printf_ll                               0x00000000   Number         0  stubs.o ABSOLUTE
    _printf_lld                              0x00000000   Number         0  stubs.o ABSOLUTE
    _printf_lli                              0x00000000   Number         0  stubs.o ABSOLUTE
    _printf_llo                              0x00000000   Number         0  stubs.o ABSOLUTE
    _printf_llu                              0x00000000   Number         0  stubs.o ABSOLUTE
    _printf_llx                              0x00000000   Number         0  stubs.o ABSOLUTE
    _printf_longlong_dec                     0x00000000   Number         0  stubs.o ABSOLUTE
    _printf_longlong_hex                     0x00000000   Number         0  stubs.o ABSOLUTE
    _printf_longlong_oct                     0x00000000   Number         0  stubs.o ABSOLUTE
    _printf_ls                               0x00000000   Number         0  stubs.o ABSOLUTE
    _printf_mbtowc                           0x00000000   Number         0  stubs.o ABSOLUTE
    _printf_n                                0x00000000   Number         0  stubs.o ABSOLUTE
    _printf_o                                0x00000000   Number         0  stubs.o ABSOLUTE
    _printf_p                                0x00000000   Number         0  stubs.o ABSOLUTE
    _printf_percent                          0x00000000   Number         0  stubs.o ABSOLUTE
    _printf_pre_padding                      0x00000000   Number         0  stubs.o ABSOLUTE
    _printf_return_value                     0x00000000   Number         0  stubs.o ABSOLUTE
    _printf_s                                0x00000000   Number         0  stubs.o ABSOLUTE
    _printf_sizespec                         0x00000000   Number         0  stubs.o ABSOLUTE
    _printf_str                              0x00000000   Number         0  stubs.o ABSOLUTE
    _printf_truncate_signed                  0x00000000   Number         0  stubs.o ABSOLUTE
    _printf_truncate_unsigned                0x00000000   Number         0  stubs.o ABSOLUTE
    _printf_u                                0x00000000   Number         0  stubs.o ABSOLUTE
    _printf_wc                               0x00000000   Number         0  stubs.o ABSOLUTE
    _printf_wctomb                           0x00000000   Number         0  stubs.o ABSOLUTE
    _printf_widthprec                        0x00000000   Number         0  stubs.o ABSOLUTE
    _printf_x                                0x00000000   Number         0  stubs.o ABSOLUTE
    __cpp_initialize__aeabi_                  - Undefined Weak Reference
    __cxa_finalize                            - Undefined Weak Reference
    __decompress                              - Undefined Weak Reference
    _clock_init                               - Undefined Weak Reference
    _microlib_exit                            - Undefined Weak Reference
    __Vectors_Size                           0x000000c0   Number         0  startup.o ABSOLUTE
    __Vectors                                0x10000000   Data           4  startup.o(RESET)
    __Vectors_End                            0x100000c0   Data           0  startup.o(RESET)
    __main                                   0x100000c1   Thumb Code     0  entry.o(.ARM.Collect$$$$00000000)
    _main_stk                                0x100000c1   Thumb Code     0  entry2.o(.ARM.Collect$$$$00000001)
    _main_scatterload                        0x100000c5   Thumb Code     0  entry5.o(.ARM.Collect$$$$00000004)
    __main_after_scatterload                 0x100000c9   Thumb Code     0  entry5.o(.ARM.Collect$$$$00000004)
    _main_clock                              0x100000c9   Thumb Code     0  entry7b.o(.ARM.Collect$$$$00000008)
    _main_cpp_init                           0x100000c9   Thumb Code     0  entry8b.o(.ARM.Collect$$$$0000000A)
    _main_init                               0x100000c9   Thumb Code     0  entry9a.o(.ARM.Collect$$$$0000000B)
    __rt_final_cpp                           0x100000d1   Thumb Code     0  entry10a.o(.ARM.Collect$$$$0000000D)
    __rt_final_exit                          0x100000d1   Thumb Code     0  entry11a.o(.ARM.Collect$$$$0000000F)
    Reset_Handler                            0x100000d5   Thumb Code    14  startup.o(.text)
    NMI_Handler                              0x100000e3   Thumb Code     2  startup.o(.text)
    HardFault_Handler                        0x100000e5   Thumb Code     2  startup.o(.text)
    MemManage_Handler                        0x100000e7   Thumb Code     2  startup.o(.text)
    BusFault_Handler                         0x100000e9   Thumb Code     2  startup.o(.text)
    UsageFault_Handler                       0x100000eb   Thumb Code     2  startup.o(.text)
    SVC_Handler                              0x100000ed   Thumb Code     2  startup.o(.text)
    DebugMon_Handler                         0x100000ef   Thumb Code     2  startup.o(.text)
    PendSV_Handler                           0x100000f1   Thumb Code     2  startup.o(.text)
    SysTick_Handler                          0x100000f3   Thumb Code     2  startup.o(.text)
    ADC_IRQHandler                           0x100000f5   Thumb Code     0  startup.o(.text)
    CALIB_IRQHandler                         0x100000f5   Thumb Code     0  startup.o(.text)
    COMPARATOR0_IRQHandler                   0x100000f5   Thumb Code     0  startup.o(.text)
    COMPARATOR1_IRQHandler                   0x100000f5   Thumb Code     0  startup.o(.text)
    I2C_IRQHandler                           0x100000f5   Thumb Code     0  startup.o(.text)
    PWM1_IRQHandler                          0x100000f5   Thumb Code     0  startup.o(.text)
    RTC_CAP_IRQHandler                       0x100000f5   Thumb Code     0  startup.o(.text)
    RTC_IRQHandler                           0x100000f5   Thumb Code     0  startup.o(.text)
    SPI0_RX_IRQHandler                       0x100000f5   Thumb Code     0  startup.o(.text)
    SPI0_TX_IRQHandler                       0x100000f5   Thumb Code     0  startup.o(.text)
    SPI1_RX_IRQHandler                       0x100000f5   Thumb Code     0  startup.o(.text)
    SPI1_TX_IRQHandler                       0x100000f5   Thumb Code     0  startup.o(.text)
    TUNER_RX_IRQHandler                      0x100000f5   Thumb Code     0  startup.o(.text)
    TUNER_SETTING_IRQHandler                 0x100000f5   Thumb Code     0  startup.o(.text)
    TUNER_TX_IRQHandler                      0x100000f5   Thumb Code     0  startup.o(.text)
    UART1_RX_IRQHandler                      0x100000f5   Thumb Code     0  startup.o(.text)
    UART1_TX_IRQHandler                      0x100000f5   Thumb Code     0  startup.o(.text)
    __rd_ble_reg                             0x10000105   Thumb Code     4  math.o(.text)
    __wr_ble_reg                             0x10000109   Thumb Code     4  math.o(.text)
    __aeabi_lmul                             0x1000010d   Thumb Code   166  math.o(.text)
    __aeabi_uldivmod                         0x100001b3   Thumb Code   256  math.o(.text)
    __aeabi_uidiv                            0x100002b3   Thumb Code     0  uidiv.o(.text)
    __aeabi_uidivmod                         0x100002b3   Thumb Code    44  uidiv.o(.text)
    rand                                     0x100002e1   Thumb Code    18  rand.o(.text)
    srand                                    0x100002f3   Thumb Code     6  rand.o(.text)
    __aeabi_memcpy                           0x10000305   Thumb Code    36  memcpya.o(.text)
    __aeabi_memcpy4                          0x10000305   Thumb Code     0  memcpya.o(.text)
    __aeabi_memcpy8                          0x10000305   Thumb Code     0  memcpya.o(.text)
    __aeabi_memset                           0x10000329   Thumb Code    14  memseta.o(.text)
    __aeabi_memset4                          0x10000329   Thumb Code     0  memseta.o(.text)
    __aeabi_memset8                          0x10000329   Thumb Code     0  memseta.o(.text)
    __aeabi_memclr                           0x10000337   Thumb Code     4  memseta.o(.text)
    __aeabi_memclr4                          0x10000337   Thumb Code     0  memseta.o(.text)
    __aeabi_memclr8                          0x10000337   Thumb Code     0  memseta.o(.text)
    _memset$wrapper                          0x1000033b   Thumb Code    18  memseta.o(.text)
    memcmp                                   0x1000034d   Thumb Code    26  memcmp.o(.text)
    strcpy                                   0x10000367   Thumb Code    18  strcpy.o(.text)
    atoi                                     0x10000379   Thumb Code    26  atoi.o(.text)
    strtol                                   0x10000395   Thumb Code   108  strtol.o(.text)
    __scatterload                            0x10000405   Thumb Code    28  init.o(.text)
    __scatterload_rt2                        0x10000405   Thumb Code     0  init.o(.text)
    __rt_ctype_table                         0x10000429   Thumb Code     4  ctype_o.o(.text)
    _strtoul                                 0x10000431   Thumb Code   166  _strtoul.o(.text)
    _chval                                   0x100004d7   Thumb Code    30  _chval.o(.text)
    BLE_IRQHandler                           0x100004f5   Thumb Code   150  lib.o(i.BLE_IRQHandler)
    DMA_IRQHandler                           0x100005a1   Thumb Code    42  dma.o(i.DMA_IRQHandler)
    GPIO_IRQHandler                          0x100005d5   Thumb Code    36  gpio.o(i.GPIO_IRQHandler)
    OSC_EN_IRQHandler                        0x100005fd   Thumb Code    12  sleep.o(i.OSC_EN_IRQHandler)
    PWM0_IRQHandler                          0x10000611   Thumb Code    14  pwm.o(i.PWM0_IRQHandler)
    SystemInit                               0x10000625   Thumb Code   220  system.o(i.SystemInit)
    TIMER0_IRQHandler                        0x10000739   Thumb Code    44  timer.o(i.TIMER0_IRQHandler)
    TIMER1_IRQHandler                        0x1000076d   Thumb Code    44  timer.o(i.TIMER1_IRQHandler)
    TIMER2_IRQHandler                        0x100007a1   Thumb Code    44  timer.o(i.TIMER2_IRQHandler)
    TIMER3_IRQHandler                        0x100007d5   Thumb Code    44  timer.o(i.TIMER3_IRQHandler)
    UART0_RX_IRQHandler                      0x10000809   Thumb Code    90  uart.o(i.UART0_RX_IRQHandler)
    UART0_TX_IRQHandler                      0x1000086d   Thumb Code    52  uart.o(i.UART0_TX_IRQHandler)
    UartPutc                                 0x100008a9   Thumb Code    18  uart.o(i.UartPutc)
    WDT_IRQHandler                           0x100008c1   Thumb Code    18  wdt.o(i.WDT_IRQHandler)
    __0printf$8                              0x100008d9   Thumb Code    24  printf8.o(i.__0printf$8)
    __1printf$8                              0x100008d9   Thumb Code     0  printf8.o(i.__0printf$8)
    __2printf                                0x100008d9   Thumb Code     0  printf8.o(i.__0printf$8)
    __ARM_common_switch8                     0x100008f9   Thumb Code    26  app_gap_task.o(i.__ARM_common_switch8)
    __aeabi_errno_addr                       0x10000915   Thumb Code     4  errno.o(i.__aeabi_errno_addr)
    __rt_errno_addr                          0x10000915   Thumb Code     0  errno.o(i.__aeabi_errno_addr)
    __scatterload_copy                       0x1000091d   Thumb Code    14  handlers.o(i.__scatterload_copy)
    __scatterload_null                       0x1000092b   Thumb Code     2  handlers.o(i.__scatterload_null)
    __scatterload_zeroinit                   0x1000092d   Thumb Code    14  handlers.o(i.__scatterload_zeroinit)
    app_add_bonded_dev                       0x10000df1   Thumb Code    32  app_util.o(i.app_add_bonded_dev)
    app_button_timer_handler                 0x10000e15   Thumb Code   142  usr_design.o(i.app_button_timer_handler)
    app_clear_local_service_flag             0x10000ecd   Thumb Code    10  app_util.o(i.app_clear_local_service_flag)
    app_create_server_service_DB             0x10000edd   Thumb Code    14  app_util.o(i.app_create_server_service_DB)
    app_enable_server_service                0x10000ef1   Thumb Code    64  app_util.o(i.app_enable_server_service)
    app_event_button1_press_handler          0x10000f45   Thumb Code    36  usr_design.o(i.app_event_button1_press_handler)
    app_event_button2_press_handler          0x10000f79   Thumb Code    36  usr_design.o(i.app_event_button2_press_handler)
    app_find_bonded_dev                      0x10000fad   Thumb Code    50  app_util.o(i.app_find_bonded_dev)
    app_gap_adv_intv_update_timer_handler    0x10000fe9   Thumb Code    64  usr_design.o(i.app_gap_adv_intv_update_timer_handler)
    app_gap_adv_req_cmp_evt_handler          0x10001035   Thumb Code    34  app_gap_task.o(i.app_gap_adv_req_cmp_evt_handler)
    app_gap_adv_start_req                    0x1000107d   Thumb Code   128  app_gap.o(i.app_gap_adv_start_req)
    app_gap_adv_stop_req                     0x10001105   Thumb Code    26  app_gap.o(i.app_gap_adv_stop_req)
    app_gap_bond_req_cmp_ind_handler         0x10001129   Thumb Code   110  app_gap_task.o(i.app_gap_bond_req_cmp_ind_handler)
    app_gap_bond_req_ind_handler             0x100011a1   Thumb Code    82  app_gap_task.o(i.app_gap_bond_req_ind_handler)
    app_gap_bond_resp                        0x100011fd   Thumb Code    52  app_gap.o(i.app_gap_bond_resp)
    app_gap_change_param_req_cmp_handler     0x10001239   Thumb Code    44  app_gap_task.o(i.app_gap_change_param_req_cmp_handler)
    app_gap_discon_cmp_evt_handler           0x10001285   Thumb Code    86  app_gap_task.o(i.app_gap_discon_cmp_evt_handler)
    app_gap_le_create_conn_req_cmp_evt_handler 0x10001339   Thumb Code   100  app_gap_task.o(i.app_gap_le_create_conn_req_cmp_evt_handler)
    app_gap_param_update_req                 0x100013dd   Thumb Code    42  app_gap.o(i.app_gap_param_update_req)
    app_gap_param_update_resp_handler        0x10001411   Thumb Code    46  app_gap_task.o(i.app_gap_param_update_resp_handler)
    app_gap_read_bdaddr_req                  0x10001469   Thumb Code    10  app_gap.o(i.app_gap_read_bdaddr_req)
    app_gap_read_bdaddr_req_cmp_evt_handler  0x1000147d   Thumb Code    48  app_gap_task.o(i.app_gap_read_bdaddr_req_cmp_evt_handler)
    app_gap_read_ver_req                     0x100014d1   Thumb Code    10  app_gap.o(i.app_gap_read_ver_req)
    app_gap_read_ver_req_cmp_evt_handler     0x100014e5   Thumb Code    32  app_gap_task.o(i.app_gap_read_ver_req_cmp_evt_handler)
    app_gap_ready_evt_handler                0x10001509   Thumb Code    24  app_gap_task.o(i.app_gap_ready_evt_handler)
    app_gap_reset_req_cmp_handler            0x10001521   Thumb Code    10  app_gap_task.o(i.app_gap_reset_req_cmp_handler)
    app_gap_set_bondable_mode_req            0x1000152d   Thumb Code    26  app_gap.o(i.app_gap_set_bondable_mode_req)
    app_gap_set_devname_req_cmp_evt_handler  0x10001551   Thumb Code    24  app_gap_task.o(i.app_gap_set_devname_req_cmp_evt_handler)
    app_gap_set_mode_req_cmp_evt_handler     0x10001585   Thumb Code    66  app_gap_task.o(i.app_gap_set_mode_req_cmp_evt_handler)
    app_gap_set_privacy_req_cmp_handler      0x10001619   Thumb Code    22  app_gap_task.o(i.app_gap_set_privacy_req_cmp_handler)
    app_gap_set_random_add_req_cmp_handler   0x10001661   Thumb Code    18  app_gap_task.o(i.app_gap_set_random_add_req_cmp_handler)
    app_gap_set_sec_req                      0x10001691   Thumb Code    30  app_gap.o(i.app_gap_set_sec_req)
    app_gap_set_sec_req_cmp_evt_handler      0x100016b9   Thumb Code    32  app_gap_task.o(i.app_gap_set_sec_req_cmp_evt_handler)
    app_gatt_resource_access_req_handler     0x100016dd   Thumb Code    30  app_gap_task.o(i.app_gatt_resource_access_req_handler)
    app_get_bd_addr_by_conhdl                0x10001705   Thumb Code    60  app_util.o(i.app_get_bd_addr_by_conhdl)
    app_get_bond_nb                          0x10001745   Thumb Code     6  app_util.o(i.app_get_bond_nb)
    app_get_bond_status                      0x10001751   Thumb Code    30  app_util.o(i.app_get_bond_status)
    app_get_conhdl_by_idx                    0x10001775   Thumb Code    30  app_util.o(i.app_get_conhdl_by_idx)
    app_get_link_status_by_idx               0x1000179d   Thumb Code    24  app_util.o(i.app_get_link_status_by_idx)
    app_get_lk_sec_status                    0x100017b9   Thumb Code    32  app_util.o(i.app_get_lk_sec_status)
    app_get_local_service_flag               0x100017dd   Thumb Code     6  app_util.o(i.app_get_local_service_flag)
    app_get_role                             0x100017e5   Thumb Code     6  app_util.o(i.app_get_role)
    app_i_to_array                           0x100017f1   Thumb Code    38  app_util.o(i.app_i_to_array)
    app_init                                 0x10001819   Thumb Code    94  app_env.o(i.app_init)
    app_init_local_smp_key                   0x10001889   Thumb Code    22  app_util.o(i.app_init_local_smp_key)
    app_led_timer_handler                    0x100018a5   Thumb Code    56  usr_design.o(i.app_led_timer_handler)
    app_proxr_alert_ind_handler              0x100018e9   Thumb Code    52  app_proxr_task.o(i.app_proxr_alert_ind_handler)
    app_proxr_alert_to_handler               0x10001949   Thumb Code    16  usr_design.o(i.app_proxr_alert_to_handler)
    app_proxr_create_db                      0x10001975   Thumb Code    26  app_proxr.o(i.app_proxr_create_db)
    app_proxr_create_db_cfm_handler          0x10001999   Thumb Code    20  app_proxr_task.o(i.app_proxr_create_db_cfm_handler)
    app_proxr_disable_ind_handler            0x100019ad   Thumb Code    22  app_proxr_task.o(i.app_proxr_disable_ind_handler)
    app_proxr_enable_req                     0x100019c9   Thumb Code    42  app_proxr.o(i.app_proxr_enable_req)
    app_set_adv_data                         0x100019f9   Thumb Code    92  app_util.o(i.app_set_adv_data)
    app_set_link_status_by_conhdl            0x10001a6d   Thumb Code    90  app_util.o(i.app_set_link_status_by_conhdl)
    app_set_role                             0x10001acd   Thumb Code     6  app_util.o(i.app_set_role)
    app_set_scan_rsp_data                    0x10001ad9   Thumb Code   116  app_util.o(i.app_set_scan_rsp_data)
    app_smpc_chk_bd_addr_req_ind_handler     0x10001c89   Thumb Code    66  app_smp_task.o(i.app_smpc_chk_bd_addr_req_ind_handler)
    app_smpc_chk_bd_addr_req_rsp             0x10001cd1   Thumb Code    56  app_smp.o(i.app_smpc_chk_bd_addr_req_rsp)
    app_smpc_irk_req_ind_handler             0x10001d11   Thumb Code   138  app_smp_task.o(i.app_smpc_irk_req_ind_handler)
    app_smpc_irk_req_rsp                     0x10001dc9   Thumb Code    66  app_smp.o(i.app_smpc_irk_req_rsp)
    app_smpc_key_ind_handler                 0x10001e15   Thumb Code   136  app_smp_task.o(i.app_smpc_key_ind_handler)
    app_smpc_ltk_req_ind_handler             0x10001ec1   Thumb Code   172  app_smp_task.o(i.app_smpc_ltk_req_ind_handler)
    app_smpc_ltk_req_rsp                     0x10001fa5   Thumb Code    74  app_smp.o(i.app_smpc_ltk_req_rsp)
    app_smpc_sec_started_ind_handler         0x10001ff9   Thumb Code    38  app_smp_task.o(i.app_smpc_sec_started_ind_handler)
    app_smpc_timeout_evt_handler             0x10002025   Thumb Code    36  app_smp_task.o(i.app_smpc_timeout_evt_handler)
    app_smpc_tk_req_ind_handler              0x10002069   Thumb Code    76  app_smp_task.o(i.app_smpc_tk_req_ind_handler)
    app_smpc_tk_req_rsp                      0x100020ed   Thumb Code    50  app_smp.o(i.app_smpc_tk_req_rsp)
    app_smpm_set_key_cfm_handler             0x10002129   Thumb Code    32  app_smp_task.o(i.app_smpm_set_key_cfm_handler)
    app_smpm_set_key_req                     0x1000214d   Thumb Code    42  app_smp.o(i.app_smpm_set_key_req)
    app_task_msg_hdl                         0x10002181   Thumb Code   276  usr_design.o(i.app_task_msg_hdl)
    app_uart_init                            0x100022bd   Thumb Code     2  app_sys.o(i.app_uart_init)
    assert_err                               0x100022c1   Thumb Code    20  app_main.o(i.assert_err)
    ble_ext_wakeup_allow                     0x10002345   Thumb Code    36  lib.o(i.ble_ext_wakeup_allow)
    ble_hw_sleep                             0x1000236d   Thumb Code    18  lib.o(i.ble_hw_sleep)
    ble_init                                 0x10002381   Thumb Code   204  lib.o(i.ble_init)
    ble_sleep                                0x10002491   Thumb Code    42  lib.o(i.ble_sleep)
    button_init                              0x100024c1   Thumb Code    36  button.o(i.button_init)
    buzzer_off                               0x100024e5   Thumb Code    14  buzz.o(i.buzzer_off)
    buzzer_on                                0x100024f5   Thumb Code    50  buzz.o(i.buzzer_on)
    check_ble_wakeup                         0x10002545   Thumb Code    14  lib.o(i.check_ble_wakeup)
    co_buf_rx_get                            0x10002559   Thumb Code    10  lib.o(i.co_buf_rx_get)
    config_work_mode                         0x10002569   Thumb Code    74  lib.o(i.config_work_mode)
    dc_dc_enable                             0x100025cd   Thumb Code    50  lib.o(i.dc_dc_enable)
    enter_sleep                              0x10002699   Thumb Code   346  sleep.o(i.enter_sleep)
    foo1                                     0x10002831   Thumb Code     2  lib.o(i.foo1)
    fputc                                    0x10002833   Thumb Code    10  retarget.o(i.fputc)
    fw_ble_sleep                             0x1000283d   Thumb Code   134  lib.o(i.fw_ble_sleep)
    gpio_enable_interrupt                    0x10002b65   Thumb Code    10  gpio.o(i.gpio_enable_interrupt)
    gpio_init                                0x10002b71   Thumb Code    20  gpio.o(i.gpio_init)
    gpio_interrupt_callback                  0x10002b8d   Thumb Code    26  usr_design.o(i.gpio_interrupt_callback)
    gpio_read_pin                            0x10002ba7   Thumb Code    20  gpio.o(i.gpio_read_pin)
    gpio_read_pin_field                      0x10002bbb   Thumb Code    12  gpio.o(i.gpio_read_pin_field)
    gpio_set_direction                       0x10002bc7   Thumb Code    16  gpio.o(i.gpio_set_direction)
    gpio_set_direction_field                 0x10002bd7   Thumb Code    14  gpio.o(i.gpio_set_direction_field)
    gpio_sleep_allowed                       0x10002be5   Thumb Code    30  gpio.o(i.gpio_sleep_allowed)
    gpio_wakeup_config                       0x10002c03   Thumb Code    86  gpio.o(i.gpio_wakeup_config)
    gpio_write_pin                           0x10002c59   Thumb Code    22  gpio.o(i.gpio_write_pin)
    ke_schedule                              0x10002c71   Thumb Code    60  lib.o(i.ke_schedule)
    ke_time                                  0x10002cbd   Thumb Code    34  lib.o(i.ke_time)
    ke_timer_empty                           0x10002ce5   Thumb Code    18  lib.o(i.ke_timer_empty)
    led_get                                  0x10002da9   Thumb Code    46  led.o(i.led_get)
    led_init                                 0x10002dd7   Thumb Code    56  led.o(i.led_init)
    led_set                                  0x10002e0f   Thumb Code    40  led.o(i.led_set)
    main                                     0x10002e75   Thumb Code   276  app_main.o(i.main)
    plf_init                                 0x10003109   Thumb Code   592  lib.o(i.plf_init)
    prf_dispatch_disconnect                  0x10003555   Thumb Code    32  prf_utils.o(i.prf_dispatch_disconnect)
    prf_init                                 0x1000357d   Thumb Code     8  prf_utils.o(i.prf_init)
    prf_server_error_ind_send                0x10003585   Thumb Code    38  prf_utils.o(i.prf_server_error_ind_send)
    proxr_alert_start                        0x100035b1   Thumb Code    36  proxr.o(i.proxr_alert_start)
    proxr_disable                            0x10003691   Thumb Code    90  proxr.o(i.proxr_disable)
    proxr_init                               0x1000377d   Thumb Code    24  proxr.o(i.proxr_init)
    pwm_config                               0x1000379d   Thumb Code   162  pwm.o(i.pwm_config)
    pwm_init                                 0x10003891   Thumb Code    54  pwm.o(i.pwm_init)
    restore_ble_setting                      0x100038d1   Thumb Code    68  lib.o(i.restore_ble_setting)
    rf_enable                                0x10003925   Thumb Code    92  qnrf.o(i.rf_enable)
    rf_enable_sw_set_freq                    0x10003981   Thumb Code    26  qnrf.o(i.rf_enable_sw_set_freq)
    rf_tx_power_level_get                    0x100039a1   Thumb Code    68  qnrf.o(i.rf_tx_power_level_get)
    rwble_slot_2_lpcycles                    0x100039ed   Thumb Code    32  lib.o(i.rwble_slot_2_lpcycles)
    set_dbg_info                             0x10003a11   Thumb Code    10  lib.o(i.set_dbg_info)
    sleep_cb                                 0x10003a21   Thumb Code    20  sleep.o(i.sleep_cb)
    sleep_init                               0x10003a39   Thumb Code    38  sleep.o(i.sleep_init)
    sleep_post_process                       0x10003a6d   Thumb Code    90  lib.o(i.sleep_post_process)
    syscon_set_ahb_clk                       0x10003b61   Thumb Code    48  syscon.o(i.syscon_set_ahb_clk)
    syscon_set_apb_clk                       0x10003b99   Thumb Code    46  syscon.o(i.syscon_set_apb_clk)
    syscon_set_ble_clk                       0x10003bcd   Thumb Code    56  syscon.o(i.syscon_set_ble_clk)
    syscon_set_sysclk_src                    0x10003c0d   Thumb Code   150  syscon.o(i.syscon_set_sysclk_src)
    syscon_set_timer_clk                     0x10003cc5   Thumb Code    38  syscon.o(i.syscon_set_timer_clk)
    syscon_set_usart_clk                     0x10003cf1   Thumb Code    92  syscon.o(i.syscon_set_usart_clk)
    task_app_desc_register                   0x10003d61   Thumb Code    44  app_task.o(i.task_app_desc_register)
    task_proxr_desc_register                 0x10003e5d   Thumb Code    44  proxr_task.o(i.task_proxr_desc_register)
    uart_check_tx_free                       0x10003ed9   Thumb Code    44  uart.o(i.uart_check_tx_free)
    uart_init                                0x10003f3d   Thumb Code   104  uart.o(i.uart_init)
    usr_button1_cb                           0x10003ff5   Thumb Code    34  usr_design.o(i.usr_button1_cb)
    usr_button2_cb                           0x10004025   Thumb Code    34  usr_design.o(i.usr_button2_cb)
    usr_init                                 0x10004055   Thumb Code    48  usr_design.o(i.usr_init)
    usr_sleep                                0x10004101   Thumb Code    78  sleep.o(i.usr_sleep)
    usr_sleep_restore                        0x10004159   Thumb Code    36  usr_design.o(i.usr_sleep_restore)
    wakeup_32k_xtal_start_timer              0x10004185   Thumb Code    10  sleep.o(i.wakeup_32k_xtal_start_timer)
    wakeup_32k_xtal_switch_clk               0x10004199   Thumb Code    76  sleep.o(i.wakeup_32k_xtal_switch_clk)
    wakeup_by_sleep_timer                    0x100041e9   Thumb Code    92  sleep.o(i.wakeup_by_sleep_timer)
    wdt_irq_clear                            0x1000424d   Thumb Code    18  wdt.o(i.wdt_irq_clear)
    app_default_state                        0x1000426c   Data         280  app_task.o(.constdata)
    app_default_handler                      0x10004384   Data           8  app_task.o(.constdata)
    app_state_handler                        0x1000438c   Data          40  app_task.o(.constdata)
    proxr_lls_att_db                         0x100043b4   Data          36  proxr.o(.constdata)
    proxr_ias_att_db                         0x100043d8   Data          36  proxr.o(.constdata)
    proxr_txps_att_db                        0x100043fc   Data          36  proxr.o(.constdata)
    proxr_lls_svc                            0x10004420   Data           2  proxr.o(.constdata)
    proxr_lls_alert_lvl_char                 0x10004422   Data           5  proxr.o(.constdata)
    proxr_ias_svc                            0x10004428   Data           2  proxr.o(.constdata)
    proxr_ias_alert_lvl_char                 0x1000442a   Data           5  proxr.o(.constdata)
    proxr_txps_svc                           0x10004430   Data           2  proxr.o(.constdata)
    proxr_txps_tx_power_lvl_char             0x10004432   Data           5  proxr.o(.constdata)
    proxr_disabled                           0x10004438   Data           8  proxr_task.o(.constdata)
    proxr_idle                               0x10004440   Data           8  proxr_task.o(.constdata)
    proxr_connected                          0x10004448   Data           8  proxr_task.o(.constdata)
    proxr_default_state                      0x10004450   Data           8  proxr_task.o(.constdata)
    proxr_default_handler                    0x10004458   Data           8  proxr_task.o(.constdata)
    proxr_state_handler                      0x10004460   Data          24  proxr_task.o(.constdata)
    uart_divider                             0x10004478   Data          51  uart.o(.constdata)
    rf_freq_tab                              0x100044bc   Data         324  qnrf.o(.constdata)
    rf_tx_gain_tab                           0x10004600   Data          13  qnrf.o(.constdata)
    __ctype_table                            0x1000460d   Data         129  ctype_o.o(.constdata)
    Region$$Table$$Base                      0x1000481c   Number         0  anon$$obj.o(Region$$Table)
    Region$$Table$$Limit                     0x1000482c   Number         0  anon$$obj.o(Region$$Table)
    usr_env                                  0x1000482c   Data           4  usr_design.o(.data)
    app_state                                0x10004830   Data           2  app_task.o(.data)
    app_proxr_env                            0x10004834   Data           4  app_proxr_task.o(.data)
    proxr_state                              0x10004838   Data           2  proxr_task.o(.data)
    low_power_mode_en                        0x10004840   Data           1  sleep.o(.data)
    PGCR1_restore                            0x10004844   Data           4  sleep.o(.data)
    sleep_env                                0x10004848   Data          20  sleep.o(.data)
    g_SystemClock                            0x1000485c   Data           4  syscon.o(.data)
    g_AhbClock                               0x10004860   Data           4  syscon.o(.data)
    g_ApbClock                               0x10004864   Data           4  syscon.o(.data)
    reset_test                               0x10004868   Data           4  wdt.o(.data)
    timer0_env                               0x1000486c   Data           8  timer.o(.data)
    timer1_env                               0x10004874   Data           8  timer.o(.data)
    timer2_env                               0x1000487c   Data           8  timer.o(.data)
    timer3_env                               0x10004884   Data           8  timer.o(.data)
    __stdout                                 0x10004890   Data           4  retarget.o(.data)
    ke_evt_hdlr                              0x10004898   Data           4  lib.o(.data)
    ke_env                                   0x1000489c   Data           4  lib.o(.data)
    rwble_env                                0x100048a0   Data           4  lib.o(.data)
    app_env                                  0x10004d94   Data         244  app_env.o(.bss)
    proxr_env                                0x10004e88   Data          12  proxr.o(.bss)
    gatt_idle_new                            0x10005054   Data         256  lib.o(.bss)
    __initial_sp                             0x10005468   Data           0  startup.o(STACK)



==============================================================================

Memory Map of the image

  Image Entry point : 0x100000c1

  Load Region LR_ROM1 (Base: 0x10000000, Size: 0x000048bc, Max: 0x0000cdb0, ABSOLUTE)

    Execution Region APP_CODE (Base: 0x10000000, Size: 0x00005468, Max: 0x0000cdb0, ABSOLUTE)

    Base Addr    Size         Type   Attr      Idx    E Section Name        Object

    0x10000000   0x000000c0   Data   RO            3    RESET               startup.o
    0x100000c0   0x00000000   Code   RO         2339  * .ARM.Collect$$$$00000000  mc_p.l(entry.o)
    0x100000c0   0x00000004   Code   RO         2632    .ARM.Collect$$$$00000001  mc_p.l(entry2.o)
    0x100000c4   0x00000004   Code   RO         2635    .ARM.Collect$$$$00000004  mc_p.l(entry5.o)
    0x100000c8   0x00000000   Code   RO         2637    .ARM.Collect$$$$00000008  mc_p.l(entry7b.o)
    0x100000c8   0x00000000   Code   RO         2639    .ARM.Collect$$$$0000000A  mc_p.l(entry8b.o)
    0x100000c8   0x00000008   Code   RO         2640    .ARM.Collect$$$$0000000B  mc_p.l(entry9a.o)
    0x100000d0   0x00000000   Code   RO         2642    .ARM.Collect$$$$0000000D  mc_p.l(entry10a.o)
    0x100000d0   0x00000000   Code   RO         2644    .ARM.Collect$$$$0000000F  mc_p.l(entry11a.o)
    0x100000d0   0x00000004   Code   RO         2633    .ARM.Collect$$$$00002712  mc_p.l(entry2.o)
    0x100000d4   0x00000030   Code   RO            4    .text               startup.o
    0x10000104   0x000001ae   Code   RO         2337    .text               qn9020b2_lib_peripheral.lib(math.o)
    0x100002b2   0x0000002c   Code   RO         2342    .text               mc_p.l(uidiv.o)
    0x100002de   0x00000002   PAD
    0x100002e0   0x00000024   Code   RO         2348    .text               mc_p.l(rand.o)
    0x10000304   0x00000024   Code   RO         2351    .text               mc_p.l(memcpya.o)
    0x10000328   0x00000024   Code   RO         2353    .text               mc_p.l(memseta.o)
    0x1000034c   0x0000001a   Code   RO         2355    .text               mc_p.l(memcmp.o)
    0x10000366   0x00000012   Code   RO         2357    .text               mc_p.l(strcpy.o)
    0x10000378   0x0000001a   Code   RO         2622    .text               mc_p.l(atoi.o)
    0x10000392   0x00000002   PAD
    0x10000394   0x00000070   Code   RO         2657    .text               mc_p.l(strtol.o)
    0x10000404   0x00000024   Code   RO         2670    .text               mc_p.l(init.o)
    0x10000428   0x00000008   Code   RO         2672    .text               mc_p.l(ctype_o.o)
    0x10000430   0x000000a6   Code   RO         2700    .text               mc_p.l(_strtoul.o)
    0x100004d6   0x0000001e   Code   RO         2702    .text               mc_p.l(_chval.o)
    0x100004f4   0x000000ac   Code   RO         2219    i.BLE_IRQHandler    qn9020b2_lib_peripheral.lib(lib.o)
    0x100005a0   0x00000034   Code   RO         1982    i.DMA_IRQHandler    dma.o
    0x100005d4   0x00000028   Code   RO         1468    i.GPIO_IRQHandler   gpio.o
    0x100005fc   0x00000014   Code   RO         1579    i.OSC_EN_IRQHandler  sleep.o
    0x10000610   0x00000014   Code   RO         1791    i.PWM0_IRQHandler   pwm.o
    0x10000624   0x00000114   Code   RO          270    i.SystemInit        system.o
    0x10000738   0x00000034   Code   RO         1887    i.TIMER0_IRQHandler  timer.o
    0x1000076c   0x00000034   Code   RO         1888    i.TIMER1_IRQHandler  timer.o
    0x100007a0   0x00000034   Code   RO         1889    i.TIMER2_IRQHandler  timer.o
    0x100007d4   0x00000034   Code   RO         1890    i.TIMER3_IRQHandler  timer.o
    0x10000808   0x00000064   Code   RO         1354    i.UART0_RX_IRQHandler  uart.o
    0x1000086c   0x0000003c   Code   RO         1355    i.UART0_TX_IRQHandler  uart.o
    0x100008a8   0x00000018   Code   RO         1357    i.UartPutc          uart.o
    0x100008c0   0x00000018   Code   RO         1829    i.WDT_IRQHandler    wdt.o
    0x100008d8   0x00000020   Code   RO         2568    i.__0printf$8       mc_p.l(printf8.o)
    0x100008f8   0x0000001a   Code   RO          975    i.__ARM_common_switch8  app_gap_task.o
    0x10000912   0x00000002   PAD
    0x10000914   0x00000008   Code   RO         2650    i.__aeabi_errno_addr  mc_p.l(errno.o)
    0x1000091c   0x0000000e   Code   RO         2706    i.__scatterload_copy  mc_p.l(handlers.o)
    0x1000092a   0x00000002   Code   RO         2707    i.__scatterload_null  mc_p.l(handlers.o)
    0x1000092c   0x0000000e   Code   RO         2708    i.__scatterload_zeroinit  mc_p.l(handlers.o)
    0x1000093a   0x00000002   PAD
    0x1000093c   0x00000428   Code   RO         2575    i._printf_core      mc_p.l(printf8.o)
    0x10000d64   0x00000020   Code   RO         2576    i._printf_post_padding  mc_p.l(printf8.o)
    0x10000d84   0x0000002c   Code   RO         2577    i._printf_pre_padding  mc_p.l(printf8.o)
    0x10000db0   0x00000040   Code   RO          706    i.app_32k_xtal_wakeup_timer  app_task.o
    0x10000df0   0x00000024   Code   RO          461    i.app_add_bonded_dev  app_util.o
    0x10000e14   0x000000b8   Code   RO          352    i.app_button_timer_handler  usr_design.o
    0x10000ecc   0x00000010   Code   RO          463    i.app_clear_local_service_flag  app_util.o
    0x10000edc   0x00000014   Code   RO          464    i.app_create_server_service_DB  app_util.o
    0x10000ef0   0x00000054   Code   RO          465    i.app_enable_server_service  app_util.o
    0x10000f44   0x00000034   Code   RO          353    i.app_event_button1_press_handler  usr_design.o
    0x10000f78   0x00000034   Code   RO          354    i.app_event_button2_press_handler  usr_design.o
    0x10000fac   0x0000003c   Code   RO          466    i.app_find_bonded_dev  app_util.o
    0x10000fe8   0x0000004c   Code   RO          355    i.app_gap_adv_intv_update_timer_handler  usr_design.o
    0x10001034   0x00000048   Code   RO          854    i.app_gap_adv_req_cmp_evt_handler  app_gap_task.o
    0x1000107c   0x00000088   Code   RO          742    i.app_gap_adv_start_req  app_gap.o
    0x10001104   0x00000024   Code   RO          743    i.app_gap_adv_stop_req  app_gap.o
    0x10001128   0x00000078   Code   RO          855    i.app_gap_bond_req_cmp_ind_handler  app_gap_task.o
    0x100011a0   0x0000005c   Code   RO          856    i.app_gap_bond_req_ind_handler  app_gap_task.o
    0x100011fc   0x0000003c   Code   RO          745    i.app_gap_bond_resp  app_gap.o
    0x10001238   0x0000004c   Code   RO          857    i.app_gap_change_param_req_cmp_handler  app_gap_task.o
    0x10001284   0x000000b4   Code   RO          858    i.app_gap_discon_cmp_evt_handler  app_gap_task.o
    0x10001338   0x000000a4   Code   RO          859    i.app_gap_le_create_conn_req_cmp_evt_handler  app_gap_task.o
    0x100013dc   0x00000034   Code   RO          747    i.app_gap_param_update_req  app_gap.o
    0x10001410   0x00000058   Code   RO          860    i.app_gap_param_update_resp_handler  app_gap_task.o
    0x10001468   0x00000014   Code   RO          748    i.app_gap_read_bdaddr_req  app_gap.o
    0x1000147c   0x00000054   Code   RO          861    i.app_gap_read_bdaddr_req_cmp_evt_handler  app_gap_task.o
    0x100014d0   0x00000014   Code   RO          749    i.app_gap_read_ver_req  app_gap.o
    0x100014e4   0x00000024   Code   RO          862    i.app_gap_read_ver_req_cmp_evt_handler  app_gap_task.o
    0x10001508   0x00000018   Code   RO          863    i.app_gap_ready_evt_handler  app_gap_task.o
    0x10001520   0x0000000a   Code   RO          864    i.app_gap_reset_req_cmp_handler  app_gap_task.o
    0x1000152a   0x00000002   PAD
    0x1000152c   0x00000024   Code   RO          752    i.app_gap_set_bondable_mode_req  app_gap.o
    0x10001550   0x00000034   Code   RO          865    i.app_gap_set_devname_req_cmp_evt_handler  app_gap_task.o
    0x10001584   0x00000094   Code   RO          866    i.app_gap_set_mode_req_cmp_evt_handler  app_gap_task.o
    0x10001618   0x00000048   Code   RO          867    i.app_gap_set_privacy_req_cmp_handler  app_gap_task.o
    0x10001660   0x00000030   Code   RO          868    i.app_gap_set_random_add_req_cmp_handler  app_gap_task.o
    0x10001690   0x00000028   Code   RO          756    i.app_gap_set_sec_req  app_gap.o
    0x100016b8   0x00000024   Code   RO          869    i.app_gap_set_sec_req_cmp_evt_handler  app_gap_task.o
    0x100016dc   0x00000028   Code   RO          870    i.app_gatt_resource_access_req_handler  app_gap_task.o
    0x10001704   0x00000040   Code   RO          467    i.app_get_bd_addr_by_conhdl  app_util.o
    0x10001744   0x0000000c   Code   RO          468    i.app_get_bond_nb   app_util.o
    0x10001750   0x00000024   Code   RO          469    i.app_get_bond_status  app_util.o
    0x10001774   0x00000028   Code   RO          471    i.app_get_conhdl_by_idx  app_util.o
    0x1000179c   0x0000001c   Code   RO          472    i.app_get_link_status_by_idx  app_util.o
    0x100017b8   0x00000024   Code   RO          473    i.app_get_lk_sec_status  app_util.o
    0x100017dc   0x00000006   Code   RO          474    i.app_get_local_service_flag  app_util.o
    0x100017e2   0x00000002   PAD
    0x100017e4   0x0000000c   Code   RO          475    i.app_get_role      app_util.o
    0x100017f0   0x00000026   Code   RO          476    i.app_i_to_array    app_util.o
    0x10001816   0x00000002   PAD
    0x10001818   0x00000070   Code   RO          604    i.app_init          app_env.o
    0x10001888   0x0000001c   Code   RO          477    i.app_init_local_smp_key  app_util.o
    0x100018a4   0x00000044   Code   RO          356    i.app_led_timer_handler  usr_design.o
    0x100018e8   0x00000060   Code   RO         1150    i.app_proxr_alert_ind_handler  app_proxr_task.o
    0x10001948   0x0000002c   Code   RO          357    i.app_proxr_alert_to_handler  usr_design.o
    0x10001974   0x00000024   Code   RO         1124    i.app_proxr_create_db  app_proxr.o
    0x10001998   0x00000014   Code   RO         1151    i.app_proxr_create_db_cfm_handler  app_proxr_task.o
    0x100019ac   0x0000001c   Code   RO         1152    i.app_proxr_disable_ind_handler  app_proxr_task.o
    0x100019c8   0x00000030   Code   RO         1125    i.app_proxr_enable_req  app_proxr.o
    0x100019f8   0x00000074   Code   RO          478    i.app_set_adv_data  app_util.o
    0x10001a6c   0x00000060   Code   RO          479    i.app_set_link_status_by_conhdl  app_util.o
    0x10001acc   0x0000000c   Code   RO          480    i.app_set_role      app_util.o
    0x10001ad8   0x00000078   Code   RO          481    i.app_set_scan_rsp_data  app_util.o
    0x10001b50   0x00000138   Code   RO          605    i.app_smp_init      app_env.o
    0x10001c88   0x00000048   Code   RO         1061    i.app_smpc_chk_bd_addr_req_ind_handler  app_smp_task.o
    0x10001cd0   0x00000040   Code   RO         1011    i.app_smpc_chk_bd_addr_req_rsp  app_smp.o
    0x10001d10   0x000000b8   Code   RO         1062    i.app_smpc_irk_req_ind_handler  app_smp_task.o
    0x10001dc8   0x0000004c   Code   RO         1012    i.app_smpc_irk_req_rsp  app_smp.o
    0x10001e14   0x000000ac   Code   RO         1063    i.app_smpc_key_ind_handler  app_smp_task.o
    0x10001ec0   0x000000e4   Code   RO         1064    i.app_smpc_ltk_req_ind_handler  app_smp_task.o
    0x10001fa4   0x00000054   Code   RO         1013    i.app_smpc_ltk_req_rsp  app_smp.o
    0x10001ff8   0x0000002c   Code   RO         1065    i.app_smpc_sec_started_ind_handler  app_smp_task.o
    0x10002024   0x00000044   Code   RO         1066    i.app_smpc_timeout_evt_handler  app_smp_task.o
    0x10002068   0x00000084   Code   RO         1067    i.app_smpc_tk_req_ind_handler  app_smp_task.o
    0x100020ec   0x0000003c   Code   RO         1015    i.app_smpc_tk_req_rsp  app_smp.o
    0x10002128   0x00000024   Code   RO         1068    i.app_smpm_set_key_cfm_handler  app_smp_task.o
    0x1000214c   0x00000034   Code   RO         1016    i.app_smpm_set_key_req  app_smp.o
    0x10002180   0x0000013c   Code   RO          358    i.app_task_msg_hdl  usr_design.o
    0x100022bc   0x00000002   Code   RO          686    i.app_uart_init     app_sys.o
    0x100022be   0x00000002   PAD
    0x100022c0   0x00000038   Code   RO           12    i.assert_err        app_main.o
    0x100022f8   0x0000004c   Code   RO         2221    i.atts_req_error_ind_handler_patch  qn9020b2_lib_peripheral.lib(lib.o)
    0x10002344   0x00000028   Code   RO         2223    i.ble_ext_wakeup_allow  qn9020b2_lib_peripheral.lib(lib.o)
    0x1000236c   0x00000012   Code   RO         2224    i.ble_hw_sleep      qn9020b2_lib_peripheral.lib(lib.o)
    0x1000237e   0x00000002   PAD
    0x10002380   0x00000110   Code   RO         2225    i.ble_init          qn9020b2_lib_peripheral.lib(lib.o)
    0x10002490   0x00000030   Code   RO         2226    i.ble_sleep         qn9020b2_lib_peripheral.lib(lib.o)
    0x100024c0   0x00000024   Code   RO         2106    i.button_init       button.o
    0x100024e4   0x0000000e   Code   RO         2132    i.buzzer_off        buzz.o
    0x100024f2   0x00000002   PAD
    0x100024f4   0x00000038   Code   RO         2133    i.buzzer_on         buzz.o
    0x1000252c   0x0000000c   Code   RO         2227    i.cal_cal_SetCAL0WithMask  qn9020b2_lib_peripheral.lib(lib.o)
    0x10002538   0x0000000c   Code   RO         2228    i.cal_cal_SetCAL1WithMask  qn9020b2_lib_peripheral.lib(lib.o)
    0x10002544   0x00000014   Code   RO         2229    i.check_ble_wakeup  qn9020b2_lib_peripheral.lib(lib.o)
    0x10002558   0x00000010   Code   RO         2230    i.co_buf_rx_get     qn9020b2_lib_peripheral.lib(lib.o)
    0x10002568   0x00000064   Code   RO         2231    i.config_work_mode  qn9020b2_lib_peripheral.lib(lib.o)
    0x100025cc   0x0000003c   Code   RO         2232    i.dc_dc_enable      qn9020b2_lib_peripheral.lib(lib.o)
    0x10002608   0x0000002c   Code   RO         2233    i.default_enter_sleep_cb  qn9020b2_lib_peripheral.lib(lib.o)
    0x10002634   0x0000001c   Code   RO         2234    i.default_exit_sleep_cb  qn9020b2_lib_peripheral.lib(lib.o)
    0x10002650   0x00000010   Code   RO         2235    i.delay             qn9020b2_lib_peripheral.lib(lib.o)
    0x10002660   0x00000010   Code   RO         1983    i.dev_allow_sleep   dma.o
    0x10002670   0x00000014   Code   RO         2236    i.dp_dp_SetRegWithMask  qn9020b2_lib_peripheral.lib(lib.o)
    0x10002684   0x00000014   Code   RO         2322    i.dp_dp_SetRegWithMask  qn9020b2_lib_peripheral.lib(qnrf.o)
    0x10002698   0x00000178   Code   RO         1581    i.enter_sleep       sleep.o
    0x10002810   0x00000020   Code   RO         2237    i.flash_on          qn9020b2_lib_peripheral.lib(lib.o)
    0x10002830   0x00000002   Code   RO         2238    i.foo1              qn9020b2_lib_peripheral.lib(lib.o)
    0x10002832   0x0000000a   Code   RO         2171    i.fputc             retarget.o
    0x1000283c   0x0000009c   Code   RO         2239    i.fw_ble_sleep      qn9020b2_lib_peripheral.lib(lib.o)
    0x100028d8   0x00000040   Code   RO         1303    i.gap_discon_cmp_evt_handler  proxr_task.o
    0x10002918   0x000000a4   Code   RO         2240    i.gap_discon_ind_handler_patch  qn9020b2_lib_peripheral.lib(lib.o)
    0x100029bc   0x00000048   Code   RO         2241    i.gatt_read_char_req_handler_patch  qn9020b2_lib_peripheral.lib(lib.o)
    0x10002a04   0x000000fc   Code   RO         2242    i.gatt_write_char_req_handler_patch  qn9020b2_lib_peripheral.lib(lib.o)
    0x10002b00   0x00000064   Code   RO         1304    i.gatt_write_cmd_ind_handler  proxr_task.o
    0x10002b64   0x0000000a   Code   RO         1470    i.gpio_enable_interrupt  gpio.o
    0x10002b6e   0x00000002   PAD
    0x10002b70   0x0000001c   Code   RO         1471    i.gpio_init         gpio.o
    0x10002b8c   0x0000001a   Code   RO          359    i.gpio_interrupt_callback  usr_design.o
    0x10002ba6   0x00000014   Code   RO         1473    i.gpio_read_pin     gpio.o
    0x10002bba   0x0000000c   Code   RO         1474    i.gpio_read_pin_field  gpio.o
    0x10002bc6   0x00000010   Code   RO         1475    i.gpio_set_direction  gpio.o
    0x10002bd6   0x0000000e   Code   RO         1476    i.gpio_set_direction_field  gpio.o
    0x10002be4   0x0000001e   Code   RO         1478    i.gpio_sleep_allowed  gpio.o
    0x10002c02   0x00000056   Code   RO         1480    i.gpio_wakeup_config  gpio.o
    0x10002c58   0x00000016   Code   RO         1481    i.gpio_write_pin    gpio.o
    0x10002c6e   0x00000002   PAD
    0x10002c70   0x0000004c   Code   RO         2243    i.ke_schedule       qn9020b2_lib_peripheral.lib(lib.o)
    0x10002cbc   0x00000028   Code   RO         2244    i.ke_time           qn9020b2_lib_peripheral.lib(lib.o)
    0x10002ce4   0x00000018   Code   RO         2245    i.ke_timer_empty    qn9020b2_lib_peripheral.lib(lib.o)
    0x10002cfc   0x0000005c   Code   RO         2246    i.l2cc_data_packet_ind_handler_patch  qn9020b2_lib_peripheral.lib(lib.o)
    0x10002d58   0x00000050   Code   RO         2247    i.l2cc_data_send_rsp_handler_patch  qn9020b2_lib_peripheral.lib(lib.o)
    0x10002da8   0x0000002e   Code   RO         2068    i.led_get           led.o
    0x10002dd6   0x00000038   Code   RO         2069    i.led_init          led.o
    0x10002e0e   0x00000028   Code   RO         2071    i.led_set           led.o
    0x10002e36   0x00000002   PAD
    0x10002e38   0x0000003c   Code   RO         2248    i.lld_sleep_lpcycles_2_us  qn9020b2_lib_peripheral.lib(lib.o)
    0x10002e74   0x0000013c   Code   RO           15    i.main              app_main.o
    0x10002fb0   0x00000060   Code   RO         2249    i.nvds_copy         qn9020b2_lib_peripheral.lib(lib.o)
    0x10003010   0x00000030   Code   RO         2250    i.nvds_erase        qn9020b2_lib_peripheral.lib(lib.o)
    0x10003040   0x00000074   Code   RO         2252    i.nvds_restore_backup  qn9020b2_lib_peripheral.lib(lib.o)
    0x100030b4   0x00000054   Code   RO         2253    i.nvds_write        qn9020b2_lib_peripheral.lib(lib.o)
    0x10003108   0x000002f4   Code   RO         2254    i.plf_init          qn9020b2_lib_peripheral.lib(lib.o)
    0x100033fc   0x00000010   Code   RO         2255    i.plf_reset_cb      qn9020b2_lib_peripheral.lib(lib.o)
    0x1000340c   0x00000148   Code   RO         2256    i.powerup_calibration  qn9020b2_lib_peripheral.lib(lib.o)
    0x10003554   0x00000028   Code   RO         1192    i.prf_dispatch_disconnect  prf_utils.o
    0x1000357c   0x00000008   Code   RO         1193    i.prf_init          prf_utils.o
    0x10003584   0x0000002c   Code   RO         1195    i.prf_server_error_ind_send  prf_utils.o
    0x100035b0   0x00000030   Code   RO         1252    i.proxr_alert_start  proxr.o
    0x100035e0   0x000000b0   Code   RO         1305    i.proxr_create_db_req_handler  proxr_task.o
    0x10003690   0x00000070   Code   RO         1253    i.proxr_disable     proxr.o
    0x10003700   0x0000007c   Code   RO         1306    i.proxr_enable_req_handler  proxr_task.o
    0x1000377c   0x00000020   Code   RO         1254    i.proxr_init        proxr.o
    0x1000379c   0x000000b4   Code   RO         1792    i.pwm_config        pwm.o
    0x10003850   0x00000040   Code   RO         2134    i.pwm_enable        buzz.o
    0x10003890   0x00000040   Code   RO         1793    i.pwm_init          pwm.o
    0x100038d0   0x00000054   Code   RO         2259    i.restore_ble_setting  qn9020b2_lib_peripheral.lib(lib.o)
    0x10003924   0x0000005c   Code   RO         2323    i.rf_enable         qn9020b2_lib_peripheral.lib(qnrf.o)
    0x10003980   0x00000020   Code   RO         2324    i.rf_enable_sw_set_freq  qn9020b2_lib_peripheral.lib(qnrf.o)
    0x100039a0   0x0000004c   Code   RO         2326    i.rf_tx_power_level_get  qn9020b2_lib_peripheral.lib(qnrf.o)
    0x100039ec   0x00000024   Code   RO         2260    i.rwble_slot_2_lpcycles  qn9020b2_lib_peripheral.lib(lib.o)
    0x10003a10   0x00000010   Code   RO         2262    i.set_dbg_info      qn9020b2_lib_peripheral.lib(lib.o)
    0x10003a20   0x00000018   Code   RO         1583    i.sleep_cb          sleep.o
    0x10003a38   0x00000034   Code   RO         1584    i.sleep_init        sleep.o
    0x10003a6c   0x0000005a   Code   RO         2263    i.sleep_post_process  qn9020b2_lib_peripheral.lib(lib.o)
    0x10003ac6   0x00000002   PAD
    0x10003ac8   0x0000002c   Code   RO          271    i.spi_clock_off     system.o
    0x10003af4   0x0000000c   Code   RO         1585    i.syscon_SetCMDCRWithMask  sleep.o
    0x10003b00   0x0000000c   Code   RO         1696    i.syscon_SetCMDCRWithMask  syscon.o
    0x10003b0c   0x0000000e   Code   RO         1586    i.syscon_SetIvrefX32WithMask  sleep.o
    0x10003b1a   0x0000000e   Code   RO         2264    i.syscon_SetIvrefX32WithMask  qn9020b2_lib_peripheral.lib(lib.o)
    0x10003b28   0x0000000e   Code   RO         1587    i.syscon_SetPGCR0WithMask  sleep.o
    0x10003b36   0x0000000e   Code   RO         1588    i.syscon_SetPGCR1WithMask  sleep.o
    0x10003b44   0x0000000e   Code   RO         2265    i.syscon_SetPGCR1WithMask  qn9020b2_lib_peripheral.lib(lib.o)
    0x10003b52   0x0000000e   Code   RO         1589    i.syscon_SetPGCR2WithMask  sleep.o
    0x10003b60   0x00000038   Code   RO         1701    i.syscon_set_ahb_clk  syscon.o
    0x10003b98   0x00000034   Code   RO         1702    i.syscon_set_apb_clk  syscon.o
    0x10003bcc   0x00000040   Code   RO         1703    i.syscon_set_ble_clk  syscon.o
    0x10003c0c   0x000000b8   Code   RO         1704    i.syscon_set_sysclk_src  syscon.o
    0x10003cc4   0x0000002c   Code   RO         1705    i.syscon_set_timer_clk  syscon.o
    0x10003cf0   0x00000070   Code   RO         1706    i.syscon_set_usart_clk  syscon.o
    0x10003d60   0x00000038   Code   RO          707    i.task_app_desc_register  app_task.o
    0x10003d98   0x000000c4   Code   RO         2266    i.task_gatt_desc_register  qn9020b2_lib_peripheral.lib(lib.o)
    0x10003e5c   0x00000038   Code   RO         1307    i.task_proxr_desc_register  proxr_task.o
    0x10003e94   0x00000044   Code   RO          272    i.timer_clock_off   system.o
    0x10003ed8   0x00000038   Code   RO         1358    i.uart_check_tx_free  uart.o
    0x10003f10   0x0000002c   Code   RO          273    i.uart_clock_off    system.o
    0x10003f3c   0x00000080   Code   RO         1363    i.uart_init         uart.o
    0x10003fbc   0x00000038   Code   RO         1366    i.uart_tx_int_enable  uart.o
    0x10003ff4   0x00000030   Code   RO          360    i.usr_button1_cb    usr_design.o
    0x10004024   0x00000030   Code   RO          361    i.usr_button2_cb    usr_design.o
    0x10004054   0x00000058   Code   RO          362    i.usr_init          usr_design.o
    0x100040ac   0x00000054   Code   RO          363    i.usr_led1_set      usr_design.o
    0x10004100   0x00000058   Code   RO         1590    i.usr_sleep         sleep.o
    0x10004158   0x0000002c   Code   RO          364    i.usr_sleep_restore  usr_design.o
    0x10004184   0x00000014   Code   RO         1591    i.wakeup_32k_xtal_start_timer  sleep.o
    0x10004198   0x00000050   Code   RO         1592    i.wakeup_32k_xtal_switch_clk  sleep.o
    0x100041e8   0x00000064   Code   RO         1594    i.wakeup_by_sleep_timer  sleep.o
    0x1000424c   0x00000020   Code   RO         1831    i.wdt_irq_clear     wdt.o
    0x1000426c   0x00000118   Data   RO          708    .constdata          app_task.o
    0x10004384   0x00000030   Data   RO          709    .constdata          app_task.o
    0x100043b4   0x00000024   Data   RO         1256    .constdata          proxr.o
    0x100043d8   0x00000024   Data   RO         1257    .constdata          proxr.o
    0x100043fc   0x00000024   Data   RO         1258    .constdata          proxr.o
    0x10004420   0x00000002   Data   RO         1259    .constdata          proxr.o
    0x10004422   0x00000005   Data   RO         1260    .constdata          proxr.o
    0x10004427   0x00000001   PAD
    0x10004428   0x00000002   Data   RO         1261    .constdata          proxr.o
    0x1000442a   0x00000005   Data   RO         1262    .constdata          proxr.o
    0x1000442f   0x00000001   PAD
    0x10004430   0x00000002   Data   RO         1263    .constdata          proxr.o
    0x10004432   0x00000005   Data   RO         1264    .constdata          proxr.o
    0x10004437   0x00000001   PAD
    0x10004438   0x00000008   Data   RO         1308    .constdata          proxr_task.o
    0x10004440   0x00000008   Data   RO         1309    .constdata          proxr_task.o
    0x10004448   0x00000008   Data   RO         1310    .constdata          proxr_task.o
    0x10004450   0x00000008   Data   RO         1311    .constdata          proxr_task.o
    0x10004458   0x00000020   Data   RO         1312    .constdata          proxr_task.o
    0x10004478   0x00000033   Data   RO         1369    .constdata          uart.o
    0x100044ab   0x00000001   PAD
    0x100044ac   0x00000010   Data   RO         2268    .constdata          qn9020b2_lib_peripheral.lib(lib.o)
    0x100044bc   0x00000151   Data   RO         2328    .constdata          qn9020b2_lib_peripheral.lib(qnrf.o)
    0x1000460d   0x00000081   Data   RO         2673    .constdata          mc_p.l(ctype_o.o)
    0x1000468e   0x00000002   PAD
    0x10004690   0x00000004   Data   RO         2674    .constdata          mc_p.l(ctype_o.o)
    0x10004694   0x000000d6   Data   RO          871    .conststring        app_gap_task.o
    0x1000476a   0x00000002   PAD
    0x1000476c   0x000000ad   Data   RO         1069    .conststring        app_smp_task.o
    0x10004819   0x00000003   PAD
    0x1000481c   0x00000010   Data   RO         2704    Region$$Table       anon$$obj.o
    0x1000482c   0x00000004   Data   RW          365    .data               usr_design.o
    0x10004830   0x00000002   Data   RW          710    .data               app_task.o
    0x10004832   0x00000002   PAD
    0x10004834   0x00000004   Data   RW         1153    .data               app_proxr_task.o
    0x10004838   0x00000002   Data   RW         1313    .data               proxr_task.o
    0x1000483a   0x00000002   PAD
    0x1000483c   0x00000004   Data   RW         1483    .data               gpio.o
    0x10004840   0x0000001c   Data   RW         1595    .data               sleep.o
    0x1000485c   0x0000000c   Data   RW         1707    .data               syscon.o
    0x10004868   0x00000004   Data   RW         1835    .data               wdt.o
    0x1000486c   0x00000020   Data   RW         1896    .data               timer.o
    0x1000488c   0x00000004   Data   RW         1994    .data               dma.o
    0x10004890   0x00000004   Data   RW         2172    .data               retarget.o
    0x10004894   0x00000020   Data   RW         2269    .data               qn9020b2_lib_peripheral.lib(lib.o)
    0x100048b4   0x00000004   Data   RW         2349    .data               mc_p.l(rand.o)
    0x100048b8   0x00000004   Data   RW         2653    .data               mc_p.l(errno.o)
    0x100048bc   0x000004d8   Zero   RW           16    .bss                app_main.o
    0x10004d94   0x000000f4   Zero   RW          606    .bss                app_env.o
    0x10004e88   0x0000000c   Zero   RW         1255    .bss                proxr.o
    0x10004e94   0x00000030   Zero   RW         1368    .bss                uart.o
    0x10004ec4   0x000003a0   Zero   RW         2267    .bss                qn9020b2_lib_peripheral.lib(lib.o)
    0x10005264   0x00000004   PAD
    0x10005268   0x00000200   Zero   RW            1    STACK               startup.o


==============================================================================

Image component sizes


      Code (inc. data)   RO Data    RW Data    ZI Data      Debug   Object Name

       424         90          0          0        244       3689   app_env.o
       400         76          0          0          0       4645   app_gap.o
      1368        544        214          0          0      11446   app_gap_task.o
       372         76          0          0       1240      92944   app_main.o
        84         16          0          0          0       1481   app_proxr.o
       144         50          0          4          0       2880   app_proxr_task.o
       336         48          0          0          0       3302   app_smp.o
       936        242        173          0          0       5675   app_smp_task.o
         2          0          0          0          0        412   app_sys.o
       120         20        328          2          0      15789   app_task.o
       860        132          0          0          0      10834   app_util.o
        36          0          0          0          0        454   button.o
       134         14          0          0          0      15945   buzz.o
        68         16          0          4          0      15293   dma.o
       278         12          0          4          0      22341   gpio.o
       142         16          0          0          0       1503   led.o
        92         14          0          0          0       2217   prf_utils.o
       192         42        129          0         12       4903   proxr.o
       520         90         64          2          0       5353   proxr_task.o
       264         34          0          0          0      16810   pwm.o
        10          0          0          4          0       2334   retarget.o
       828         88          0         28          0      24413   sleep.o
        48         14        192          0        512        832   startup.o
       524         82          0         12          0      19351   syscon.o
       432         92          0          0          0      29623   system.o
       208         32          0         32          0      18398   timer.o
       424         70         51          0         48      29235   uart.o
      1130        254          0          4          0      27662   usr_design.o
        56         20          0          4          0       1558   wdt.o

    ----------------------------------------------------------------------
     10450       2184       1176        104       2056     391322   Object Totals
         0          0         16          0          0          0   (incl. Generated)
        18          0          9          4          0          0   (incl. Padding)

    ----------------------------------------------------------------------

      Code (inc. data)   RO Data    RW Data    ZI Data      Debug   Library Member Name

        30          0          0          0          0         60   _chval.o
       166          0          0          0          0         84   _strtoul.o
        26          0          0          0          0         72   atoi.o
         8          4        133          0          0         60   ctype_o.o
         0          0          0          0          0          0   entry.o
         0          0          0          0          0          0   entry10a.o
         0          0          0          0          0          0   entry11a.o
         8          4          0          0          0          0   entry2.o
         4          0          0          0          0          0   entry5.o
         0          0          0          0          0          0   entry7b.o
         0          0          0          0          0          0   entry8b.o
         8          4          0          0          0          0   entry9a.o
         8          4          0          4          0         60   errno.o
        30          0          0          0          0          0   handlers.o
        36          8          0          0          0         68   init.o
        26          0          0          0          0         72   memcmp.o
        36          0          0          0          0         60   memcpya.o
        36          0          0          0          0        100   memseta.o
      1172         52          0          0          0        324   printf8.o
        36         12          0          4          0        120   rand.o
        18          0          0          0          0         60   strcpy.o
       112          4          0          0          0         76   strtol.o
        44          0          0          0          0         72   uidiv.o
      3898        716         16         32        928       2928   lib.o
       430          0          0          0          0        116   math.o
       220         18        337          0          0        276   qnrf.o

    ----------------------------------------------------------------------
      6362        826        488         40        932       4608   Library Totals
        10          0          2          0          4          0   (incl. Padding)

    ----------------------------------------------------------------------

      Code (inc. data)   RO Data    RW Data    ZI Data      Debug   Library Name

      1804         92        133          8          0       1288   mc_p.l
      4548        734        353         32        928       3320   qn9020b2_lib_peripheral.lib

    ----------------------------------------------------------------------
      6362        826        488         40        932       4608   Library Totals

    ----------------------------------------------------------------------

==============================================================================


      Code (inc. data)   RO Data    RW Data    ZI Data      Debug   

     16812       3010       1664        144       2988     386834   Grand Totals
     16812       3010       1664        144       2988     386834   ELF Image Totals
     16812       3010       1664        144          0          0   ROM Totals

==============================================================================

    Total RO  Size (Code + RO Data)                18476 (  18.04kB)
    Total RW  Size (RW Data + ZI Data)              3132 (   3.06kB)
    Total ROM Size (Code + RO Data + RW Data)      18620 (  18.18kB)

==============================================================================

