Product: MDK-ARM Lite 5.10
Component: ARM Compiler 5.04 update 1 (build 49)
Tool: armlink [5040049]

==============================================================================

Section Cross References

    startup.o(RESET) refers to startup.o(STACK) for __initial_sp
    startup.o(RESET) refers to startup.o(.text) for Reset_Handler
    startup.o(RESET) refers to gpio.o(i.GPIO_IRQHandler) for GPIO_IRQHandler
    startup.o(RESET) refers to lib.o(i.BLE_IRQHandler) for BLE_IRQHandler
    startup.o(RESET) refers to sleep.o(i.OSC_EN_IRQHandler) for OSC_EN_IRQHandler
    startup.o(RESET) refers to dma.o(i.DMA_IRQHandler) for DMA_IRQHandler
    startup.o(RESET) refers to uart.o(i.UART0_TX_IRQHandler) for UART0_TX_IRQHandler
    startup.o(RESET) refers to uart.o(i.UART0_RX_IRQHandler) for UART0_RX_IRQHandler
    startup.o(RESET) refers to timer.o(i.TIMER0_IRQHandler) for TIMER0_IRQHandler
    startup.o(RESET) refers to timer.o(i.TIMER1_IRQHandler) for TIMER1_IRQHandler
    startup.o(RESET) refers to timer.o(i.TIMER2_IRQHandler) for TIMER2_IRQHandler
    startup.o(RESET) refers to timer.o(i.TIMER3_IRQHandler) for TIMER3_IRQHandler
    startup.o(.text) refers to entry.o(.ARM.Collect$$$$00000000) for __main
    app_main.o(i.assert_err) refers to printf8.o(i.__0printf$8) for __2printf
    app_main.o(i.assert_warn) refers to printf8.o(i.__0printf$8) for __2printf
    app_main.o(i.main) refers to lib.o(i.dc_dc_enable) for dc_dc_enable
    app_main.o(i.main) refers to lib.o(i.plf_init) for plf_init
    app_main.o(i.main) refers to system.o(i.SystemInit) for SystemInit
    app_main.o(i.main) refers to lib.o(i.ble_init) for ble_init
    app_main.o(i.main) refers to app_env.o(i.app_init) for app_init
    app_main.o(i.main) refers to usr_design.o(i.usr_init) for usr_init
    app_main.o(i.main) refers to sleep.o(i.sleep_init) for sleep_init
    app_main.o(i.main) refers to sleep.o(i.wakeup_by_sleep_timer) for wakeup_by_sleep_timer
    app_main.o(i.main) refers to lib.o(i.ke_schedule) for ke_schedule
    app_main.o(i.main) refers to sleep.o(i.usr_sleep) for usr_sleep
    app_main.o(i.main) refers to lib.o(i.ble_sleep) for ble_sleep
    app_main.o(i.main) refers to led.o(i.led_set) for led_set
    app_main.o(i.main) refers to sleep.o(i.enter_sleep) for enter_sleep
    app_main.o(i.main) refers to prf_utils.o(i.prf_init) for prf_init
    app_main.o(i.main) refers to prf_utils.o(i.prf_dispatch_disconnect) for prf_dispatch_disconnect
    app_main.o(i.main) refers to app_main.o(.bss) for .bss
    app_main.o(i.main) refers to sleep.o(i.sleep_cb) for sleep_cb
    system.o(i.SystemInit) refers to system.o(i.timer_clock_off) for timer_clock_off
    system.o(i.SystemInit) refers to system.o(i.uart_clock_off) for uart_clock_off
    system.o(i.SystemInit) refers to system.o(i.spi_clock_off) for spi_clock_off
    system.o(i.SystemInit) refers to syscon.o(i.syscon_set_sysclk_src) for syscon_set_sysclk_src
    system.o(i.SystemInit) refers to syscon.o(i.syscon_set_ahb_clk) for syscon_set_ahb_clk
    system.o(i.SystemInit) refers to syscon.o(i.syscon_set_ble_clk) for syscon_set_ble_clk
    system.o(i.SystemInit) refers to syscon.o(i.syscon_set_apb_clk) for syscon_set_apb_clk
    system.o(i.SystemInit) refers to syscon.o(i.syscon_set_timer_clk) for syscon_set_timer_clk
    system.o(i.SystemInit) refers to syscon.o(i.syscon_set_usart_clk) for syscon_set_usart_clk
    system.o(i.SystemInit) refers to gpio.o(i.gpio_init) for gpio_init
    system.o(i.SystemInit) refers to led.o(i.led_init) for led_init
    system.o(i.SystemInit) refers to uart.o(i.uart_init) for uart_init
    app_env.o(i.app_init) refers to memseta.o(.text) for __aeabi_memclr4
    app_env.o(i.app_init) refers to app_env.o(i.app_smp_init) for app_smp_init
    app_env.o(i.app_init) refers to app_task.o(i.task_app_desc_register) for task_app_desc_register
    app_env.o(i.app_init) refers to app_sys.o(i.app_uart_init) for app_uart_init
    app_env.o(i.app_init) refers to app_env.o(.bss) for .bss
    app_env.o(i.app_smp_init) refers to memcpya.o(.text) for __aeabi_memcpy4
    app_env.o(i.app_smp_init) refers to app_env.o(.bss) for .bss
    app_menu.o(i.app_menu_cb) refers to printf8.o(i.__0printf$8) for __2printf
    app_menu.o(i.app_menu_cb) refers to app_menu.o(i.app_menu_show) for app_menu_show
    app_menu.o(i.app_menu_cb) refers to app_env.o(.bss) for app_env
    app_menu.o(i.app_menu_handler_basc) refers to app_util.o(i.app_get_conhdl_by_idx) for app_get_conhdl_by_idx
    app_menu.o(i.app_menu_handler_basc) refers to app_util.o(i.app_get_client_service_status) for app_get_client_service_status
    app_menu.o(i.app_menu_handler_basc) refers to printf8.o(i.__0printf$8) for __2printf
    app_menu.o(i.app_menu_handler_basc) refers to app_basc.o(i.app_basc_enable_req) for app_basc_enable_req
    app_menu.o(i.app_menu_handler_basc) refers to app_basc.o(i.app_basc_cfg_indntf_req) for app_basc_cfg_indntf_req
[...]
    i.task_basc_desc_register                0x100071ac   Section        0  basc_task.o(i.task_basc_desc_register)
    i.task_disc_desc_register                0x100071e4   Section        0  disc_task.o(i.task_disc_desc_register)
    i.task_gap_desc_register                 0x1000721c   Section        0  lib.o(i.task_gap_desc_register)
    task_gap_desc_register                   0x1000721d   Thumb Code   238  lib.o(i.task_gap_desc_register)
    i.task_gatt_desc_register                0x10007378   Section        0  lib.o(i.task_gatt_desc_register)
    task_gatt_desc_register                  0x10007379   Thumb Code   130  lib.o(i.task_gatt_desc_register)
    i.timer_clock_off                        0x10007444   Section        0  system.o(i.timer_clock_off)
    timer_clock_off                          0x10007445   Thumb Code    52  system.o(i.timer_clock_off)
    i.uart_check_tx_free                     0x10007488   Section        0  uart.o(i.uart_check_tx_free)
    i.uart_clock_off                         0x100074c0   Section        0  system.o(i.uart_clock_off)
    uart_clock_off                           0x100074c1   Thumb Code    34  system.o(i.uart_clock_off)
    i.uart_init                              0x100074ec   Section        0  uart.o(i.uart_init)
    i.uart_read                              0x1000756c   Section        0  uart.o(i.uart_read)
    i.uart_tx_int_enable                     0x100075cc   Section        0  uart.o(i.uart_tx_int_enable)
    uart_tx_int_enable                       0x100075cd   Thumb Code    46  uart.o(i.uart_tx_int_enable)
    i.usr_init                               0x10007604   Section        0  usr_design.o(i.usr_init)
    i.usr_sleep                              0x10007608   Section        0  sleep.o(i.usr_sleep)
    i.usr_sleep_restore                      0x10007660   Section        0  usr_design.o(i.usr_sleep_restore)
    i.wakeup_by_sleep_timer                  0x10007664   Section        0  sleep.o(i.wakeup_by_sleep_timer)
    .constdata                               0x100076cc   Section      496  app_task.o(.constdata)
    .constdata                               0x100078bc   Section       48  app_task.o(.constdata)
    .constdata                               0x100078ec   Section       44  basc_task.o(.constdata)
    .constdata                               0x10007918   Section       40  basc_task.o(.constdata)
    .constdata                               0x10007940   Section       32  basc_task.o(.constdata)
    .constdata                               0x10007960   Section       16  basc_task.o(.constdata)
    .constdata                               0x10007970   Section       68  disc_task.o(.constdata)
    .constdata                               0x100079b4   Section       16  disc_task.o(.constdata)
    .constdata                               0x100079c4   Section       24  disc_task.o(.constdata)
    .constdata                               0x100079dc   Section       16  disc_task.o(.constdata)
    .constdata                               0x100079ec   Section       51  uart.o(.constdata)
    .constdata                               0x10007a20   Section       40  lib.o(.constdata)
    .constdata                               0x10007a48   Section      129  ctype_o.o(.constdata)
    .constdata                               0x10007acc   Section        4  ctype_o.o(.constdata)
    table                                    0x10007acc   Data           4  ctype_o.o(.constdata)
    .conststring                             0x10007ad0   Section      282  app_gap_task.o(.conststring)
    .conststring                             0x10007bec   Section      238  app_gatt_task.o(.conststring)
    .conststring                             0x10007cdc   Section      173  app_smp_task.o(.conststring)
    .conststring                             0x10007d8c   Section       79  app_basc_task.o(.conststring)
    .data                                    0x10007dec   Section        2  app_task.o(.data)
    .data                                    0x10007df0   Section        4  app_basc_task.o(.data)
    .data                                    0x10007df4   Section        4  app_disc_task.o(.data)
    .data                                    0x10007df8   Section        4  basc.o(.data)
    .data                                    0x10007dfc   Section        4  disc.o(.data)
    .data                                    0x10007e00   Section        4  gpio.o(.data)
    gpio_env                                 0x10007e00   Data           4  gpio.o(.data)
    .data                                    0x10007e04   Section       28  sleep.o(.data)
    .data                                    0x10007e20   Section       12  syscon.o(.data)
    .data                                    0x10007e2c   Section       32  timer.o(.data)
    .data                                    0x10007e4c   Section        4  dma.o(.data)
    dma_env                                  0x10007e4c   Data           4  dma.o(.data)
    .data                                    0x10007e50   Section        4  retarget.o(.data)
    .data                                    0x10007e54   Section       64  lib.o(.data)
    ext_ctrl                                 0x10007e54   Data           1  lib.o(.data)
    acc                                      0x10007e55   Data           1  lib.o(.data)
    dc_dc_flag                               0x10007e56   Data           1  lib.o(.data)
    l2cm_default_handler                     0x10007e6c   Data           8  lib.o(.data)
    gap_default_handler                      0x10007e74   Data           8  lib.o(.data)
    gatt_default_handler_new                 0x10007e7c   Data           8  lib.o(.data)
    llm_default_handler_new                  0x10007e84   Data           8  lib.o(.data)
    llc_default_handler_new                  0x10007e8c   Data           8  lib.o(.data)
    .data                                    0x10007e94   Section        4  rand.o(.data)
    _rand_state                              0x10007e94   Data           4  rand.o(.data)
    .data                                    0x10007e98   Section        4  errno.o(.data)
    _errno                                   0x10007e98   Data           4  errno.o(.data)
    .bss                                     0x10007e9c   Section     2852  app_main.o(.bss)
    ble_heap                                 0x10007e9c   Data        2852  app_main.o(.bss)
    .bss                                     0x100089c0   Section     1120  app_env.o(.bss)
    .bss                                     0x10008e20   Section       17  app_sys.o(.bss)
    .bss                                     0x10008e32   Section       16  basc_task.o(.bss)
    .bss                                     0x10008e42   Section       16  disc_task.o(.bss)
    .bss                                     0x10008e54   Section       48  uart.o(.bss)
    uart0_env                                0x10008e54   Data          24  uart.o(.bss)
    uart1_env                                0x10008e6c   Data          24  uart.o(.bss)
    .bss                                     0x10008e84   Section     1992  lib.o(.bss)
    gap_state_handler_new                    0x10008e84   Data          80  lib.o(.bss)
    gatt_state_handler_new                   0x10008ed4   Data          16  lib.o(.bss)
    attc_connected_new                       0x10008ee4   Data         104  lib.o(.bss)
    attc_state_handler_new                   0x10008f4c   Data          40  lib.o(.bss)
    atts_resource_init_state_new             0x10008f74   Data          32  lib.o(.bss)
    atts_state_handler_new                   0x10008f94   Data          24  lib.o(.bss)
    llm_default_state_new                    0x10008fac   Data         304  lib.o(.bss)
    llc_default_state_new                    0x100090dc   Data         296  lib.o(.bss)
    l2cm_default_state_new                   0x10009204   Data          72  lib.o(.bss)
    gap_scan_new                             0x1000924c   Data          80  lib.o(.bss)
    gap_default_state_new                    0x1000929c   Data         368  lib.o(.bss)
    gap_connsetup_new                        0x1000940c   Data          48  lib.o(.bss)
    gatt_default_state_new                   0x1000953c   Data         272  lib.o(.bss)
    STACK                                    0x10009650   Section      512  startup.o(STACK)

    Global Symbols

    Symbol Name                              Value     Ov Type        Size  Object(Section)

    BuildAttributes$$THM_ISAv3M$S$PE$A:L22$X:L11$S22$IEEE1$IW$USESV6$~STKCKD$USESV7$~SHL$OSPACE$ROPI$EBA8$MICROLIB$REQ8$PRES8$EABIv2 0x00000000   Number         0  anon$$obj.o ABSOLUTE
    __ARM_use_no_argv                        0x00000000   Number         0  app_main.o ABSOLUTE
    __use_no_errno                           0x00000000   Number         0  useno.o ABSOLUTE
    __use_no_exception_handling              0x00000000   Number         0  useno.o ABSOLUTE
    __use_no_fp                              0x00000000   Number         0  useno.o ABSOLUTE
    __use_no_heap                            0x00000000   Number         0  useno.o ABSOLUTE
    __use_no_heap_region                     0x00000000   Number         0  useno.o ABSOLUTE
    __use_no_semihosting                     0x00000000   Number         0  useno.o ABSOLUTE
    __use_no_semihosting_swi                 0x00000000   Number         0  useno.o ABSOLUTE
    __use_no_signal_handling                 0x00000000   Number         0  useno.o ABSOLUTE
    _printf_a                                0x00000000   Number         0  stubs.o ABSOLUTE
    _printf_c                                0x00000000   Number         0  stubs.o ABSOLUTE
    _printf_charcount                        0x00000000   Number         0  stubs.o ABSOLUTE
    _printf_d                                0x00000000   Number         0  stubs.o ABSOLUTE
    _printf_e                                0x00000000   Number         0  stubs.o ABSOLUTE
    _printf_f                                0x00000000   Number         0  stubs.o ABSOLUTE
    _printf_flags                            0x00000000   Number         0  stubs.o ABSOLUTE
    _printf_fp_dec                           0x00000000   Number         0  stubs.o ABSOLUTE
    _printf_fp_hex                           0x00000000   Number         0  stubs.o ABSOLUTE
    _printf_g                                0x00000000   Number         0  stubs.o ABSOLUTE
    _printf_i                                0x00000000   Number         0  stubs.o ABSOLUTE
    _printf_int_dec                          0x00000000   Number         0  stubs.o ABSOLUTE
    _printf_l                                0x00000000   Number         0  stubs.o ABSOLUTE
    _printf_lc                               0x00000000   Number         0  stubs.o ABSOLUTE
    _printf_ll                               0x00000000   Number         0  stubs.o ABSOLUTE
    _printf_lld                              0x00000000   Number         0  stubs.o ABSOLUTE
    _printf_lli                              0x00000000   Number         0  stubs.o ABSOLUTE
    _printf_llo                              0x00000000   Number         0  stubs.o ABSOLUTE
    _printf_llu                              0x00000000   Number         0  stubs.o ABSOLUTE
    _printf_llx                              0x00000000   Number         0  stubs.o ABSOLUTE
    _printf_longlong_dec                     0x00000000   Number         0  stubs.o ABSOLUTE
    _printf_longlong_hex                     0x00000000   Number         0  stubs.o ABSOLUTE
    _printf_longlong_oct                     0x00000000   Number         0  stubs.o ABSOLUTE
    _printf_ls                               0x00000000   Number         0  stubs.o ABSOLUTE
    _printf_mbtowc                           0x00000000   Number         0  stubs.o ABSOLUTE
    _printf_n                                0x00000000   Number         0  stubs.o ABSOLUTE
    _printf_o                                0x00000000   Number         0  stubs.o ABSOLUTE
    _printf_p                                0x00000000   Number         0  stubs.o ABSOLUTE
    _printf_percent                          0x00000000   Number         0  stubs.o ABSOLUTE
    _printf_pre_padding                      0x00000000   Number         0  stubs.o ABSOLUTE
    _printf_return_value                     0x00000000   Number         0  stubs.o ABSOLUTE
    _printf_s                                0x00000000   Number         0  stubs.o ABSOLUTE
    _printf_sizespec                         0x00000000   Number         0  stubs.o ABSOLUTE
    _printf_str                              0x00000000   Number         0  stubs.o ABSOLUTE
    _printf_truncate_signed                  0x00000000   Number         0  stubs.o ABSOLUTE
    _printf_truncate_unsigned                0x00000000   Number         0  stubs.o ABSOLUTE
    _printf_u                                0x00000000   Number         0  stubs.o ABSOLUTE
    _printf_wc                               0x00000000   Number         0  stubs.o ABSOLUTE
    _printf_wctomb                           0x00000000   Number         0  stubs.o ABSOLUTE
    _printf_widthprec                        0x00000000   Number         0  stubs.o ABSOLUTE
    _printf_x                                0x00000000   Number         0  stubs.o ABSOLUTE
    __cpp_initialize__aeabi_                  - Undefined Weak Reference
    __cxa_finalize                            - Undefined Weak Reference
    __decompress                              - Undefined Weak Reference
    _clock_init                               - Undefined Weak Reference
    _microlib_exit                            - Undefined Weak Reference
    __Vectors_Size                           0x000000c0   Number         0  startup.o ABSOLUTE
    __Vectors                                0x10000000   Data           4  startup.o(RESET)
    __Vectors_End                            0x100000c0   Data           0  startup.o(RESET)
    __main                                   0x100000c1   Thumb Code     0  entry.o(.ARM.Collect$$$$00000000)
    _main_stk                                0x100000c1   Thumb Code     0  entry2.o(.ARM.Collect$$$$00000001)
    _main_scatterload                        0x100000c5   Thumb Code     0  entry5.o(.ARM.Collect$$$$00000004)
    __main_after_scatterload                 0x100000c9   Thumb Code     0  entry5.o(.ARM.Collect$$$$00000004)
    _main_clock                              0x100000c9   Thumb Code     0  entry7b.o(.ARM.Collect$$$$00000008)
    _main_cpp_init                           0x100000c9   Thumb Code     0  entry8b.o(.ARM.Collect$$$$0000000A)
    _main_init                               0x100000c9   Thumb Code     0  entry9a.o(.ARM.Collect$$$$0000000B)
    __rt_final_cpp                           0x100000d1   Thumb Code     0  entry10a.o(.ARM.Collect$$$$0000000D)
    __rt_final_exit                          0x100000d1   Thumb Code     0  entry11a.o(.ARM.Collect$$$$0000000F)
    Reset_Handler                            0x100000d5   Thumb Code    14  startup.o(.text)
    NMI_Handler                              0x100000e3   Thumb Code     2  startup.o(.text)
    HardFault_Handler                        0x100000e5   Thumb Code     2  startup.o(.text)
    MemManage_Handler                        0x100000e7   Thumb Code     2  startup.o(.text)
    BusFault_Handler                         0x100000e9   Thumb Code     2  startup.o(.text)
    UsageFault_Handler                       0x100000eb   Thumb Code     2  startup.o(.text)
    SVC_Handler                              0x100000ed   Thumb Code     2  startup.o(.text)
    DebugMon_Handler                         0x100000ef   Thumb Code     2  startup.o(.text)
    PendSV_Handler                           0x100000f1   Thumb Code     2  startup.o(.text)
    SysTick_Handler                          0x100000f3   Thumb Code     2  startup.o(.text)
    ADC_IRQHandler                           0x100000f5   Thumb Code     0  startup.o(.text)
    CALIB_IRQHandler                         0x100000f5   Thumb Code     0  startup.o(.text)
    COMPARATOR0_IRQHandler                   0x100000f5   Thumb Code     0  startup.o(.text)
    COMPARATOR1_IRQHandler                   0x100000f5   Thumb Code     0  startup.o(.text)
    I2C_IRQHandler                           0x100000f5   Thumb Code     0  startup.o(.text)
    PWM0_IRQHandler                          0x100000f5   Thumb Code     0  startup.o(.text)
    PWM1_IRQHandler                          0x100000f5   Thumb Code     0  startup.o(.text)
    RTC_CAP_IRQHandler                       0x100000f5   Thumb Code     0  startup.o(.text)
    RTC_IRQHandler                           0x100000f5   Thumb Code     0  startup.o(.text)
    SPI0_RX_IRQHandler                       0x100000f5   Thumb Code     0  startup.o(.text)
    SPI0_TX_IRQHandler                       0x100000f5   Thumb Code     0  startup.o(.text)
    SPI1_RX_IRQHandler                       0x100000f5   Thumb Code     0  startup.o(.text)
    SPI1_TX_IRQHandler                       0x100000f5   Thumb Code     0  startup.o(.text)
    TUNER_RX_IRQHandler                      0x100000f5   Thumb Code     0  startup.o(.text)
    TUNER_SETTING_IRQHandler                 0x100000f5   Thumb Code     0  startup.o(.text)
    TUNER_TX_IRQHandler                      0x100000f5   Thumb Code     0  startup.o(.text)
    UART1_RX_IRQHandler                      0x100000f5   Thumb Code     0  startup.o(.text)
    UART1_TX_IRQHandler                      0x100000f5   Thumb Code     0  startup.o(.text)
    WDT_IRQHandler                           0x100000f5   Thumb Code     0  startup.o(.text)
    __rd_ble_reg                             0x10000105   Thumb Code     4  math.o(.text)
    __wr_ble_reg                             0x10000109   Thumb Code     4  math.o(.text)
    __aeabi_lmul                             0x1000010d   Thumb Code   166  math.o(.text)
    __aeabi_uldivmod                         0x100001b3   Thumb Code   256  math.o(.text)
    __aeabi_uidiv                            0x100002b3   Thumb Code     0  uidiv.o(.text)
    __aeabi_uidivmod                         0x100002b3   Thumb Code    44  uidiv.o(.text)
    __aeabi_lasr                             0x100002df   Thumb Code    38  llsshr.o(.text)
    _ll_sshift_r                             0x100002df   Thumb Code     0  llsshr.o(.text)
    rand                                     0x10000305   Thumb Code    18  rand.o(.text)
    srand                                    0x10000317   Thumb Code     6  rand.o(.text)
    __aeabi_memcpy                           0x10000329   Thumb Code    36  memcpya.o(.text)
    __aeabi_memcpy4                          0x10000329   Thumb Code     0  memcpya.o(.text)
    __aeabi_memcpy8                          0x10000329   Thumb Code     0  memcpya.o(.text)
    __aeabi_memset                           0x1000034d   Thumb Code    14  memseta.o(.text)
    __aeabi_memset4                          0x1000034d   Thumb Code     0  memseta.o(.text)
    __aeabi_memset8                          0x1000034d   Thumb Code     0  memseta.o(.text)
    __aeabi_memclr                           0x1000035b   Thumb Code     4  memseta.o(.text)
    __aeabi_memclr4                          0x1000035b   Thumb Code     0  memseta.o(.text)
    __aeabi_memclr8                          0x1000035b   Thumb Code     0  memseta.o(.text)
    _memset$wrapper                          0x1000035f   Thumb Code    18  memseta.o(.text)
    atoi                                     0x10000371   Thumb Code    26  atoi.o(.text)
    __aeabi_dadd                             0x1000038d   Thumb Code   328  dadd.o(.text)
    __aeabi_dsub                             0x100004d5   Thumb Code    12  dadd.o(.text)
    __aeabi_drsub                            0x100004e1   Thumb Code    12  dadd.o(.text)
    __aeabi_dmul                             0x100004f1   Thumb Code   202  dmul.o(.text)
    __aeabi_i2d                              0x100005c1   Thumb Code    34  dflti.o(.text)
    __aeabi_ui2d                             0x100005e9   Thumb Code    24  dfltui.o(.text)
    __aeabi_d2iz                             0x10000605   Thumb Code    62  dfixi.o(.text)
    __aeabi_cdcmpeq                          0x1000064d   Thumb Code     0  cdcmple.o(.text)
    __aeabi_cdcmple                          0x1000064d   Thumb Code    38  cdcmple.o(.text)
    __aeabi_llsl                             0x10000675   Thumb Code    32  llshl.o(.text)
    _ll_shift_l                              0x10000675   Thumb Code     0  llshl.o(.text)
    __aeabi_llsr                             0x10000695   Thumb Code    34  llushr.o(.text)
    _ll_ushift_r                             0x10000695   Thumb Code     0  llushr.o(.text)
    strtol                                   0x100006b9   Thumb Code   108  strtol.o(.text)
    __I$use$fp                               0x10000729   Thumb Code     0  iusefp.o(.text)
    _double_round                            0x10000729   Thumb Code    26  depilogue.o(.text)
    _double_epilogue                         0x10000743   Thumb Code   164  depilogue.o(.text)
    __scatterload                            0x100007e9   Thumb Code    28  init.o(.text)
    __scatterload_rt2                        0x100007e9   Thumb Code     0  init.o(.text)
    __rt_ctype_table                         0x1000080d   Thumb Code     4  ctype_o.o(.text)
    _strtoul                                 0x10000815   Thumb Code   166  _strtoul.o(.text)
    _chval                                   0x100008bb   Thumb Code    30  _chval.o(.text)
    BLE_IRQHandler                           0x100008d9   Thumb Code   150  lib.o(i.BLE_IRQHandler)
    DMA_IRQHandler                           0x10000985   Thumb Code    42  dma.o(i.DMA_IRQHandler)
    GPIO_IRQHandler                          0x100009b9   Thumb Code    36  gpio.o(i.GPIO_IRQHandler)
    OSC_EN_IRQHandler                        0x100009e1   Thumb Code    12  sleep.o(i.OSC_EN_IRQHandler)
    SystemInit                               0x100009f5   Thumb Code   216  system.o(i.SystemInit)
    TIMER0_IRQHandler                        0x10000b01   Thumb Code    44  timer.o(i.TIMER0_IRQHandler)
    TIMER1_IRQHandler                        0x10000b35   Thumb Code    44  timer.o(i.TIMER1_IRQHandler)
    TIMER2_IRQHandler                        0x10000b69   Thumb Code    44  timer.o(i.TIMER2_IRQHandler)
    TIMER3_IRQHandler                        0x10000b9d   Thumb Code    44  timer.o(i.TIMER3_IRQHandler)
    UART0_RX_IRQHandler                      0x10000bd1   Thumb Code    90  uart.o(i.UART0_RX_IRQHandler)
    UART0_TX_IRQHandler                      0x10000c35   Thumb Code    52  uart.o(i.UART0_TX_IRQHandler)
    UartPutc                                 0x10000c71   Thumb Code    18  uart.o(i.UartPutc)
    __0printf$8                              0x10000c89   Thumb Code    24  printf8.o(i.__0printf$8)
    __1printf$8                              0x10000c89   Thumb Code     0  printf8.o(i.__0printf$8)
    __2printf                                0x10000c89   Thumb Code     0  printf8.o(i.__0printf$8)
    __ARM_clz                                0x10000ca9   Thumb Code    46  depilogue.o(i.__ARM_clz)
    __ARM_common_switch8                     0x10000cd7   Thumb Code    26  app_menu.o(i.__ARM_common_switch8)
    __aeabi_errno_addr                       0x10000cf1   Thumb Code     4  errno.o(i.__aeabi_errno_addr)
    __rt_errno_addr                          0x10000cf1   Thumb Code     0  errno.o(i.__aeabi_errno_addr)
    __scatterload_copy                       0x10000cf9   Thumb Code    14  handlers.o(i.__scatterload_copy)
    __scatterload_null                       0x10000d07   Thumb Code     2  handlers.o(i.__scatterload_null)
    __scatterload_zeroinit                   0x10000d09   Thumb Code    14  handlers.o(i.__scatterload_zeroinit)
    app_add_bonded_dev                       0x1000118d   Thumb Code    32  app_util.o(i.app_add_bonded_dev)
    app_basc_batt_level_ind_handler          0x100011b1   Thumb Code    30  app_basc_task.o(i.app_basc_batt_level_ind_handler)
    app_basc_batt_level_ntf_cfg_rd_rsp_handler 0x100011f9   Thumb Code    28  app_basc_task.o(i.app_basc_batt_level_ntf_cfg_rd_rsp_handler)
    app_basc_batt_level_pres_format_rd_rsp_handler 0x10001249   Thumb Code    46  app_basc_task.o(i.app_basc_batt_level_pres_format_rd_rsp_handler)
    app_basc_cfg_indntf_req                  0x100012ad   Thumb Code    38  app_basc.o(i.app_basc_cfg_indntf_req)
    app_basc_disable_ind_handler             0x100012dd   Thumb Code    12  app_basc_task.o(i.app_basc_disable_ind_handler)
    app_basc_enable_cfm_handler              0x100012fd   Thumb Code    56  app_basc_task.o(i.app_basc_enable_cfm_handler)
    app_basc_enable_req                      0x10001365   Thumb Code    74  app_basc.o(i.app_basc_enable_req)
    app_basc_error_ind_handler               0x100013b5   Thumb Code    14  app_basc_task.o(i.app_basc_error_ind_handler)
    app_basc_rd_char_req                     0x100013ed   Thumb Code    38  app_basc.o(i.app_basc_rd_char_req)
    app_basc_wr_char_rsp_handler             0x1000141d   Thumb Code    26  app_basc_task.o(i.app_basc_wr_char_rsp_handler)
    app_check_update_conn_param              0x10001465   Thumb Code     4  app_util.o(i.app_check_update_conn_param)
    app_correct_rssi                         0x10001469   Thumb Code    56  app_gap_task.o(i.app_correct_rssi)
    app_device_setup                         0x100014b5   Thumb Code    14  app_gap_task.o(i.app_device_setup)
    app_disc_disable_ind_handler             0x100014c5   Thumb Code    12  app_disc_task.o(i.app_disc_disable_ind_handler)
    app_disc_enable_cfm_handler              0x100014e5   Thumb Code    54  app_disc_task.o(i.app_disc_enable_cfm_handler)
    app_disc_enable_req                      0x1000154d   Thumb Code    62  app_disc.o(i.app_disc_enable_req)
    app_disc_rd_char_req                     0x10001591   Thumb Code    34  app_disc.o(i.app_disc_rd_char_req)
    app_disc_rd_char_rsp_handler             0x100015bd   Thumb Code   196  app_disc_task.o(i.app_disc_rd_char_rsp_handler)
    app_find_bonded_dev                      0x10001701   Thumb Code    50  app_util.o(i.app_find_bonded_dev)
    app_gap_bond_req                         0x1000173d   Thumb Code    72  app_gap.o(i.app_gap_bond_req)
    app_gap_bond_req_cmp_ind_handler         0x10001791   Thumb Code   110  app_gap_task.o(i.app_gap_bond_req_cmp_ind_handler)
    app_gap_bond_req_ind_handler             0x10001809   Thumb Code    82  app_gap_task.o(i.app_gap_bond_req_ind_handler)
    app_gap_bond_resp                        0x10001865   Thumb Code    52  app_gap.o(i.app_gap_bond_resp)
    app_gap_cancel_conn_req_cmp_evt_handler  0x100018a1   Thumb Code     4  app_gap_task.o(i.app_gap_cancel_conn_req_cmp_evt_handler)
    app_gap_change_param_req                 0x100018a5   Thumb Code    46  app_gap.o(i.app_gap_change_param_req)
    app_gap_change_param_req_cmp_handler     0x100018dd   Thumb Code    44  app_gap_task.o(i.app_gap_change_param_req_cmp_handler)
    app_gap_dev_inq_cancel_req               0x10001929   Thumb Code    30  app_gap.o(i.app_gap_dev_inq_cancel_req)
    app_gap_dev_inq_cmp_handler              0x10001951   Thumb Code    36  app_gap_task.o(i.app_gap_dev_inq_cmp_handler)
    app_gap_dev_inq_req                      0x10001999   Thumb Code    62  app_gap.o(i.app_gap_dev_inq_req)
    app_gap_dev_inq_result_handler           0x100019e9   Thumb Code   192  app_gap_task.o(i.app_gap_dev_inq_result_handler)
    app_gap_discon_cmp_evt_handler           0x10001ad9   Thumb Code    84  app_gap_task.o(i.app_gap_discon_cmp_evt_handler)
    app_gap_discon_req                       0x10001b89   Thumb Code    30  app_gap.o(i.app_gap_discon_req)
    app_gap_le_create_conn_req               0x10001bb1   Thumb Code    80  app_gap.o(i.app_gap_le_create_conn_req)
    app_gap_le_create_conn_req_cmp_evt_handler 0x10001c09   Thumb Code    92  app_gap_task.o(i.app_gap_le_create_conn_req_cmp_evt_handler)
    app_gap_name_req_cmp_handler             0x10001ca5   Thumb Code    72  app_gap_task.o(i.app_gap_name_req_cmp_handler)
    app_gap_param_update_req_ind_handler     0x10001d31   Thumb Code    56  app_gap_task.o(i.app_gap_param_update_req_ind_handler)
    app_gap_read_bdaddr_req                  0x10001d9d   Thumb Code    10  app_gap.o(i.app_gap_read_bdaddr_req)
    app_gap_read_bdaddr_req_cmp_evt_handler  0x10001db1   Thumb Code    54  app_gap_task.o(i.app_gap_read_bdaddr_req_cmp_evt_handler)
    app_gap_read_ver_req                     0x10001e0d   Thumb Code    10  app_gap.o(i.app_gap_read_ver_req)
    app_gap_read_ver_req_cmp_evt_handler     0x10001e21   Thumb Code    40  app_gap_task.o(i.app_gap_read_ver_req_cmp_evt_handler)
    app_gap_ready_evt_handler                0x10001e4d   Thumb Code    22  app_gap_task.o(i.app_gap_ready_evt_handler)
    app_gap_reset_req_cmp_handler            0x10001e63   Thumb Code    10  app_gap_task.o(i.app_gap_reset_req_cmp_handler)
    app_gap_scan_req_cmp_evt_handler         0x10001e6d   Thumb Code    14  app_gap_task.o(i.app_gap_scan_req_cmp_evt_handler)
    app_gap_set_bondable_mode_req            0x10001ea1   Thumb Code    26  app_gap.o(i.app_gap_set_bondable_mode_req)
    app_gap_set_devname_req_cmp_evt_handler  0x10001ec5   Thumb Code    24  app_gap_task.o(i.app_gap_set_devname_req_cmp_evt_handler)
    app_gap_set_mode_req_cmp_evt_handler     0x10001ef9   Thumb Code    66  app_gap_task.o(i.app_gap_set_mode_req_cmp_evt_handler)
    app_gap_set_ph_privacy_req_cmp_handler   0x10001f8d   Thumb Code    22  app_gap_task.o(i.app_gap_set_ph_privacy_req_cmp_handler)
    app_gap_set_random_add_req_cmp_handler   0x10001fed   Thumb Code    18  app_gap_task.o(i.app_gap_set_random_add_req_cmp_handler)
    app_gap_set_recon_addr_req_cmp_handler   0x1000201d   Thumb Code    22  app_gap_task.o(i.app_gap_set_recon_addr_req_cmp_handler)
    app_gap_set_sec_req                      0x10002085   Thumb Code    30  app_gap.o(i.app_gap_set_sec_req)
    app_gap_set_sec_req_cmp_evt_handler      0x100020ad   Thumb Code    32  app_gap_task.o(i.app_gap_set_sec_req_cmp_evt_handler)
    app_gap_unpair_req                       0x100020d1   Thumb Code    46  app_gap.o(i.app_gap_unpair_req)
    app_gatt_cancel_write_char_resp_handler  0x10002109   Thumb Code    12  app_gatt_task.o(i.app_gatt_cancel_write_char_resp_handler)
    app_gatt_cmp_evt_handler                 0x10002135   Thumb Code    34  app_gatt_task.o(i.app_gatt_cmp_evt_handler)
    app_gatt_disc_char_all_128_cmp_evt_handler 0x1000218d   Thumb Code    58  app_gatt_task.o(i.app_gatt_disc_char_all_128_cmp_evt_handler)
    app_gatt_disc_char_all_cmp_evt_handler   0x100021e9   Thumb Code    48  app_gatt_task.o(i.app_gatt_disc_char_all_cmp_evt_handler)
    app_gatt_disc_char_by_uuid_128_cmp_evt_handler 0x1000221d   Thumb Code    58  app_gatt_task.o(i.app_gatt_disc_char_by_uuid_128_cmp_evt_handler)
    app_gatt_disc_char_by_uuid_cmp_evt_handler 0x10002279   Thumb Code    48  app_gatt_task.o(i.app_gatt_disc_char_by_uuid_cmp_evt_handler)
    app_gatt_disc_char_desc_128_cmp_evt_handler 0x100022ad   Thumb Code    48  app_gatt_task.o(i.app_gatt_disc_char_desc_128_cmp_evt_handler)
    app_gatt_disc_char_desc_cmp_evt_handler  0x10002319   Thumb Code    42  app_gatt_task.o(i.app_gatt_disc_char_desc_cmp_evt_handler)
    app_gatt_disc_cmp_evt_handler            0x10002379   Thumb Code    12  app_gatt_task.o(i.app_gatt_disc_cmp_evt_handler)
    app_gatt_disc_svc_all_128_cmp_evt_handler 0x100023a5   Thumb Code    50  app_gatt_task.o(i.app_gatt_disc_svc_all_128_cmp_evt_handler)
    app_gatt_disc_svc_all_cmp_evt_handler    0x1000241d   Thumb Code   108  app_gatt_task.o(i.app_gatt_disc_svc_all_cmp_evt_handler)
    app_gatt_disc_svc_by_uuid_cmp_evt_handler 0x100024c1   Thumb Code    42  app_gatt_task.o(i.app_gatt_disc_svc_by_uuid_cmp_evt_handler)
    app_gatt_disc_svc_incl_cmp_evt_handler   0x1000251d   Thumb Code    94  app_gatt_task.o(i.app_gatt_disc_svc_incl_cmp_evt_handler)
    app_gatt_disc_svc_req                    0x100025e1   Thumb Code    42  app_gatt.o(i.app_gatt_disc_svc_req)
    app_gatt_handle_value_cfm_handler        0x10002615   Thumb Code    16  app_gatt_task.o(i.app_gatt_handle_value_cfm_handler)
    app_gatt_handle_value_ind_handler        0x10002665   Thumb Code    46  app_gatt_task.o(i.app_gatt_handle_value_ind_handler)
    app_gatt_handle_value_notif_handler      0x100026d9   Thumb Code    46  app_gatt_task.o(i.app_gatt_handle_value_notif_handler)
    app_gatt_notify_cmp_evt_handler          0x10002749   Thumb Code    16  app_gatt_task.o(i.app_gatt_notify_cmp_evt_handler)
    app_gatt_read_char_mult_resp_handler     0x10002785   Thumb Code    26  app_gatt_task.o(i.app_gatt_read_char_mult_resp_handler)
    app_gatt_read_char_resp_handler          0x100027fd   Thumb Code    58  app_gatt_task.o(i.app_gatt_read_char_resp_handler)
    app_gatt_resource_access_req_handler     0x10002899   Thumb Code    30  app_gap_task.o(i.app_gatt_resource_access_req_handler)
    app_gatt_write_char_reliable_resp_handler 0x100028c1   Thumb Code    26  app_gatt_task.o(i.app_gatt_write_char_reliable_resp_handler)
    app_gatt_write_char_resp_handler         0x10002929   Thumb Code    26  app_gatt_task.o(i.app_gatt_write_char_resp_handler)
    app_get_bd_addr_by_conhdl                0x1000297d   Thumb Code    62  app_util.o(i.app_get_bd_addr_by_conhdl)
    app_get_bd_addr_by_idx                   0x100029c1   Thumb Code    44  app_util.o(i.app_get_bd_addr_by_idx)
    app_get_bond_nb                          0x100029f1   Thumb Code     6  app_util.o(i.app_get_bond_nb)
    app_get_bond_status                      0x100029fd   Thumb Code    30  app_util.o(i.app_get_bond_status)
    app_get_client_service_status            0x10002a21   Thumb Code    36  app_util.o(i.app_get_client_service_status)
    app_get_conhdl_by_idx                    0x10002a51   Thumb Code    32  app_util.o(i.app_get_conhdl_by_idx)
    app_get_link_nb                          0x10002a79   Thumb Code     6  app_util.o(i.app_get_link_nb)
    app_get_link_status_by_idx               0x10002a85   Thumb Code    26  app_util.o(i.app_get_link_status_by_idx)
    app_get_lk_sec_status                    0x10002aa5   Thumb Code    32  app_util.o(i.app_get_lk_sec_status)
    app_get_rec_idx_by_conhdl                0x10002ac9   Thumb Code    34  app_util.o(i.app_get_rec_idx_by_conhdl)
    app_get_role                             0x10002af1   Thumb Code     6  app_util.o(i.app_get_role)
    app_i_to_array                           0x10002afd   Thumb Code    38  app_util.o(i.app_i_to_array)
    app_init                                 0x10002b25   Thumb Code    70  app_env.o(i.app_init)
    app_init_local_smp_key                   0x10002b79   Thumb Code    22  app_util.o(i.app_init_local_smp_key)
    app_menu_cb                              0x10002b95   Thumb Code   174  app_menu.o(i.app_menu_cb)
    app_menu_hdl                             0x100032f9   Thumb Code   332  app_menu.o(i.app_menu_hdl)
    app_menu_show                            0x10003451   Thumb Code   166  app_menu.o(i.app_menu_show)
    app_parser_adv_data                      0x100041d5   Thumb Code   130  app_util.o(i.app_parser_adv_data)
    app_set_client_service_status            0x10004259   Thumb Code    50  app_util.o(i.app_set_client_service_status)
    app_set_link_status_by_conhdl            0x10004295   Thumb Code   110  app_util.o(i.app_set_link_status_by_conhdl)
    app_set_role                             0x1000430d   Thumb Code     6  app_util.o(i.app_set_role)
    app_smpc_chk_bd_addr_req_ind_handler     0x10004449   Thumb Code    66  app_smp_task.o(i.app_smpc_chk_bd_addr_req_ind_handler)
    app_smpc_chk_bd_addr_req_rsp             0x10004491   Thumb Code    56  app_smp.o(i.app_smpc_chk_bd_addr_req_rsp)
    app_smpc_irk_req_ind_handler             0x100044d1   Thumb Code   138  app_smp_task.o(i.app_smpc_irk_req_ind_handler)
    app_smpc_irk_req_rsp                     0x10004589   Thumb Code    66  app_smp.o(i.app_smpc_irk_req_rsp)
    app_smpc_key_ind_handler                 0x100045d5   Thumb Code   136  app_smp_task.o(i.app_smpc_key_ind_handler)
    app_smpc_ltk_req_ind_handler             0x10004681   Thumb Code   168  app_smp_task.o(i.app_smpc_ltk_req_ind_handler)
    app_smpc_ltk_req_rsp                     0x10004761   Thumb Code    74  app_smp.o(i.app_smpc_ltk_req_rsp)
    app_smpc_sec_started_ind_handler         0x100047b5   Thumb Code    38  app_smp_task.o(i.app_smpc_sec_started_ind_handler)
    app_smpc_timeout_evt_handler             0x100047e1   Thumb Code    36  app_smp_task.o(i.app_smpc_timeout_evt_handler)
    app_smpc_tk_req_ind_handler              0x10004825   Thumb Code    86  app_smp_task.o(i.app_smpc_tk_req_ind_handler)
    app_smpc_tk_req_rsp                      0x100048b5   Thumb Code    50  app_smp.o(i.app_smpc_tk_req_rsp)
    app_smpm_set_key_cfm_handler             0x100048f1   Thumb Code    32  app_smp_task.o(i.app_smpm_set_key_cfm_handler)
    app_smpm_set_key_req                     0x10004915   Thumb Code    42  app_smp.o(i.app_smpm_set_key_req)
    app_task_msg_hdl                         0x10004949   Thumb Code     2  usr_design.o(i.app_task_msg_hdl)
    app_uart_init                            0x10004979   Thumb Code    22  app_sys.o(i.app_uart_init)
    assert_warn                              0x10004a01   Thumb Code    16  app_main.o(i.assert_warn)
    basc_enable_cfm_send                     0x10004b71   Thumb Code   112  basc.o(i.basc_enable_cfm_send)
    basc_error_ind_send                      0x10004c75   Thumb Code    32  basc.o(i.basc_error_ind_send)
    basc_init                                0x10004c9d   Thumb Code    18  basc.o(i.basc_init)
    ble_init                                 0x10004cb5   Thumb Code   344  lib.o(i.ble_init)
    ble_sleep                                0x10004e75   Thumb Code    42  lib.o(i.ble_sleep)
    check_ble_wakeup                         0x10004ebd   Thumb Code    14  lib.o(i.check_ble_wakeup)
    co_buf_rx_get                            0x10004ed1   Thumb Code    10  lib.o(i.co_buf_rx_get)
    config_work_mode                         0x10004ee9   Thumb Code    74  lib.o(i.config_work_mode)
    dc_dc_enable                             0x10004f4d   Thumb Code    50  lib.o(i.dc_dc_enable)
    disc_enable_cfm_send                     0x10004ff1   Thumb Code    76  disc.o(i.disc_enable_cfm_send)
    disc_init                                0x100050cd   Thumb Code    18  disc.o(i.disc_init)
    disc_read_char_rsp_send                  0x10005131   Thumb Code    68  disc.o(i.disc_read_char_rsp_send)
    enter_sleep                              0x100051a5   Thumb Code   204  sleep.o(i.enter_sleep)
    foo1                                     0x10005289   Thumb Code     2  lib.o(i.foo1)
    fputc                                    0x1000528b   Thumb Code    10  retarget.o(i.fputc)
    fw_ble_sleep                             0x10005295   Thumb Code   134  lib.o(i.fw_ble_sleep)
    gpio_init                                0x1000595d   Thumb Code    20  gpio.o(i.gpio_init)
    gpio_read_pin_field                      0x10005979   Thumb Code    12  gpio.o(i.gpio_read_pin_field)
    gpio_set_direction_field                 0x10005985   Thumb Code    14  gpio.o(i.gpio_set_direction_field)
    gpio_sleep_allowed                       0x10005993   Thumb Code    30  gpio.o(i.gpio_sleep_allowed)
    gpio_write_pin                           0x100059b1   Thumb Code    22  gpio.o(i.gpio_write_pin)
    ke_schedule                              0x100059c9   Thumb Code    60  lib.o(i.ke_schedule)
    ke_time                                  0x10005a15   Thumb Code    34  lib.o(i.ke_time)
    ke_timer_empty                           0x10005a3d   Thumb Code    18  lib.o(i.ke_timer_empty)
    led_init                                 0x10005b01   Thumb Code    56  led.o(i.led_init)
    led_set                                  0x10005b39   Thumb Code    40  led.o(i.led_set)
    lld_evt_scan_create                      0x10005ee5   Thumb Code    24  lib.o(i.lld_evt_scan_create)
    main                                     0x100061bd   Thumb Code   272  app_main.o(i.main)
    plf_init                                 0x100062f9   Thumb Code   582  lib.o(i.plf_init)
    prf_check_svc_char_validity              0x10006731   Thumb Code    64  prf_utils.o(i.prf_check_svc_char_validity)
    prf_client_disable                       0x10006771   Thumb Code    66  prf_utils.o(i.prf_client_disable)
    prf_client_disable_ind_send              0x100067b5   Thumb Code    82  prf_utils.o(i.prf_client_disable_ind_send)
    prf_client_enable                        0x1000683d   Thumb Code    86  prf_utils.o(i.prf_client_enable)
    prf_client_enable_error                  0x1000689d   Thumb Code    40  prf_utils.o(i.prf_client_enable_error)
    prf_client_get_env                       0x1000694d   Thumb Code    16  prf_utils.o(i.prf_client_get_env)
    prf_client_reset                         0x10006975   Thumb Code    60  prf_utils.o(i.prf_client_reset)
    prf_disc_char_all_send                   0x100069b5   Thumb Code    42  prf_utils.o(i.prf_disc_char_all_send)
    prf_disc_char_desc_send                  0x100069e9   Thumb Code    80  prf_utils.o(i.prf_disc_char_desc_send)
    prf_disc_svc_send                        0x10006a41   Thumb Code    58  prf_utils.o(i.prf_disc_svc_send)
    prf_dispatch_disconnect                  0x10006a85   Thumb Code    52  prf_utils.o(i.prf_dispatch_disconnect)
    prf_gatt_write                           0x10006ac1   Thumb Code    72  prf_utils.o(i.prf_gatt_write)
    prf_gatt_write_ntf_ind                   0x10006b11   Thumb Code    32  prf_utils.o(i.prf_gatt_write_ntf_ind)
    prf_init                                 0x10006b31   Thumb Code    12  prf_utils.o(i.prf_init)
    prf_read_char_send                       0x10006b3d   Thumb Code    72  prf_utils.o(i.prf_read_char_send)
    prf_register_atthdl2gatt                 0x10006b8d   Thumb Code    44  prf_utils.o(i.prf_register_atthdl2gatt)
    prf_search_chars                         0x10006bc1   Thumb Code   166  prf_utils.o(i.prf_search_chars)
    prf_search_descs                         0x10006c67   Thumb Code    68  prf_utils.o(i.prf_search_descs)
    prf_unpack_char_pres_fmt                 0x10006cab   Thumb Code    34  prf_utils.o(i.prf_unpack_char_pres_fmt)
    qtrace                                   0x10006ccd   Thumb Code   108  app_printf.o(i.qtrace)
    restore_ble_setting                      0x10006d4d   Thumb Code    68  lib.o(i.restore_ble_setting)
    rf_enable                                0x10006da1   Thumb Code    92  qnrf.o(i.rf_enable)
    rf_enable_sw_set_freq                    0x10006dfd   Thumb Code    26  qnrf.o(i.rf_enable_sw_set_freq)
    rwble_slot_2_lpcycles                    0x10006e1d   Thumb Code    32  lib.o(i.rwble_slot_2_lpcycles)
    set_dbg_info                             0x10006e41   Thumb Code    10  lib.o(i.set_dbg_info)
    sleep_cb                                 0x10006e51   Thumb Code    20  sleep.o(i.sleep_cb)
    sleep_init                               0x10006e69   Thumb Code    34  sleep.o(i.sleep_init)
    sleep_post_process                       0x10006e9d   Thumb Code    90  lib.o(i.sleep_post_process)
    syscon_set_ahb_clk                       0x10006f75   Thumb Code    48  syscon.o(i.syscon_set_ahb_clk)
    syscon_set_apb_clk                       0x10006fad   Thumb Code    46  syscon.o(i.syscon_set_apb_clk)
    syscon_set_ble_clk                       0x10006fe1   Thumb Code    56  syscon.o(i.syscon_set_ble_clk)
    syscon_set_sysclk_src                    0x10007021   Thumb Code   150  syscon.o(i.syscon_set_sysclk_src)
    syscon_set_timer_clk                     0x100070d9   Thumb Code    38  syscon.o(i.syscon_set_timer_clk)
    syscon_set_usart_clk                     0x10007105   Thumb Code    92  syscon.o(i.syscon_set_usart_clk)
    task_app_desc_register                   0x10007175   Thumb Code    44  app_task.o(i.task_app_desc_register)
    task_basc_desc_register                  0x100071ad   Thumb Code    44  basc_task.o(i.task_basc_desc_register)
    task_disc_desc_register                  0x100071e5   Thumb Code    44  disc_task.o(i.task_disc_desc_register)
    uart_check_tx_free                       0x10007489   Thumb Code    44  uart.o(i.uart_check_tx_free)
    uart_init                                0x100074ed   Thumb Code   104  uart.o(i.uart_init)
    uart_read                                0x1000756d   Thumb Code    84  uart.o(i.uart_read)
    usr_init                                 0x10007605   Thumb Code     2  usr_design.o(i.usr_init)
    usr_sleep                                0x10007609   Thumb Code    78  sleep.o(i.usr_sleep)
    usr_sleep_restore                        0x10007661   Thumb Code     2  usr_design.o(i.usr_sleep_restore)
    wakeup_by_sleep_timer                    0x10007665   Thumb Code    90  sleep.o(i.wakeup_by_sleep_timer)
    app_default_state                        0x100076cc   Data         496  app_task.o(.constdata)
    app_default_handler                      0x100078bc   Data           8  app_task.o(.constdata)
    app_state_handler                        0x100078c4   Data          40  app_task.o(.constdata)
    basc_bas_char                            0x100078ec   Data           4  basc_task.o(.constdata)
    basc_bas_char_desc                       0x100078f0   Data           8  basc_task.o(.constdata)
    basc_default_handler                     0x100078f8   Data           8  basc_task.o(.constdata)
    basc_state_handler                       0x10007900   Data          24  basc_task.o(.constdata)
    basc_connected                           0x10007918   Data          40  basc_task.o(.constdata)
    basc_discovering                         0x10007940   Data          32  basc_task.o(.constdata)
    basc_default_state                       0x10007960   Data          16  basc_task.o(.constdata)
    disc_default_handler                     0x10007970   Data           8  disc_task.o(.constdata)
    disc_dis_char                            0x10007978   Data          36  disc_task.o(.constdata)
    disc_state_handler                       0x1000799c   Data          24  disc_task.o(.constdata)
    disc_connected                           0x100079b4   Data          16  disc_task.o(.constdata)
    disc_discovering                         0x100079c4   Data          24  disc_task.o(.constdata)
    disc_default_state                       0x100079dc   Data          16  disc_task.o(.constdata)
    uart_divider                             0x100079ec   Data          51  uart.o(.constdata)
    __ctype_table                            0x10007a48   Data         129  ctype_o.o(.constdata)
    Region$$Table$$Base                      0x10007ddc   Number         0  anon$$obj.o(Region$$Table)
    Region$$Table$$Limit                     0x10007dec   Number         0  anon$$obj.o(Region$$Table)
    app_state                                0x10007dec   Data           2  app_task.o(.data)
    app_basc_env                             0x10007df0   Data           4  app_basc_task.o(.data)
    app_disc_env                             0x10007df4   Data           4  app_disc_task.o(.data)
    basc_envs                                0x10007df8   Data           4  basc.o(.data)
    disc_envs                                0x10007dfc   Data           4  disc.o(.data)
    low_power_mode_en                        0x10007e04   Data           1  sleep.o(.data)
    PGCR1_restore                            0x10007e08   Data           4  sleep.o(.data)
    sleep_env                                0x10007e0c   Data          20  sleep.o(.data)
    g_SystemClock                            0x10007e20   Data           4  syscon.o(.data)
    g_AhbClock                               0x10007e24   Data           4  syscon.o(.data)
    g_ApbClock                               0x10007e28   Data           4  syscon.o(.data)
    timer0_env                               0x10007e2c   Data           8  timer.o(.data)
    timer1_env                               0x10007e34   Data           8  timer.o(.data)
    timer2_env                               0x10007e3c   Data           8  timer.o(.data)
    timer3_env                               0x10007e44   Data           8  timer.o(.data)
    __stdout                                 0x10007e50   Data           4  retarget.o(.data)
    ke_evt_hdlr                              0x10007e58   Data           4  lib.o(.data)
    ke_env                                   0x10007e5c   Data           4  lib.o(.data)
    rwble_env                                0x10007e60   Data           4  lib.o(.data)
    LLM_AA_CT2                               0x10007e64   Data           4  lib.o(.data)
    LLM_AA_CT1                               0x10007e68   Data           4  lib.o(.data)
    app_env                                  0x100089c0   Data        1120  app_env.o(.bss)
    app_uart_env                             0x10008e20   Data          17  app_sys.o(.bss)
    basc_state                               0x10008e32   Data          16  basc_task.o(.bss)
    disc_state                               0x10008e42   Data          16  disc_task.o(.bss)
    gatt_idle_new                            0x1000943c   Data         256  lib.o(.bss)
    __initial_sp                             0x10009850   Data           0  startup.o(STACK)



==============================================================================

Memory Map of the image

  Image Entry point : 0x100000c1

  Load Region LR_ROM1 (Base: 0x10000000, Size: 0x00007e9c, Max: 0x0000cdb0, ABSOLUTE)

    Execution Region APP_CODE (Base: 0x10000000, Size: 0x00009850, Max: 0x0000cdb0, ABSOLUTE)

    Base Addr    Size         Type   Attr      Idx    E Section Name        Object

    0x10000000   0x000000c0   Data   RO            3    RESET               startup.o
    0x100000c0   0x00000000   Code   RO         3439  * .ARM.Collect$$$$00000000  mc_p.l(entry.o)
    0x100000c0   0x00000004   Code   RO         3732    .ARM.Collect$$$$00000001  mc_p.l(entry2.o)
    0x100000c4   0x00000004   Code   RO         3735    .ARM.Collect$$$$00000004  mc_p.l(entry5.o)
    0x100000c8   0x00000000   Code   RO         3737    .ARM.Collect$$$$00000008  mc_p.l(entry7b.o)
    0x100000c8   0x00000000   Code   RO         3739    .ARM.Collect$$$$0000000A  mc_p.l(entry8b.o)
    0x100000c8   0x00000008   Code   RO         3740    .ARM.Collect$$$$0000000B  mc_p.l(entry9a.o)
    0x100000d0   0x00000000   Code   RO         3742    .ARM.Collect$$$$0000000D  mc_p.l(entry10a.o)
    0x100000d0   0x00000000   Code   RO         3744    .ARM.Collect$$$$0000000F  mc_p.l(entry11a.o)
    0x100000d0   0x00000004   Code   RO         3733    .ARM.Collect$$$$00002712  mc_p.l(entry2.o)
    0x100000d4   0x00000030   Code   RO            4    .text               startup.o
    0x10000104   0x000001ae   Code   RO         3420    .text               qn9020b2_lib_allroles.lib(math.o)
    0x100002b2   0x0000002c   Code   RO         3442    .text               mc_p.l(uidiv.o)
    0x100002de   0x00000026   Code   RO         3446    .text               mc_p.l(llsshr.o)
    0x10000304   0x00000024   Code   RO         3448    .text               mc_p.l(rand.o)
    0x10000328   0x00000024   Code   RO         3451    .text               mc_p.l(memcpya.o)
    0x1000034c   0x00000024   Code   RO         3453    .text               mc_p.l(memseta.o)
    0x10000370   0x0000001a   Code   RO         3718    .text               mc_p.l(atoi.o)
    0x1000038a   0x00000002   PAD
    0x1000038c   0x00000164   Code   RO         3720    .text               mf_p.l(dadd.o)
    0x100004f0   0x000000d0   Code   RO         3722    .text               mf_p.l(dmul.o)
    0x100005c0   0x00000028   Code   RO         3724    .text               mf_p.l(dflti.o)
    0x100005e8   0x0000001c   Code   RO         3726    .text               mf_p.l(dfltui.o)
    0x10000604   0x00000048   Code   RO         3728    .text               mf_p.l(dfixi.o)
    0x1000064c   0x00000028   Code   RO         3730    .text               mf_p.l(cdcmple.o)
    0x10000674   0x00000020   Code   RO         3746    .text               mc_p.l(llshl.o)
    0x10000694   0x00000022   Code   RO         3748    .text               mc_p.l(llushr.o)
    0x100006b6   0x00000002   PAD
    0x100006b8   0x00000070   Code   RO         3757    .text               mc_p.l(strtol.o)
    0x10000728   0x00000000   Code   RO         3759    .text               mc_p.l(iusefp.o)
    0x10000728   0x000000be   Code   RO         3760    .text               mf_p.l(depilogue.o)
    0x100007e6   0x00000002   PAD
    0x100007e8   0x00000024   Code   RO         3770    .text               mc_p.l(init.o)
    0x1000080c   0x00000008   Code   RO         3772    .text               mc_p.l(ctype_o.o)
    0x10000814   0x000000a6   Code   RO         3800    .text               mc_p.l(_strtoul.o)
    0x100008ba   0x0000001e   Code   RO         3802    .text               mc_p.l(_chval.o)
    0x100008d8   0x000000ac   Code   RO         3307    i.BLE_IRQHandler    qn9020b2_lib_allroles.lib(lib.o)
    0x10000984   0x00000034   Code   RO         3133    i.DMA_IRQHandler    dma.o
    0x100009b8   0x00000028   Code   RO         2736    i.GPIO_IRQHandler   gpio.o
    0x100009e0   0x00000014   Code   RO         2847    i.OSC_EN_IRQHandler  sleep.o
    0x100009f4   0x0000010c   Code   RO          287    i.SystemInit        system.o
    0x10000b00   0x00000034   Code   RO         3038    i.TIMER0_IRQHandler  timer.o
    0x10000b34   0x00000034   Code   RO         3039    i.TIMER1_IRQHandler  timer.o
    0x10000b68   0x00000034   Code   RO         3040    i.TIMER2_IRQHandler  timer.o
    0x10000b9c   0x00000034   Code   RO         3041    i.TIMER3_IRQHandler  timer.o
    0x10000bd0   0x00000064   Code   RO         2622    i.UART0_RX_IRQHandler  uart.o
    0x10000c34   0x0000003c   Code   RO         2623    i.UART0_TX_IRQHandler  uart.o
    0x10000c70   0x00000018   Code   RO         2625    i.UartPutc          uart.o
    0x10000c88   0x00000020   Code   RO         3664    i.__0printf$8       mc_p.l(printf8.o)
    0x10000ca8   0x0000002e   Code   RO         3762    i.__ARM_clz         mf_p.l(depilogue.o)
    0x10000cd6   0x0000001a   Code   RO          539    i.__ARM_common_switch8  app_menu.o
    0x10000cf0   0x00000008   Code   RO         3750    i.__aeabi_errno_addr  mc_p.l(errno.o)
    0x10000cf8   0x0000000e   Code   RO         3806    i.__scatterload_copy  mc_p.l(handlers.o)
    0x10000d06   0x00000002   Code   RO         3807    i.__scatterload_null  mc_p.l(handlers.o)
    0x10000d08   0x0000000e   Code   RO         3808    i.__scatterload_zeroinit  mc_p.l(handlers.o)
    0x10000d16   0x00000002   PAD
    0x10000d18   0x00000428   Code   RO         3671    i._printf_core      mc_p.l(printf8.o)
    0x10001140   0x00000020   Code   RO         3672    i._printf_post_padding  mc_p.l(printf8.o)
    0x10001160   0x0000002c   Code   RO         3673    i._printf_pre_padding  mc_p.l(printf8.o)
    0x1000118c   0x00000024   Code   RO          658    i.app_add_bonded_dev  app_util.o
    0x100011b0   0x00000048   Code   RO         1462    i.app_basc_batt_level_ind_handler  app_basc_task.o
    0x100011f8   0x00000050   Code   RO         1463    i.app_basc_batt_level_ntf_cfg_rd_rsp_handler  app_basc_task.o
    0x10001248   0x00000064   Code   RO         1464    i.app_basc_batt_level_pres_format_rd_rsp_handler  app_basc_task.o
    0x100012ac   0x00000030   Code   RO         1430    i.app_basc_cfg_indntf_req  app_basc.o
    0x100012dc   0x00000020   Code   RO         1465    i.app_basc_disable_ind_handler  app_basc_task.o
    0x100012fc   0x00000068   Code   RO         1466    i.app_basc_enable_cfm_handler  app_basc_task.o
    0x10001364   0x00000050   Code   RO         1431    i.app_basc_enable_req  app_basc.o
    0x100013b4   0x00000038   Code   RO         1467    i.app_basc_error_ind_handler  app_basc_task.o
    0x100013ec   0x00000030   Code   RO         1432    i.app_basc_rd_char_req  app_basc.o
    0x1000141c   0x00000048   Code   RO         1468    i.app_basc_wr_char_rsp_handler  app_basc_task.o
    0x10001464   0x00000004   Code   RO          659    i.app_check_update_conn_param  app_util.o
    0x10001468   0x0000004c   Code   RO          946    i.app_correct_rssi  app_gap_task.o
    0x100014b4   0x0000000e   Code   RO          947    i.app_device_setup  app_gap_task.o
    0x100014c2   0x00000002   PAD
    0x100014c4   0x00000020   Code   RO         1583    i.app_disc_disable_ind_handler  app_disc_task.o
    0x100014e4   0x00000068   Code   RO         1584    i.app_disc_enable_cfm_handler  app_disc_task.o
    0x1000154c   0x00000044   Code   RO         1557    i.app_disc_enable_req  app_disc.o
    0x10001590   0x0000002c   Code   RO         1558    i.app_disc_rd_char_req  app_disc.o
    0x100015bc   0x00000144   Code   RO         1585    i.app_disc_rd_char_rsp_handler  app_disc_task.o
    0x10001700   0x0000003c   Code   RO          660    i.app_find_bonded_dev  app_util.o
    0x1000173c   0x00000054   Code   RO          812    i.app_gap_bond_req  app_gap.o
    0x10001790   0x00000078   Code   RO          948    i.app_gap_bond_req_cmp_ind_handler  app_gap_task.o
    0x10001808   0x0000005c   Code   RO          949    i.app_gap_bond_req_ind_handler  app_gap_task.o
    0x10001864   0x0000003c   Code   RO          813    i.app_gap_bond_resp  app_gap.o
    0x100018a0   0x00000004   Code   RO          950    i.app_gap_cancel_conn_req_cmp_evt_handler  app_gap_task.o
    0x100018a4   0x00000038   Code   RO          814    i.app_gap_change_param_req  app_gap.o
    0x100018dc   0x0000004c   Code   RO          951    i.app_gap_change_param_req_cmp_handler  app_gap_task.o
    0x10001928   0x00000028   Code   RO          815    i.app_gap_dev_inq_cancel_req  app_gap.o
    0x10001950   0x00000048   Code   RO          952    i.app_gap_dev_inq_cmp_handler  app_gap_task.o
    0x10001998   0x00000050   Code   RO          816    i.app_gap_dev_inq_req  app_gap.o
    0x100019e8   0x000000f0   Code   RO          953    i.app_gap_dev_inq_result_handler  app_gap_task.o
    0x10001ad8   0x000000b0   Code   RO          954    i.app_gap_discon_cmp_evt_handler  app_gap_task.o
    0x10001b88   0x00000028   Code   RO          817    i.app_gap_discon_req  app_gap.o
    0x10001bb0   0x00000058   Code   RO          819    i.app_gap_le_create_conn_req  app_gap.o
    0x10001c08   0x0000009c   Code   RO          955    i.app_gap_le_create_conn_req_cmp_evt_handler  app_gap_task.o
    0x10001ca4   0x0000008c   Code   RO          956    i.app_gap_name_req_cmp_handler  app_gap_task.o
    0x10001d30   0x0000006c   Code   RO          957    i.app_gap_param_update_req_ind_handler  app_gap_task.o
    0x10001d9c   0x00000014   Code   RO          821    i.app_gap_read_bdaddr_req  app_gap.o
    0x10001db0   0x0000005c   Code   RO          958    i.app_gap_read_bdaddr_req_cmp_evt_handler  app_gap_task.o
    0x10001e0c   0x00000014   Code   RO          822    i.app_gap_read_ver_req  app_gap.o
    0x10001e20   0x0000002c   Code   RO          959    i.app_gap_read_ver_req_cmp_evt_handler  app_gap_task.o
    0x10001e4c   0x00000016   Code   RO          960    i.app_gap_ready_evt_handler  app_gap_task.o
    0x10001e62   0x0000000a   Code   RO          961    i.app_gap_reset_req_cmp_handler  app_gap_task.o
    0x10001e6c   0x00000034   Code   RO          962    i.app_gap_scan_req_cmp_evt_handler  app_gap_task.o
    0x10001ea0   0x00000024   Code   RO          825    i.app_gap_set_bondable_mode_req  app_gap.o
    0x10001ec4   0x00000034   Code   RO          963    i.app_gap_set_devname_req_cmp_evt_handler  app_gap_task.o
    0x10001ef8   0x00000094   Code   RO          964    i.app_gap_set_mode_req_cmp_evt_handler  app_gap_task.o
    0x10001f8c   0x00000060   Code   RO          965    i.app_gap_set_ph_privacy_req_cmp_handler  app_gap_task.o
    0x10001fec   0x00000030   Code   RO          966    i.app_gap_set_random_add_req_cmp_handler  app_gap_task.o
    0x1000201c   0x00000068   Code   RO          967    i.app_gap_set_recon_addr_req_cmp_handler  app_gap_task.o
    0x10002084   0x00000028   Code   RO          830    i.app_gap_set_sec_req  app_gap.o
    0x100020ac   0x00000024   Code   RO          968    i.app_gap_set_sec_req_cmp_evt_handler  app_gap_task.o
    0x100020d0   0x00000038   Code   RO          831    i.app_gap_unpair_req  app_gap.o
    0x10002108   0x0000002c   Code   RO         1176    i.app_gatt_cancel_write_char_resp_handler  app_gatt_task.o
    0x10002134   0x00000058   Code   RO         1177    i.app_gatt_cmp_evt_handler  app_gatt_task.o
    0x1000218c   0x0000005c   Code   RO         1178    i.app_gatt_disc_char_all_128_cmp_evt_handler  app_gatt_task.o
    0x100021e8   0x00000034   Code   RO         1179    i.app_gatt_disc_char_all_cmp_evt_handler  app_gatt_task.o
    0x1000221c   0x0000005c   Code   RO         1180    i.app_gatt_disc_char_by_uuid_128_cmp_evt_handler  app_gatt_task.o
    0x10002278   0x00000034   Code   RO         1181    i.app_gatt_disc_char_by_uuid_cmp_evt_handler  app_gatt_task.o
    0x100022ac   0x0000006c   Code   RO         1182    i.app_gatt_disc_char_desc_128_cmp_evt_handler  app_gatt_task.o
    0x10002318   0x00000060   Code   RO         1183    i.app_gatt_disc_char_desc_cmp_evt_handler  app_gatt_task.o
    0x10002378   0x0000002c   Code   RO         1184    i.app_gatt_disc_cmp_evt_handler  app_gatt_task.o
    0x100023a4   0x00000078   Code   RO         1185    i.app_gatt_disc_svc_all_128_cmp_evt_handler  app_gatt_task.o
    0x1000241c   0x000000a4   Code   RO         1186    i.app_gatt_disc_svc_all_cmp_evt_handler  app_gatt_task.o
    0x100024c0   0x0000005c   Code   RO         1187    i.app_gatt_disc_svc_by_uuid_cmp_evt_handler  app_gatt_task.o
    0x1000251c   0x000000c4   Code   RO         1188    i.app_gatt_disc_svc_incl_cmp_evt_handler  app_gatt_task.o
    0x100025e0   0x00000034   Code   RO         1107    i.app_gatt_disc_svc_req  app_gatt.o
    0x10002614   0x00000050   Code   RO         1189    i.app_gatt_handle_value_cfm_handler  app_gatt_task.o
    0x10002664   0x00000074   Code   RO         1190    i.app_gatt_handle_value_ind_handler  app_gatt_task.o
    0x100026d8   0x00000070   Code   RO         1191    i.app_gatt_handle_value_notif_handler  app_gatt_task.o
    0x10002748   0x0000003c   Code   RO         1192    i.app_gatt_notify_cmp_evt_handler  app_gatt_task.o
    0x10002784   0x00000078   Code   RO         1193    i.app_gatt_read_char_mult_resp_handler  app_gatt_task.o
    0x100027fc   0x0000009c   Code   RO         1194    i.app_gatt_read_char_resp_handler  app_gatt_task.o
    0x10002898   0x00000028   Code   RO          969    i.app_gatt_resource_access_req_handler  app_gap_task.o
    0x100028c0   0x00000068   Code   RO         1195    i.app_gatt_write_char_reliable_resp_handler  app_gatt_task.o
    0x10002928   0x00000054   Code   RO         1196    i.app_gatt_write_char_resp_handler  app_gatt_task.o
    0x1000297c   0x00000044   Code   RO          661    i.app_get_bd_addr_by_conhdl  app_util.o
    0x100029c0   0x00000030   Code   RO          662    i.app_get_bd_addr_by_idx  app_util.o
    0x100029f0   0x0000000c   Code   RO          663    i.app_get_bond_nb   app_util.o
    0x100029fc   0x00000024   Code   RO          664    i.app_get_bond_status  app_util.o
    0x10002a20   0x00000030   Code   RO          666    i.app_get_client_service_status  app_util.o
    0x10002a50   0x00000028   Code   RO          668    i.app_get_conhdl_by_idx  app_util.o
    0x10002a78   0x0000000c   Code   RO          669    i.app_get_link_nb   app_util.o
    0x10002a84   0x00000020   Code   RO          670    i.app_get_link_status_by_idx  app_util.o
    0x10002aa4   0x00000024   Code   RO          671    i.app_get_lk_sec_status  app_util.o
    0x10002ac8   0x00000028   Code   RO          672    i.app_get_rec_idx_by_conhdl  app_util.o
    0x10002af0   0x0000000c   Code   RO          674    i.app_get_role      app_util.o
    0x10002afc   0x00000026   Code   RO          675    i.app_i_to_array    app_util.o
    0x10002b22   0x00000002   PAD
    0x10002b24   0x00000054   Code   RO          401    i.app_init          app_env.o
    0x10002b78   0x0000001c   Code   RO          676    i.app_init_local_smp_key  app_util.o
    0x10002b94   0x00000194   Code   RO          432    i.app_menu_cb       app_menu.o
    0x10002d28   0x00000138   Code   RO          433    i.app_menu_handler_basc  app_menu.o
    0x10002e60   0x00000188   Code   RO          434    i.app_menu_handler_disc  app_menu.o
    0x10002fe8   0x00000058   Code   RO          435    i.app_menu_handler_gap  app_menu.o
    0x10003040   0x000002b8   Code   RO          436    i.app_menu_handler_gap_dev_select  app_menu.o
    0x100032f8   0x00000158   Code   RO          437    i.app_menu_hdl      app_menu.o
    0x10003450   0x000000e8   Code   RO          438    i.app_menu_show     app_menu.o
    0x10003538   0x0000012c   Code   RO          439    i.app_menu_show_basc  app_menu.o
    0x10003664   0x00000194   Code   RO          440    i.app_menu_show_disc  app_menu.o
    0x100037f8   0x000000d8   Code   RO          441    i.app_menu_show_gap  app_menu.o
    0x100038d0   0x0000011c   Code   RO          442    i.app_menu_show_gap_bond_record  app_menu.o
    0x100039ec   0x000001f8   Code   RO          443    i.app_menu_show_gap_dev_record  app_menu.o
    0x10003be4   0x000000f0   Code   RO          444    i.app_menu_show_gap_inq_record  app_menu.o
    0x10003cd4   0x0000007c   Code   RO          445    i.app_menu_show_gatt  app_menu.o
    0x10003d50   0x000000f0   Code   RO          446    i.app_menu_show_gatt_disp_all_svc  app_menu.o
    0x10003e40   0x000000e8   Code   RO          447    i.app_menu_show_main  app_menu.o
    0x10003f28   0x0000014c   Code   RO          448    i.app_menu_show_smp  app_menu.o
    0x10004074   0x000000d0   Code   RO          449    i.app_menu_show_smp_iocap_set  app_menu.o
    0x10004144   0x00000090   Code   RO          450    i.app_menu_show_smp_sec_lvl_set  app_menu.o
    0x100041d4   0x00000082   Code   RO          677    i.app_parser_adv_data  app_util.o
    0x10004256   0x00000002   PAD
    0x10004258   0x0000003c   Code   RO          678    i.app_set_client_service_status  app_util.o
    0x10004294   0x00000078   Code   RO          679    i.app_set_link_status_by_conhdl  app_util.o
    0x1000430c   0x0000000c   Code   RO          680    i.app_set_role      app_util.o
    0x10004318   0x00000130   Code   RO          402    i.app_smp_init      app_env.o
    0x10004448   0x00000048   Code   RO         1367    i.app_smpc_chk_bd_addr_req_ind_handler  app_smp_task.o
    0x10004490   0x00000040   Code   RO         1317    i.app_smpc_chk_bd_addr_req_rsp  app_smp.o
    0x100044d0   0x000000b8   Code   RO         1368    i.app_smpc_irk_req_ind_handler  app_smp_task.o
    0x10004588   0x0000004c   Code   RO         1318    i.app_smpc_irk_req_rsp  app_smp.o
    0x100045d4   0x000000ac   Code   RO         1369    i.app_smpc_key_ind_handler  app_smp_task.o
    0x10004680   0x000000e0   Code   RO         1370    i.app_smpc_ltk_req_ind_handler  app_smp_task.o
    0x10004760   0x00000054   Code   RO         1319    i.app_smpc_ltk_req_rsp  app_smp.o
    0x100047b4   0x0000002c   Code   RO         1371    i.app_smpc_sec_started_ind_handler  app_smp_task.o
    0x100047e0   0x00000044   Code   RO         1372    i.app_smpc_timeout_evt_handler  app_smp_task.o
    0x10004824   0x00000090   Code   RO         1373    i.app_smpc_tk_req_ind_handler  app_smp_task.o
    0x100048b4   0x0000003c   Code   RO         1321    i.app_smpc_tk_req_rsp  app_smp.o
    0x100048f0   0x00000024   Code   RO         1374    i.app_smpm_set_key_cfm_handler  app_smp_task.o
    0x10004914   0x00000034   Code   RO         1322    i.app_smpm_set_key_req  app_smp.o
    0x10004948   0x00000002   Code   RO          369    i.app_task_msg_hdl  usr_design.o
    0x1000494a   0x00000002   PAD
    0x1000494c   0x0000002c   Code   RO          625    i.app_uart_data_ind_handler  app_task.o
    0x10004978   0x00000024   Code   RO          597    i.app_uart_init     app_sys.o
    0x1000499c   0x00000064   Code   RO          598    i.app_uart_rx_done  app_sys.o
    0x10004a00   0x00000034   Code   RO           14    i.assert_warn       app_main.o
    0x10004a34   0x00000028   Code   RO         3308    i.attc_rd_blob_req_handler_patch  qn9020b2_lib_allroles.lib(lib.o)
    0x10004a5c   0x0000004c   Code   RO         3309    i.atts_req_error_ind_handler_patch  qn9020b2_lib_allroles.lib(lib.o)
    0x10004aa8   0x0000004c   Code   RO         2259    i.basc_batt_level_ntf_cfg_req_handler  basc_task.o
    0x10004af4   0x0000007c   Code   RO         2260    i.basc_char_rd_req_handler  basc_task.o
    0x10004b70   0x00000080   Code   RO         2217    i.basc_enable_cfm_send  basc.o
    0x10004bf0   0x00000084   Code   RO         2261    i.basc_enable_req_handler  basc_task.o
    0x10004c74   0x00000028   Code   RO         2218    i.basc_error_ind_send  basc.o
    0x10004c9c   0x00000018   Code   RO         2219    i.basc_init         basc.o
    0x10004cb4   0x000001c0   Code   RO         3313    i.ble_init          qn9020b2_lib_allroles.lib(lib.o)
    0x10004e74   0x00000030   Code   RO         3314    i.ble_sleep         qn9020b2_lib_allroles.lib(lib.o)
    0x10004ea4   0x0000000c   Code   RO         3315    i.cal_cal_SetCAL0WithMask  qn9020b2_lib_allroles.lib(lib.o)
    0x10004eb0   0x0000000c   Code   RO         3316    i.cal_cal_SetCAL1WithMask  qn9020b2_lib_allroles.lib(lib.o)
    0x10004ebc   0x00000014   Code   RO         3317    i.check_ble_wakeup  qn9020b2_lib_allroles.lib(lib.o)
    0x10004ed0   0x00000010   Code   RO         3318    i.co_buf_rx_get     qn9020b2_lib_allroles.lib(lib.o)
    0x10004ee0   0x00000008   Code   RO         2017    i.co_write16p       prf_utils.o
    0x10004ee8   0x00000064   Code   RO         3319    i.config_work_mode  qn9020b2_lib_allroles.lib(lib.o)
    0x10004f4c   0x0000003c   Code   RO         3320    i.dc_dc_enable      qn9020b2_lib_allroles.lib(lib.o)
    0x10004f88   0x0000002c   Code   RO         3321    i.default_enter_sleep_cb  qn9020b2_lib_allroles.lib(lib.o)
    0x10004fb4   0x0000001c   Code   RO         3322    i.default_exit_sleep_cb  qn9020b2_lib_allroles.lib(lib.o)
    0x10004fd0   0x00000010   Code   RO         3323    i.delay             qn9020b2_lib_allroles.lib(lib.o)
    0x10004fe0   0x00000010   Code   RO         3134    i.dev_allow_sleep   dma.o
    0x10004ff0   0x0000005c   Code   RO         2359    i.disc_enable_cfm_send  disc.o
    0x1000504c   0x00000080   Code   RO         2401    i.disc_enable_req_handler  disc_task.o
    0x100050cc   0x00000018   Code   RO         2360    i.disc_init         disc.o
    0x100050e4   0x0000004c   Code   RO         2402    i.disc_rd_char_req_handler  disc_task.o
    0x10005130   0x0000004c   Code   RO         2361    i.disc_read_char_rsp_send  disc.o
    0x1000517c   0x00000014   Code   RO         3324    i.dp_dp_SetRegWithMask  qn9020b2_lib_allroles.lib(lib.o)
    0x10005190   0x00000014   Code   RO         3424    i.dp_dp_SetRegWithMask  qn9020b2_lib_allroles.lib(qnrf.o)
    0x100051a4   0x000000e4   Code   RO         2849    i.enter_sleep       sleep.o
    0x10005288   0x00000002   Code   RO         3325    i.foo1              qn9020b2_lib_allroles.lib(lib.o)
    0x1000528a   0x0000000a   Code   RO         3259    i.fputc             retarget.o
    0x10005294   0x0000009c   Code   RO         3326    i.fw_ble_sleep      qn9020b2_lib_allroles.lib(lib.o)
    0x10005330   0x00000018   Code   RO         2262    i.gap_discon_cmp_evt_handler  basc_task.o
    0x10005348   0x00000018   Code   RO         2403    i.gap_discon_cmp_evt_handler  disc_task.o
    0x10005360   0x0000006c   Code   RO         3327    i.gap_discon_ind_handler_patch  qn9020b2_lib_allroles.lib(lib.o)
    0x100053cc   0x00000060   Code   RO         3328    i.gap_set_mode_req_handler_patch  qn9020b2_lib_allroles.lib(lib.o)
    0x1000542c   0x000000d0   Code   RO         2263    i.gatt_cmp_evt_handler  basc_task.o
    0x100054fc   0x00000074   Code   RO         2404    i.gatt_cmp_evt_handler  disc_task.o
    0x10005570   0x00000040   Code   RO         2264    i.gatt_disc_char_all_evt_handler  basc_task.o
    0x100055b0   0x00000038   Code   RO         2405    i.gatt_disc_char_all_evt_handler  disc_task.o
    0x100055e8   0x00000034   Code   RO         2265    i.gatt_disc_char_desc_evt_handler  basc_task.o
    0x1000561c   0x00000050   Code   RO         2266    i.gatt_disc_svc_by_uuid_evt_handler  basc_task.o
    0x1000566c   0x0000002c   Code   RO         2406    i.gatt_disc_svc_by_uuid_evt_handler  disc_task.o
    0x10005698   0x00000078   Code   RO         2267    i.gatt_handle_value_ntf_handler  basc_task.o
    0x10005710   0x000000a8   Code   RO         2268    i.gatt_rd_char_rsp_handler  basc_task.o
    0x100057b8   0x00000020   Code   RO         2407    i.gatt_rd_char_rsp_handler  disc_task.o
    0x100057d8   0x00000048   Code   RO         3329    i.gatt_read_char_req_handler_patch  qn9020b2_lib_allroles.lib(lib.o)
    0x10005820   0x000000fc   Code   RO         3330    i.gatt_write_char_req_handler_patch  qn9020b2_lib_allroles.lib(lib.o)
    0x1000591c   0x00000040   Code   RO         2269    i.gatt_write_char_rsp_handler  basc_task.o
    0x1000595c   0x0000001c   Code   RO         2739    i.gpio_init         gpio.o
    0x10005978   0x0000000c   Code   RO         2742    i.gpio_read_pin_field  gpio.o
    0x10005984   0x0000000e   Code   RO         2744    i.gpio_set_direction_field  gpio.o
    0x10005992   0x0000001e   Code   RO         2746    i.gpio_sleep_allowed  gpio.o
    0x100059b0   0x00000016   Code   RO         2749    i.gpio_write_pin    gpio.o
    0x100059c6   0x00000002   PAD
    0x100059c8   0x0000004c   Code   RO         3331    i.ke_schedule       qn9020b2_lib_allroles.lib(lib.o)
    0x10005a14   0x00000028   Code   RO         3332    i.ke_time           qn9020b2_lib_allroles.lib(lib.o)
    0x10005a3c   0x00000018   Code   RO         3333    i.ke_timer_empty    qn9020b2_lib_allroles.lib(lib.o)
    0x10005a54   0x0000005c   Code   RO         3334    i.l2cc_data_packet_ind_handler_patch  qn9020b2_lib_allroles.lib(lib.o)
    0x10005ab0   0x00000050   Code   RO         3335    i.l2cc_data_send_rsp_handler_patch  qn9020b2_lib_allroles.lib(lib.o)
    0x10005b00   0x00000038   Code   RO         3220    i.led_init          led.o
    0x10005b38   0x00000028   Code   RO         3222    i.led_set           led.o
    0x10005b60   0x00000080   Code   RO         3336    i.llc_disc_evt_complete_handler_patch  qn9020b2_lib_allroles.lib(lib.o)
    0x10005be0   0x00000134   Code   RO         3337    i.llc_le_con_update_cmd_handler_new  qn9020b2_lib_allroles.lib(lib.o)
    0x10005d14   0x00000120   Code   RO         3338    i.lld_con_start     qn9020b2_lib_allroles.lib(lib.o)
    0x10005e34   0x000000b0   Code   RO         3339    i.lld_evt_periodic_alloc  qn9020b2_lib_allroles.lib(lib.o)
    0x10005ee4   0x0000001c   Code   RO         3340    i.lld_evt_scan_create  qn9020b2_lib_allroles.lib(lib.o)
    0x10005f00   0x0000003c   Code   RO         3341    i.lld_sleep_lpcycles_2_us  qn9020b2_lib_allroles.lib(lib.o)
    0x10005f3c   0x00000128   Code   RO         3342    i.llm_create_con    qn9020b2_lib_allroles.lib(lib.o)
    0x10006064   0x00000094   Code   RO         3343    i.llm_create_con_cmd_complete_handler_patch  qn9020b2_lib_allroles.lib(lib.o)
    0x100060f8   0x00000038   Code   RO         3344    i.llm_le_create_con_cmd_handler_new  qn9020b2_lib_allroles.lib(lib.o)
    0x10006130   0x00000020   Code   RO         3345    i.llm_le_create_con_stat_evt_handler_patch  qn9020b2_lib_allroles.lib(lib.o)
    0x10006150   0x0000006c   Code   RO         3346    i.llm_util_aa_gen   qn9020b2_lib_allroles.lib(lib.o)
    0x100061bc   0x0000013c   Code   RO           15    i.main              app_main.o
    0x100062f8   0x000002e0   Code   RO         3347    i.plf_init          qn9020b2_lib_allroles.lib(lib.o)
    0x100065d8   0x00000010   Code   RO         3348    i.plf_reset_cb      qn9020b2_lib_allroles.lib(lib.o)
    0x100065e8   0x00000148   Code   RO         3349    i.powerup_calibration  qn9020b2_lib_allroles.lib(lib.o)
    0x10006730   0x00000040   Code   RO         2019    i.prf_check_svc_char_validity  prf_utils.o
    0x10006770   0x00000042   Code   RO         2020    i.prf_client_disable  prf_utils.o
    0x100067b2   0x00000002   PAD
    0x100067b4   0x00000088   Code   RO         2021    i.prf_client_disable_ind_send  prf_utils.o
    0x1000683c   0x00000060   Code   RO         2022    i.prf_client_enable  prf_utils.o
    0x1000689c   0x0000002c   Code   RO         2023    i.prf_client_enable_error  prf_utils.o
    0x100068c8   0x00000050   Code   RO         2024    i.prf_client_env_alloc  prf_utils.o
    0x10006918   0x00000034   Code   RO         2025    i.prf_client_env_free  prf_utils.o
    0x1000694c   0x00000010   Code   RO         2026    i.prf_client_get_env  prf_utils.o
    0x1000695c   0x00000018   Code   RO         2027    i.prf_client_pool_envs_free  prf_utils.o
    0x10006974   0x00000040   Code   RO         2028    i.prf_client_reset  prf_utils.o
    0x100069b4   0x00000034   Code   RO         2029    i.prf_disc_char_all_send  prf_utils.o
    0x100069e8   0x00000058   Code   RO         2030    i.prf_disc_char_desc_send  prf_utils.o
    0x10006a40   0x00000044   Code   RO         2032    i.prf_disc_svc_send  prf_utils.o
    0x10006a84   0x0000003c   Code   RO         2033    i.prf_dispatch_disconnect  prf_utils.o
    0x10006ac0   0x00000050   Code   RO         2034    i.prf_gatt_write    prf_utils.o
    0x10006b10   0x00000020   Code   RO         2035    i.prf_gatt_write_ntf_ind  prf_utils.o
    0x10006b30   0x0000000c   Code   RO         2036    i.prf_init          prf_utils.o
    0x10006b3c   0x00000050   Code   RO         2038    i.prf_read_char_send  prf_utils.o
    0x10006b8c   0x00000034   Code   RO         2039    i.prf_register_atthdl2gatt  prf_utils.o
    0x10006bc0   0x000000a6   Code   RO         2040    i.prf_search_chars  prf_utils.o
    0x10006c66   0x00000044   Code   RO         2041    i.prf_search_descs  prf_utils.o
    0x10006caa   0x00000022   Code   RO         2043    i.prf_unpack_char_pres_fmt  prf_utils.o
    0x10006ccc   0x00000080   Code   RO          550    i.qtrace            app_printf.o
    0x10006d4c   0x00000054   Code   RO         3352    i.restore_ble_setting  qn9020b2_lib_allroles.lib(lib.o)
    0x10006da0   0x0000005c   Code   RO         3425    i.rf_enable         qn9020b2_lib_allroles.lib(qnrf.o)
    0x10006dfc   0x00000020   Code   RO         3426    i.rf_enable_sw_set_freq  qn9020b2_lib_allroles.lib(qnrf.o)
    0x10006e1c   0x00000024   Code   RO         3353    i.rwble_slot_2_lpcycles  qn9020b2_lib_allroles.lib(lib.o)
    0x10006e40   0x00000010   Code   RO         3355    i.set_dbg_info      qn9020b2_lib_allroles.lib(lib.o)
    0x10006e50   0x00000018   Code   RO         2851    i.sleep_cb          sleep.o
    0x10006e68   0x00000034   Code   RO         2852    i.sleep_init        sleep.o
    0x10006e9c   0x0000005a   Code   RO         3356    i.sleep_post_process  qn9020b2_lib_allroles.lib(lib.o)
    0x10006ef6   0x00000002   PAD
    0x10006ef8   0x0000002c   Code   RO          288    i.spi_clock_off     system.o
    0x10006f24   0x0000000c   Code   RO         2853    i.syscon_SetCMDCRWithMask  sleep.o
    0x10006f30   0x0000000c   Code   RO         2942    i.syscon_SetCMDCRWithMask  syscon.o
    0x10006f3c   0x0000000e   Code   RO         3357    i.syscon_SetIvrefX32WithMask  qn9020b2_lib_allroles.lib(lib.o)
    0x10006f4a   0x0000000e   Code   RO         2854    i.syscon_SetPGCR0WithMask  sleep.o
    0x10006f58   0x0000000e   Code   RO         3358    i.syscon_SetPGCR1WithMask  qn9020b2_lib_allroles.lib(lib.o)
    0x10006f66   0x0000000e   Code   RO         2855    i.syscon_SetPGCR2WithMask  sleep.o
    0x10006f74   0x00000038   Code   RO         2947    i.syscon_set_ahb_clk  syscon.o
    0x10006fac   0x00000034   Code   RO         2948    i.syscon_set_apb_clk  syscon.o
    0x10006fe0   0x00000040   Code   RO         2949    i.syscon_set_ble_clk  syscon.o
    0x10007020   0x000000b8   Code   RO         2950    i.syscon_set_sysclk_src  syscon.o
    0x100070d8   0x0000002c   Code   RO         2951    i.syscon_set_timer_clk  syscon.o
    0x10007104   0x00000070   Code   RO         2952    i.syscon_set_usart_clk  syscon.o
    0x10007174   0x00000038   Code   RO          626    i.task_app_desc_register  app_task.o
    0x100071ac   0x00000038   Code   RO         2270    i.task_basc_desc_register  basc_task.o
    0x100071e4   0x00000038   Code   RO         2408    i.task_disc_desc_register  disc_task.o
    0x1000721c   0x0000015c   Code   RO         3359    i.task_gap_desc_register  qn9020b2_lib_allroles.lib(lib.o)
    0x10007378   0x000000cc   Code   RO         3360    i.task_gatt_desc_register  qn9020b2_lib_allroles.lib(lib.o)
    0x10007444   0x00000044   Code   RO          289    i.timer_clock_off   system.o
    0x10007488   0x00000038   Code   RO         2626    i.uart_check_tx_free  uart.o
    0x100074c0   0x0000002c   Code   RO          290    i.uart_clock_off    system.o
    0x100074ec   0x00000080   Code   RO         2631    i.uart_init         uart.o
    0x1000756c   0x00000060   Code   RO         2633    i.uart_read         uart.o
    0x100075cc   0x00000038   Code   RO         2634    i.uart_tx_int_enable  uart.o
    0x10007604   0x00000002   Code   RO          370    i.usr_init          usr_design.o
    0x10007606   0x00000002   PAD
    0x10007608   0x00000058   Code   RO         2856    i.usr_sleep         sleep.o
    0x10007660   0x00000002   Code   RO          371    i.usr_sleep_restore  usr_design.o
    0x10007662   0x00000002   PAD
    0x10007664   0x00000068   Code   RO         2858    i.wakeup_by_sleep_timer  sleep.o
    0x100076cc   0x000001f0   Data   RO          627    .constdata          app_task.o
    0x100078bc   0x00000030   Data   RO          628    .constdata          app_task.o
    0x100078ec   0x0000002c   Data   RO         2272    .constdata          basc_task.o
    0x10007918   0x00000028   Data   RO         2273    .constdata          basc_task.o
    0x10007940   0x00000020   Data   RO         2274    .constdata          basc_task.o
    0x10007960   0x00000010   Data   RO         2275    .constdata          basc_task.o
    0x10007970   0x00000044   Data   RO         2410    .constdata          disc_task.o
    0x100079b4   0x00000010   Data   RO         2411    .constdata          disc_task.o
    0x100079c4   0x00000018   Data   RO         2412    .constdata          disc_task.o
    0x100079dc   0x00000010   Data   RO         2413    .constdata          disc_task.o
    0x100079ec   0x00000033   Data   RO         2637    .constdata          uart.o
    0x10007a1f   0x00000001   PAD
    0x10007a20   0x00000028   Data   RO         3362    .constdata          qn9020b2_lib_allroles.lib(lib.o)
    0x10007a48   0x00000081   Data   RO         3773    .constdata          mc_p.l(ctype_o.o)
    0x10007ac9   0x00000003   PAD
    0x10007acc   0x00000004   Data   RO         3774    .constdata          mc_p.l(ctype_o.o)
    0x10007ad0   0x0000011a   Data   RO          970    .conststring        app_gap_task.o
    0x10007bea   0x00000002   PAD
    0x10007bec   0x000000ee   Data   RO         1197    .conststring        app_gatt_task.o
    0x10007cda   0x00000002   PAD
    0x10007cdc   0x000000ad   Data   RO         1375    .conststring        app_smp_task.o
    0x10007d89   0x00000003   PAD
    0x10007d8c   0x0000004f   Data   RO         1469    .conststring        app_basc_task.o
    0x10007ddb   0x00000001   PAD
    0x10007ddc   0x00000010   Data   RO         3804    Region$$Table       anon$$obj.o
    0x10007dec   0x00000002   Data   RW          629    .data               app_task.o
    0x10007dee   0x00000002   PAD
    0x10007df0   0x00000004   Data   RW         1470    .data               app_basc_task.o
    0x10007df4   0x00000004   Data   RW         1586    .data               app_disc_task.o
    0x10007df8   0x00000004   Data   RW         2220    .data               basc.o
    0x10007dfc   0x00000004   Data   RW         2362    .data               disc.o
    0x10007e00   0x00000004   Data   RW         2751    .data               gpio.o
    0x10007e04   0x0000001c   Data   RW         2859    .data               sleep.o
    0x10007e20   0x0000000c   Data   RW         2953    .data               syscon.o
    0x10007e2c   0x00000020   Data   RW         3047    .data               timer.o
    0x10007e4c   0x00000004   Data   RW         3145    .data               dma.o
    0x10007e50   0x00000004   Data   RW         3260    .data               retarget.o
    0x10007e54   0x00000040   Data   RW         3363    .data               qn9020b2_lib_allroles.lib(lib.o)
    0x10007e94   0x00000004   Data   RW         3449    .data               mc_p.l(rand.o)
    0x10007e98   0x00000004   Data   RW         3753    .data               mc_p.l(errno.o)
    0x10007e9c   0x00000b24   Zero   RW           16    .bss                app_main.o
    0x100089c0   0x00000460   Zero   RW          403    .bss                app_env.o
    0x10008e20   0x00000011   Zero   RW          599    .bss                app_sys.o
    0x10008e31   0x00000001   PAD
    0x10008e32   0x00000010   Zero   RW         2271    .bss                basc_task.o
    0x10008e42   0x00000010   Zero   RW         2409    .bss                disc_task.o
    0x10008e52   0x00000002   PAD
    0x10008e54   0x00000030   Zero   RW         2636    .bss                uart.o
    0x10008e84   0x000007c8   Zero   RW         3361    .bss                qn9020b2_lib_allroles.lib(lib.o)
    0x1000964c   0x00000004   PAD
    0x10009650   0x00000200   Zero   RW            1    STACK               startup.o


==============================================================================

Image component sizes


      Code (inc. data)   RO Data    RW Data    ZI Data      Debug   Object Name

       176         26          0          0          0       2075   app_basc.o
       516        304         79          4          0       5268   app_basc_task.o
       112         16          0          0          0       1445   app_disc.o
       460        210          0          4          0       3019   app_disc_task.o
       388         88          0          0       1120       3785   app_env.o
       620        126          0          0          0       6875   app_gap.o
      2018        832        282          0          0      15705   app_gap_task.o
        52         10          0          0          0        904   app_gatt.o
      2072       1158        238          0          0      14286   app_gatt_task.o
       368         80          0          0       2852      96937   app_main.o
      5722       2772          0          0          0      12293   app_menu.o
       128         20          0          0          0       1513   app_printf.o
       336         48          0          0          0       3314   app_smp.o
       944        244        173          0          0       5691   app_smp_task.o
       136         30          0          0         17       1523   app_sys.o
       100         20        544          2          0       1829   app_task.o
       872        116          0          0          0      11401   app_util.o
       192         30          0          4          0       5018   basc.o
      1168        126        132          0         16      11643   basc_task.o
       192         30          0          4          0       4254   disc.o
       532         78        124          0         16       6992   disc_task.o
        68         16          0          4          0      15297   dma.o
       146         12          0          4          0      19768   gpio.o
        96          8          0          0          0        957   led.o
      1442        146          0          0          0      15754   prf_utils.o
        10          0          0          4          0       2334   retarget.o
       556         78          0         28          0      22762   sleep.o
        48         14        192          0        512        832   startup.o
       524         82          0         12          0      19359   syscon.o
       424         88          0          0          0      29623   system.o
       208         32          0         32          0      18402   timer.o
       520         82         51          0         48      30155   uart.o
         6          0          0          0          0       1258   usr_design.o

    ----------------------------------------------------------------------
     21168       6922       1840        104       4584     392271   Object Totals
         0          0         16          0          0          0   (incl. Generated)
        16          0          9          2          3          0   (incl. Padding)

    ----------------------------------------------------------------------

      Code (inc. data)   RO Data    RW Data    ZI Data      Debug   Library Member Name

        30          0          0          0          0         60   _chval.o
       166          0          0          0          0         84   _strtoul.o
        26          0          0          0          0         72   atoi.o
         8          4        133          0          0         60   ctype_o.o
         0          0          0          0          0          0   entry.o
         0          0          0          0          0          0   entry10a.o
         0          0          0          0          0          0   entry11a.o
         8          4          0          0          0          0   entry2.o
         4          0          0          0          0          0   entry5.o
         0          0          0          0          0          0   entry7b.o
         0          0          0          0          0          0   entry8b.o
         8          4          0          0          0          0   entry9a.o
         8          4          0          4          0         60   errno.o
        30          0          0          0          0          0   handlers.o
        36          8          0          0          0         68   init.o
         0          0          0          0          0          0   iusefp.o
        32          0          0          0          0         68   llshl.o
        38          0          0          0          0         68   llsshr.o
        34          0          0          0          0         68   llushr.o
        36          0          0          0          0         60   memcpya.o
        36          0          0          0          0        100   memseta.o
      1172         52          0          0          0        324   printf8.o
        36         12          0          4          0        120   rand.o
       112          4          0          0          0         76   strtol.o
        44          0          0          0          0         72   uidiv.o
        40          2          0          0          0         68   cdcmple.o
       356          4          0          0          0        140   dadd.o
       236          0          0          0          0        216   depilogue.o
        72         10          0          0          0         72   dfixi.o
        40          6          0          0          0         68   dflti.o
        28          4          0          0          0         68   dfltui.o
       208          6          0          0          0         88   dmul.o
      5624        998         40         64       1992       3428   lib.o
       430          0          0          0          0        116   math.o
       144         10          0          0          0        204   qnrf.o

    ----------------------------------------------------------------------
      9052       1132        176         72       1996       5828   Library Totals
        10          0          3          0          4          0   (incl. Padding)

    ----------------------------------------------------------------------

      Code (inc. data)   RO Data    RW Data    ZI Data      Debug   Library Name

      1864         92        133          8          0       1360   mc_p.l
       980         32          0          0          0        720   mf_p.l
      6198       1008         40         64       1992       3748   qn9020b2_lib_allroles.lib

    ----------------------------------------------------------------------
      9052       1132        176         72       1996       5828   Library Totals

    ----------------------------------------------------------------------

==============================================================================


      Code (inc. data)   RO Data    RW Data    ZI Data      Debug   

     30220       8054       2016        176       6580     384991   Grand Totals
     30220       8054       2016        176       6580     384991   ELF Image Totals
     30220       8054       2016        176          0          0   ROM Totals

==============================================================================

    Total RO  Size (Code + RO Data)                32236 (  31.48kB)
    Total RW  Size (RW Data + ZI Data)              6756 (   6.60kB)
    Total ROM Size (Code + RO Data + RW Data)      32412 (  31.65kB)

==============================================================================

