<html>
<body>
<pre>
<h1>µVision Build Log</h1>
<h2>Project:</h2>
C:\Quintic Corporation\QBlue-1.3.2\Projects\BLE\prj_htpt\keil\htpt.uvproj
Project File Date:  07/21/2014

<h2>Output:</h2>
Build target 'htpt'
assembling startup.s...
compiling app_main.c...
compiling system.c...
compiling usr_design.c...
compiling app_util.c...
compiling app_env.c...
compiling app_printf.c...
compiling app_sys.c...
compiling app_task.c...
compiling app_gap.c...
compiling app_gap_task.c...
compiling app_gatt.c...
compiling app_gatt_task.c...
compiling app_smp.c...
compiling app_smp_task.c...
compiling app_htpt.c...
compiling app_htpt_task.c...
compiling app_diss.c...
compiling app_diss_task.c...
compiling prf_utils.c...
compiling htpt.c...
compiling htpt_task.c...
compiling diss.c...
compiling diss_task.c...
compiling uart.c...
compiling gpio.c...
compiling sleep.c...
compiling syscon.c...
compiling bletime.c...
compiling adc.c...
compiling analog.c...
compiling wdt.c...
compiling timer.c...
compiling rtc.c...
compiling led.c...
compiling button.c...
compiling retarget.c...
linking...
Program Size: Code=23836 RO-data=1876 RW-data=720 ZI-data=3640  
After Build - User command #1: fromelf --bin --output ./bin/htpt.bin ./obj/htpt.axf
".\obj\htpt.axf" - 0 Error(s), 0 Warning(s).
Load "C:\\Quintic Corporation\\QBlue-1.3.2\\Projects\\BLE\\prj_htpt\\keil\\obj\\htpt.axf" 
Set JLink Project File to "C:\Quintic Corporation\QBlue-1.3.2\Projects\BLE\prj_htpt\keil\JLinkSettings.ini"
* JLink Info: Device "QN9020" selected (0 KB flash, 32 KB RAM).
 
JLink info:
------------
DLL: V4.88b, compiled Jul 21 2014 16:16:56
Firmware: J-Link OB-SAM3U128 V1 compiled Dec 11 2013 20:20:11
Hardware: V1.00
S/N : 480020191 
 
* JLink Info: Found SWD-DP with ID 0x0BB11477
* JLink Info: Found Cortex-M0 r0p0, Little endian.
* JLink Info: FPUnit: 4 code (BP) slots and 0 literal slots
ROMTableAddr = 0xE00FF003
 
Target info:
------------
Device: QN9020
VTarget = 3.300V
State of Pins: 
TCK: 0, TDI: 0, TDO: 1, TMS: 1, TRES: 1, TRST: 1
Hardware-Breakpoints: 4
Software-Breakpoints: 8192
Watchpoints:          2
JTAG speed: 2000 kHz
 
Erase Done.
Programming Done.
Verify OK.
</pre>
</body>
</html>
