<!doctype html public "-//w3c//dtd html 4.0 transitional//en">
<html><head>
<title>Static Call Graph - [.\obj\client.axf]</title></head>
<body><HR>
<H1>Static Call Graph for image .\obj\client.axf</H1><HR>
<BR><P>#&#060CALLGRAPH&#062# ARM Linker, 5040049: Last Updated: Thu Jul 24 11:01:53 2014
<BR><P>
<H3>Maximum Stack Usage =        264 bytes + Unknown(Cycles, Untraceable Function Pointers)</H3><H3>
Call chain for Maximum Stack Depth:</H3>
app_gap_dev_inq_result_handler &rArr; app_correct_rssi &rArr; __aeabi_dmul &rArr; _double_epilogue &rArr; __aeabi_llsr
<P>
<H3>
Mutually Recursive functions
</H3> <LI><a href="#[1]">NMI_Handler</a>&nbsp;&nbsp;&nbsp;&rArr;&nbsp;&nbsp;&nbsp;<a href="#[1]">NMI_Handler</a><BR>
 <LI><a href="#[2]">HardFault_Handler</a>&nbsp;&nbsp;&nbsp;&rArr;&nbsp;&nbsp;&nbsp;<a href="#[2]">HardFault_Handler</a><BR>
 <LI><a href="#[3]">MemManage_Handler</a>&nbsp;&nbsp;&nbsp;&rArr;&nbsp;&nbsp;&nbsp;<a href="#[3]">MemManage_Handler</a><BR>
 <LI><a href="#[4]">BusFault_Handler</a>&nbsp;&nbsp;&nbsp;&rArr;&nbsp;&nbsp;&nbsp;<a href="#[4]">BusFault_Handler</a><BR>
 <LI><a href="#[5]">UsageFault_Handler</a>&nbsp;&nbsp;&nbsp;&rArr;&nbsp;&nbsp;&nbsp;<a href="#[5]">UsageFault_Handler</a><BR>
 <LI><a href="#[6]">SVC_Handler</a>&nbsp;&nbsp;&nbsp;&rArr;&nbsp;&nbsp;&nbsp;<a href="#[6]">SVC_Handler</a><BR>
 <LI><a href="#[7]">DebugMon_Handler</a>&nbsp;&nbsp;&nbsp;&rArr;&nbsp;&nbsp;&nbsp;<a href="#[7]">DebugMon_Handler</a><BR>
 <LI><a href="#[8]">PendSV_Handler</a>&nbsp;&nbsp;&nbsp;&rArr;&nbsp;&nbsp;&nbsp;<a href="#[8]">PendSV_Handler</a><BR>
 <LI><a href="#[9]">SysTick_Handler</a>&nbsp;&nbsp;&nbsp;&rArr;&nbsp;&nbsp;&nbsp;<a href="#[9]">SysTick_Handler</a><BR>
 <LI><a href="#[11]">ADC_IRQHandler</a>&nbsp;&nbsp;&nbsp;&rArr;&nbsp;&nbsp;&nbsp;<a href="#[11]">ADC_IRQHandler</a><BR>
 <LI><a href="#[ae]">uart_clock_off</a>&nbsp;&nbsp;&nbsp;&rArr;&nbsp;&nbsp;&nbsp;<a href="#[ae]">uart_clock_off</a><BR>
 <LI><a href="#[af]">spi_clock_off</a>&nbsp;&nbsp;&nbsp;&rArr;&nbsp;&nbsp;&nbsp;<a href="#[af]">spi_clock_off</a><BR>
</UL>
<P>
<H3>
Function Pointers
</H3><UL>
 <LI><a href="#[11]">ADC_IRQHandler</a> from startup.o(.text) referenced from startup.o(RESET)
 <LI><a href="#[d]">BLE_IRQHandler</a> from lib.o(i.BLE_IRQHandler) referenced from startup.o(RESET)
 <LI><a href="#[4]">BusFault_Handler</a> from startup.o(.text) referenced from startup.o(RESET)
 <LI><a href="#[23]">CALIB_IRQHandler</a> from startup.o(.text) referenced from startup.o(RESET)
 <LI><a href="#[b]">COMPARATOR0_IRQHandler</a> from startup.o(.text) referenced from startup.o(RESET)
 <LI><a href="#[c]">COMPARATOR1_IRQHandler</a> from startup.o(.text) referenced from startup.o(RESET)
 <LI><a href="#[12]">DMA_IRQHandler</a> from dma.o(i.DMA_IRQHandler) referenced from startup.o(RESET)
 <LI><a href="#[7]">DebugMon_Handler</a> from startup.o(.text) referenced from startup.o(RESET)
 <LI><a href="#[a]">GPIO_IRQHandler</a> from gpio.o(i.GPIO_IRQHandler) referenced from startup.o(RESET)
 <LI><a href="#[2]">HardFault_Handler</a> from startup.o(.text) referenced from startup.o(RESET)
 <LI><a href="#[1b]">I2C_IRQHandler</a> from startup.o(.text) referenced from startup.o(RESET)
 <LI><a href="#[3]">MemManage_Handler</a> from startup.o(.text) referenced from startup.o(RESET)
 <LI><a href="#[1]">NMI_Handler</a> from startup.o(.text) referenced from startup.o(RESET)
 <LI><a href="#[f]">OSC_EN_IRQHandler</a> from sleep.o(i.OSC_EN_IRQHandler) referenced from startup.o(RESET)
 <LI><a href="#[21]">PWM0_IRQHandler</a> from startup.o(.text) referenced from startup.o(RESET)
 <LI><a href="#[22]">PWM1_IRQHandler</a> from startup.o(.text) referenced from startup.o(RESET)
 <LI><a href="#[8]">PendSV_Handler</a> from startup.o(.text) referenced from startup.o(RESET)
 <LI><a href="#[e]">RTC_CAP_IRQHandler</a> from startup.o(.text) referenced from startup.o(RESET)
 <LI><a href="#[10]">RTC_IRQHandler</a> from startup.o(.text) referenced from startup.o(RESET)
 <LI><a href="#[0]">Reset_Handler</a> from startup.o(.text) referenced from startup.o(RESET)
 <LI><a href="#[16]">SPI0_RX_IRQHandler</a> from startup.o(.text) referenced from startup.o(RESET)
 <LI><a href="#[15]">SPI0_TX_IRQHandler</a> from startup.o(.text) referenced from startup.o(RESET)
 <LI><a href="#[1a]">SPI1_RX_IRQHandler</a> from startup.o(.text) referenced from startup.o(RESET)
 <LI><a href="#[19]">SPI1_TX_IRQHandler</a> from startup.o(.text) referenced from startup.o(RESET)
 <LI><a href="#[6]">SVC_Handler</a> from startup.o(.text) referenced from startup.o(RESET)
 <LI><a href="#[9]">SysTick_Handler</a> from startup.o(.text) referenced from startup.o(RESET)
 <LI><a href="#[1c]">TIMER0_IRQHandler</a> from timer.o(i.TIMER0_IRQHandler) referenced from startup.o(RESET)
 <LI><a href="#[1d]">TIMER1_IRQHandler</a> from timer.o(i.TIMER1_IRQHandler) referenced from startup.o(RESET)
 <LI><a href="#[1e]">TIMER2_IRQHandler</a> from timer.o(i.TIMER2_IRQHandler) referenced from startup.o(RESET)
 <LI><a href="#[1f]">TIMER3_IRQHandler</a> from timer.o(i.TIMER3_IRQHandler) referenced from startup.o(RESET)
 <LI><a href="#[24]">TUNER_RX_IRQHandler</a> from startup.o(.text) referenced from startup.o(RESET)
 <LI><a href="#[26]">TUNER_SETTING_IRQHandler</a> from startup.o(.text) referenced from startup.o(RESET)
 <LI><a href="#[25]">TUNER_TX_IRQHandler</a> from startup.o(.text) referenced from startup.o(RESET)
 <LI><a href="#[14]">UART0_RX_IRQHandler</a> from uart.o(i.UART0_RX_IRQHandler) referenced from startup.o(RESET)
 <LI><a href="#[13]">UART0_TX_IRQHandler</a> from uart.o(i.UART0_TX_IRQHandler) referenced from startup.o(RESET)
 <LI><a href="#[18]">UART1_RX_IRQHandler</a> from startup.o(.text) referenced from startup.o(RESET)
 <LI><a href="#[17]">UART1_TX_IRQHandler</a> from startup.o(.text) referenced from startup.o(RESET)
 <LI><a href="#[5]">UsageFault_Handler</a> from startup.o(.text) referenced from startup.o(RESET)
 <LI><a href="#[20]">WDT_IRQHandler</a> from startup.o(.text) referenced from startup.o(RESET)
 <LI><a href="#[28]">__main</a> from entry.o(.ARM.Collect$$$$00000000) referenced from startup.o(.text)
 <LI><a href="#[7c]">app_basc_batt_level_ind_handler</a> from app_basc_task.o(i.app_basc_batt_level_ind_handler) referenced from app_task.o(.constdata)
 <LI><a href="#[7a]">app_basc_batt_level_ntf_cfg_rd_rsp_handler</a> from app_basc_task.o(i.app_basc_batt_level_ntf_cfg_rd_rsp_handler) referenced from app_task.o(.constdata)
 <LI><a href="#[7b]">app_basc_batt_level_pres_format_rd_rsp_handler</a> from app_basc_task.o(i.app_basc_batt_level_pres_format_rd_rsp_handler) referenced from app_task.o(.constdata)
 <LI><a href="#[7d]">app_basc_disable_ind_handler</a> from app_basc_task.o(i.app_basc_disable_ind_handler) referenced from app_task.o(.constdata)
 <LI><a href="#[77]">app_basc_enable_cfm_handler</a> from app_basc_task.o(i.app_basc_enable_cfm_handler) referenced from app_task.o(.constdata)
 <LI><a href="#[78]">app_basc_error_ind_handler</a> from app_basc_task.o(i.app_basc_error_ind_handler) referenced from app_task.o(.constdata)
 <LI><a href="#[79]">app_basc_wr_char_rsp_handler</a> from app_basc_task.o(i.app_basc_wr_char_rsp_handler) referenced from app_task.o(.constdata)
 <LI><a href="#[76]">app_disc_disable_ind_handler</a> from app_disc_task.o(i.app_disc_disable_ind_handler) referenced from app_task.o(.constdata)
 <LI><a href="#[74]">app_disc_enable_cfm_handler</a> from app_disc_task.o(i.app_disc_enable_cfm_handler) referenced from app_task.o(.constdata)
 <LI><a href="#[75]">app_disc_rd_char_rsp_handler</a> from app_disc_task.o(i.app_disc_rd_char_rsp_handler) referenced from app_task.o(.constdata)
 <LI><a href="#[54]">app_gap_bond_req_cmp_ind_handler</a> from app_gap_task.o(i.app_gap_bond_req_cmp_ind_handler) referenced from app_task.o(.constdata)
 <LI><a href="#[53]">app_gap_bond_req_ind_handler</a> from app_gap_task.o(i.app_gap_bond_req_ind_handler) referenced from app_task.o(.constdata)
 <LI><a href="#[4a]">app_gap_cancel_conn_req_cmp_evt_handler</a> from app_gap_task.o(i.app_gap_cancel_conn_req_cmp_evt_handler) referenced from app_task.o(.constdata)
 <LI><a href="#[4f]">app_gap_change_param_req_cmp_handler</a> from app_gap_task.o(i.app_gap_change_param_req_cmp_handler) referenced from app_task.o(.constdata)
 <LI><a href="#[47]">app_gap_dev_inq_cmp_handler</a> from app_gap_task.o(i.app_gap_dev_inq_cmp_handler) referenced from app_task.o(.constdata)
 <LI><a href="#[48]">app_gap_dev_inq_result_handler</a> from app_gap_task.o(i.app_gap_dev_inq_result_handler) referenced from app_task.o(.constdata)
 <LI><a href="#[52]">app_gap_discon_cmp_evt_handler</a> from app_gap_task.o(i.app_gap_discon_cmp_evt_handler) referenced from app_task.o(.constdata)
 <LI><a href="#[51]">app_gap_le_create_conn_req_cmp_evt_handler</a> from app_gap_task.o(i.app_gap_le_create_conn_req_cmp_evt_handler) referenced from app_task.o(.constdata)
 <LI><a href="#[4b]">app_gap_name_req_cmp_handler</a> from app_gap_task.o(i.app_gap_name_req_cmp_handler) referenced from app_task.o(.constdata)
 <LI><a href="#[4c]">app_gap_param_update_req_ind_handler</a> from app_gap_task.o(i.app_gap_param_update_req_ind_handler) referenced from app_task.o(.constdata)
 <LI><a href="#[44]">app_gap_read_bdaddr_req_cmp_evt_handler</a> from app_gap_task.o(i.app_gap_read_bdaddr_req_cmp_evt_handler) referenced from app_task.o(.constdata)
 <LI><a href="#[43]">app_gap_read_ver_req_cmp_evt_handler</a> from app_gap_task.o(i.app_gap_read_ver_req_cmp_evt_handler) referenced from app_task.o(.constdata)
 <LI><a href="#[45]">app_gap_ready_evt_handler</a> from app_gap_task.o(i.app_gap_ready_evt_handler) referenced from app_task.o(.constdata)
 <LI><a href="#[41]">app_gap_reset_req_cmp_handler</a> from app_gap_task.o(i.app_gap_reset_req_cmp_handler) referenced from app_task.o(.constdata)
 <LI><a href="#[49]">app_gap_scan_req_cmp_evt_handler</a> from app_gap_task.o(i.app_gap_scan_req_cmp_evt_handler) referenced from app_task.o(.constdata)
 <LI><a href="#[46]">app_gap_set_devname_req_cmp_evt_handler</a> from app_gap_task.o(i.app_gap_set_devname_req_cmp_evt_handler) referenced from app_task.o(.constdata)
 <LI><a href="#[50]">app_gap_set_mode_req_cmp_evt_handler</a> from app_gap_task.o(i.app_gap_set_mode_req_cmp_evt_handler) referenced from app_task.o(.constdata)
 <LI><a href="#[4e]">app_gap_set_ph_privacy_req_cmp_handler</a> from app_gap_task.o(i.app_gap_set_ph_privacy_req_cmp_handler) referenced from app_task.o(.constdata)
 <LI><a href="#[55]">app_gap_set_random_add_req_cmp_handler</a> from app_gap_task.o(i.app_gap_set_random_add_req_cmp_handler) referenced from app_task.o(.constdata)
 <LI><a href="#[4d]">app_gap_set_recon_addr_req_cmp_handler</a> from app_gap_task.o(i.app_gap_set_recon_addr_req_cmp_handler) referenced from app_task.o(.constdata)
 <LI><a href="#[42]">app_gap_set_sec_req_cmp_evt_handler</a> from app_gap_task.o(i.app_gap_set_sec_req_cmp_evt_handler) referenced from app_task.o(.constdata)
 <LI><a href="#[65]">app_gatt_cancel_write_char_resp_handler</a> from app_gatt_task.o(i.app_gatt_cancel_write_char_resp_handler) referenced from app_task.o(.constdata)
 <LI><a href="#[6b]">app_gatt_cmp_evt_handler</a> from app_gatt_task.o(i.app_gatt_cmp_evt_handler) referenced from app_task.o(.constdata)
 <LI><a href="#[5d]">app_gatt_disc_char_all_128_cmp_evt_handler</a> from app_gatt_task.o(i.app_gatt_disc_char_all_128_cmp_evt_handler) referenced from app_task.o(.constdata)
 <LI><a href="#[5b]">app_gatt_disc_char_all_cmp_evt_handler</a> from app_gatt_task.o(i.app_gatt_disc_char_all_cmp_evt_handler) referenced from app_task.o(.constdata)
 <LI><a href="#[5e]">app_gatt_disc_char_by_uuid_128_cmp_evt_handler</a> from app_gatt_task.o(i.app_gatt_disc_char_by_uuid_128_cmp_evt_handler) referenced from app_task.o(.constdata)
 <LI><a href="#[5c]">app_gatt_disc_char_by_uuid_cmp_evt_handler</a> from app_gatt_task.o(i.app_gatt_disc_char_by_uuid_cmp_evt_handler) referenced from app_task.o(.constdata)
 <LI><a href="#[60]">app_gatt_disc_char_desc_128_cmp_evt_handler</a> from app_gatt_task.o(i.app_gatt_disc_char_desc_128_cmp_evt_handler) referenced from app_task.o(.constdata)
 <LI><a href="#[5f]">app_gatt_disc_char_desc_cmp_evt_handler</a> from app_gatt_task.o(i.app_gatt_disc_char_desc_cmp_evt_handler) referenced from app_task.o(.constdata)
 <LI><a href="#[6a]">app_gatt_disc_cmp_evt_handler</a> from app_gatt_task.o(i.app_gatt_disc_cmp_evt_handler) referenced from app_task.o(.constdata)
 <LI><a href="#[5a]">app_gatt_disc_svc_all_128_cmp_evt_handler</a> from app_gatt_task.o(i.app_gatt_disc_svc_all_128_cmp_evt_handler) referenced from app_task.o(.constdata)
 <LI><a href="#[57]">app_gatt_disc_svc_all_cmp_evt_handler</a> from app_gatt_task.o(i.app_gatt_disc_svc_all_cmp_evt_handler) referenced from app_task.o(.constdata)
 <LI><a href="#[58]">app_gatt_disc_svc_by_uuid_cmp_evt_handler</a> from app_gatt_task.o(i.app_gatt_disc_svc_by_uuid_cmp_evt_handler) referenced from app_task.o(.constdata)
 <LI><a href="#[59]">app_gatt_disc_svc_incl_cmp_evt_handler</a> from app_gatt_task.o(i.app_gatt_disc_svc_incl_cmp_evt_handler) referenced from app_task.o(.constdata)
 <LI><a href="#[69]">app_gatt_handle_value_cfm_handler</a> from app_gatt_task.o(i.app_gatt_handle_value_cfm_handler) referenced from app_task.o(.constdata)
 <LI><a href="#[68]">app_gatt_handle_value_ind_handler</a> from app_gatt_task.o(i.app_gatt_handle_value_ind_handler) referenced from app_task.o(.constdata)
 <LI><a href="#[67]">app_gatt_handle_value_notif_handler</a> from app_gatt_task.o(i.app_gatt_handle_value_notif_handler) referenced from app_task.o(.constdata)
 <LI><a href="#[66]">app_gatt_notify_cmp_evt_handler</a> from app_gatt_task.o(i.app_gatt_notify_cmp_evt_handler) referenced from app_task.o(.constdata)
 <LI><a href="#[62]">app_gatt_read_char_mult_resp_handler</a> from app_gatt_task.o(i.app_gatt_read_char_mult_resp_handler) referenced from app_task.o(.constdata)
 <LI><a href="#[61]">app_gatt_read_char_resp_handler</a> from app_gatt_task.o(i.app_gatt_read_char_resp_handler) referenced from app_task.o(.constdata)
 <LI><a href="#[56]">app_gatt_resource_access_req_handler</a> from app_gap_task.o(i.app_gatt_resource_access_req_handler) referenced from app_task.o(.constdata)
 <LI><a href="#[64]">app_gatt_write_char_reliable_resp_handler</a> from app_gatt_task.o(i.app_gatt_write_char_reliable_resp_handler) referenced from app_task.o(.constdata)
 <LI><a href="#[63]">app_gatt_write_char_resp_handler</a> from app_gatt_task.o(i.app_gatt_write_char_resp_handler) referenced from app_task.o(.constdata)
 <LI><a href="#[71]">app_smpc_chk_bd_addr_req_ind_handler</a> from app_smp_task.o(i.app_smpc_chk_bd_addr_req_ind_handler) referenced from app_task.o(.constdata)
 <LI><a href="#[70]">app_smpc_irk_req_ind_handler</a> from app_smp_task.o(i.app_smpc_irk_req_ind_handler) referenced from app_task.o(.constdata)
 <LI><a href="#[6d]">app_smpc_key_ind_handler</a> from app_smp_task.o(i.app_smpc_key_ind_handler) referenced from app_task.o(.constdata)
 <LI><a href="#[6f]">app_smpc_ltk_req_ind_handler</a> from app_smp_task.o(i.app_smpc_ltk_req_ind_handler) referenced from app_task.o(.constdata)
 <LI><a href="#[72]">app_smpc_sec_started_ind_handler</a> from app_smp_task.o(i.app_smpc_sec_started_ind_handler) referenced from app_task.o(.constdata)
 <LI><a href="#[73]">app_smpc_timeout_evt_handler</a> from app_smp_task.o(i.app_smpc_timeout_evt_handler) referenced from app_task.o(.constdata)
 <LI><a href="#[6e]">app_smpc_tk_req_ind_handler</a> from app_smp_task.o(i.app_smpc_tk_req_ind_handler) referenced from app_task.o(.constdata)
 <LI><a href="#[6c]">app_smpm_set_key_cfm_handler</a> from app_smp_task.o(i.app_smpm_set_key_cfm_handler) referenced from app_task.o(.constdata)
 <LI><a href="#[40]">app_uart_data_ind_handler</a> from app_task.o(i.app_uart_data_ind_handler) referenced from app_task.o(.constdata)
 <LI><a href="#[2a]">app_uart_rx_done</a> from app_sys.o(i.app_uart_rx_done) referenced from app_sys.o(i.app_uart_init)
 <LI><a href="#[2a]">app_uart_rx_done</a> from app_sys.o(i.app_uart_rx_done) referenced from app_sys.o(i.app_uart_rx_done)
 <LI><a href="#[2b]">attc_rd_blob_req_handler_patch</a> from lib.o(i.attc_rd_blob_req_handler_patch) referenced from lib.o(i.ble_init)
 <LI><a href="#[3e]">atts_req_error_ind_handler_patch</a> from lib.o(i.atts_req_error_ind_handler_patch) referenced from lib.o(i.task_gatt_desc_register)
 <LI><a href="#[7f]">basc_batt_level_ntf_cfg_req_handler</a> from basc_task.o(i.basc_batt_level_ntf_cfg_req_handler) referenced from basc_task.o(.constdata)
 <LI><a href="#[7e]">basc_char_rd_req_handler</a> from basc_task.o(i.basc_char_rd_req_handler) referenced from basc_task.o(.constdata)
 <LI><a href="#[87]">basc_enable_req_handler</a> from basc_task.o(i.basc_enable_req_handler) referenced from basc_task.o(.constdata)
 <LI><a href="#[35]">default_enter_sleep_cb</a> from lib.o(i.default_enter_sleep_cb) referenced from lib.o(i.plf_init)
 <LI><a href="#[36]">default_exit_sleep_cb</a> from lib.o(i.default_exit_sleep_cb) referenced from lib.o(i.plf_init)
 <LI><a href="#[8e]">disc_enable_req_handler</a> from disc_task.o(i.disc_enable_req_handler) referenced from disc_task.o(.constdata)
 <LI><a href="#[89]">disc_rd_char_req_handler</a> from disc_task.o(i.disc_rd_char_req_handler) referenced from disc_task.o(.constdata)
 <LI><a href="#[33]">foo1</a> from lib.o(i.foo1) referenced from lib.o(i.plf_init)
 <LI><a href="#[29]">fputc</a> from retarget.o(i.fputc) referenced from printf8.o(i.__0printf$8)
 <LI><a href="#[88]">gap_discon_cmp_evt_handler</a> from basc_task.o(i.gap_discon_cmp_evt_handler) referenced 2 times from basc_task.o(.constdata)
 <LI><a href="#[2f]">gap_discon_ind_handler_patch</a> from lib.o(i.gap_discon_ind_handler_patch) referenced from lib.o(i.ble_init)
 <LI><a href="#[3a]">gap_set_mode_req_handler_patch</a> from lib.o(i.gap_set_mode_req_handler_patch) referenced from lib.o(i.task_gap_desc_register)
 <LI><a href="#[86]">gatt_cmp_evt_handler</a> from basc_task.o(i.gatt_cmp_evt_handler) referenced 2 times from basc_task.o(.constdata)
 <LI><a href="#[84]">gatt_disc_char_all_evt_handler</a> from basc_task.o(i.gatt_disc_char_all_evt_handler) referenced 2 times from basc_task.o(.constdata)
 <LI><a href="#[85]">gatt_disc_char_desc_evt_handler</a> from basc_task.o(i.gatt_disc_char_desc_evt_handler) referenced from basc_task.o(.constdata)
 <LI><a href="#[83]">gatt_disc_svc_by_uuid_evt_handler</a> from basc_task.o(i.gatt_disc_svc_by_uuid_evt_handler) referenced 2 times from basc_task.o(.constdata)
 <LI><a href="#[82]">gatt_handle_value_ntf_handler</a> from basc_task.o(i.gatt_handle_value_ntf_handler) referenced from basc_task.o(.constdata)
 <LI><a href="#[80]">gatt_rd_char_rsp_handler</a> from basc_task.o(i.gatt_rd_char_rsp_handler) referenced 2 times from basc_task.o(.constdata)
 <LI><a href="#[3c]">gatt_read_char_req_handler_patch</a> from lib.o(i.gatt_read_char_req_handler_patch) referenced from lib.o(i.task_gatt_desc_register)
 <LI><a href="#[3d]">gatt_write_char_req_handler_patch</a> from lib.o(i.gatt_write_char_req_handler_patch) referenced from lib.o(i.task_gatt_desc_register)
 <LI><a href="#[81]">gatt_write_char_rsp_handler</a> from basc_task.o(i.gatt_write_char_rsp_handler) referenced from basc_task.o(.constdata)
 <LI><a href="#[2e]">l2cc_data_packet_ind_handler_patch</a> from lib.o(i.l2cc_data_packet_ind_handler_patch) referenced from lib.o(i.ble_init)
 <LI><a href="#[3f]">l2cc_data_send_rsp_handler_patch</a> from lib.o(i.l2cc_data_send_rsp_handler_patch) referenced from lib.o(i.task_gatt_desc_register)
 <LI><a href="#[3b]">llc_disc_evt_complete_handler_patch</a> from lib.o(i.llc_disc_evt_complete_handler_patch) referenced from lib.o(i.task_gap_desc_register)
 <LI><a href="#[2d]">llc_le_con_update_cmd_handler_new</a> from lib.o(i.llc_le_con_update_cmd_handler_new) referenced from lib.o(i.ble_init)
 <LI><a href="#[34]">lld_sleep_lpcycles_2_us</a> from lib.o(i.lld_sleep_lpcycles_2_us) referenced from lib.o(i.plf_init)
 <LI><a href="#[38]">llm_create_con_cmd_complete_handler_patch</a> from lib.o(i.llm_create_con_cmd_complete_handler_patch) referenced from lib.o(i.task_gap_desc_register)
 <LI><a href="#[2c]">llm_le_create_con_cmd_handler_new</a> from lib.o(i.llm_le_create_con_cmd_handler_new) referenced from lib.o(i.ble_init)
 <LI><a href="#[39]">llm_le_create_con_stat_evt_handler_patch</a> from lib.o(i.llm_le_create_con_stat_evt_handler_patch) referenced from lib.o(i.task_gap_desc_register)
 <LI><a href="#[27]">main</a> from app_main.o(i.main) referenced from entry9a.o(.ARM.Collect$$$$0000000B)
 <LI><a href="#[37]">plf_reset_cb</a> from lib.o(i.plf_reset_cb) referenced from lib.o(i.plf_init)
 <LI><a href="#[31]">prf_dispatch_disconnect</a> from prf_utils.o(i.prf_dispatch_disconnect) referenced from app_main.o(i.main)
 <LI><a href="#[30]">prf_init</a> from prf_utils.o(i.prf_init) referenced from app_main.o(i.main)
 <LI><a href="#[32]">sleep_cb</a> from sleep.o(i.sleep_cb) referenced from app_main.o(i.main)
</UL>
<P>
<H3>
Global Symbols
</H3>
<P><STRONG><a name="[28]"></a>__main</STRONG> (Thumb, 0 bytes, Stack size unknown bytes, entry.o(.ARM.Collect$$$$00000000))
<BR>[Address Reference Count : 1]<UL><LI> startup.o(.text)
</UL>
<P><STRONG><a name="[15f]"></a>_main_stk</STRONG> (Thumb, 0 bytes, Stack size unknown bytes, entry2.o(.ARM.Collect$$$$00000001))

<P><STRONG><a name="[90]"></a>_main_scatterload</STRONG> (Thumb, 0 bytes, Stack size unknown bytes, entry5.o(.ARM.Collect$$$$00000004))
<BR><BR>[Calls]<UL><LI><a href="#[91]">&gt;&gt;</a>&nbsp;&nbsp;&nbsp;__scatterload
</UL>

<P><STRONG><a name="[a7]"></a>__main_after_scatterload</STRONG> (Thumb, 0 bytes, Stack size unknown bytes, entry5.o(.ARM.Collect$$$$00000004))
<BR><BR>[Called By]<UL><LI><a href="#[91]">&gt;&gt;</a>&nbsp;&nbsp;&nbsp;__scatterload
</UL>

<P><STRONG><a name="[160]"></a>_main_clock</STRONG> (Thumb, 0 bytes, Stack size unknown bytes, entry7b.o(.ARM.Collect$$$$00000008))

<P><STRONG><a name="[161]"></a>_main_cpp_init</STRONG> (Thumb, 0 bytes, Stack size unknown bytes, entry8b.o(.ARM.Collect$$$$0000000A))

<P><STRONG><a name="[162]"></a>_main_init</STRONG> (Thumb, 0 bytes, Stack size unknown bytes, entry9a.o(.ARM.Collect$$$$0000000B))

<P><STRONG><a name="[163]"></a>__rt_final_cpp</STRONG> (Thumb, 0 bytes, Stack size unknown bytes, entry10a.o(.ARM.Collect$$$$0000000D))

<P><STRONG><a name="[164]"></a>__rt_final_exit</STRONG> (Thumb, 0 bytes, Stack size unknown bytes, entry11a.o(.ARM.Collect$$$$0000000F))

<P><STRONG><a name="[0]"></a>Reset_Handler</STRONG> (Thumb, 14 bytes, Stack size 0 bytes, startup.o(.text))
<BR>[Address Reference Count : 1]<UL><LI> startup.o(RESET)
</UL>
<P><STRONG><a name="[1]"></a>NMI_Handler</STRONG> (Thumb, 2 bytes, Stack size 0 bytes, startup.o(.text))
<BR><BR>[Calls]<UL><LI><a href="#[1]">&gt;&gt;</a>&nbsp;&nbsp;&nbsp;NMI_Handler
</UL>
<BR>[Called By]<UL><LI><a href="#[1]">&gt;&gt;</a>&nbsp;&nbsp;&nbsp;NMI_Handler
</UL>
<BR>[Address Reference Count : 1]<UL><LI> startup.o(RESET)
</UL>
<P><STRONG><a name="[2]"></a>HardFault_Handler</STRONG> (Thumb, 2 bytes, Stack size 0 bytes, startup.o(.text))
<BR><BR>[Calls]<UL><LI><a href="#[2]">&gt;&gt;</a>&nbsp;&nbsp;&nbsp;HardFault_Handler
</UL>
<BR>[Called By]<UL><LI><a href="#[2]">&gt;&gt;</a>&nbsp;&nbsp;&nbsp;HardFault_Handler
</UL>
<BR>[Address Reference Count : 1]<UL><LI> startup.o(RESET)
</UL>
<P><STRONG><a name="[3]"></a>MemManage_Handler</STRONG> (Thumb, 2 bytes, Stack size 0 bytes, startup.o(.text))
<BR><BR>[Calls]<UL><LI><a href="#[3]">&gt;&gt;</a>&nbsp;&nbsp;&nbsp;MemManage_Handler
</UL>
<BR>[Called By]<UL><LI><a href="#[3]">&gt;&gt;</a>&nbsp;&nbsp;&nbsp;MemManage_Handler
</UL>
<BR>[Address Reference Count : 1]<UL><LI> startup.o(RESET)
</UL>
<P><STRONG><a name="[4]"></a>BusFault_Handler</STRONG> (Thumb, 2 bytes, Stack size 0 bytes, startup.o(.text))
<BR><BR>[Calls]<UL><LI><a href="#[4]">&gt;&gt;</a>&nbsp;&nbsp;&nbsp;BusFault_Handler
</UL>
<BR>[Called By]<UL><LI><a href="#[4]">&gt;&gt;</a>&nbsp;&nbsp;&nbsp;BusFault_Handler
</UL>
<BR>[Address Reference Count : 1]<UL><LI> startup.o(RESET)
</UL>
<P><STRONG><a name="[5]"></a>UsageFault_Handler</STRONG> (Thumb, 2 bytes, Stack size 0 bytes, startup.o(.text))
<BR><BR>[Calls]<UL><LI><a href="#[5]">&gt;&gt;</a>&nbsp;&nbsp;&nbsp;UsageFault_Handler
</UL>
<BR>[Called By]<UL><LI><a href="#[5]">&gt;&gt;</a>&nbsp;&nbsp;&nbsp;UsageFault_Handler
</UL>
<BR>[Address Reference Count : 1]<UL><LI> startup.o(RESET)
</UL>
<P><STRONG><a name="[6]"></a>SVC_Handler</STRONG> (Thumb, 2 bytes, Stack size 0 bytes, startup.o(.text))
<BR><BR>[Calls]<UL><LI><a href="#[6]">&gt;&gt;</a>&nbsp;&nbsp;&nbsp;SVC_Handler
</UL>
<BR>[Called By]<UL><LI><a href="#[6]">&gt;&gt;</a>&nbsp;&nbsp;&nbsp;SVC_Handler
</UL>
<BR>[Address Reference Count : 1]<UL><LI> startup.o(RESET)
</UL>
<P><STRONG><a name="[7]"></a>DebugMon_Handler</STRONG> (Thumb, 2 bytes, Stack size 0 bytes, startup.o(.text))
<BR><BR>[Calls]<UL><LI><a href="#[7]">&gt;&gt;</a>&nbsp;&nbsp;&nbsp;DebugMon_Handler
</UL>
<BR>[Called By]<UL><LI><a href="#[7]">&gt;&gt;</a>&nbsp;&nbsp;&nbsp;DebugMon_Handler
</UL>
<BR>[Address Reference Count : 1]<UL><LI> startup.o(RESET)
</UL>
<P><STRONG><a name="[8]"></a>PendSV_Handler</STRONG> (Thumb, 2 bytes, Stack size 0 bytes, startup.o(.text))
<BR><BR>[Calls]<UL><LI><a href="#[8]">&gt;&gt;</a>&nbsp;&nbsp;&nbsp;PendSV_Handler
</UL>
<BR>[Called By]<UL><LI><a href="#[8]">&gt;&gt;</a>&nbsp;&nbsp;&nbsp;PendSV_Handler
</UL>
<BR>[Address Reference Count : 1]<UL><LI> startup.o(RESET)
</UL>
<P><STRONG><a name="[9]"></a>SysTick_Handler</STRONG> (Thumb, 2 bytes, Stack size 0 bytes, startup.o(.text))
<BR><BR>[Calls]<UL><LI><a href="#[9]">&gt;&gt;</a>&nbsp;&nbsp;&nbsp;SysTick_Handler
</UL>
<BR>[Called By]<UL><LI><a href="#[9]">&gt;&gt;</a>&nbsp;&nbsp;&nbsp;SysTick_Handler
</UL>
<BR>[Address Reference Count : 1]<UL><LI> startup.o(RESET)
</UL>
<P><STRONG><a name="[11]"></a>ADC_IRQHandler</STRONG> (Thumb, 0 bytes, Stack size 0 bytes, startup.o(.text))
<BR><BR>[Calls]<UL><LI><a href="#[11]">&gt;&gt;</a>&nbsp;&nbsp;&nbsp;ADC_IRQHandler
</UL>
<BR>[Called By]<UL><LI><a href="#[11]">&gt;&gt;</a>&nbsp;&nbsp;&nbsp;ADC_IRQHandler
</UL>
<BR>[Address Reference Count : 1]<UL><LI> startup.o(RESET)
</UL>
<P><STRONG><a name="[23]"></a>CALIB_IRQHandler</STRONG> (Thumb, 0 bytes, Stack size 0 bytes, startup.o(.text))
<BR>[Address Reference Count : 1]<UL><LI> startup.o(RESET)
</UL>
<P><STRONG><a name="[b]"></a>COMPARATOR0_IRQHandler</STRONG> (Thumb, 0 bytes, Stack size 0 bytes, startup.o(.text))
<BR>[Address Reference Count : 1]<UL><LI> startup.o(RESET)
</UL>
<P><STRONG><a name="[c]"></a>COMPARATOR1_IRQHandler</STRONG> (Thumb, 0 bytes, Stack size 0 bytes, startup.o(.text))
<BR>[Address Reference Count : 1]<UL><LI> startup.o(RESET)
</UL>
<P><STRONG><a name="[1b]"></a>I2C_IRQHandler</STRONG> (Thumb, 0 bytes, Stack size 0 bytes, startup.o(.text))
<BR>[Address Reference Count : 1]<UL><LI> startup.o(RESET)
</UL>
<P><STRONG><a name="[21]"></a>PWM0_IRQHandler</STRONG> (Thumb, 0 bytes, Stack size 0 bytes, startup.o(.text))
<BR>[Address Reference Count : 1]<UL><LI> startup.o(RESET)
</UL>
<P><STRONG><a name="[22]"></a>PWM1_IRQHandler</STRONG> (Thumb, 0 bytes, Stack size 0 bytes, startup.o(.text))
<BR>[Address Reference Count : 1]<UL><LI> startup.o(RESET)
</UL>
<P><STRONG><a name="[e]"></a>RTC_CAP_IRQHandler</STRONG> (Thumb, 0 bytes, Stack size 0 bytes, startup.o(.text))
<BR>[Address Reference Count : 1]<UL><LI> startup.o(RESET)
</UL>
<P><STRONG><a name="[10]"></a>RTC_IRQHandler</STRONG> (Thumb, 0 bytes, Stack size 0 bytes, startup.o(.text))
<BR>[Address Reference Count : 1]<UL><LI> startup.o(RESET)
</UL>
<P><STRONG><a name="[16]"></a>SPI0_RX_IRQHandler</STRONG> (Thumb, 0 bytes, Stack size 0 bytes, startup.o(.text))
<BR>[Address Reference Count : 1]<UL><LI> startup.o(RESET)
</UL>
<P><STRONG><a name="[15]"></a>SPI0_TX_IRQHandler</STRONG> (Thumb, 0 bytes, Stack size 0 bytes, startup.o(.text))
<BR>[Address Reference Count : 1]<UL><LI> startup.o(RESET)
</UL>
<P><STRONG><a name="[1a]"></a>SPI1_RX_IRQHandler</STRONG> (Thumb, 0 bytes, Stack size 0 bytes, startup.o(.text))
<BR>[Address Reference Count : 1]<UL><LI> startup.o(RESET)
</UL>
<P><STRONG><a name="[19]"></a>SPI1_TX_IRQHandler</STRONG> (Thumb, 0 bytes, Stack size 0 bytes, startup.o(.text))
<BR>[Address Reference Count : 1]<UL><LI> startup.o(RESET)
</UL>
<P><STRONG><a name="[24]"></a>TUNER_RX_IRQHandler</STRONG> (Thumb, 0 bytes, Stack size 0 bytes, startup.o(.text))
<BR>[Address Reference Count : 1]<UL><LI> startup.o(RESET)
</UL>
<P><STRONG><a name="[26]"></a>TUNER_SETTING_IRQHandler</STRONG> (Thumb, 0 bytes, Stack size 0 bytes, startup.o(.text))
<BR>[Address Reference Count : 1]<UL><LI> startup.o(RESET)
</UL>
<P><STRONG><a name="[25]"></a>TUNER_TX_IRQHandler</STRONG> (Thumb, 0 bytes, Stack size 0 bytes, startup.o(.text))
<BR>[Address Reference Count : 1]<UL><LI> startup.o(RESET)
</UL>
<P><STRONG><a name="[18]"></a>UART1_RX_IRQHandler</STRONG> (Thumb, 0 bytes, Stack size 0 bytes, startup.o(.text))
<BR>[Address Reference Count : 1]<UL><LI> startup.o(RESET)
</UL>
<P><STRONG><a name="[17]"></a>UART1_TX_IRQHandler</STRONG> (Thumb, 0 bytes, Stack size 0 bytes, startup.o(.text))
<BR>[Address Reference Count : 1]<UL><LI> startup.o(RESET)
</UL>
<P><STRONG><a name="[20]"></a>WDT_IRQHandler</STRONG> (Thumb, 0 bytes, Stack size 0 bytes, startup.o(.text))
<BR>[Address Reference Count : 1]<UL><LI> startup.o(RESET)
</UL>
<P><STRONG><a name="[a9]"></a>__rd_ble_reg</STRONG> (Thumb, 4 bytes, Stack size 0 bytes, math.o(.text))
<BR><BR>[Called By]<UL><LI><a href="#[11f]">&gt;&gt;</a>&nbsp;&nbsp;&nbsp;check_ble_wakeup
<LI><a href="#[139]">&gt;&gt;</a>&nbsp;&nbsp;&nbsp;ke_time
<LI><a href="#[11e]">&gt;&gt;</a>&nbsp;&nbsp;&nbsp;fw_ble_sleep
<LI><a href="#[d]">&gt;&gt;</a>&nbsp;&nbsp;&nbsp;BLE_IRQHandler
</UL>

<P><STRONG><a name="[aa]"></a>__wr_ble_reg</STRONG> (Thumb, 4 bytes, Stack size 0 bytes, math.o(.text))
<BR><BR>[Called By]<UL><LI><a href="#[119]">&gt;&gt;</a>&nbsp;&nbsp;&nbsp;ble_init
<LI><a href="#[139]">&gt;&gt;</a>&nbsp;&nbsp;&nbsp;ke_time
<LI><a href="#[11e]">&gt;&gt;</a>&nbsp;&nbsp;&nbsp;fw_ble_sleep
<LI><a href="#[d]">&gt;&gt;</a>&nbsp;&nbsp;&nbsp;BLE_IRQHandler
</UL>

<P><STRONG><a name="[142]"></a>__aeabi_lmul</STRONG> (Thumb, 166 bytes, Stack size 0 bytes, math.o(.text))
<BR><BR>[Called By]<UL><LI><a href="#[34]">&gt;&gt;</a>&nbsp;&nbsp;&nbsp;lld_sleep_lpcycles_2_us
</UL>

<P><STRONG><a name="[be]"></a>__aeabi_uldivmod</STRONG> (Thumb, 256 bytes, Stack size 0 bytes, math.o(.text))
<BR><BR>[Called By]<UL><LI><a href="#[12e]">&gt;&gt;</a>&nbsp;&nbsp;&nbsp;rwble_slot_2_lpcycles
<LI><a href="#[bb]">&gt;&gt;</a>&nbsp;&nbsp;&nbsp;_printf_core
</UL>

<P><STRONG><a name="[165]"></a>__aeabi_uidiv</STRONG> (Thumb, 0 bytes, Stack size 12 bytes, uidiv.o(.text), UNUSED)

<P><STRONG><a name="[e0]"></a>__aeabi_uidivmod</STRONG> (Thumb, 44 bytes, Stack size 12 bytes, uidiv.o(.text))
<BR><BR>[Stack]<UL><LI>Max Depth = 12<LI>Call Chain = __aeabi_uidivmod
</UL>
<BR>[Called By]<UL><LI><a href="#[df]">&gt;&gt;</a>&nbsp;&nbsp;&nbsp;app_i_to_array
<LI><a href="#[b5]">&gt;&gt;</a>&nbsp;&nbsp;&nbsp;syscon_set_usart_clk
<LI><a href="#[b4]">&gt;&gt;</a>&nbsp;&nbsp;&nbsp;syscon_set_timer_clk
<LI><a href="#[b2]">&gt;&gt;</a>&nbsp;&nbsp;&nbsp;syscon_set_ble_clk
<LI><a href="#[b3]">&gt;&gt;</a>&nbsp;&nbsp;&nbsp;syscon_set_apb_clk
<LI><a href="#[b1]">&gt;&gt;</a>&nbsp;&nbsp;&nbsp;syscon_set_ahb_clk
<LI><a href="#[145]">&gt;&gt;</a>&nbsp;&nbsp;&nbsp;llm_util_aa_gen
<LI><a href="#[13f]">&gt;&gt;</a>&nbsp;&nbsp;&nbsp;lld_evt_periodic_alloc
</UL>

<P><STRONG><a name="[9a]"></a>__aeabi_lasr</STRONG> (Thumb, 38 bytes, Stack size 8 bytes, llsshr.o(.text))
<BR><BR>[Stack]<UL><LI>Max Depth = 8<LI>Call Chain = __aeabi_lasr
</UL>
<BR>[Called By]<UL><LI><a href="#[98]">&gt;&gt;</a>&nbsp;&nbsp;&nbsp;__aeabi_dadd
</UL>

<P><STRONG><a name="[166]"></a>_ll_sshift_r</STRONG> (Thumb, 0 bytes, Stack size 8 bytes, llsshr.o(.text), UNUSED)

<P><STRONG><a name="[144]"></a>rand</STRONG> (Thumb, 18 bytes, Stack size 0 bytes, rand.o(.text))
<BR><BR>[Called By]<UL><LI><a href="#[145]">&gt;&gt;</a>&nbsp;&nbsp;&nbsp;llm_util_aa_gen
<LI><a href="#[143]">&gt;&gt;</a>&nbsp;&nbsp;&nbsp;llm_create_con
</UL>

<P><STRONG><a name="[14e]"></a>srand</STRONG> (Thumb, 6 bytes, Stack size 0 bytes, rand.o(.text))
<BR><BR>[Called By]<UL><LI><a href="#[146]">&gt;&gt;</a>&nbsp;&nbsp;&nbsp;plf_init
</UL>

<P><STRONG><a name="[c0]"></a>__aeabi_memcpy</STRONG> (Thumb, 36 bytes, Stack size 0 bytes, memcpya.o(.text))
<BR><BR>[Called By]<UL><LI><a href="#[48]">&gt;&gt;</a>&nbsp;&nbsp;&nbsp;app_gap_dev_inq_result_handler
<LI><a href="#[40]">&gt;&gt;</a>&nbsp;&nbsp;&nbsp;app_uart_data_ind_handler
<LI><a href="#[2a]">&gt;&gt;</a>&nbsp;&nbsp;&nbsp;app_uart_rx_done
<LI><a href="#[f6]">&gt;&gt;</a>&nbsp;&nbsp;&nbsp;app_smpc_tk_req_rsp
<LI><a href="#[db]">&gt;&gt;</a>&nbsp;&nbsp;&nbsp;app_get_bd_addr_by_idx
<LI><a href="#[da]">&gt;&gt;</a>&nbsp;&nbsp;&nbsp;app_gap_unpair_req
<LI><a href="#[d4]">&gt;&gt;</a>&nbsp;&nbsp;&nbsp;app_gap_le_create_conn_req
<LI><a href="#[cb]">&gt;&gt;</a>&nbsp;&nbsp;&nbsp;app_gap_bond_req
<LI><a href="#[c8]">&gt;&gt;</a>&nbsp;&nbsp;&nbsp;app_disc_enable_req
<LI><a href="#[c3]">&gt;&gt;</a>&nbsp;&nbsp;&nbsp;app_basc_enable_req
<LI><a href="#[e3]">&gt;&gt;</a>&nbsp;&nbsp;&nbsp;app_smp_init
<LI><a href="#[109]">&gt;&gt;</a>&nbsp;&nbsp;&nbsp;app_smpc_ltk_req_rsp
<LI><a href="#[107]">&gt;&gt;</a>&nbsp;&nbsp;&nbsp;app_smpc_irk_req_rsp
<LI><a href="#[106]">&gt;&gt;</a>&nbsp;&nbsp;&nbsp;app_smpc_chk_bd_addr_req_rsp
<LI><a href="#[ce]">&gt;&gt;</a>&nbsp;&nbsp;&nbsp;app_gap_change_param_req
<LI><a href="#[e6]">&gt;&gt;</a>&nbsp;&nbsp;&nbsp;app_smpm_set_key_req
<LI><a href="#[d2]">&gt;&gt;</a>&nbsp;&nbsp;&nbsp;app_set_link_status_by_conhdl
<LI><a href="#[d0]">&gt;&gt;</a>&nbsp;&nbsp;&nbsp;app_parser_adv_data
<LI><a href="#[d7]">&gt;&gt;</a>&nbsp;&nbsp;&nbsp;app_init_local_smp_key
<LI><a href="#[d1]">&gt;&gt;</a>&nbsp;&nbsp;&nbsp;app_get_bd_addr_by_conhdl
<LI><a href="#[bf]">&gt;&gt;</a>&nbsp;&nbsp;&nbsp;app_add_bonded_dev
<LI><a href="#[6f]">&gt;&gt;</a>&nbsp;&nbsp;&nbsp;app_smpc_ltk_req_ind_handler
<LI><a href="#[6d]">&gt;&gt;</a>&nbsp;&nbsp;&nbsp;app_smpc_key_ind_handler
<LI><a href="#[70]">&gt;&gt;</a>&nbsp;&nbsp;&nbsp;app_smpc_irk_req_ind_handler
<LI><a href="#[87]">&gt;&gt;</a>&nbsp;&nbsp;&nbsp;basc_enable_req_handler
<LI><a href="#[111]">&gt;&gt;</a>&nbsp;&nbsp;&nbsp;basc_enable_cfm_send
<LI><a href="#[158]">&gt;&gt;</a>&nbsp;&nbsp;&nbsp;prf_gatt_write
<LI><a href="#[114]">&gt;&gt;</a>&nbsp;&nbsp;&nbsp;prf_client_enable
<LI><a href="#[8e]">&gt;&gt;</a>&nbsp;&nbsp;&nbsp;disc_enable_req_handler
<LI><a href="#[126]">&gt;&gt;</a>&nbsp;&nbsp;&nbsp;disc_read_char_rsp_send
<LI><a href="#[123]">&gt;&gt;</a>&nbsp;&nbsp;&nbsp;disc_enable_cfm_send
<LI><a href="#[143]">&gt;&gt;</a>&nbsp;&nbsp;&nbsp;llm_create_con
<LI><a href="#[2e]">&gt;&gt;</a>&nbsp;&nbsp;&nbsp;l2cc_data_packet_ind_handler_patch
<LI><a href="#[3d]">&gt;&gt;</a>&nbsp;&nbsp;&nbsp;gatt_write_char_req_handler_patch
</UL>

<P><STRONG><a name="[105]"></a>__aeabi_memcpy4</STRONG> (Thumb, 0 bytes, Stack size 0 bytes, memcpya.o(.text))
<BR><BR>[Called By]<UL><LI><a href="#[e3]">&gt;&gt;</a>&nbsp;&nbsp;&nbsp;app_smp_init
<LI><a href="#[119]">&gt;&gt;</a>&nbsp;&nbsp;&nbsp;ble_init
<LI><a href="#[11a]">&gt;&gt;</a>&nbsp;&nbsp;&nbsp;task_gatt_desc_register
<LI><a href="#[11b]">&gt;&gt;</a>&nbsp;&nbsp;&nbsp;task_gap_desc_register
</UL>

<P><STRONG><a name="[167]"></a>__aeabi_memcpy8</STRONG> (Thumb, 0 bytes, Stack size 0 bytes, memcpya.o(.text), UNUSED)

<P><STRONG><a name="[93]"></a>__aeabi_memset</STRONG> (Thumb, 14 bytes, Stack size 0 bytes, memseta.o(.text))
<BR><BR>[Called By]<UL><LI><a href="#[94]">&gt;&gt;</a>&nbsp;&nbsp;&nbsp;_memset$wrapper
<LI><a href="#[92]">&gt;&gt;</a>&nbsp;&nbsp;&nbsp;__aeabi_memclr
</UL>

<P><STRONG><a name="[168]"></a>__aeabi_memset4</STRONG> (Thumb, 0 bytes, Stack size 0 bytes, memseta.o(.text), UNUSED)

<P><STRONG><a name="[169]"></a>__aeabi_memset8</STRONG> (Thumb, 0 bytes, Stack size 0 bytes, memseta.o(.text), UNUSED)

<P><STRONG><a name="[92]"></a>__aeabi_memclr</STRONG> (Thumb, 4 bytes, Stack size 0 bytes, memseta.o(.text))
<BR><BR>[Calls]<UL><LI><a href="#[93]">&gt;&gt;</a>&nbsp;&nbsp;&nbsp;__aeabi_memset
</UL>
<BR>[Called By]<UL><LI><a href="#[d2]">&gt;&gt;</a>&nbsp;&nbsp;&nbsp;app_set_link_status_by_conhdl
<LI><a href="#[d0]">&gt;&gt;</a>&nbsp;&nbsp;&nbsp;app_parser_adv_data
<LI><a href="#[156]">&gt;&gt;</a>&nbsp;&nbsp;&nbsp;prf_client_env_alloc
</UL>

<P><STRONG><a name="[e2]"></a>__aeabi_memclr4</STRONG> (Thumb, 0 bytes, Stack size 0 bytes, memseta.o(.text))
<BR><BR>[Called By]<UL><LI><a href="#[e1]">&gt;&gt;</a>&nbsp;&nbsp;&nbsp;app_init
<LI><a href="#[156]">&gt;&gt;</a>&nbsp;&nbsp;&nbsp;prf_client_env_alloc
</UL>

<P><STRONG><a name="[16a]"></a>__aeabi_memclr8</STRONG> (Thumb, 0 bytes, Stack size 0 bytes, memseta.o(.text), UNUSED)

<P><STRONG><a name="[94]"></a>_memset$wrapper</STRONG> (Thumb, 18 bytes, Stack size 8 bytes, memseta.o(.text), UNUSED)
<BR><BR>[Calls]<UL><LI><a href="#[93]">&gt;&gt;</a>&nbsp;&nbsp;&nbsp;__aeabi_memset
</UL>

<P><STRONG><a name="[95]"></a>atoi</STRONG> (Thumb, 26 bytes, Stack size 16 bytes, atoi.o(.text))
<BR><BR>[Stack]<UL><LI>Max Depth = 88<LI>Call Chain = atoi &rArr; strtol &rArr; _strtoul
</UL>
<BR>[Calls]<UL><LI><a href="#[97]">&gt;&gt;</a>&nbsp;&nbsp;&nbsp;strtol
<LI><a href="#[96]">&gt;&gt;</a>&nbsp;&nbsp;&nbsp;__aeabi_errno_addr
</UL>
<BR>[Called By]<UL><LI><a href="#[f5]">&gt;&gt;</a>&nbsp;&nbsp;&nbsp;app_menu_hdl
<LI><a href="#[6e]">&gt;&gt;</a>&nbsp;&nbsp;&nbsp;app_smpc_tk_req_ind_handler
</UL>

<P><STRONG><a name="[98]"></a>__aeabi_dadd</STRONG> (Thumb, 328 bytes, Stack size 48 bytes, dadd.o(.text))
<BR><BR>[Stack]<UL><LI>Max Depth = 104<LI>Call Chain = __aeabi_dadd &rArr; _double_epilogue &rArr; __aeabi_llsr
</UL>
<BR>[Calls]<UL><LI><a href="#[9a]">&gt;&gt;</a>&nbsp;&nbsp;&nbsp;__aeabi_lasr
<LI><a href="#[99]">&gt;&gt;</a>&nbsp;&nbsp;&nbsp;__aeabi_llsl
<LI><a href="#[9c]">&gt;&gt;</a>&nbsp;&nbsp;&nbsp;_double_round
<LI><a href="#[9b]">&gt;&gt;</a>&nbsp;&nbsp;&nbsp;_double_epilogue
</UL>
<BR>[Called By]<UL><LI><a href="#[c4]">&gt;&gt;</a>&nbsp;&nbsp;&nbsp;app_correct_rssi
<LI><a href="#[9e]">&gt;&gt;</a>&nbsp;&nbsp;&nbsp;__aeabi_drsub
<LI><a href="#[9d]">&gt;&gt;</a>&nbsp;&nbsp;&nbsp;__aeabi_dsub
</UL>

<P><STRONG><a name="[9d]"></a>__aeabi_dsub</STRONG> (Thumb, 12 bytes, Stack size 8 bytes, dadd.o(.text), UNUSED)
<BR><BR>[Calls]<UL><LI><a href="#[98]">&gt;&gt;</a>&nbsp;&nbsp;&nbsp;__aeabi_dadd
</UL>

<P><STRONG><a name="[9e]"></a>__aeabi_drsub</STRONG> (Thumb, 12 bytes, Stack size 8 bytes, dadd.o(.text), UNUSED)
<BR><BR>[Calls]<UL><LI><a href="#[98]">&gt;&gt;</a>&nbsp;&nbsp;&nbsp;__aeabi_dadd
</UL>

<P><STRONG><a name="[9f]"></a>__aeabi_dmul</STRONG> (Thumb, 202 bytes, Stack size 72 bytes, dmul.o(.text))
<BR><BR>[Stack]<UL><LI>Max Depth = 128<LI>Call Chain = __aeabi_dmul &rArr; _double_epilogue &rArr; __aeabi_llsr
</UL>
<BR>[Calls]<UL><LI><a href="#[9b]">&gt;&gt;</a>&nbsp;&nbsp;&nbsp;_double_epilogue
</UL>
<BR>[Called By]<UL><LI><a href="#[c4]">&gt;&gt;</a>&nbsp;&nbsp;&nbsp;app_correct_rssi
<LI><a href="#[143]">&gt;&gt;</a>&nbsp;&nbsp;&nbsp;llm_create_con
<LI><a href="#[2d]">&gt;&gt;</a>&nbsp;&nbsp;&nbsp;llc_le_con_update_cmd_handler_new
</UL>

<P><STRONG><a name="[a0]"></a>__aeabi_i2d</STRONG> (Thumb, 34 bytes, Stack size 16 bytes, dflti.o(.text))
<BR><BR>[Stack]<UL><LI>Max Depth = 72<LI>Call Chain = __aeabi_i2d &rArr; _double_epilogue &rArr; __aeabi_llsr
</UL>
<BR>[Calls]<UL><LI><a href="#[9b]">&gt;&gt;</a>&nbsp;&nbsp;&nbsp;_double_epilogue
</UL>
<BR>[Called By]<UL><LI><a href="#[c4]">&gt;&gt;</a>&nbsp;&nbsp;&nbsp;app_correct_rssi
<LI><a href="#[143]">&gt;&gt;</a>&nbsp;&nbsp;&nbsp;llm_create_con
<LI><a href="#[2d]">&gt;&gt;</a>&nbsp;&nbsp;&nbsp;llc_le_con_update_cmd_handler_new
</UL>

<P><STRONG><a name="[a1]"></a>__aeabi_ui2d</STRONG> (Thumb, 24 bytes, Stack size 16 bytes, dfltui.o(.text))
<BR><BR>[Stack]<UL><LI>Max Depth = 72<LI>Call Chain = __aeabi_ui2d &rArr; _double_epilogue &rArr; __aeabi_llsr
</UL>
<BR>[Calls]<UL><LI><a href="#[9b]">&gt;&gt;</a>&nbsp;&nbsp;&nbsp;_double_epilogue
</UL>
<BR>[Called By]<UL><LI><a href="#[143]">&gt;&gt;</a>&nbsp;&nbsp;&nbsp;llm_create_con
<LI><a href="#[2d]">&gt;&gt;</a>&nbsp;&nbsp;&nbsp;llc_le_con_update_cmd_handler_new
</UL>

<P><STRONG><a name="[a2]"></a>__aeabi_d2iz</STRONG> (Thumb, 62 bytes, Stack size 16 bytes, dfixi.o(.text))
<BR><BR>[Stack]<UL><LI>Max Depth = 24<LI>Call Chain = __aeabi_d2iz &rArr; __aeabi_llsr
</UL>
<BR>[Calls]<UL><LI><a href="#[a3]">&gt;&gt;</a>&nbsp;&nbsp;&nbsp;__aeabi_llsr
</UL>
<BR>[Called By]<UL><LI><a href="#[c4]">&gt;&gt;</a>&nbsp;&nbsp;&nbsp;app_correct_rssi
</UL>

<P><STRONG><a name="[16b]"></a>__aeabi_cdcmpeq</STRONG> (Thumb, 0 bytes, Stack size 0 bytes, cdcmple.o(.text), UNUSED)

<P><STRONG><a name="[13e]"></a>__aeabi_cdcmple</STRONG> (Thumb, 38 bytes, Stack size 0 bytes, cdcmple.o(.text))
<BR><BR>[Called By]<UL><LI><a href="#[143]">&gt;&gt;</a>&nbsp;&nbsp;&nbsp;llm_create_con
<LI><a href="#[2d]">&gt;&gt;</a>&nbsp;&nbsp;&nbsp;llc_le_con_update_cmd_handler_new
</UL>

<P><STRONG><a name="[99]"></a>__aeabi_llsl</STRONG> (Thumb, 32 bytes, Stack size 8 bytes, llshl.o(.text))
<BR><BR>[Stack]<UL><LI>Max Depth = 8<LI>Call Chain = __aeabi_llsl
</UL>
<BR>[Called By]<UL><LI><a href="#[98]">&gt;&gt;</a>&nbsp;&nbsp;&nbsp;__aeabi_dadd
<LI><a href="#[9b]">&gt;&gt;</a>&nbsp;&nbsp;&nbsp;_double_epilogue
</UL>

<P><STRONG><a name="[16c]"></a>_ll_shift_l</STRONG> (Thumb, 0 bytes, Stack size 8 bytes, llshl.o(.text), UNUSED)

<P><STRONG><a name="[a3]"></a>__aeabi_llsr</STRONG> (Thumb, 34 bytes, Stack size 8 bytes, llushr.o(.text))
<BR><BR>[Stack]<UL><LI>Max Depth = 8<LI>Call Chain = __aeabi_llsr
</UL>
<BR>[Called By]<UL><LI><a href="#[a2]">&gt;&gt;</a>&nbsp;&nbsp;&nbsp;__aeabi_d2iz
<LI><a href="#[9b]">&gt;&gt;</a>&nbsp;&nbsp;&nbsp;_double_epilogue
</UL>

<P><STRONG><a name="[16d]"></a>_ll_ushift_r</STRONG> (Thumb, 0 bytes, Stack size 8 bytes, llushr.o(.text), UNUSED)

<P><STRONG><a name="[97]"></a>strtol</STRONG> (Thumb, 108 bytes, Stack size 32 bytes, strtol.o(.text))
<BR><BR>[Stack]<UL><LI>Max Depth = 72<LI>Call Chain = strtol &rArr; _strtoul
</UL>
<BR>[Calls]<UL><LI><a href="#[a5]">&gt;&gt;</a>&nbsp;&nbsp;&nbsp;_strtoul
<LI><a href="#[a4]">&gt;&gt;</a>&nbsp;&nbsp;&nbsp;__rt_ctype_table
<LI><a href="#[96]">&gt;&gt;</a>&nbsp;&nbsp;&nbsp;__aeabi_errno_addr
</UL>
<BR>[Called By]<UL><LI><a href="#[95]">&gt;&gt;</a>&nbsp;&nbsp;&nbsp;atoi
</UL>

<P><STRONG><a name="[16e]"></a>__I$use$fp</STRONG> (Thumb, 0 bytes, Stack size 8 bytes, iusefp.o(.text), UNUSED)

<P><STRONG><a name="[9c]"></a>_double_round</STRONG> (Thumb, 26 bytes, Stack size 8 bytes, depilogue.o(.text))
<BR><BR>[Stack]<UL><LI>Max Depth = 8<LI>Call Chain = _double_round
</UL>
<BR>[Called By]<UL><LI><a href="#[98]">&gt;&gt;</a>&nbsp;&nbsp;&nbsp;__aeabi_dadd
<LI><a href="#[9b]">&gt;&gt;</a>&nbsp;&nbsp;&nbsp;_double_epilogue
</UL>

<P><STRONG><a name="[9b]"></a>_double_epilogue</STRONG> (Thumb, 164 bytes, Stack size 48 bytes, depilogue.o(.text))
<BR><BR>[Stack]<UL><LI>Max Depth = 56<LI>Call Chain = _double_epilogue &rArr; __aeabi_llsr
</UL>
<BR>[Calls]<UL><LI><a href="#[a6]">&gt;&gt;</a>&nbsp;&nbsp;&nbsp;__ARM_clz
<LI><a href="#[a3]">&gt;&gt;</a>&nbsp;&nbsp;&nbsp;__aeabi_llsr
<LI><a href="#[99]">&gt;&gt;</a>&nbsp;&nbsp;&nbsp;__aeabi_llsl
<LI><a href="#[9c]">&gt;&gt;</a>&nbsp;&nbsp;&nbsp;_double_round
</UL>
<BR>[Called By]<UL><LI><a href="#[a0]">&gt;&gt;</a>&nbsp;&nbsp;&nbsp;__aeabi_i2d
<LI><a href="#[9f]">&gt;&gt;</a>&nbsp;&nbsp;&nbsp;__aeabi_dmul
<LI><a href="#[98]">&gt;&gt;</a>&nbsp;&nbsp;&nbsp;__aeabi_dadd
<LI><a href="#[a1]">&gt;&gt;</a>&nbsp;&nbsp;&nbsp;__aeabi_ui2d
</UL>

<P><STRONG><a name="[91]"></a>__scatterload</STRONG> (Thumb, 28 bytes, Stack size 0 bytes, init.o(.text))
<BR><BR>[Calls]<UL><LI><a href="#[a7]">&gt;&gt;</a>&nbsp;&nbsp;&nbsp;__main_after_scatterload
</UL>
<BR>[Called By]<UL><LI><a href="#[90]">&gt;&gt;</a>&nbsp;&nbsp;&nbsp;_main_scatterload
</UL>

<P><STRONG><a name="[16f]"></a>__scatterload_rt2</STRONG> (Thumb, 0 bytes, Stack size 0 bytes, init.o(.text), UNUSED)

<P><STRONG><a name="[a4]"></a>__rt_ctype_table</STRONG> (Thumb, 4 bytes, Stack size 0 bytes, ctype_o.o(.text))
<BR><BR>[Called By]<UL><LI><a href="#[97]">&gt;&gt;</a>&nbsp;&nbsp;&nbsp;strtol
</UL>

<P><STRONG><a name="[a5]"></a>_strtoul</STRONG> (Thumb, 166 bytes, Stack size 40 bytes, _strtoul.o(.text))
<BR><BR>[Stack]<UL><LI>Max Depth = 40<LI>Call Chain = _strtoul
</UL>
<BR>[Calls]<UL><LI><a href="#[a8]">&gt;&gt;</a>&nbsp;&nbsp;&nbsp;_chval
<LI><a href="#[96]">&gt;&gt;</a>&nbsp;&nbsp;&nbsp;__aeabi_errno_addr
</UL>
<BR>[Called By]<UL><LI><a href="#[97]">&gt;&gt;</a>&nbsp;&nbsp;&nbsp;strtol
</UL>

<P><STRONG><a name="[a8]"></a>_chval</STRONG> (Thumb, 30 bytes, Stack size 0 bytes, _chval.o(.text))
<BR><BR>[Called By]<UL><LI><a href="#[a5]">&gt;&gt;</a>&nbsp;&nbsp;&nbsp;_strtoul
</UL>

<P><STRONG><a name="[d]"></a>BLE_IRQHandler</STRONG> (Thumb, 150 bytes, Stack size 16 bytes, lib.o(i.BLE_IRQHandler))
<BR><BR>[Stack]<UL><LI>Max Depth = 24<LI>Call Chain = BLE_IRQHandler &rArr; default_exit_sleep_cb
</UL>
<BR>[Calls]<UL><LI><a href="#[aa]">&gt;&gt;</a>&nbsp;&nbsp;&nbsp;__wr_ble_reg
<LI><a href="#[a9]">&gt;&gt;</a>&nbsp;&nbsp;&nbsp;__rd_ble_reg
<LI><a href="#[36]">&gt;&gt;</a>&nbsp;&nbsp;&nbsp;default_exit_sleep_cb
</UL>
<BR>[Address Reference Count : 1]<UL><LI> startup.o(RESET)
</UL>
<P><STRONG><a name="[12]"></a>DMA_IRQHandler</STRONG> (Thumb, 42 bytes, Stack size 8 bytes, dma.o(i.DMA_IRQHandler))
<BR><BR>[Stack]<UL><LI>Max Depth = 8<LI>Call Chain = DMA_IRQHandler
</UL>
<BR>[Calls]<UL><LI><a href="#[ab]">&gt;&gt;</a>&nbsp;&nbsp;&nbsp;dev_allow_sleep
</UL>
<BR>[Address Reference Count : 1]<UL><LI> startup.o(RESET)
</UL>
<P><STRONG><a name="[a]"></a>GPIO_IRQHandler</STRONG> (Thumb, 36 bytes, Stack size 24 bytes, gpio.o(i.GPIO_IRQHandler))
<BR><BR>[Stack]<UL><LI>Max Depth = 24<LI>Call Chain = GPIO_IRQHandler
</UL>
<BR>[Address Reference Count : 1]<UL><LI> startup.o(RESET)
</UL>
<P><STRONG><a name="[f]"></a>OSC_EN_IRQHandler</STRONG> (Thumb, 12 bytes, Stack size 0 bytes, sleep.o(i.OSC_EN_IRQHandler))
<BR>[Address Reference Count : 1]<UL><LI> startup.o(RESET)
</UL>
<P><STRONG><a name="[ac]"></a>SystemInit</STRONG> (Thumb, 216 bytes, Stack size 24 bytes, system.o(i.SystemInit))
<BR><BR>[Stack]<UL><LI>Max Depth = 52<LI>Call Chain = SystemInit &rArr; syscon_set_usart_clk &rArr; __aeabi_uidivmod
</UL>
<BR>[Calls]<UL><LI><a href="#[b8]">&gt;&gt;</a>&nbsp;&nbsp;&nbsp;uart_init
<LI><a href="#[b5]">&gt;&gt;</a>&nbsp;&nbsp;&nbsp;syscon_set_usart_clk
<LI><a href="#[b4]">&gt;&gt;</a>&nbsp;&nbsp;&nbsp;syscon_set_timer_clk
<LI><a href="#[b0]">&gt;&gt;</a>&nbsp;&nbsp;&nbsp;syscon_set_sysclk_src
<LI><a href="#[b2]">&gt;&gt;</a>&nbsp;&nbsp;&nbsp;syscon_set_ble_clk
<LI><a href="#[b3]">&gt;&gt;</a>&nbsp;&nbsp;&nbsp;syscon_set_apb_clk
<LI><a href="#[b1]">&gt;&gt;</a>&nbsp;&nbsp;&nbsp;syscon_set_ahb_clk
<LI><a href="#[b7]">&gt;&gt;</a>&nbsp;&nbsp;&nbsp;led_init
<LI><a href="#[b6]">&gt;&gt;</a>&nbsp;&nbsp;&nbsp;gpio_init
<LI><a href="#[ae]">&gt;&gt;</a>&nbsp;&nbsp;&nbsp;uart_clock_off
<LI><a href="#[ad]">&gt;&gt;</a>&nbsp;&nbsp;&nbsp;timer_clock_off
<LI><a href="#[af]">&gt;&gt;</a>&nbsp;&nbsp;&nbsp;spi_clock_off
</UL>
<BR>[Called By]<UL><LI><a href="#[27]">&gt;&gt;</a>&nbsp;&nbsp;&nbsp;main
</UL>

<P><STRONG><a name="[1c]"></a>TIMER0_IRQHandler</STRONG> (Thumb, 44 bytes, Stack size 0 bytes, timer.o(i.TIMER0_IRQHandler))
<BR>[Address Reference Count : 1]<UL><LI> startup.o(RESET)
</UL>
<P><STRONG><a name="[1d]"></a>TIMER1_IRQHandler</STRONG> (Thumb, 44 bytes, Stack size 0 bytes, timer.o(i.TIMER1_IRQHandler))
<BR>[Address Reference Count : 1]<UL><LI> startup.o(RESET)
</UL>
<P><STRONG><a name="[1e]"></a>TIMER2_IRQHandler</STRONG> (Thumb, 44 bytes, Stack size 0 bytes, timer.o(i.TIMER2_IRQHandler))
<BR>[Address Reference Count : 1]<UL><LI> startup.o(RESET)
</UL>
<P><STRONG><a name="[1f]"></a>TIMER3_IRQHandler</STRONG> (Thumb, 44 bytes, Stack size 0 bytes, timer.o(i.TIMER3_IRQHandler))
<BR>[Address Reference Count : 1]<UL><LI> startup.o(RESET)
</UL>
<P><STRONG><a name="[14]"></a>UART0_RX_IRQHandler</STRONG> (Thumb, 90 bytes, Stack size 0 bytes, uart.o(i.UART0_RX_IRQHandler))
<BR>[Address Reference Count : 1]<UL><LI> startup.o(RESET)
</UL>
<P><STRONG><a name="[13]"></a>UART0_TX_IRQHandler</STRONG> (Thumb, 52 bytes, Stack size 8 bytes, uart.o(i.UART0_TX_IRQHandler))
<BR><BR>[Stack]<UL><LI>Max Depth = 16<LI>Call Chain = UART0_TX_IRQHandler &rArr; uart_tx_int_enable
</UL>
<BR>[Calls]<UL><LI><a href="#[b9]">&gt;&gt;</a>&nbsp;&nbsp;&nbsp;uart_tx_int_enable
</UL>
<BR>[Address Reference Count : 1]<UL><LI> startup.o(RESET)
</UL>
<P><STRONG><a name="[12d]"></a>UartPutc</STRONG> (Thumb, 18 bytes, Stack size 0 bytes, uart.o(i.UartPutc))
<BR><BR>[Called By]<UL><LI><a href="#[29]">&gt;&gt;</a>&nbsp;&nbsp;&nbsp;fputc
</UL>

<P><STRONG><a name="[ba]"></a>__0printf$8</STRONG> (Thumb, 24 bytes, Stack size 24 bytes, printf8.o(i.__0printf$8), UNUSED)
<BR><BR>[Calls]<UL><LI><a href="#[bb]">&gt;&gt;</a>&nbsp;&nbsp;&nbsp;_printf_core
</UL>

<P><STRONG><a name="[170]"></a>__1printf$8</STRONG> (Thumb, 0 bytes, Stack size 24 bytes, printf8.o(i.__0printf$8), UNUSED)

<P><STRONG><a name="[c1]"></a>__2printf</STRONG> (Thumb, 0 bytes, Stack size 24 bytes, printf8.o(i.__0printf$8))
<BR><BR>[Stack]<UL><LI>Max Depth = 24<LI>Call Chain = __2printf
</UL>
<BR>[Called By]<UL><LI><a href="#[61]">&gt;&gt;</a>&nbsp;&nbsp;&nbsp;app_gatt_read_char_resp_handler
<LI><a href="#[62]">&gt;&gt;</a>&nbsp;&nbsp;&nbsp;app_gatt_read_char_mult_resp_handler
<LI><a href="#[66]">&gt;&gt;</a>&nbsp;&nbsp;&nbsp;app_gatt_notify_cmp_evt_handler
<LI><a href="#[67]">&gt;&gt;</a>&nbsp;&nbsp;&nbsp;app_gatt_handle_value_notif_handler
<LI><a href="#[68]">&gt;&gt;</a>&nbsp;&nbsp;&nbsp;app_gatt_handle_value_ind_handler
<LI><a href="#[69]">&gt;&gt;</a>&nbsp;&nbsp;&nbsp;app_gatt_handle_value_cfm_handler
<LI><a href="#[59]">&gt;&gt;</a>&nbsp;&nbsp;&nbsp;app_gatt_disc_svc_incl_cmp_evt_handler
<LI><a href="#[58]">&gt;&gt;</a>&nbsp;&nbsp;&nbsp;app_gatt_disc_svc_by_uuid_cmp_evt_handler
<LI><a href="#[57]">&gt;&gt;</a>&nbsp;&nbsp;&nbsp;app_gatt_disc_svc_all_cmp_evt_handler
<LI><a href="#[5a]">&gt;&gt;</a>&nbsp;&nbsp;&nbsp;app_gatt_disc_svc_all_128_cmp_evt_handler
<LI><a href="#[6a]">&gt;&gt;</a>&nbsp;&nbsp;&nbsp;app_gatt_disc_cmp_evt_handler
<LI><a href="#[5f]">&gt;&gt;</a>&nbsp;&nbsp;&nbsp;app_gatt_disc_char_desc_cmp_evt_handler
<LI><a href="#[60]">&gt;&gt;</a>&nbsp;&nbsp;&nbsp;app_gatt_disc_char_desc_128_cmp_evt_handler
<LI><a href="#[5c]">&gt;&gt;</a>&nbsp;&nbsp;&nbsp;app_gatt_disc_char_by_uuid_cmp_evt_handler
<LI><a href="#[5e]">&gt;&gt;</a>&nbsp;&nbsp;&nbsp;app_gatt_disc_char_by_uuid_128_cmp_evt_handler
<LI><a href="#[5b]">&gt;&gt;</a>&nbsp;&nbsp;&nbsp;app_gatt_disc_char_all_cmp_evt_handler
<LI><a href="#[5d]">&gt;&gt;</a>&nbsp;&nbsp;&nbsp;app_gatt_disc_char_all_128_cmp_evt_handler
<LI><a href="#[6b]">&gt;&gt;</a>&nbsp;&nbsp;&nbsp;app_gatt_cmp_evt_handler
<LI><a href="#[65]">&gt;&gt;</a>&nbsp;&nbsp;&nbsp;app_gatt_cancel_write_char_resp_handler
<LI><a href="#[4d]">&gt;&gt;</a>&nbsp;&nbsp;&nbsp;app_gap_set_recon_addr_req_cmp_handler
<LI><a href="#[55]">&gt;&gt;</a>&nbsp;&nbsp;&nbsp;app_gap_set_random_add_req_cmp_handler
<LI><a href="#[4e]">&gt;&gt;</a>&nbsp;&nbsp;&nbsp;app_gap_set_ph_privacy_req_cmp_handler
<LI><a href="#[50]">&gt;&gt;</a>&nbsp;&nbsp;&nbsp;app_gap_set_mode_req_cmp_evt_handler
<LI><a href="#[46]">&gt;&gt;</a>&nbsp;&nbsp;&nbsp;app_gap_set_devname_req_cmp_evt_handler
<LI><a href="#[49]">&gt;&gt;</a>&nbsp;&nbsp;&nbsp;app_gap_scan_req_cmp_evt_handler
<LI><a href="#[44]">&gt;&gt;</a>&nbsp;&nbsp;&nbsp;app_gap_read_bdaddr_req_cmp_evt_handler
<LI><a href="#[4c]">&gt;&gt;</a>&nbsp;&nbsp;&nbsp;app_gap_param_update_req_ind_handler
<LI><a href="#[4b]">&gt;&gt;</a>&nbsp;&nbsp;&nbsp;app_gap_name_req_cmp_handler
<LI><a href="#[51]">&gt;&gt;</a>&nbsp;&nbsp;&nbsp;app_gap_le_create_conn_req_cmp_evt_handler
<LI><a href="#[52]">&gt;&gt;</a>&nbsp;&nbsp;&nbsp;app_gap_discon_cmp_evt_handler
<LI><a href="#[48]">&gt;&gt;</a>&nbsp;&nbsp;&nbsp;app_gap_dev_inq_result_handler
<LI><a href="#[47]">&gt;&gt;</a>&nbsp;&nbsp;&nbsp;app_gap_dev_inq_cmp_handler
<LI><a href="#[4f]">&gt;&gt;</a>&nbsp;&nbsp;&nbsp;app_gap_change_param_req_cmp_handler
<LI><a href="#[53]">&gt;&gt;</a>&nbsp;&nbsp;&nbsp;app_gap_bond_req_ind_handler
<LI><a href="#[54]">&gt;&gt;</a>&nbsp;&nbsp;&nbsp;app_gap_bond_req_cmp_ind_handler
<LI><a href="#[75]">&gt;&gt;</a>&nbsp;&nbsp;&nbsp;app_disc_rd_char_rsp_handler
<LI><a href="#[74]">&gt;&gt;</a>&nbsp;&nbsp;&nbsp;app_disc_enable_cfm_handler
<LI><a href="#[76]">&gt;&gt;</a>&nbsp;&nbsp;&nbsp;app_disc_disable_ind_handler
<LI><a href="#[79]">&gt;&gt;</a>&nbsp;&nbsp;&nbsp;app_basc_wr_char_rsp_handler
<LI><a href="#[78]">&gt;&gt;</a>&nbsp;&nbsp;&nbsp;app_basc_error_ind_handler
<LI><a href="#[77]">&gt;&gt;</a>&nbsp;&nbsp;&nbsp;app_basc_enable_cfm_handler
<LI><a href="#[7d]">&gt;&gt;</a>&nbsp;&nbsp;&nbsp;app_basc_disable_ind_handler
<LI><a href="#[7b]">&gt;&gt;</a>&nbsp;&nbsp;&nbsp;app_basc_batt_level_pres_format_rd_rsp_handler
<LI><a href="#[7a]">&gt;&gt;</a>&nbsp;&nbsp;&nbsp;app_basc_batt_level_ntf_cfg_rd_rsp_handler
<LI><a href="#[7c]">&gt;&gt;</a>&nbsp;&nbsp;&nbsp;app_basc_batt_level_ind_handler
<LI><a href="#[ca]">&gt;&gt;</a>&nbsp;&nbsp;&nbsp;qtrace
<LI><a href="#[e7]">&gt;&gt;</a>&nbsp;&nbsp;&nbsp;app_menu_show
<LI><a href="#[c6]">&gt;&gt;</a>&nbsp;&nbsp;&nbsp;app_menu_cb
<LI><a href="#[ff]">&gt;&gt;</a>&nbsp;&nbsp;&nbsp;app_menu_show_smp_sec_lvl_set
<LI><a href="#[100]">&gt;&gt;</a>&nbsp;&nbsp;&nbsp;app_menu_show_smp_iocap_set
<LI><a href="#[fe]">&gt;&gt;</a>&nbsp;&nbsp;&nbsp;app_menu_show_smp
<LI><a href="#[f7]">&gt;&gt;</a>&nbsp;&nbsp;&nbsp;app_menu_show_main
<LI><a href="#[fa]">&gt;&gt;</a>&nbsp;&nbsp;&nbsp;app_menu_show_gatt_disp_all_svc
<LI><a href="#[f9]">&gt;&gt;</a>&nbsp;&nbsp;&nbsp;app_menu_show_gatt
<LI><a href="#[fb]">&gt;&gt;</a>&nbsp;&nbsp;&nbsp;app_menu_show_gap_inq_record
<LI><a href="#[fd]">&gt;&gt;</a>&nbsp;&nbsp;&nbsp;app_menu_show_gap_dev_record
<LI><a href="#[fc]">&gt;&gt;</a>&nbsp;&nbsp;&nbsp;app_menu_show_gap_bond_record
<LI><a href="#[f8]">&gt;&gt;</a>&nbsp;&nbsp;&nbsp;app_menu_show_gap
<LI><a href="#[101]">&gt;&gt;</a>&nbsp;&nbsp;&nbsp;app_menu_show_disc
<LI><a href="#[102]">&gt;&gt;</a>&nbsp;&nbsp;&nbsp;app_menu_show_basc
<LI><a href="#[f0]">&gt;&gt;</a>&nbsp;&nbsp;&nbsp;app_menu_handler_gap_dev_select
<LI><a href="#[ec]">&gt;&gt;</a>&nbsp;&nbsp;&nbsp;app_menu_handler_disc
<LI><a href="#[e8]">&gt;&gt;</a>&nbsp;&nbsp;&nbsp;app_menu_handler_basc
<LI><a href="#[10c]">&gt;&gt;</a>&nbsp;&nbsp;&nbsp;assert_warn
<LI><a href="#[6e]">&gt;&gt;</a>&nbsp;&nbsp;&nbsp;app_smpc_tk_req_ind_handler
<LI><a href="#[73]">&gt;&gt;</a>&nbsp;&nbsp;&nbsp;app_smpc_timeout_evt_handler
<LI><a href="#[72]">&gt;&gt;</a>&nbsp;&nbsp;&nbsp;app_smpc_sec_started_ind_handler
<LI><a href="#[6f]">&gt;&gt;</a>&nbsp;&nbsp;&nbsp;app_smpc_ltk_req_ind_handler
<LI><a href="#[6d]">&gt;&gt;</a>&nbsp;&nbsp;&nbsp;app_smpc_key_ind_handler
<LI><a href="#[70]">&gt;&gt;</a>&nbsp;&nbsp;&nbsp;app_smpc_irk_req_ind_handler
<LI><a href="#[71]">&gt;&gt;</a>&nbsp;&nbsp;&nbsp;app_smpc_chk_bd_addr_req_ind_handler
<LI><a href="#[63]">&gt;&gt;</a>&nbsp;&nbsp;&nbsp;app_gatt_write_char_resp_handler
<LI><a href="#[64]">&gt;&gt;</a>&nbsp;&nbsp;&nbsp;app_gatt_write_char_reliable_resp_handler
</UL>

<P><STRONG><a name="[a6]"></a>__ARM_clz</STRONG> (Thumb, 46 bytes, Stack size 0 bytes, depilogue.o(i.__ARM_clz))
<BR><BR>[Called By]<UL><LI><a href="#[9b]">&gt;&gt;</a>&nbsp;&nbsp;&nbsp;_double_epilogue
</UL>

<P><STRONG><a name="[c9]"></a>__ARM_common_switch8</STRONG> (Thumb, 26 bytes, Stack size 8 bytes, app_menu.o(i.__ARM_common_switch8))
<BR><BR>[Stack]<UL><LI>Max Depth = 8<LI>Call Chain = __ARM_common_switch8
</UL>
<BR>[Called By]<UL><LI><a href="#[54]">&gt;&gt;</a>&nbsp;&nbsp;&nbsp;app_gap_bond_req_cmp_ind_handler
<LI><a href="#[75]">&gt;&gt;</a>&nbsp;&nbsp;&nbsp;app_disc_rd_char_rsp_handler
<LI><a href="#[e7]">&gt;&gt;</a>&nbsp;&nbsp;&nbsp;app_menu_show
<LI><a href="#[f5]">&gt;&gt;</a>&nbsp;&nbsp;&nbsp;app_menu_hdl
<LI><a href="#[f0]">&gt;&gt;</a>&nbsp;&nbsp;&nbsp;app_menu_handler_gap_dev_select
<LI><a href="#[ec]">&gt;&gt;</a>&nbsp;&nbsp;&nbsp;app_menu_handler_disc
<LI><a href="#[13c]">&gt;&gt;</a>&nbsp;&nbsp;&nbsp;led_set
</UL>

<P><STRONG><a name="[96]"></a>__aeabi_errno_addr</STRONG> (Thumb, 4 bytes, Stack size 0 bytes, errno.o(i.__aeabi_errno_addr))
<BR><BR>[Called By]<UL><LI><a href="#[a5]">&gt;&gt;</a>&nbsp;&nbsp;&nbsp;_strtoul
<LI><a href="#[97]">&gt;&gt;</a>&nbsp;&nbsp;&nbsp;strtol
<LI><a href="#[95]">&gt;&gt;</a>&nbsp;&nbsp;&nbsp;atoi
</UL>

<P><STRONG><a name="[171]"></a>__rt_errno_addr</STRONG> (Thumb, 0 bytes, Stack size 0 bytes, errno.o(i.__aeabi_errno_addr), UNUSED)

<P><STRONG><a name="[172]"></a>__scatterload_copy</STRONG> (Thumb, 14 bytes, Stack size unknown bytes, handlers.o(i.__scatterload_copy), UNUSED)

<P><STRONG><a name="[173]"></a>__scatterload_null</STRONG> (Thumb, 2 bytes, Stack size unknown bytes, handlers.o(i.__scatterload_null), UNUSED)

<P><STRONG><a name="[174]"></a>__scatterload_zeroinit</STRONG> (Thumb, 14 bytes, Stack size unknown bytes, handlers.o(i.__scatterload_zeroinit), UNUSED)

<P><STRONG><a name="[bf]"></a>app_add_bonded_dev</STRONG> (Thumb, 32 bytes, Stack size 8 bytes, app_util.o(i.app_add_bonded_dev))
<BR><BR>[Stack]<UL><LI>Max Depth = 8<LI>Call Chain = app_add_bonded_dev
</UL>
<BR>[Calls]<UL><LI><a href="#[c0]">&gt;&gt;</a>&nbsp;&nbsp;&nbsp;__aeabi_memcpy
</UL>
<BR>[Called By]<UL><LI><a href="#[54]">&gt;&gt;</a>&nbsp;&nbsp;&nbsp;app_gap_bond_req_cmp_ind_handler
</UL>

<P><STRONG><a name="[7c]"></a>app_basc_batt_level_ind_handler</STRONG> (Thumb, 30 bytes, Stack size 16 bytes, app_basc_task.o(i.app_basc_batt_level_ind_handler))
<BR><BR>[Stack]<UL><LI>Max Depth = 40<LI>Call Chain = app_basc_batt_level_ind_handler &rArr; __2printf
</UL>
<BR>[Calls]<UL><LI><a href="#[c2]">&gt;&gt;</a>&nbsp;&nbsp;&nbsp;app_task_msg_hdl
<LI><a href="#[c1]">&gt;&gt;</a>&nbsp;&nbsp;&nbsp;__2printf
</UL>
<BR>[Address Reference Count : 1]<UL><LI> app_task.o(.constdata)
</UL>
<P><STRONG><a name="[7a]"></a>app_basc_batt_level_ntf_cfg_rd_rsp_handler</STRONG> (Thumb, 28 bytes, Stack size 16 bytes, app_basc_task.o(i.app_basc_batt_level_ntf_cfg_rd_rsp_handler))
<BR><BR>[Stack]<UL><LI>Max Depth = 40<LI>Call Chain = app_basc_batt_level_ntf_cfg_rd_rsp_handler &rArr; __2printf
</UL>
<BR>[Calls]<UL><LI><a href="#[c2]">&gt;&gt;</a>&nbsp;&nbsp;&nbsp;app_task_msg_hdl
<LI><a href="#[c1]">&gt;&gt;</a>&nbsp;&nbsp;&nbsp;__2printf
</UL>
<BR>[Address Reference Count : 1]<UL><LI> app_task.o(.constdata)
</UL>
<P><STRONG><a name="[7b]"></a>app_basc_batt_level_pres_format_rd_rsp_handler</STRONG> (Thumb, 46 bytes, Stack size 24 bytes, app_basc_task.o(i.app_basc_batt_level_pres_format_rd_rsp_handler))
<BR><BR>[Stack]<UL><LI>Max Depth = 48<LI>Call Chain = app_basc_batt_level_pres_format_rd_rsp_handler &rArr; __2printf
</UL>
<BR>[Calls]<UL><LI><a href="#[c2]">&gt;&gt;</a>&nbsp;&nbsp;&nbsp;app_task_msg_hdl
<LI><a href="#[c1]">&gt;&gt;</a>&nbsp;&nbsp;&nbsp;__2printf
</UL>
<BR>[Address Reference Count : 1]<UL><LI> app_task.o(.constdata)
</UL>
<P><STRONG><a name="[ea]"></a>app_basc_cfg_indntf_req</STRONG> (Thumb, 38 bytes, Stack size 24 bytes, app_basc.o(i.app_basc_cfg_indntf_req))
<BR><BR>[Stack]<UL><LI>Max Depth = 24<LI>Call Chain = app_basc_cfg_indntf_req
</UL>
<BR>[Called By]<UL><LI><a href="#[e8]">&gt;&gt;</a>&nbsp;&nbsp;&nbsp;app_menu_handler_basc
</UL>

<P><STRONG><a name="[7d]"></a>app_basc_disable_ind_handler</STRONG> (Thumb, 12 bytes, Stack size 8 bytes, app_basc_task.o(i.app_basc_disable_ind_handler))
<BR><BR>[Stack]<UL><LI>Max Depth = 32<LI>Call Chain = app_basc_disable_ind_handler &rArr; __2printf
</UL>
<BR>[Calls]<UL><LI><a href="#[c1]">&gt;&gt;</a>&nbsp;&nbsp;&nbsp;__2printf
</UL>
<BR>[Address Reference Count : 1]<UL><LI> app_task.o(.constdata)
</UL>
<P><STRONG><a name="[77]"></a>app_basc_enable_cfm_handler</STRONG> (Thumb, 56 bytes, Stack size 16 bytes, app_basc_task.o(i.app_basc_enable_cfm_handler))
<BR><BR>[Stack]<UL><LI>Max Depth = 40<LI>Call Chain = app_basc_enable_cfm_handler &rArr; __2printf
</UL>
<BR>[Calls]<UL><LI><a href="#[c2]">&gt;&gt;</a>&nbsp;&nbsp;&nbsp;app_task_msg_hdl
<LI><a href="#[c1]">&gt;&gt;</a>&nbsp;&nbsp;&nbsp;__2printf
</UL>
<BR>[Address Reference Count : 1]<UL><LI> app_task.o(.constdata)
</UL>
<P><STRONG><a name="[c3]"></a>app_basc_enable_req</STRONG> (Thumb, 74 bytes, Stack size 24 bytes, app_basc.o(i.app_basc_enable_req))
<BR><BR>[Stack]<UL><LI>Max Depth = 24<LI>Call Chain = app_basc_enable_req
</UL>
<BR>[Calls]<UL><LI><a href="#[c0]">&gt;&gt;</a>&nbsp;&nbsp;&nbsp;__aeabi_memcpy
</UL>
<BR>[Called By]<UL><LI><a href="#[e8]">&gt;&gt;</a>&nbsp;&nbsp;&nbsp;app_menu_handler_basc
</UL>

<P><STRONG><a name="[78]"></a>app_basc_error_ind_handler</STRONG> (Thumb, 14 bytes, Stack size 8 bytes, app_basc_task.o(i.app_basc_error_ind_handler))
<BR><BR>[Stack]<UL><LI>Max Depth = 32<LI>Call Chain = app_basc_error_ind_handler &rArr; __2printf
</UL>
<BR>[Calls]<UL><LI><a href="#[c1]">&gt;&gt;</a>&nbsp;&nbsp;&nbsp;__2printf
</UL>
<BR>[Address Reference Count : 1]<UL><LI> app_task.o(.constdata)
</UL>
<P><STRONG><a name="[eb]"></a>app_basc_rd_char_req</STRONG> (Thumb, 38 bytes, Stack size 24 bytes, app_basc.o(i.app_basc_rd_char_req))
<BR><BR>[Stack]<UL><LI>Max Depth = 24<LI>Call Chain = app_basc_rd_char_req
</UL>
<BR>[Called By]<UL><LI><a href="#[e8]">&gt;&gt;</a>&nbsp;&nbsp;&nbsp;app_menu_handler_basc
</UL>

<P><STRONG><a name="[79]"></a>app_basc_wr_char_rsp_handler</STRONG> (Thumb, 26 bytes, Stack size 16 bytes, app_basc_task.o(i.app_basc_wr_char_rsp_handler))
<BR><BR>[Stack]<UL><LI>Max Depth = 40<LI>Call Chain = app_basc_wr_char_rsp_handler &rArr; __2printf
</UL>
<BR>[Calls]<UL><LI><a href="#[c2]">&gt;&gt;</a>&nbsp;&nbsp;&nbsp;app_task_msg_hdl
<LI><a href="#[c1]">&gt;&gt;</a>&nbsp;&nbsp;&nbsp;__2printf
</UL>
<BR>[Address Reference Count : 1]<UL><LI> app_task.o(.constdata)
</UL>
<P><STRONG><a name="[d6]"></a>app_check_update_conn_param</STRONG> (Thumb, 4 bytes, Stack size 0 bytes, app_util.o(i.app_check_update_conn_param))
<BR><BR>[Called By]<UL><LI><a href="#[4c]">&gt;&gt;</a>&nbsp;&nbsp;&nbsp;app_gap_param_update_req_ind_handler
</UL>

<P><STRONG><a name="[c4]"></a>app_correct_rssi</STRONG> (Thumb, 56 bytes, Stack size 8 bytes, app_gap_task.o(i.app_correct_rssi))
<BR><BR>[Stack]<UL><LI>Max Depth = 136<LI>Call Chain = app_correct_rssi &rArr; __aeabi_dmul &rArr; _double_epilogue &rArr; __aeabi_llsr
</UL>
<BR>[Calls]<UL><LI><a href="#[a0]">&gt;&gt;</a>&nbsp;&nbsp;&nbsp;__aeabi_i2d
<LI><a href="#[9f]">&gt;&gt;</a>&nbsp;&nbsp;&nbsp;__aeabi_dmul
<LI><a href="#[98]">&gt;&gt;</a>&nbsp;&nbsp;&nbsp;__aeabi_dadd
<LI><a href="#[a2]">&gt;&gt;</a>&nbsp;&nbsp;&nbsp;__aeabi_d2iz
</UL>
<BR>[Called By]<UL><LI><a href="#[48]">&gt;&gt;</a>&nbsp;&nbsp;&nbsp;app_gap_dev_inq_result_handler
</UL>

<P><STRONG><a name="[c5]"></a>app_device_setup</STRONG> (Thumb, 14 bytes, Stack size 8 bytes, app_gap_task.o(i.app_device_setup))
<BR><BR>[Stack]<UL><LI>Max Depth = 120<LI>Call Chain = app_device_setup &rArr; app_menu_cb &rArr; app_menu_show &rArr; app_menu_show_gatt_disp_all_svc &rArr; __2printf
</UL>
<BR>[Calls]<UL><LI><a href="#[c7]">&gt;&gt;</a>&nbsp;&nbsp;&nbsp;app_gap_set_sec_req
<LI><a href="#[c6]">&gt;&gt;</a>&nbsp;&nbsp;&nbsp;app_menu_cb
</UL>
<BR>[Called By]<UL><LI><a href="#[45]">&gt;&gt;</a>&nbsp;&nbsp;&nbsp;app_gap_ready_evt_handler
</UL>

<P><STRONG><a name="[76]"></a>app_disc_disable_ind_handler</STRONG> (Thumb, 12 bytes, Stack size 8 bytes, app_disc_task.o(i.app_disc_disable_ind_handler))
<BR><BR>[Stack]<UL><LI>Max Depth = 32<LI>Call Chain = app_disc_disable_ind_handler &rArr; __2printf
</UL>
<BR>[Calls]<UL><LI><a href="#[c1]">&gt;&gt;</a>&nbsp;&nbsp;&nbsp;__2printf
</UL>
<BR>[Address Reference Count : 1]<UL><LI> app_task.o(.constdata)
</UL>
<P><STRONG><a name="[74]"></a>app_disc_enable_cfm_handler</STRONG> (Thumb, 54 bytes, Stack size 16 bytes, app_disc_task.o(i.app_disc_enable_cfm_handler))
<BR><BR>[Stack]<UL><LI>Max Depth = 40<LI>Call Chain = app_disc_enable_cfm_handler &rArr; __2printf
</UL>
<BR>[Calls]<UL><LI><a href="#[c2]">&gt;&gt;</a>&nbsp;&nbsp;&nbsp;app_task_msg_hdl
<LI><a href="#[c1]">&gt;&gt;</a>&nbsp;&nbsp;&nbsp;__2printf
</UL>
<BR>[Address Reference Count : 1]<UL><LI> app_task.o(.constdata)
</UL>
<P><STRONG><a name="[c8]"></a>app_disc_enable_req</STRONG> (Thumb, 62 bytes, Stack size 16 bytes, app_disc.o(i.app_disc_enable_req))
<BR><BR>[Stack]<UL><LI>Max Depth = 16<LI>Call Chain = app_disc_enable_req
</UL>
<BR>[Calls]<UL><LI><a href="#[c0]">&gt;&gt;</a>&nbsp;&nbsp;&nbsp;__aeabi_memcpy
</UL>
<BR>[Called By]<UL><LI><a href="#[ec]">&gt;&gt;</a>&nbsp;&nbsp;&nbsp;app_menu_handler_disc
</UL>

<P><STRONG><a name="[ed]"></a>app_disc_rd_char_req</STRONG> (Thumb, 34 bytes, Stack size 16 bytes, app_disc.o(i.app_disc_rd_char_req))
<BR><BR>[Stack]<UL><LI>Max Depth = 16<LI>Call Chain = app_disc_rd_char_req
</UL>
<BR>[Called By]<UL><LI><a href="#[ec]">&gt;&gt;</a>&nbsp;&nbsp;&nbsp;app_menu_handler_disc
</UL>

<P><STRONG><a name="[75]"></a>app_disc_rd_char_rsp_handler</STRONG> (Thumb, 196 bytes, Stack size 16 bytes, app_disc_task.o(i.app_disc_rd_char_rsp_handler))
<BR><BR>[Stack]<UL><LI>Max Depth = 80<LI>Call Chain = app_disc_rd_char_rsp_handler &rArr; qtrace &rArr; __2printf
</UL>
<BR>[Calls]<UL><LI><a href="#[ca]">&gt;&gt;</a>&nbsp;&nbsp;&nbsp;qtrace
<LI><a href="#[c9]">&gt;&gt;</a>&nbsp;&nbsp;&nbsp;__ARM_common_switch8
<LI><a href="#[c2]">&gt;&gt;</a>&nbsp;&nbsp;&nbsp;app_task_msg_hdl
<LI><a href="#[c1]">&gt;&gt;</a>&nbsp;&nbsp;&nbsp;__2printf
</UL>
<BR>[Address Reference Count : 1]<UL><LI> app_task.o(.constdata)
</UL>
<P><STRONG><a name="[de]"></a>app_find_bonded_dev</STRONG> (Thumb, 50 bytes, Stack size 24 bytes, app_util.o(i.app_find_bonded_dev))
<BR><BR>[Stack]<UL><LI>Max Depth = 24<LI>Call Chain = app_find_bonded_dev
</UL>
<BR>[Called By]<UL><LI><a href="#[dd]">&gt;&gt;</a>&nbsp;&nbsp;&nbsp;app_get_lk_sec_status
<LI><a href="#[6f]">&gt;&gt;</a>&nbsp;&nbsp;&nbsp;app_smpc_ltk_req_ind_handler
</UL>

<P><STRONG><a name="[cb]"></a>app_gap_bond_req</STRONG> (Thumb, 72 bytes, Stack size 40 bytes, app_gap.o(i.app_gap_bond_req))
<BR><BR>[Stack]<UL><LI>Max Depth = 40<LI>Call Chain = app_gap_bond_req
</UL>
<BR>[Calls]<UL><LI><a href="#[c0]">&gt;&gt;</a>&nbsp;&nbsp;&nbsp;__aeabi_memcpy
</UL>
<BR>[Called By]<UL><LI><a href="#[f0]">&gt;&gt;</a>&nbsp;&nbsp;&nbsp;app_menu_handler_gap_dev_select
</UL>

<P><STRONG><a name="[54]"></a>app_gap_bond_req_cmp_ind_handler</STRONG> (Thumb, 110 bytes, Stack size 16 bytes, app_gap_task.o(i.app_gap_bond_req_cmp_ind_handler))
<BR><BR>[Stack]<UL><LI>Max Depth = 40<LI>Call Chain = app_gap_bond_req_cmp_ind_handler &rArr; __2printf
</UL>
<BR>[Calls]<UL><LI><a href="#[c9]">&gt;&gt;</a>&nbsp;&nbsp;&nbsp;__ARM_common_switch8
<LI><a href="#[c2]">&gt;&gt;</a>&nbsp;&nbsp;&nbsp;app_task_msg_hdl
<LI><a href="#[bf]">&gt;&gt;</a>&nbsp;&nbsp;&nbsp;app_add_bonded_dev
<LI><a href="#[c1]">&gt;&gt;</a>&nbsp;&nbsp;&nbsp;__2printf
</UL>
<BR>[Address Reference Count : 1]<UL><LI> app_task.o(.constdata)
</UL>
<P><STRONG><a name="[53]"></a>app_gap_bond_req_ind_handler</STRONG> (Thumb, 82 bytes, Stack size 32 bytes, app_gap_task.o(i.app_gap_bond_req_ind_handler))
<BR><BR>[Stack]<UL><LI>Max Depth = 56<LI>Call Chain = app_gap_bond_req_ind_handler &rArr; app_gap_bond_resp
</UL>
<BR>[Calls]<UL><LI><a href="#[cc]">&gt;&gt;</a>&nbsp;&nbsp;&nbsp;app_get_conhdl_by_idx
<LI><a href="#[cd]">&gt;&gt;</a>&nbsp;&nbsp;&nbsp;app_gap_bond_resp
<LI><a href="#[c1]">&gt;&gt;</a>&nbsp;&nbsp;&nbsp;__2printf
</UL>
<BR>[Address Reference Count : 1]<UL><LI> app_task.o(.constdata)
</UL>
<P><STRONG><a name="[cd]"></a>app_gap_bond_resp</STRONG> (Thumb, 52 bytes, Stack size 24 bytes, app_gap.o(i.app_gap_bond_resp))
<BR><BR>[Stack]<UL><LI>Max Depth = 24<LI>Call Chain = app_gap_bond_resp
</UL>
<BR>[Called By]<UL><LI><a href="#[53]">&gt;&gt;</a>&nbsp;&nbsp;&nbsp;app_gap_bond_req_ind_handler
</UL>

<P><STRONG><a name="[4a]"></a>app_gap_cancel_conn_req_cmp_evt_handler</STRONG> (Thumb, 4 bytes, Stack size 0 bytes, app_gap_task.o(i.app_gap_cancel_conn_req_cmp_evt_handler))
<BR>[Address Reference Count : 1]<UL><LI> app_task.o(.constdata)
</UL>
<P><STRONG><a name="[ce]"></a>app_gap_change_param_req</STRONG> (Thumb, 46 bytes, Stack size 24 bytes, app_gap.o(i.app_gap_change_param_req))
<BR><BR>[Stack]<UL><LI>Max Depth = 24<LI>Call Chain = app_gap_change_param_req
</UL>
<BR>[Calls]<UL><LI><a href="#[c0]">&gt;&gt;</a>&nbsp;&nbsp;&nbsp;__aeabi_memcpy
</UL>
<BR>[Called By]<UL><LI><a href="#[4c]">&gt;&gt;</a>&nbsp;&nbsp;&nbsp;app_gap_param_update_req_ind_handler
</UL>

<P><STRONG><a name="[4f]"></a>app_gap_change_param_req_cmp_handler</STRONG> (Thumb, 44 bytes, Stack size 16 bytes, app_gap_task.o(i.app_gap_change_param_req_cmp_handler))
<BR><BR>[Stack]<UL><LI>Max Depth = 40<LI>Call Chain = app_gap_change_param_req_cmp_handler &rArr; __2printf
</UL>
<BR>[Calls]<UL><LI><a href="#[c2]">&gt;&gt;</a>&nbsp;&nbsp;&nbsp;app_task_msg_hdl
<LI><a href="#[c1]">&gt;&gt;</a>&nbsp;&nbsp;&nbsp;__2printf
</UL>
<BR>[Address Reference Count : 1]<UL><LI> app_task.o(.constdata)
</UL>
<P><STRONG><a name="[ef]"></a>app_gap_dev_inq_cancel_req</STRONG> (Thumb, 30 bytes, Stack size 8 bytes, app_gap.o(i.app_gap_dev_inq_cancel_req))
<BR><BR>[Stack]<UL><LI>Max Depth = 8<LI>Call Chain = app_gap_dev_inq_cancel_req
</UL>
<BR>[Called By]<UL><LI><a href="#[ee]">&gt;&gt;</a>&nbsp;&nbsp;&nbsp;app_menu_handler_gap
</UL>

<P><STRONG><a name="[47]"></a>app_gap_dev_inq_cmp_handler</STRONG> (Thumb, 36 bytes, Stack size 16 bytes, app_gap_task.o(i.app_gap_dev_inq_cmp_handler))
<BR><BR>[Stack]<UL><LI>Max Depth = 40<LI>Call Chain = app_gap_dev_inq_cmp_handler &rArr; __2printf
</UL>
<BR>[Calls]<UL><LI><a href="#[c2]">&gt;&gt;</a>&nbsp;&nbsp;&nbsp;app_task_msg_hdl
<LI><a href="#[c1]">&gt;&gt;</a>&nbsp;&nbsp;&nbsp;__2printf
</UL>
<BR>[Address Reference Count : 1]<UL><LI> app_task.o(.constdata)
</UL>
<P><STRONG><a name="[cf]"></a>app_gap_dev_inq_req</STRONG> (Thumb, 62 bytes, Stack size 32 bytes, app_gap.o(i.app_gap_dev_inq_req))
<BR><BR>[Stack]<UL><LI>Max Depth = 32<LI>Call Chain = app_gap_dev_inq_req
</UL>
<BR>[Calls]<UL><LI><a href="#[c2]">&gt;&gt;</a>&nbsp;&nbsp;&nbsp;app_task_msg_hdl
</UL>
<BR>[Called By]<UL><LI><a href="#[ee]">&gt;&gt;</a>&nbsp;&nbsp;&nbsp;app_menu_handler_gap
</UL>

<P><STRONG><a name="[48]"></a>app_gap_dev_inq_result_handler</STRONG> (Thumb, 192 bytes, Stack size 128 bytes, app_gap_task.o(i.app_gap_dev_inq_result_handler))
<BR><BR>[Stack]<UL><LI>Max Depth = 264<LI>Call Chain = app_gap_dev_inq_result_handler &rArr; app_correct_rssi &rArr; __aeabi_dmul &rArr; _double_epilogue &rArr; __aeabi_llsr
</UL>
<BR>[Calls]<UL><LI><a href="#[c2]">&gt;&gt;</a>&nbsp;&nbsp;&nbsp;app_task_msg_hdl
<LI><a href="#[c4]">&gt;&gt;</a>&nbsp;&nbsp;&nbsp;app_correct_rssi
<LI><a href="#[d0]">&gt;&gt;</a>&nbsp;&nbsp;&nbsp;app_parser_adv_data
<LI><a href="#[c0]">&gt;&gt;</a>&nbsp;&nbsp;&nbsp;__aeabi_memcpy
<LI><a href="#[c1]">&gt;&gt;</a>&nbsp;&nbsp;&nbsp;__2printf
</UL>
<BR>[Address Reference Count : 1]<UL><LI> app_task.o(.constdata)
</UL>
<P><STRONG><a name="[52]"></a>app_gap_discon_cmp_evt_handler</STRONG> (Thumb, 84 bytes, Stack size 32 bytes, app_gap_task.o(i.app_gap_discon_cmp_evt_handler))
<BR><BR>[Stack]<UL><LI>Max Depth = 80<LI>Call Chain = app_gap_discon_cmp_evt_handler &rArr; app_set_link_status_by_conhdl &rArr; app_get_bd_addr_by_conhdl
</UL>
<BR>[Calls]<UL><LI><a href="#[c2]">&gt;&gt;</a>&nbsp;&nbsp;&nbsp;app_task_msg_hdl
<LI><a href="#[d2]">&gt;&gt;</a>&nbsp;&nbsp;&nbsp;app_set_link_status_by_conhdl
<LI><a href="#[d3]">&gt;&gt;</a>&nbsp;&nbsp;&nbsp;app_set_client_service_status
<LI><a href="#[d1]">&gt;&gt;</a>&nbsp;&nbsp;&nbsp;app_get_bd_addr_by_conhdl
<LI><a href="#[c1]">&gt;&gt;</a>&nbsp;&nbsp;&nbsp;__2printf
</UL>
<BR>[Address Reference Count : 1]<UL><LI> app_task.o(.constdata)
</UL>
<P><STRONG><a name="[f3]"></a>app_gap_discon_req</STRONG> (Thumb, 30 bytes, Stack size 16 bytes, app_gap.o(i.app_gap_discon_req))
<BR><BR>[Stack]<UL><LI>Max Depth = 16<LI>Call Chain = app_gap_discon_req
</UL>
<BR>[Called By]<UL><LI><a href="#[f0]">&gt;&gt;</a>&nbsp;&nbsp;&nbsp;app_menu_handler_gap_dev_select
</UL>

<P><STRONG><a name="[d4]"></a>app_gap_le_create_conn_req</STRONG> (Thumb, 80 bytes, Stack size 40 bytes, app_gap.o(i.app_gap_le_create_conn_req))
<BR><BR>[Stack]<UL><LI>Max Depth = 40<LI>Call Chain = app_gap_le_create_conn_req
</UL>
<BR>[Calls]<UL><LI><a href="#[c0]">&gt;&gt;</a>&nbsp;&nbsp;&nbsp;__aeabi_memcpy
</UL>
<BR>[Called By]<UL><LI><a href="#[f0]">&gt;&gt;</a>&nbsp;&nbsp;&nbsp;app_menu_handler_gap_dev_select
</UL>

<P><STRONG><a name="[51]"></a>app_gap_le_create_conn_req_cmp_evt_handler</STRONG> (Thumb, 92 bytes, Stack size 32 bytes, app_gap_task.o(i.app_gap_le_create_conn_req_cmp_evt_handler))
<BR><BR>[Stack]<UL><LI>Max Depth = 80<LI>Call Chain = app_gap_le_create_conn_req_cmp_evt_handler &rArr; app_set_link_status_by_conhdl &rArr; app_get_bd_addr_by_conhdl
</UL>
<BR>[Calls]<UL><LI><a href="#[c2]">&gt;&gt;</a>&nbsp;&nbsp;&nbsp;app_task_msg_hdl
<LI><a href="#[d5]">&gt;&gt;</a>&nbsp;&nbsp;&nbsp;app_set_role
<LI><a href="#[d2]">&gt;&gt;</a>&nbsp;&nbsp;&nbsp;app_set_link_status_by_conhdl
<LI><a href="#[c1]">&gt;&gt;</a>&nbsp;&nbsp;&nbsp;__2printf
</UL>
<BR>[Address Reference Count : 1]<UL><LI> app_task.o(.constdata)
</UL>
<P><STRONG><a name="[4b]"></a>app_gap_name_req_cmp_handler</STRONG> (Thumb, 72 bytes, Stack size 16 bytes, app_gap_task.o(i.app_gap_name_req_cmp_handler))
<BR><BR>[Stack]<UL><LI>Max Depth = 40<LI>Call Chain = app_gap_name_req_cmp_handler &rArr; __2printf
</UL>
<BR>[Calls]<UL><LI><a href="#[c1]">&gt;&gt;</a>&nbsp;&nbsp;&nbsp;__2printf
</UL>
<BR>[Address Reference Count : 1]<UL><LI> app_task.o(.constdata)
</UL>
<P><STRONG><a name="[4c]"></a>app_gap_param_update_req_ind_handler</STRONG> (Thumb, 56 bytes, Stack size 16 bytes, app_gap_task.o(i.app_gap_param_update_req_ind_handler))
<BR><BR>[Stack]<UL><LI>Max Depth = 40<LI>Call Chain = app_gap_param_update_req_ind_handler &rArr; app_gap_change_param_req
</UL>
<BR>[Calls]<UL><LI><a href="#[ce]">&gt;&gt;</a>&nbsp;&nbsp;&nbsp;app_gap_change_param_req
<LI><a href="#[d6]">&gt;&gt;</a>&nbsp;&nbsp;&nbsp;app_check_update_conn_param
<LI><a href="#[c1]">&gt;&gt;</a>&nbsp;&nbsp;&nbsp;__2printf
</UL>
<BR>[Address Reference Count : 1]<UL><LI> app_task.o(.constdata)
</UL>
<P><STRONG><a name="[d8]"></a>app_gap_read_bdaddr_req</STRONG> (Thumb, 10 bytes, Stack size 0 bytes, app_gap.o(i.app_gap_read_bdaddr_req))
<BR><BR>[Called By]<UL><LI><a href="#[43]">&gt;&gt;</a>&nbsp;&nbsp;&nbsp;app_gap_read_ver_req_cmp_evt_handler
</UL>

<P><STRONG><a name="[44]"></a>app_gap_read_bdaddr_req_cmp_evt_handler</STRONG> (Thumb, 54 bytes, Stack size 16 bytes, app_gap_task.o(i.app_gap_read_bdaddr_req_cmp_evt_handler))
<BR><BR>[Stack]<UL><LI>Max Depth = 128<LI>Call Chain = app_gap_read_bdaddr_req_cmp_evt_handler &rArr; app_menu_cb &rArr; app_menu_show &rArr; app_menu_show_gatt_disp_all_svc &rArr; __2printf
</UL>
<BR>[Calls]<UL><LI><a href="#[c6]">&gt;&gt;</a>&nbsp;&nbsp;&nbsp;app_menu_cb
<LI><a href="#[c2]">&gt;&gt;</a>&nbsp;&nbsp;&nbsp;app_task_msg_hdl
<LI><a href="#[d7]">&gt;&gt;</a>&nbsp;&nbsp;&nbsp;app_init_local_smp_key
<LI><a href="#[c1]">&gt;&gt;</a>&nbsp;&nbsp;&nbsp;__2printf
</UL>
<BR>[Address Reference Count : 1]<UL><LI> app_task.o(.constdata)
</UL>
<P><STRONG><a name="[d9]"></a>app_gap_read_ver_req</STRONG> (Thumb, 10 bytes, Stack size 0 bytes, app_gap.o(i.app_gap_read_ver_req))
<BR><BR>[Called By]<UL><LI><a href="#[42]">&gt;&gt;</a>&nbsp;&nbsp;&nbsp;app_gap_set_sec_req_cmp_evt_handler
</UL>

<P><STRONG><a name="[43]"></a>app_gap_read_ver_req_cmp_evt_handler</STRONG> (Thumb, 40 bytes, Stack size 16 bytes, app_gap_task.o(i.app_gap_read_ver_req_cmp_evt_handler))
<BR><BR>[Stack]<UL><LI>Max Depth = 128<LI>Call Chain = app_gap_read_ver_req_cmp_evt_handler &rArr; app_menu_cb &rArr; app_menu_show &rArr; app_menu_show_gatt_disp_all_svc &rArr; __2printf
</UL>
<BR>[Calls]<UL><LI><a href="#[c6]">&gt;&gt;</a>&nbsp;&nbsp;&nbsp;app_menu_cb
<LI><a href="#[c2]">&gt;&gt;</a>&nbsp;&nbsp;&nbsp;app_task_msg_hdl
<LI><a href="#[d8]">&gt;&gt;</a>&nbsp;&nbsp;&nbsp;app_gap_read_bdaddr_req
</UL>
<BR>[Address Reference Count : 1]<UL><LI> app_task.o(.constdata)
</UL>
<P><STRONG><a name="[45]"></a>app_gap_ready_evt_handler</STRONG> (Thumb, 22 bytes, Stack size 16 bytes, app_gap_task.o(i.app_gap_ready_evt_handler))
<BR><BR>[Stack]<UL><LI>Max Depth = 136<LI>Call Chain = app_gap_ready_evt_handler &rArr; app_device_setup &rArr; app_menu_cb &rArr; app_menu_show &rArr; app_menu_show_gatt_disp_all_svc &rArr; __2printf
</UL>
<BR>[Calls]<UL><LI><a href="#[c2]">&gt;&gt;</a>&nbsp;&nbsp;&nbsp;app_task_msg_hdl
<LI><a href="#[c5]">&gt;&gt;</a>&nbsp;&nbsp;&nbsp;app_device_setup
</UL>
<BR>[Address Reference Count : 1]<UL><LI> app_task.o(.constdata)
</UL>
<P><STRONG><a name="[41]"></a>app_gap_reset_req_cmp_handler</STRONG> (Thumb, 10 bytes, Stack size 8 bytes, app_gap_task.o(i.app_gap_reset_req_cmp_handler))
<BR><BR>[Stack]<UL><LI>Max Depth = 8<LI>Call Chain = app_gap_reset_req_cmp_handler
</UL>
<BR>[Calls]<UL><LI><a href="#[c2]">&gt;&gt;</a>&nbsp;&nbsp;&nbsp;app_task_msg_hdl
</UL>
<BR>[Address Reference Count : 1]<UL><LI> app_task.o(.constdata)
</UL>
<P><STRONG><a name="[49]"></a>app_gap_scan_req_cmp_evt_handler</STRONG> (Thumb, 14 bytes, Stack size 8 bytes, app_gap_task.o(i.app_gap_scan_req_cmp_evt_handler))
<BR><BR>[Stack]<UL><LI>Max Depth = 32<LI>Call Chain = app_gap_scan_req_cmp_evt_handler &rArr; __2printf
</UL>
<BR>[Calls]<UL><LI><a href="#[c1]">&gt;&gt;</a>&nbsp;&nbsp;&nbsp;__2printf
</UL>
<BR>[Address Reference Count : 1]<UL><LI> app_task.o(.constdata)
</UL>
<P><STRONG><a name="[10a]"></a>app_gap_set_bondable_mode_req</STRONG> (Thumb, 26 bytes, Stack size 8 bytes, app_gap.o(i.app_gap_set_bondable_mode_req))
<BR><BR>[Stack]<UL><LI>Max Depth = 8<LI>Call Chain = app_gap_set_bondable_mode_req
</UL>
<BR>[Called By]<UL><LI><a href="#[6c]">&gt;&gt;</a>&nbsp;&nbsp;&nbsp;app_smpm_set_key_cfm_handler
</UL>

<P><STRONG><a name="[46]"></a>app_gap_set_devname_req_cmp_evt_handler</STRONG> (Thumb, 24 bytes, Stack size 16 bytes, app_gap_task.o(i.app_gap_set_devname_req_cmp_evt_handler))
<BR><BR>[Stack]<UL><LI>Max Depth = 40<LI>Call Chain = app_gap_set_devname_req_cmp_evt_handler &rArr; __2printf
</UL>
<BR>[Calls]<UL><LI><a href="#[c2]">&gt;&gt;</a>&nbsp;&nbsp;&nbsp;app_task_msg_hdl
<LI><a href="#[c1]">&gt;&gt;</a>&nbsp;&nbsp;&nbsp;__2printf
</UL>
<BR>[Address Reference Count : 1]<UL><LI> app_task.o(.constdata)
</UL>
<P><STRONG><a name="[50]"></a>app_gap_set_mode_req_cmp_evt_handler</STRONG> (Thumb, 66 bytes, Stack size 8 bytes, app_gap_task.o(i.app_gap_set_mode_req_cmp_evt_handler))
<BR><BR>[Stack]<UL><LI>Max Depth = 32<LI>Call Chain = app_gap_set_mode_req_cmp_evt_handler &rArr; __2printf
</UL>
[...]
<BR><BR>[Stack]<UL><LI>Max Depth = 16<LI>Call Chain = gatt_write_char_rsp_handler
</UL>
<BR>[Calls]<UL><LI><a href="#[10d]">&gt;&gt;</a>&nbsp;&nbsp;&nbsp;prf_client_get_env
</UL>
<BR>[Address Reference Count : 1]<UL><LI> basc_task.o(.constdata)
</UL>
<P><STRONG><a name="[8e]"></a>disc_enable_req_handler</STRONG> (Thumb, 114 bytes, Stack size 24 bytes, disc_task.o(i.disc_enable_req_handler))
<BR><BR>[Stack]<UL><LI>Max Depth = 104<LI>Call Chain = disc_enable_req_handler &rArr; disc_enable_cfm_send &rArr; prf_client_enable_error &rArr; prf_client_disable &rArr; prf_client_env_free
</UL>
<BR>[Calls]<UL><LI><a href="#[115]">&gt;&gt;</a>&nbsp;&nbsp;&nbsp;prf_disc_svc_send
<LI><a href="#[10d]">&gt;&gt;</a>&nbsp;&nbsp;&nbsp;prf_client_get_env
<LI><a href="#[114]">&gt;&gt;</a>&nbsp;&nbsp;&nbsp;prf_client_enable
<LI><a href="#[123]">&gt;&gt;</a>&nbsp;&nbsp;&nbsp;disc_enable_cfm_send
<LI><a href="#[c0]">&gt;&gt;</a>&nbsp;&nbsp;&nbsp;__aeabi_memcpy
</UL>
<BR>[Address Reference Count : 1]<UL><LI> disc_task.o(.constdata)
</UL>
<P><STRONG><a name="[89]"></a>disc_rd_char_req_handler</STRONG> (Thumb, 70 bytes, Stack size 8 bytes, disc_task.o(i.disc_rd_char_req_handler))
<BR><BR>[Stack]<UL><LI>Max Depth = 48<LI>Call Chain = disc_rd_char_req_handler &rArr; prf_read_char_send
</UL>
<BR>[Calls]<UL><LI><a href="#[110]">&gt;&gt;</a>&nbsp;&nbsp;&nbsp;prf_read_char_send
<LI><a href="#[10d]">&gt;&gt;</a>&nbsp;&nbsp;&nbsp;prf_client_get_env
<LI><a href="#[126]">&gt;&gt;</a>&nbsp;&nbsp;&nbsp;disc_read_char_rsp_send
</UL>
<BR>[Address Reference Count : 1]<UL><LI> disc_task.o(.constdata)
</UL>
<P><STRONG><a name="[8f]"></a>gap_discon_cmp_evt_handler</STRONG> (Thumb, 16 bytes, Stack size 8 bytes, disc_task.o(i.gap_discon_cmp_evt_handler))
<BR><BR>[Stack]<UL><LI>Max Depth = 64<LI>Call Chain = gap_discon_cmp_evt_handler &rArr; prf_client_disable_ind_send &rArr; assert_warn &rArr; __2printf
</UL>
<BR>[Calls]<UL><LI><a href="#[12f]">&gt;&gt;</a>&nbsp;&nbsp;&nbsp;prf_client_disable_ind_send
</UL>
<BR>[Address Reference Count : 1]<UL><LI> disc_task.o(.constdata)
</UL>
<P><STRONG><a name="[8d]"></a>gatt_cmp_evt_handler</STRONG> (Thumb, 100 bytes, Stack size 16 bytes, disc_task.o(i.gatt_cmp_evt_handler))
<BR><BR>[Stack]<UL><LI>Max Depth = 96<LI>Call Chain = gatt_cmp_evt_handler &rArr; disc_enable_cfm_send &rArr; prf_client_enable_error &rArr; prf_client_disable &rArr; prf_client_env_free
</UL>
<BR>[Calls]<UL><LI><a href="#[132]">&gt;&gt;</a>&nbsp;&nbsp;&nbsp;prf_disc_char_all_send
<LI><a href="#[10d]">&gt;&gt;</a>&nbsp;&nbsp;&nbsp;prf_client_get_env
<LI><a href="#[130]">&gt;&gt;</a>&nbsp;&nbsp;&nbsp;prf_check_svc_char_validity
<LI><a href="#[123]">&gt;&gt;</a>&nbsp;&nbsp;&nbsp;disc_enable_cfm_send
</UL>
<BR>[Address Reference Count : 1]<UL><LI> disc_task.o(.constdata)
</UL>
<P><STRONG><a name="[8c]"></a>gatt_disc_char_all_evt_handler</STRONG> (Thumb, 46 bytes, Stack size 16 bytes, disc_task.o(i.gatt_disc_char_all_evt_handler))
<BR><BR>[Stack]<UL><LI>Max Depth = 56<LI>Call Chain = gatt_disc_char_all_evt_handler &rArr; prf_search_chars
</UL>
<BR>[Calls]<UL><LI><a href="#[133]">&gt;&gt;</a>&nbsp;&nbsp;&nbsp;prf_search_chars
<LI><a href="#[10d]">&gt;&gt;</a>&nbsp;&nbsp;&nbsp;prf_client_get_env
</UL>
<BR>[Address Reference Count : 1]<UL><LI> disc_task.o(.constdata)
</UL>
<P><STRONG><a name="[8b]"></a>gatt_disc_svc_by_uuid_evt_handler</STRONG> (Thumb, 38 bytes, Stack size 8 bytes, disc_task.o(i.gatt_disc_svc_by_uuid_evt_handler))
<BR><BR>[Stack]<UL><LI>Max Depth = 8<LI>Call Chain = gatt_disc_svc_by_uuid_evt_handler
</UL>
<BR>[Calls]<UL><LI><a href="#[10d]">&gt;&gt;</a>&nbsp;&nbsp;&nbsp;prf_client_get_env
</UL>
<BR>[Address Reference Count : 1]<UL><LI> disc_task.o(.constdata)
</UL>
<P><STRONG><a name="[8a]"></a>gatt_rd_char_rsp_handler</STRONG> (Thumb, 26 bytes, Stack size 8 bytes, disc_task.o(i.gatt_rd_char_rsp_handler))
<BR><BR>[Stack]<UL><LI>Max Depth = 40<LI>Call Chain = gatt_rd_char_rsp_handler &rArr; disc_read_char_rsp_send
</UL>
<BR>[Calls]<UL><LI><a href="#[10d]">&gt;&gt;</a>&nbsp;&nbsp;&nbsp;prf_client_get_env
<LI><a href="#[126]">&gt;&gt;</a>&nbsp;&nbsp;&nbsp;disc_read_char_rsp_send
</UL>
<BR>[Address Reference Count : 1]<UL><LI> disc_task.o(.constdata)
</UL>
<P><STRONG><a name="[b9]"></a>uart_tx_int_enable</STRONG> (Thumb, 46 bytes, Stack size 8 bytes, uart.o(i.uart_tx_int_enable))
<BR><BR>[Stack]<UL><LI>Max Depth = 8<LI>Call Chain = uart_tx_int_enable
</UL>
<BR>[Called By]<UL><LI><a href="#[13]">&gt;&gt;</a>&nbsp;&nbsp;&nbsp;UART0_TX_IRQHandler
</UL>

<P><STRONG><a name="[128]"></a>syscon_SetCMDCRWithMask</STRONG> (Thumb, 12 bytes, Stack size 0 bytes, sleep.o(i.syscon_SetCMDCRWithMask))
<BR><BR>[Called By]<UL><LI><a href="#[149]">&gt;&gt;</a>&nbsp;&nbsp;&nbsp;wakeup_by_sleep_timer
<LI><a href="#[127]">&gt;&gt;</a>&nbsp;&nbsp;&nbsp;enter_sleep
</UL>

<P><STRONG><a name="[129]"></a>syscon_SetPGCR0WithMask</STRONG> (Thumb, 14 bytes, Stack size 0 bytes, sleep.o(i.syscon_SetPGCR0WithMask))
<BR><BR>[Called By]<UL><LI><a href="#[149]">&gt;&gt;</a>&nbsp;&nbsp;&nbsp;wakeup_by_sleep_timer
<LI><a href="#[148]">&gt;&gt;</a>&nbsp;&nbsp;&nbsp;sleep_init
<LI><a href="#[127]">&gt;&gt;</a>&nbsp;&nbsp;&nbsp;enter_sleep
</UL>

<P><STRONG><a name="[12a]"></a>syscon_SetPGCR2WithMask</STRONG> (Thumb, 14 bytes, Stack size 0 bytes, sleep.o(i.syscon_SetPGCR2WithMask))
<BR><BR>[Called By]<UL><LI><a href="#[149]">&gt;&gt;</a>&nbsp;&nbsp;&nbsp;wakeup_by_sleep_timer
<LI><a href="#[127]">&gt;&gt;</a>&nbsp;&nbsp;&nbsp;enter_sleep
</UL>

<P><STRONG><a name="[15c]"></a>syscon_SetCMDCRWithMask</STRONG> (Thumb, 12 bytes, Stack size 0 bytes, syscon.o(i.syscon_SetCMDCRWithMask))
<BR><BR>[Called By]<UL><LI><a href="#[b5]">&gt;&gt;</a>&nbsp;&nbsp;&nbsp;syscon_set_usart_clk
<LI><a href="#[b4]">&gt;&gt;</a>&nbsp;&nbsp;&nbsp;syscon_set_timer_clk
<LI><a href="#[b0]">&gt;&gt;</a>&nbsp;&nbsp;&nbsp;syscon_set_sysclk_src
<LI><a href="#[b2]">&gt;&gt;</a>&nbsp;&nbsp;&nbsp;syscon_set_ble_clk
<LI><a href="#[b3]">&gt;&gt;</a>&nbsp;&nbsp;&nbsp;syscon_set_apb_clk
<LI><a href="#[b1]">&gt;&gt;</a>&nbsp;&nbsp;&nbsp;syscon_set_ahb_clk
</UL>

<P><STRONG><a name="[ab]"></a>dev_allow_sleep</STRONG> (Thumb, 10 bytes, Stack size 0 bytes, dma.o(i.dev_allow_sleep))
<BR><BR>[Called By]<UL><LI><a href="#[12]">&gt;&gt;</a>&nbsp;&nbsp;&nbsp;DMA_IRQHandler
</UL>

<P><STRONG><a name="[2b]"></a>attc_rd_blob_req_handler_patch</STRONG> (Thumb, 32 bytes, Stack size 24 bytes, lib.o(i.attc_rd_blob_req_handler_patch))
<BR><BR>[Stack]<UL><LI>Max Depth = 24<LI>Call Chain = attc_rd_blob_req_handler_patch
</UL>
<BR>[Address Reference Count : 1]<UL><LI> lib.o(i.ble_init)
</UL>
<P><STRONG><a name="[3e]"></a>atts_req_error_ind_handler_patch</STRONG> (Thumb, 58 bytes, Stack size 16 bytes, lib.o(i.atts_req_error_ind_handler_patch))
<BR><BR>[Stack]<UL><LI>Max Depth = 16<LI>Call Chain = atts_req_error_ind_handler_patch
</UL>
<BR>[Address Reference Count : 1]<UL><LI> lib.o(i.task_gatt_desc_register)
</UL>
<P><STRONG><a name="[14f]"></a>cal_cal_SetCAL0WithMask</STRONG> (Thumb, 12 bytes, Stack size 0 bytes, lib.o(i.cal_cal_SetCAL0WithMask))
<BR><BR>[Called By]<UL><LI><a href="#[14d]">&gt;&gt;</a>&nbsp;&nbsp;&nbsp;powerup_calibration
</UL>

<P><STRONG><a name="[150]"></a>cal_cal_SetCAL1WithMask</STRONG> (Thumb, 12 bytes, Stack size 0 bytes, lib.o(i.cal_cal_SetCAL1WithMask))
<BR><BR>[Called By]<UL><LI><a href="#[14d]">&gt;&gt;</a>&nbsp;&nbsp;&nbsp;powerup_calibration
</UL>

<P><STRONG><a name="[35]"></a>default_enter_sleep_cb</STRONG> (Thumb, 34 bytes, Stack size 8 bytes, lib.o(i.default_enter_sleep_cb))
<BR><BR>[Stack]<UL><LI>Max Depth = 8<LI>Call Chain = default_enter_sleep_cb
</UL>
<BR>[Address Reference Count : 1]<UL><LI> lib.o(i.plf_init)
</UL>
<P><STRONG><a name="[36]"></a>default_exit_sleep_cb</STRONG> (Thumb, 20 bytes, Stack size 8 bytes, lib.o(i.default_exit_sleep_cb))
<BR><BR>[Stack]<UL><LI>Max Depth = 8<LI>Call Chain = default_exit_sleep_cb
</UL>
<BR>[Called By]<UL><LI><a href="#[d]">&gt;&gt;</a>&nbsp;&nbsp;&nbsp;BLE_IRQHandler
</UL>
<BR>[Address Reference Count : 1]<UL><LI> lib.o(i.plf_init)
</UL>
<P><STRONG><a name="[14c]"></a>delay</STRONG> (Thumb, 16 bytes, Stack size 0 bytes, lib.o(i.delay))
<BR><BR>[Called By]<UL><LI><a href="#[146]">&gt;&gt;</a>&nbsp;&nbsp;&nbsp;plf_init
<LI><a href="#[14d]">&gt;&gt;</a>&nbsp;&nbsp;&nbsp;powerup_calibration
</UL>

<P><STRONG><a name="[14b]"></a>dp_dp_SetRegWithMask</STRONG> (Thumb, 16 bytes, Stack size 0 bytes, lib.o(i.dp_dp_SetRegWithMask))
<BR><BR>[Called By]<UL><LI><a href="#[146]">&gt;&gt;</a>&nbsp;&nbsp;&nbsp;plf_init
<LI><a href="#[12c]">&gt;&gt;</a>&nbsp;&nbsp;&nbsp;sleep_post_process
<LI><a href="#[159]">&gt;&gt;</a>&nbsp;&nbsp;&nbsp;restore_ble_setting
<LI><a href="#[14d]">&gt;&gt;</a>&nbsp;&nbsp;&nbsp;powerup_calibration
</UL>

<P><STRONG><a name="[2f]"></a>gap_discon_ind_handler_patch</STRONG> (Thumb, 88 bytes, Stack size 40 bytes, lib.o(i.gap_discon_ind_handler_patch))
<BR><BR>[Stack]<UL><LI>Max Depth = 40<LI>Call Chain = gap_discon_ind_handler_patch
</UL>
<BR>[Address Reference Count : 1]<UL><LI> lib.o(i.ble_init)
</UL>
<P><STRONG><a name="[3a]"></a>gap_set_mode_req_handler_patch</STRONG> (Thumb, 78 bytes, Stack size 24 bytes, lib.o(i.gap_set_mode_req_handler_patch))
<BR><BR>[Stack]<UL><LI>Max Depth = 24<LI>Call Chain = gap_set_mode_req_handler_patch
</UL>
<BR>[Address Reference Count : 1]<UL><LI> lib.o(i.task_gap_desc_register)
</UL>
<P><STRONG><a name="[3c]"></a>gatt_read_char_req_handler_patch</STRONG> (Thumb, 58 bytes, Stack size 40 bytes, lib.o(i.gatt_read_char_req_handler_patch))
<BR><BR>[Stack]<UL><LI>Max Depth = 40<LI>Call Chain = gatt_read_char_req_handler_patch
</UL>
<BR>[Address Reference Count : 1]<UL><LI> lib.o(i.task_gatt_desc_register)
</UL>
<P><STRONG><a name="[3d]"></a>gatt_write_char_req_handler_patch</STRONG> (Thumb, 222 bytes, Stack size 40 bytes, lib.o(i.gatt_write_char_req_handler_patch))
<BR><BR>[Stack]<UL><LI>Max Depth = 40<LI>Call Chain = gatt_write_char_req_handler_patch
</UL>
<BR>[Calls]<UL><LI><a href="#[c0]">&gt;&gt;</a>&nbsp;&nbsp;&nbsp;__aeabi_memcpy
</UL>
<BR>[Address Reference Count : 1]<UL><LI> lib.o(i.task_gatt_desc_register)
</UL>
<P><STRONG><a name="[2e]"></a>l2cc_data_packet_ind_handler_patch</STRONG> (Thumb, 78 bytes, Stack size 24 bytes, lib.o(i.l2cc_data_packet_ind_handler_patch))
<BR><BR>[Stack]<UL><LI>Max Depth = 24<LI>Call Chain = l2cc_data_packet_ind_handler_patch
</UL>
<BR>[Calls]<UL><LI><a href="#[c0]">&gt;&gt;</a>&nbsp;&nbsp;&nbsp;__aeabi_memcpy
<LI><a href="#[13a]">&gt;&gt;</a>&nbsp;&nbsp;&nbsp;co_buf_rx_get
</UL>
<BR>[Address Reference Count : 1]<UL><LI> lib.o(i.ble_init)
</UL>
<P><STRONG><a name="[3f]"></a>l2cc_data_send_rsp_handler_patch</STRONG> (Thumb, 64 bytes, Stack size 16 bytes, lib.o(i.l2cc_data_send_rsp_handler_patch))
<BR><BR>[Stack]<UL><LI>Max Depth = 16<LI>Call Chain = l2cc_data_send_rsp_handler_patch
</UL>
<BR>[Address Reference Count : 1]<UL><LI> lib.o(i.task_gatt_desc_register)
</UL>
<P><STRONG><a name="[3b]"></a>llc_disc_evt_complete_handler_patch</STRONG> (Thumb, 110 bytes, Stack size 24 bytes, lib.o(i.llc_disc_evt_complete_handler_patch))
<BR><BR>[Stack]<UL><LI>Max Depth = 24<LI>Call Chain = llc_disc_evt_complete_handler_patch
</UL>
<BR>[Address Reference Count : 1]<UL><LI> lib.o(i.task_gap_desc_register)
</UL>
<P><STRONG><a name="[2d]"></a>llc_le_con_update_cmd_handler_new</STRONG> (Thumb, 280 bytes, Stack size 72 bytes, lib.o(i.llc_le_con_update_cmd_handler_new))
<BR><BR>[Stack]<UL><LI>Max Depth = 200<LI>Call Chain = llc_le_con_update_cmd_handler_new &rArr; __aeabi_dmul &rArr; _double_epilogue &rArr; __aeabi_llsr
</UL>
<BR>[Calls]<UL><LI><a href="#[a0]">&gt;&gt;</a>&nbsp;&nbsp;&nbsp;__aeabi_i2d
<LI><a href="#[9f]">&gt;&gt;</a>&nbsp;&nbsp;&nbsp;__aeabi_dmul
<LI><a href="#[a1]">&gt;&gt;</a>&nbsp;&nbsp;&nbsp;__aeabi_ui2d
<LI><a href="#[13e]">&gt;&gt;</a>&nbsp;&nbsp;&nbsp;__aeabi_cdcmple
<LI><a href="#[13f]">&gt;&gt;</a>&nbsp;&nbsp;&nbsp;lld_evt_periodic_alloc
</UL>
<BR>[Address Reference Count : 1]<UL><LI> lib.o(i.ble_init)
</UL>
<P><STRONG><a name="[140]"></a>lld_con_start</STRONG> (Thumb, 260 bytes, Stack size 40 bytes, lib.o(i.lld_con_start))
<BR><BR>[Stack]<UL><LI>Max Depth = 124<LI>Call Chain = lld_con_start &rArr; lld_evt_scan_create &rArr; lld_evt_periodic_alloc &rArr; __aeabi_uidivmod
</UL>
<BR>[Calls]<UL><LI><a href="#[141]">&gt;&gt;</a>&nbsp;&nbsp;&nbsp;lld_evt_scan_create
</UL>
<BR>[Called By]<UL><LI><a href="#[143]">&gt;&gt;</a>&nbsp;&nbsp;&nbsp;llm_create_con
</UL>

<P><STRONG><a name="[13f]"></a>lld_evt_periodic_alloc</STRONG> (Thumb, 154 bytes, Stack size 48 bytes, lib.o(i.lld_evt_periodic_alloc))
<BR><BR>[Stack]<UL><LI>Max Depth = 60<LI>Call Chain = lld_evt_periodic_alloc &rArr; __aeabi_uidivmod
</UL>
<BR>[Calls]<UL><LI><a href="#[e0]">&gt;&gt;</a>&nbsp;&nbsp;&nbsp;__aeabi_uidivmod
</UL>
<BR>[Called By]<UL><LI><a href="#[141]">&gt;&gt;</a>&nbsp;&nbsp;&nbsp;lld_evt_scan_create
<LI><a href="#[2d]">&gt;&gt;</a>&nbsp;&nbsp;&nbsp;llc_le_con_update_cmd_handler_new
</UL>

<P><STRONG><a name="[34]"></a>lld_sleep_lpcycles_2_us</STRONG> (Thumb, 50 bytes, Stack size 8 bytes, lib.o(i.lld_sleep_lpcycles_2_us))
<BR><BR>[Stack]<UL><LI>Max Depth = 8<LI>Call Chain = lld_sleep_lpcycles_2_us
</UL>
<BR>[Calls]<UL><LI><a href="#[142]">&gt;&gt;</a>&nbsp;&nbsp;&nbsp;__aeabi_lmul
</UL>
<BR>[Address Reference Count : 1]<UL><LI> lib.o(i.plf_init)
</UL>
<P><STRONG><a name="[143]"></a>llm_create_con</STRONG> (Thumb, 268 bytes, Stack size 24 bytes, lib.o(i.llm_create_con))
<BR><BR>[Stack]<UL><LI>Max Depth = 152<LI>Call Chain = llm_create_con &rArr; __aeabi_dmul &rArr; _double_epilogue &rArr; __aeabi_llsr
</UL>
<BR>[Calls]<UL><LI><a href="#[a0]">&gt;&gt;</a>&nbsp;&nbsp;&nbsp;__aeabi_i2d
<LI><a href="#[9f]">&gt;&gt;</a>&nbsp;&nbsp;&nbsp;__aeabi_dmul
<LI><a href="#[c0]">&gt;&gt;</a>&nbsp;&nbsp;&nbsp;__aeabi_memcpy
<LI><a href="#[144]">&gt;&gt;</a>&nbsp;&nbsp;&nbsp;rand
<LI><a href="#[a1]">&gt;&gt;</a>&nbsp;&nbsp;&nbsp;__aeabi_ui2d
<LI><a href="#[13e]">&gt;&gt;</a>&nbsp;&nbsp;&nbsp;__aeabi_cdcmple
<LI><a href="#[145]">&gt;&gt;</a>&nbsp;&nbsp;&nbsp;llm_util_aa_gen
<LI><a href="#[140]">&gt;&gt;</a>&nbsp;&nbsp;&nbsp;lld_con_start
</UL>
<BR>[Called By]<UL><LI><a href="#[2c]">&gt;&gt;</a>&nbsp;&nbsp;&nbsp;llm_le_create_con_cmd_handler_new
</UL>

<P><STRONG><a name="[38]"></a>llm_create_con_cmd_complete_handler_patch</STRONG> (Thumb, 120 bytes, Stack size 40 bytes, lib.o(i.llm_create_con_cmd_complete_handler_patch))
<BR><BR>[Stack]<UL><LI>Max Depth = 40<LI>Call Chain = llm_create_con_cmd_complete_handler_patch
</UL>
<BR>[Address Reference Count : 1]<UL><LI> lib.o(i.task_gap_desc_register)
</UL>
<P><STRONG><a name="[2c]"></a>llm_le_create_con_cmd_handler_new</STRONG> (Thumb, 48 bytes, Stack size 8 bytes, lib.o(i.llm_le_create_con_cmd_handler_new))
<BR><BR>[Stack]<UL><LI>Max Depth = 160<LI>Call Chain = llm_le_create_con_cmd_handler_new &rArr; llm_create_con &rArr; __aeabi_dmul &rArr; _double_epilogue &rArr; __aeabi_llsr
</UL>
<BR>[Calls]<UL><LI><a href="#[143]">&gt;&gt;</a>&nbsp;&nbsp;&nbsp;llm_create_con
</UL>
<BR>[Address Reference Count : 1]<UL><LI> lib.o(i.ble_init)
</UL>
<P><STRONG><a name="[39]"></a>llm_le_create_con_stat_evt_handler_patch</STRONG> (Thumb, 24 bytes, Stack size 8 bytes, lib.o(i.llm_le_create_con_stat_evt_handler_patch))
<BR><BR>[Stack]<UL><LI>Max Depth = 8<LI>Call Chain = llm_le_create_con_stat_evt_handler_patch
</UL>
<BR>[Address Reference Count : 1]<UL><LI> lib.o(i.task_gap_desc_register)
</UL>
<P><STRONG><a name="[145]"></a>llm_util_aa_gen</STRONG> (Thumb, 98 bytes, Stack size 16 bytes, lib.o(i.llm_util_aa_gen))
<BR><BR>[Stack]<UL><LI>Max Depth = 28<LI>Call Chain = llm_util_aa_gen &rArr; __aeabi_uidivmod
</UL>
<BR>[Calls]<UL><LI><a href="#[144]">&gt;&gt;</a>&nbsp;&nbsp;&nbsp;rand
<LI><a href="#[e0]">&gt;&gt;</a>&nbsp;&nbsp;&nbsp;__aeabi_uidivmod
</UL>
<BR>[Called By]<UL><LI><a href="#[143]">&gt;&gt;</a>&nbsp;&nbsp;&nbsp;llm_create_con
</UL>

<P><STRONG><a name="[37]"></a>plf_reset_cb</STRONG> (Thumb, 12 bytes, Stack size 0 bytes, lib.o(i.plf_reset_cb))
<BR>[Address Reference Count : 1]<UL><LI> lib.o(i.plf_init)
</UL>
<P><STRONG><a name="[14d]"></a>powerup_calibration</STRONG> (Thumb, 280 bytes, Stack size 24 bytes, lib.o(i.powerup_calibration))
<BR><BR>[Stack]<UL><LI>Max Depth = 48<LI>Call Chain = powerup_calibration &rArr; rf_enable
</UL>
<BR>[Calls]<UL><LI><a href="#[151]">&gt;&gt;</a>&nbsp;&nbsp;&nbsp;rf_enable_sw_set_freq
<LI><a href="#[152]">&gt;&gt;</a>&nbsp;&nbsp;&nbsp;rf_enable
<LI><a href="#[122]">&gt;&gt;</a>&nbsp;&nbsp;&nbsp;syscon_SetPGCR1WithMask
<LI><a href="#[14b]">&gt;&gt;</a>&nbsp;&nbsp;&nbsp;dp_dp_SetRegWithMask
<LI><a href="#[14c]">&gt;&gt;</a>&nbsp;&nbsp;&nbsp;delay
<LI><a href="#[150]">&gt;&gt;</a>&nbsp;&nbsp;&nbsp;cal_cal_SetCAL1WithMask
<LI><a href="#[14f]">&gt;&gt;</a>&nbsp;&nbsp;&nbsp;cal_cal_SetCAL0WithMask
</UL>
<BR>[Called By]<UL><LI><a href="#[146]">&gt;&gt;</a>&nbsp;&nbsp;&nbsp;plf_init
</UL>

<P><STRONG><a name="[121]"></a>syscon_SetIvrefX32WithMask</STRONG> (Thumb, 14 bytes, Stack size 0 bytes, lib.o(i.syscon_SetIvrefX32WithMask))
<BR><BR>[Called By]<UL><LI><a href="#[146]">&gt;&gt;</a>&nbsp;&nbsp;&nbsp;plf_init
<LI><a href="#[120]">&gt;&gt;</a>&nbsp;&nbsp;&nbsp;dc_dc_enable
</UL>

<P><STRONG><a name="[122]"></a>syscon_SetPGCR1WithMask</STRONG> (Thumb, 14 bytes, Stack size 0 bytes, lib.o(i.syscon_SetPGCR1WithMask))
<BR><BR>[Called By]<UL><LI><a href="#[146]">&gt;&gt;</a>&nbsp;&nbsp;&nbsp;plf_init
<LI><a href="#[120]">&gt;&gt;</a>&nbsp;&nbsp;&nbsp;dc_dc_enable
<LI><a href="#[12c]">&gt;&gt;</a>&nbsp;&nbsp;&nbsp;sleep_post_process
<LI><a href="#[14d]">&gt;&gt;</a>&nbsp;&nbsp;&nbsp;powerup_calibration
</UL>

<P><STRONG><a name="[11b]"></a>task_gap_desc_register</STRONG> (Thumb, 238 bytes, Stack size 40 bytes, lib.o(i.task_gap_desc_register))
<BR><BR>[Stack]<UL><LI>Max Depth = 40<LI>Call Chain = task_gap_desc_register
</UL>
<BR>[Calls]<UL><LI><a href="#[105]">&gt;&gt;</a>&nbsp;&nbsp;&nbsp;__aeabi_memcpy4
</UL>
<BR>[Called By]<UL><LI><a href="#[119]">&gt;&gt;</a>&nbsp;&nbsp;&nbsp;ble_init
</UL>

<P><STRONG><a name="[11a]"></a>task_gatt_desc_register</STRONG> (Thumb, 130 bytes, Stack size 32 bytes, lib.o(i.task_gatt_desc_register))
<BR><BR>[Stack]<UL><LI>Max Depth = 32<LI>Call Chain = task_gatt_desc_register
</UL>
<BR>[Calls]<UL><LI><a href="#[105]">&gt;&gt;</a>&nbsp;&nbsp;&nbsp;__aeabi_memcpy4
</UL>
<BR>[Called By]<UL><LI><a href="#[119]">&gt;&gt;</a>&nbsp;&nbsp;&nbsp;ble_init
</UL>

<P><STRONG><a name="[15a]"></a>dp_dp_SetRegWithMask</STRONG> (Thumb, 16 bytes, Stack size 0 bytes, qnrf.o(i.dp_dp_SetRegWithMask))
<BR><BR>[Called By]<UL><LI><a href="#[152]">&gt;&gt;</a>&nbsp;&nbsp;&nbsp;rf_enable
</UL>

<P><STRONG><a name="[bb]"></a>_printf_core</STRONG> (Thumb, 1020 bytes, Stack size 104 bytes, printf8.o(i._printf_core), UNUSED)
<BR><BR>[Calls]<UL><LI><a href="#[be]">&gt;&gt;</a>&nbsp;&nbsp;&nbsp;__aeabi_uldivmod
<LI><a href="#[bc]">&gt;&gt;</a>&nbsp;&nbsp;&nbsp;_printf_pre_padding
<LI><a href="#[bd]">&gt;&gt;</a>&nbsp;&nbsp;&nbsp;_printf_post_padding
</UL>
<BR>[Called By]<UL><LI><a href="#[ba]">&gt;&gt;</a>&nbsp;&nbsp;&nbsp;__0printf$8
</UL>

<P><STRONG><a name="[bd]"></a>_printf_post_padding</STRONG> (Thumb, 32 bytes, Stack size 24 bytes, printf8.o(i._printf_post_padding), UNUSED)
<BR><BR>[Called By]<UL><LI><a href="#[bb]">&gt;&gt;</a>&nbsp;&nbsp;&nbsp;_printf_core
</UL>

<P><STRONG><a name="[bc]"></a>_printf_pre_padding</STRONG> (Thumb, 44 bytes, Stack size 40 bytes, printf8.o(i._printf_pre_padding), UNUSED)
<BR><BR>[Called By]<UL><LI><a href="#[bb]">&gt;&gt;</a>&nbsp;&nbsp;&nbsp;_printf_core
</UL>
<P>
<H3>
Undefined Global Symbols
</H3><HR></body></html>
