<html>
<body>
<pre>
<h1>µVision Build Log</h1>
<h2>Project:</h2>
C:\Quintic Corporation\QBlue-1.3.2\Projects\BLE\prj_client\keil\client.uvproj
Project File Date:  07/21/2014

<h2>Output:</h2>
Build target 'client'
assembling startup.s...
compiling app_main.c...
compiling system.c...
compiling usr_design.c...
compiling app_env.c...
compiling app_menu.c...
compiling app_printf.c...
compiling app_sys.c...
compiling app_task.c...
compiling app_util.c...
compiling app_gap.c...
compiling app_gap_task.c...
compiling app_gatt.c...
compiling app_gatt_task.c...
compiling app_smp.c...
compiling app_smp_task.c...
compiling app_basc.c...
compiling app_basc_task.c...
compiling app_blpc.c...
compiling app_blpc_task.c...
compiling app_disc.c...
compiling app_disc_task.c...
compiling app_findl.c...
compiling app_findl_task.c...
compiling app_glpc.c...
compiling app_glpc_task.c...
compiling app_hrpc.c...
compiling app_hrpc_task.c...
compiling app_htpc.c...
compiling app_htpc_task.c...
compiling app_proxm.c...
compiling app_proxm_task.c...
compiling app_scppc.c...
compiling app_scppc_task.c...
compiling app_tipc.c...
compiling app_tipc_task.c...
compiling app_anpc.c...
compiling app_anpc_task.c...
compiling app_cscpc.c...
compiling app_cscpc_task.c...
compiling app_paspc.c...
compiling app_paspc_task.c...
compiling app_rscpc.c...
compiling app_rscpc_task.c...
compiling app_hogpbh.c...
compiling app_hogpbh_task.c...
compiling app_hogprh.c...
compiling app_hogprh_task.c...
compiling app_qppc.c...
compiling app_qppc_task.c...
compiling prf_utils.c...
compiling basc.c...
compiling basc_task.c...
compiling blpc.c...
compiling blpc_task.c...
compiling disc.c...
compiling disc_task.c...
compiling findl.c...
compiling findl_task.c...
compiling glpc.c...
compiling glpc_task.c...
compiling hrpc.c...
compiling hrpc_task.c...
compiling htpc.c...
compiling htpc_task.c...
compiling proxm.c...
compiling proxm_task.c...
compiling scppc.c...
compiling scppc_task.c...
compiling tipc.c...
compiling tipc_task.c...
compiling anpc.c...
compiling anpc_task.c...
compiling cscpc.c...
compiling cscpc_task.c...
compiling paspc.c...
compiling paspc_task.c...
compiling rscpc.c...
compiling rscpc_task.c...
compiling hogpbh.c...
compiling hogpbh_task.c...
compiling hogprh.c...
compiling hogprh_task.c...
compiling uart.c...
compiling gpio.c...
compiling sleep.c...
compiling syscon.c...
compiling timer.c...
compiling rtc.c...
compiling dma.c...
compiling led.c...
compiling retarget.c...
linking...
Program Size: Code=30220 RO-data=2016 RW-data=176 ZI-data=6580  
After Build - User command #1: fromelf --bin --output ./bin/client.bin ./obj/client.axf
".\obj\client.axf" - 0 Error(s), 0 Warning(s).
Load "C:\\Quintic Corporation\\QBlue-1.3.2\\Projects\\BLE\\prj_client\\keil\\obj\\client.axf" 
Set JLink Project File to "C:\Quintic Corporation\QBlue-1.3.2\Projects\BLE\prj_client\keil\JLinkSettings.ini"
* JLink Info: Device "QN9020" selected (0 KB flash, 32 KB RAM).
 
JLink info:
------------
DLL: V4.88b, compiled Jul 21 2014 16:16:56
Firmware: J-Link OB-SAM3U128 V1 compiled Dec 11 2013 20:20:11
Hardware: V1.00
S/N : 480020191 
 
* JLink Info: Found SWD-DP with ID 0x0BB11477
***JLink Error: Could not power up debug port: Control/Status register reads D0000040
Error: Flash Download failed  -  Target DLL has been cancelled
Load "C:\\Quintic Corporation\\QBlue-1.3.2\\Projects\\BLE\\prj_client\\keil\\obj\\client.axf" 
Set JLink Project File to "C:\Quintic Corporation\QBlue-1.3.2\Projects\BLE\prj_client\keil\JLinkSettings.ini"
* JLink Info: Device "QN9020" selected (0 KB flash, 32 KB RAM).
 
JLink info:
------------
DLL: V4.88b, compiled Jul 21 2014 16:16:56
Firmware: J-Link OB-SAM3U128 V1 compiled Dec 11 2013 20:20:11
Hardware: V1.00
S/N : 480020191 
 
* JLink Info: Found SWD-DP with ID 0x0BB11477
***JLink Error: Could not power up debug port: Control/Status register reads D0000000
Error: Flash Download failed  -  Target DLL has been cancelled
Load "C:\\Quintic Corporation\\QBlue-1.3.2\\Projects\\BLE\\prj_client\\keil\\obj\\client.axf" 
Set JLink Project File to "C:\Quintic Corporation\QBlue-1.3.2\Projects\BLE\prj_client\keil\JLinkSettings.ini"
* JLink Info: Device "QN9020" selected (0 KB flash, 32 KB RAM).
 
JLink info:
------------
DLL: V4.88b, compiled Jul 21 2014 16:16:56
Firmware: J-Link OB-SAM3U128 V1 compiled Dec 11 2013 20:20:11
Hardware: V1.00
S/N : 480020191 
 
* JLink Info: Found SWD-DP with ID 0x0BB11477
* JLink Info: Found Cortex-M0 r0p0, Little endian.
* JLink Info: FPUnit: 4 code (BP) slots and 0 literal slots
ROMTableAddr = 0xE00FF003
 
Target info:
------------
Device: QN9020
VTarget = 3.300V
State of Pins: 
TCK: 0, TDI: 0, TDO: 1, TMS: 1, TRES: 1, TRST: 1
Hardware-Breakpoints: 4
Software-Breakpoints: 8192
Watchpoints:          2
JTAG speed: 1000 kHz
 
Erase Done.
Programming Done.
Verify OK.
</pre>
</body>
</html>
