<html>
<body>
<pre>
<h1>µVision Build Log</h1>
<h2>Tool Versions:</h2>
IDE-Version: µVision V5.14.0.0
Copyright (C) 2015 ARM Ltd and ARM Germany GmbH. All rights reserved.
License Information: Gurjeet Singh, Oregon State University, LIC=----
 
Tool Versions:
Toolchain:       MDK-Lite  Version: 5.14.0.0
Toolchain Path:  C:\Keil_v5\ARM\ARMCC\Bin
C Compiler:      Armcc.exe V5.05 update 1 (build 106)
Assembler:       Armasm.exe V5.05 update 1 (build 106)
Linker/Locator:  ArmLink.exe V5.05 update 1 (build 106)
Library Manager: ArmAr.exe V5.05 update 1 (build 106)
Hex Converter:   FromElf.exe V5.05 update 1 (build 106)
CPU DLL:         SARMCM3.DLL V5.14.0.0
Dialog DLL:      DARMCM1.DLL V1.12.0.0
Target DLL:      Segger\JL2CM3.dll V2.99.13.0
Dialog DLL:      TARMCM1.DLL V1.9.0.0
 
<h2>Project:</h2>
C:\Users\Gurjeet\Documents\BTLE\Quintic Corporation Software\Quintic Corporation\QBlue-1.3.2\Projects\Driver\i2c\keil\i2c.uvproj
Project File Date:  03/31/2015

<h2>Output:</h2>
Rebuild target 'i2c'
assembling startup.s...
compiling system.c...
compiling gpio.c...
compiling i2c.c...
compiling rtc.c...
compiling sleep.c...
compiling syscon.c...
compiling timer.c...
compiling i2c_example.c...
linking...
Program Size: Code=8556 RO-data=572 RW-data=80 ZI-data=696  
After Build - User command #1: fromelf --bin --output ./bin/i2c.bin ./obj/i2c.axf
".\obj\i2c.axf" - 0 Error(s), 0 Warning(s).
</pre>
</body>
</html>
