<!doctype html public "-//w3c//dtd html 4.0 transitional//en">
<html><head>
<title>Static Call Graph - [.\obj\i2c.axf]</title></head>
<body><HR>
<H1>Static Call Graph for image .\obj\i2c.axf</H1><HR>
<BR><P>#&#060CALLGRAPH&#062# ARM Linker, 5050106: Last Updated: Thu Apr 02 04:15:08 2015
<BR><P>
<H3>Maximum Stack Usage =        256 bytes + Unknown(Cycles, Untraceable Function Pointers)</H3><H3>
Call chain for Maximum Stack Depth:</H3>
main &rArr; I2C_nBYTE_WRITE2 &rArr; i2c_write
<P>
<H3>
Mutually Recursive functions
</H3> <LI><a href="#[1]">NMI_Handler</a>&nbsp;&nbsp;&nbsp;&rArr;&nbsp;&nbsp;&nbsp;<a href="#[1]">NMI_Handler</a><BR>
 <LI><a href="#[2]">HardFault_Handler</a>&nbsp;&nbsp;&nbsp;&rArr;&nbsp;&nbsp;&nbsp;<a href="#[2]">HardFault_Handler</a><BR>
 <LI><a href="#[3]">MemManage_Handler</a>&nbsp;&nbsp;&nbsp;&rArr;&nbsp;&nbsp;&nbsp;<a href="#[3]">MemManage_Handler</a><BR>
 <LI><a href="#[4]">BusFault_Handler</a>&nbsp;&nbsp;&nbsp;&rArr;&nbsp;&nbsp;&nbsp;<a href="#[4]">BusFault_Handler</a><BR>
 <LI><a href="#[5]">UsageFault_Handler</a>&nbsp;&nbsp;&nbsp;&rArr;&nbsp;&nbsp;&nbsp;<a href="#[5]">UsageFault_Handler</a><BR>
 <LI><a href="#[6]">SVC_Handler</a>&nbsp;&nbsp;&nbsp;&rArr;&nbsp;&nbsp;&nbsp;<a href="#[6]">SVC_Handler</a><BR>
 <LI><a href="#[7]">DebugMon_Handler</a>&nbsp;&nbsp;&nbsp;&rArr;&nbsp;&nbsp;&nbsp;<a href="#[7]">DebugMon_Handler</a><BR>
 <LI><a href="#[8]">PendSV_Handler</a>&nbsp;&nbsp;&nbsp;&rArr;&nbsp;&nbsp;&nbsp;<a href="#[8]">PendSV_Handler</a><BR>
 <LI><a href="#[9]">SysTick_Handler</a>&nbsp;&nbsp;&nbsp;&rArr;&nbsp;&nbsp;&nbsp;<a href="#[9]">SysTick_Handler</a><BR>
 <LI><a href="#[11]">ADC_IRQHandler</a>&nbsp;&nbsp;&nbsp;&rArr;&nbsp;&nbsp;&nbsp;<a href="#[11]">ADC_IRQHandler</a><BR>
</UL>
<P>
<H3>
Function Pointers
</H3><UL>
 <LI><a href="#[11]">ADC_IRQHandler</a> from startup.o(.text) referenced from startup.o(RESET)
 <LI><a href="#[d]">BLE_IRQHandler</a> from startup.o(.text) referenced from startup.o(RESET)
 <LI><a href="#[4]">BusFault_Handler</a> from startup.o(.text) referenced from startup.o(RESET)
 <LI><a href="#[23]">CALIB_IRQHandler</a> from startup.o(.text) referenced from startup.o(RESET)
 <LI><a href="#[b]">COMPARATOR0_IRQHandler</a> from startup.o(.text) referenced from startup.o(RESET)
 <LI><a href="#[c]">COMPARATOR1_IRQHandler</a> from startup.o(.text) referenced from startup.o(RESET)
 <LI><a href="#[12]">DMA_IRQHandler</a> from startup.o(.text) referenced from startup.o(RESET)
 <LI><a href="#[7]">DebugMon_Handler</a> from startup.o(.text) referenced from startup.o(RESET)
 <LI><a href="#[a]">GPIO_IRQHandler</a> from gpio.o(.text) referenced from startup.o(RESET)
 <LI><a href="#[2]">HardFault_Handler</a> from startup.o(.text) referenced from startup.o(RESET)
 <LI><a href="#[1b]">I2C_IRQHandler</a> from i2c.o(.text) referenced from startup.o(RESET)
 <LI><a href="#[3]">MemManage_Handler</a> from startup.o(.text) referenced from startup.o(RESET)
 <LI><a href="#[1]">NMI_Handler</a> from startup.o(.text) referenced from startup.o(RESET)
 <LI><a href="#[f]">OSC_EN_IRQHandler</a> from startup.o(.text) referenced from startup.o(RESET)
 <LI><a href="#[21]">PWM0_IRQHandler</a> from startup.o(.text) referenced from startup.o(RESET)
 <LI><a href="#[22]">PWM1_IRQHandler</a> from startup.o(.text) referenced from startup.o(RESET)
 <LI><a href="#[8]">PendSV_Handler</a> from startup.o(.text) referenced from startup.o(RESET)
 <LI><a href="#[e]">RTC_CAP_IRQHandler</a> from rtc.o(.text) referenced from startup.o(RESET)
 <LI><a href="#[10]">RTC_IRQHandler</a> from rtc.o(.text) referenced from startup.o(RESET)
 <LI><a href="#[0]">Reset_Handler</a> from startup.o(.text) referenced from startup.o(RESET)
 <LI><a href="#[16]">SPI0_RX_IRQHandler</a> from startup.o(.text) referenced from startup.o(RESET)
 <LI><a href="#[15]">SPI0_TX_IRQHandler</a> from startup.o(.text) referenced from startup.o(RESET)
 <LI><a href="#[1a]">SPI1_RX_IRQHandler</a> from startup.o(.text) referenced from startup.o(RESET)
 <LI><a href="#[19]">SPI1_TX_IRQHandler</a> from startup.o(.text) referenced from startup.o(RESET)
 <LI><a href="#[6]">SVC_Handler</a> from startup.o(.text) referenced from startup.o(RESET)
 <LI><a href="#[9]">SysTick_Handler</a> from startup.o(.text) referenced from startup.o(RESET)
 <LI><a href="#[1c]">TIMER0_IRQHandler</a> from timer.o(.text) referenced from startup.o(RESET)
 <LI><a href="#[1d]">TIMER1_IRQHandler</a> from timer.o(.text) referenced from startup.o(RESET)
 <LI><a href="#[1e]">TIMER2_IRQHandler</a> from timer.o(.text) referenced from startup.o(RESET)
 <LI><a href="#[1f]">TIMER3_IRQHandler</a> from timer.o(.text) referenced from startup.o(RESET)
 <LI><a href="#[24]">TUNER_RX_IRQHandler</a> from startup.o(.text) referenced from startup.o(RESET)
 <LI><a href="#[26]">TUNER_SETTING_IRQHandler</a> from startup.o(.text) referenced from startup.o(RESET)
 <LI><a href="#[25]">TUNER_TX_IRQHandler</a> from startup.o(.text) referenced from startup.o(RESET)
 <LI><a href="#[14]">UART0_RX_IRQHandler</a> from startup.o(.text) referenced from startup.o(RESET)
 <LI><a href="#[13]">UART0_TX_IRQHandler</a> from startup.o(.text) referenced from startup.o(RESET)
 <LI><a href="#[18]">UART1_RX_IRQHandler</a> from startup.o(.text) referenced from startup.o(RESET)
 <LI><a href="#[17]">UART1_TX_IRQHandler</a> from startup.o(.text) referenced from startup.o(RESET)
 <LI><a href="#[5]">UsageFault_Handler</a> from startup.o(.text) referenced from startup.o(RESET)
 <LI><a href="#[20]">WDT_IRQHandler</a> from startup.o(.text) referenced from startup.o(RESET)
 <LI><a href="#[28]">__main</a> from entry.o(.ARM.Collect$$$$00000000) referenced from startup.o(.text)
 <LI><a href="#[29]">clock_32k_correction_cb</a> from syscon.o(.text) referenced from syscon.o(.text)
 <LI><a href="#[27]">main</a> from i2c_example.o(.text) referenced from entry9a.o(.ARM.Collect$$$$0000000B)
</UL>
<P>
<H3>
Global Symbols
</H3>
<P><STRONG><a name="[28]"></a>__main</STRONG> (Thumb, 0 bytes, Stack size unknown bytes, entry.o(.ARM.Collect$$$$00000000))
<BR>[Address Reference Count : 1]<UL><LI> startup.o(.text)
</UL>
<P><STRONG><a name="[a1]"></a>_main_stk</STRONG> (Thumb, 0 bytes, Stack size unknown bytes, entry2.o(.ARM.Collect$$$$00000001))

<P><STRONG><a name="[9e]"></a>_main_scatterload</STRONG> (Thumb, 0 bytes, Stack size unknown bytes, entry5.o(.ARM.Collect$$$$00000004))
<BR><BR>[Calls]<UL><LI><a href="#[9f]">&gt;&gt;</a>&nbsp;&nbsp;&nbsp;__scatterload
</UL>

<P><STRONG><a name="[a0]"></a>__main_after_scatterload</STRONG> (Thumb, 0 bytes, Stack size unknown bytes, entry5.o(.ARM.Collect$$$$00000004))
<BR><BR>[Called By]<UL><LI><a href="#[9f]">&gt;&gt;</a>&nbsp;&nbsp;&nbsp;__scatterload
</UL>

<P><STRONG><a name="[a2]"></a>_main_clock</STRONG> (Thumb, 0 bytes, Stack size unknown bytes, entry7b.o(.ARM.Collect$$$$00000008))

<P><STRONG><a name="[a3]"></a>_main_cpp_init</STRONG> (Thumb, 0 bytes, Stack size unknown bytes, entry8b.o(.ARM.Collect$$$$0000000A))

<P><STRONG><a name="[a4]"></a>_main_init</STRONG> (Thumb, 0 bytes, Stack size unknown bytes, entry9a.o(.ARM.Collect$$$$0000000B))

<P><STRONG><a name="[a5]"></a>__rt_final_cpp</STRONG> (Thumb, 0 bytes, Stack size unknown bytes, entry10a.o(.ARM.Collect$$$$0000000D))

<P><STRONG><a name="[a6]"></a>__rt_final_exit</STRONG> (Thumb, 0 bytes, Stack size unknown bytes, entry11a.o(.ARM.Collect$$$$0000000F))

<P><STRONG><a name="[0]"></a>Reset_Handler</STRONG> (Thumb, 14 bytes, Stack size 0 bytes, startup.o(.text))
<BR>[Address Reference Count : 1]<UL><LI> startup.o(RESET)
</UL>
<P><STRONG><a name="[1]"></a>NMI_Handler</STRONG> (Thumb, 2 bytes, Stack size 0 bytes, startup.o(.text))
<BR><BR>[Calls]<UL><LI><a href="#[1]">&gt;&gt;</a>&nbsp;&nbsp;&nbsp;NMI_Handler
</UL>
<BR>[Called By]<UL><LI><a href="#[1]">&gt;&gt;</a>&nbsp;&nbsp;&nbsp;NMI_Handler
</UL>
<BR>[Address Reference Count : 1]<UL><LI> startup.o(RESET)
</UL>
<P><STRONG><a name="[2]"></a>HardFault_Handler</STRONG> (Thumb, 2 bytes, Stack size 0 bytes, startup.o(.text))
<BR><BR>[Calls]<UL><LI><a href="#[2]">&gt;&gt;</a>&nbsp;&nbsp;&nbsp;HardFault_Handler
</UL>
<BR>[Called By]<UL><LI><a href="#[2]">&gt;&gt;</a>&nbsp;&nbsp;&nbsp;HardFault_Handler
</UL>
<BR>[Address Reference Count : 1]<UL><LI> startup.o(RESET)
</UL>
<P><STRONG><a name="[3]"></a>MemManage_Handler</STRONG> (Thumb, 2 bytes, Stack size 0 bytes, startup.o(.text))
<BR><BR>[Calls]<UL><LI><a href="#[3]">&gt;&gt;</a>&nbsp;&nbsp;&nbsp;MemManage_Handler
</UL>
<BR>[Called By]<UL><LI><a href="#[3]">&gt;&gt;</a>&nbsp;&nbsp;&nbsp;MemManage_Handler
</UL>
<BR>[Address Reference Count : 1]<UL><LI> startup.o(RESET)
</UL>
<P><STRONG><a name="[4]"></a>BusFault_Handler</STRONG> (Thumb, 2 bytes, Stack size 0 bytes, startup.o(.text))
<BR><BR>[Calls]<UL><LI><a href="#[4]">&gt;&gt;</a>&nbsp;&nbsp;&nbsp;BusFault_Handler
</UL>
<BR>[Called By]<UL><LI><a href="#[4]">&gt;&gt;</a>&nbsp;&nbsp;&nbsp;BusFault_Handler
</UL>
<BR>[Address Reference Count : 1]<UL><LI> startup.o(RESET)
</UL>
<P><STRONG><a name="[5]"></a>UsageFault_Handler</STRONG> (Thumb, 2 bytes, Stack size 0 bytes, startup.o(.text))
<BR><BR>[Calls]<UL><LI><a href="#[5]">&gt;&gt;</a>&nbsp;&nbsp;&nbsp;UsageFault_Handler
</UL>
<BR>[Called By]<UL><LI><a href="#[5]">&gt;&gt;</a>&nbsp;&nbsp;&nbsp;UsageFault_Handler
</UL>
<BR>[Address Reference Count : 1]<UL><LI> startup.o(RESET)
</UL>
<P><STRONG><a name="[6]"></a>SVC_Handler</STRONG> (Thumb, 2 bytes, Stack size 0 bytes, startup.o(.text))
<BR><BR>[Calls]<UL><LI><a href="#[6]">&gt;&gt;</a>&nbsp;&nbsp;&nbsp;SVC_Handler
</UL>
<BR>[Called By]<UL><LI><a href="#[6]">&gt;&gt;</a>&nbsp;&nbsp;&nbsp;SVC_Handler
</UL>
<BR>[Address Reference Count : 1]<UL><LI> startup.o(RESET)
</UL>
<P><STRONG><a name="[7]"></a>DebugMon_Handler</STRONG> (Thumb, 2 bytes, Stack size 0 bytes, startup.o(.text))
<BR><BR>[Calls]<UL><LI><a href="#[7]">&gt;&gt;</a>&nbsp;&nbsp;&nbsp;DebugMon_Handler
</UL>
<BR>[Called By]<UL><LI><a href="#[7]">&gt;&gt;</a>&nbsp;&nbsp;&nbsp;DebugMon_Handler
</UL>
<BR>[Address Reference Count : 1]<UL><LI> startup.o(RESET)
</UL>
<P><STRONG><a name="[8]"></a>PendSV_Handler</STRONG> (Thumb, 2 bytes, Stack size 0 bytes, startup.o(.text))
<BR><BR>[Calls]<UL><LI><a href="#[8]">&gt;&gt;</a>&nbsp;&nbsp;&nbsp;PendSV_Handler
</UL>
<BR>[Called By]<UL><LI><a href="#[8]">&gt;&gt;</a>&nbsp;&nbsp;&nbsp;PendSV_Handler
</UL>
<BR>[Address Reference Count : 1]<UL><LI> startup.o(RESET)
</UL>
<P><STRONG><a name="[9]"></a>SysTick_Handler</STRONG> (Thumb, 2 bytes, Stack size 0 bytes, startup.o(.text))
<BR><BR>[Calls]<UL><LI><a href="#[9]">&gt;&gt;</a>&nbsp;&nbsp;&nbsp;SysTick_Handler
</UL>
<BR>[Called By]<UL><LI><a href="#[9]">&gt;&gt;</a>&nbsp;&nbsp;&nbsp;SysTick_Handler
</UL>
<BR>[Address Reference Count : 1]<UL><LI> startup.o(RESET)
</UL>
<P><STRONG><a name="[11]"></a>ADC_IRQHandler</STRONG> (Thumb, 0 bytes, Stack size 0 bytes, startup.o(.text))
<BR><BR>[Calls]<UL><LI><a href="#[11]">&gt;&gt;</a>&nbsp;&nbsp;&nbsp;ADC_IRQHandler
</UL>
<BR>[Called By]<UL><LI><a href="#[11]">&gt;&gt;</a>&nbsp;&nbsp;&nbsp;ADC_IRQHandler
</UL>
<BR>[Address Reference Count : 1]<UL><LI> startup.o(RESET)
</UL>
<P><STRONG><a name="[d]"></a>BLE_IRQHandler</STRONG> (Thumb, 0 bytes, Stack size 0 bytes, startup.o(.text))
<BR>[Address Reference Count : 1]<UL><LI> startup.o(RESET)
</UL>
<P><STRONG><a name="[23]"></a>CALIB_IRQHandler</STRONG> (Thumb, 0 bytes, Stack size 0 bytes, startup.o(.text))
<BR>[Address Reference Count : 1]<UL><LI> startup.o(RESET)
</UL>
<P><STRONG><a name="[b]"></a>COMPARATOR0_IRQHandler</STRONG> (Thumb, 0 bytes, Stack size 0 bytes, startup.o(.text))
<BR>[Address Reference Count : 1]<UL><LI> startup.o(RESET)
</UL>
<P><STRONG><a name="[c]"></a>COMPARATOR1_IRQHandler</STRONG> (Thumb, 0 bytes, Stack size 0 bytes, startup.o(.text))
<BR>[Address Reference Count : 1]<UL><LI> startup.o(RESET)
</UL>
<P><STRONG><a name="[12]"></a>DMA_IRQHandler</STRONG> (Thumb, 0 bytes, Stack size 0 bytes, startup.o(.text))
<BR>[Address Reference Count : 1]<UL><LI> startup.o(RESET)
</UL>
<P><STRONG><a name="[f]"></a>OSC_EN_IRQHandler</STRONG> (Thumb, 0 bytes, Stack size 0 bytes, startup.o(.text))
<BR>[Address Reference Count : 1]<UL><LI> startup.o(RESET)
</UL>
<P><STRONG><a name="[21]"></a>PWM0_IRQHandler</STRONG> (Thumb, 0 bytes, Stack size 0 bytes, startup.o(.text))
<BR>[Address Reference Count : 1]<UL><LI> startup.o(RESET)
</UL>
<P><STRONG><a name="[22]"></a>PWM1_IRQHandler</STRONG> (Thumb, 0 bytes, Stack size 0 bytes, startup.o(.text))
<BR>[Address Reference Count : 1]<UL><LI> startup.o(RESET)
</UL>
<P><STRONG><a name="[16]"></a>SPI0_RX_IRQHandler</STRONG> (Thumb, 0 bytes, Stack size 0 bytes, startup.o(.text))
<BR>[Address Reference Count : 1]<UL><LI> startup.o(RESET)
</UL>
<P><STRONG><a name="[15]"></a>SPI0_TX_IRQHandler</STRONG> (Thumb, 0 bytes, Stack size 0 bytes, startup.o(.text))
<BR>[Address Reference Count : 1]<UL><LI> startup.o(RESET)
</UL>
<P><STRONG><a name="[1a]"></a>SPI1_RX_IRQHandler</STRONG> (Thumb, 0 bytes, Stack size 0 bytes, startup.o(.text))
<BR>[Address Reference Count : 1]<UL><LI> startup.o(RESET)
</UL>
<P><STRONG><a name="[19]"></a>SPI1_TX_IRQHandler</STRONG> (Thumb, 0 bytes, Stack size 0 bytes, startup.o(.text))
<BR>[Address Reference Count : 1]<UL><LI> startup.o(RESET)
</UL>
<P><STRONG><a name="[24]"></a>TUNER_RX_IRQHandler</STRONG> (Thumb, 0 bytes, Stack size 0 bytes, startup.o(.text))
<BR>[Address Reference Count : 1]<UL><LI> startup.o(RESET)
</UL>
<P><STRONG><a name="[26]"></a>TUNER_SETTING_IRQHandler</STRONG> (Thumb, 0 bytes, Stack size 0 bytes, startup.o(.text))
<BR>[Address Reference Count : 1]<UL><LI> startup.o(RESET)
</UL>
<P><STRONG><a name="[25]"></a>TUNER_TX_IRQHandler</STRONG> (Thumb, 0 bytes, Stack size 0 bytes, startup.o(.text))
<BR>[Address Reference Count : 1]<UL><LI> startup.o(RESET)
</UL>
<P><STRONG><a name="[14]"></a>UART0_RX_IRQHandler</STRONG> (Thumb, 0 bytes, Stack size 0 bytes, startup.o(.text))
<BR>[Address Reference Count : 1]<UL><LI> startup.o(RESET)
</UL>
<P><STRONG><a name="[13]"></a>UART0_TX_IRQHandler</STRONG> (Thumb, 0 bytes, Stack size 0 bytes, startup.o(.text))
<BR>[Address Reference Count : 1]<UL><LI> startup.o(RESET)
</UL>
<P><STRONG><a name="[18]"></a>UART1_RX_IRQHandler</STRONG> (Thumb, 0 bytes, Stack size 0 bytes, startup.o(.text))
<BR>[Address Reference Count : 1]<UL><LI> startup.o(RESET)
</UL>
<P><STRONG><a name="[17]"></a>UART1_TX_IRQHandler</STRONG> (Thumb, 0 bytes, Stack size 0 bytes, startup.o(.text))
<BR>[Address Reference Count : 1]<UL><LI> startup.o(RESET)
</UL>
<P><STRONG><a name="[20]"></a>WDT_IRQHandler</STRONG> (Thumb, 0 bytes, Stack size 0 bytes, startup.o(.text))
<BR>[Address Reference Count : 1]<UL><LI> startup.o(RESET)
</UL>
<P><STRONG><a name="[9f]"></a>__scatterload</STRONG> (Thumb, 28 bytes, Stack size 0 bytes, init.o(.text))
<BR><BR>[Calls]<UL><LI><a href="#[a0]">&gt;&gt;</a>&nbsp;&nbsp;&nbsp;__main_after_scatterload
</UL>
<BR>[Called By]<UL><LI><a href="#[9e]">&gt;&gt;</a>&nbsp;&nbsp;&nbsp;_main_scatterload
</UL>

<P><STRONG><a name="[a7]"></a>__scatterload_rt2</STRONG> (Thumb, 0 bytes, Stack size 0 bytes, init.o(.text), UNUSED)

<P><STRONG><a name="[a8]"></a>__scatterload_copy</STRONG> (Thumb, 14 bytes, Stack size unknown bytes, handlers.o(i.__scatterload_copy), UNUSED)

<P><STRONG><a name="[a9]"></a>__scatterload_null</STRONG> (Thumb, 2 bytes, Stack size unknown bytes, handlers.o(i.__scatterload_null), UNUSED)

<P><STRONG><a name="[aa]"></a>__scatterload_zeroinit</STRONG> (Thumb, 14 bytes, Stack size unknown bytes, handlers.o(i.__scatterload_zeroinit), UNUSED)

<P><STRONG><a name="[2e]"></a>SystemInit</STRONG> (Thumb, 340 bytes, Stack size 8 bytes, system.o(.text))
<BR><BR>[Stack]<UL><LI>Max Depth = 44<LI>Call Chain = SystemInit &rArr; syscon_set_usart_clk &rArr; __aeabi_uidivmod
</UL>
<BR>[Calls]<UL><LI><a href="#[39]">&gt;&gt;</a>&nbsp;&nbsp;&nbsp;syscon_set_usart_clk
<LI><a href="#[38]">&gt;&gt;</a>&nbsp;&nbsp;&nbsp;syscon_set_timer_clk
<LI><a href="#[2f]">&gt;&gt;</a>&nbsp;&nbsp;&nbsp;syscon_set_sysclk_src
<LI><a href="#[37]">&gt;&gt;</a>&nbsp;&nbsp;&nbsp;syscon_set_ble_clk
<LI><a href="#[36]">&gt;&gt;</a>&nbsp;&nbsp;&nbsp;syscon_set_apb_clk
<LI><a href="#[35]">&gt;&gt;</a>&nbsp;&nbsp;&nbsp;syscon_set_ahb_clk
<LI><a href="#[31]">&gt;&gt;</a>&nbsp;&nbsp;&nbsp;ref_pll_calibration
<LI><a href="#[30]">&gt;&gt;</a>&nbsp;&nbsp;&nbsp;calibration_init
<LI><a href="#[34]">&gt;&gt;</a>&nbsp;&nbsp;&nbsp;syscon_SetCRSC
<LI><a href="#[2b]">&gt;&gt;</a>&nbsp;&nbsp;&nbsp;syscon_SetCRSS
<LI><a href="#[3a]">&gt;&gt;</a>&nbsp;&nbsp;&nbsp;SystemIOCfg
<LI><a href="#[2d]">&gt;&gt;</a>&nbsp;&nbsp;&nbsp;timer_clock_off
<LI><a href="#[2c]">&gt;&gt;</a>&nbsp;&nbsp;&nbsp;spi_clock_off
<LI><a href="#[2a]">&gt;&gt;</a>&nbsp;&nbsp;&nbsp;uart_clock_off
<LI><a href="#[32]">&gt;&gt;</a>&nbsp;&nbsp;&nbsp;syscon_SetPGCR1WithMask
<LI><a href="#[33]">&gt;&gt;</a>&nbsp;&nbsp;&nbsp;syscon_SetCMDCRWithMask
</UL>
<BR>[Called By]<UL><LI><a href="#[27]">&gt;&gt;</a>&nbsp;&nbsp;&nbsp;main
</UL>

<P><STRONG><a name="[a]"></a>GPIO_IRQHandler</STRONG> (Thumb, 60 bytes, Stack size 16 bytes, gpio.o(.text))
<BR><BR>[Stack]<UL><LI>Max Depth = 16<LI>Call Chain = GPIO_IRQHandler
</UL>
<BR>[Address Reference Count : 1]<UL><LI> startup.o(RESET)
</UL>
<P><STRONG><a name="[ab]"></a>gpio_init</STRONG> (Thumb, 34 bytes, Stack size 0 bytes, gpio.o(.text), UNUSED)

<P><STRONG><a name="[ac]"></a>gpio_read_pin</STRONG> (Thumb, 30 bytes, Stack size 0 bytes, gpio.o(.text), UNUSED)

<P><STRONG><a name="[3b]"></a>gpio_write_pin</STRONG> (Thumb, 46 bytes, Stack size 16 bytes, gpio.o(.text), UNUSED)
<BR><BR>[Calls]<UL><LI><a href="#[3c]">&gt;&gt;</a>&nbsp;&nbsp;&nbsp;gpio_gpio_SetOutputData
</UL>

<P><STRONG><a name="[3d]"></a>gpio_set_direction</STRONG> (Thumb, 34 bytes, Stack size 16 bytes, gpio.o(.text), UNUSED)
<BR><BR>[Calls]<UL><LI><a href="#[3e]">&gt;&gt;</a>&nbsp;&nbsp;&nbsp;gpio_gpio_ClrOutEnable
<LI><a href="#[3f]">&gt;&gt;</a>&nbsp;&nbsp;&nbsp;gpio_gpio_SetOutEnable
</UL>
<BR>[Called By]<UL><LI><a href="#[48]">&gt;&gt;</a>&nbsp;&nbsp;&nbsp;gpio_wakeup_config
</UL>

<P><STRONG><a name="[4a]"></a>gpio_read_pin_field</STRONG> (Thumb, 18 bytes, Stack size 0 bytes, gpio.o(.text), UNUSED)
<BR><BR>[Called By]<UL><LI><a href="#[49]">&gt;&gt;</a>&nbsp;&nbsp;&nbsp;gpio_sleep_allowed
</UL>

<P><STRONG><a name="[40]"></a>gpio_write_pin_field</STRONG> (Thumb, 46 bytes, Stack size 16 bytes, gpio.o(.text), UNUSED)
<BR><BR>[Calls]<UL><LI><a href="#[3c]">&gt;&gt;</a>&nbsp;&nbsp;&nbsp;gpio_gpio_SetOutputData
</UL>

<P><STRONG><a name="[41]"></a>gpio_set_direction_field</STRONG> (Thumb, 40 bytes, Stack size 16 bytes, gpio.o(.text), UNUSED)
<BR><BR>[Calls]<UL><LI><a href="#[3e]">&gt;&gt;</a>&nbsp;&nbsp;&nbsp;gpio_gpio_ClrOutEnable
<LI><a href="#[3f]">&gt;&gt;</a>&nbsp;&nbsp;&nbsp;gpio_gpio_SetOutEnable
</UL>

<P><STRONG><a name="[42]"></a>gpio_toggle_pin</STRONG> (Thumb, 32 bytes, Stack size 16 bytes, gpio.o(.text), UNUSED)
<BR><BR>[Calls]<UL><LI><a href="#[3c]">&gt;&gt;</a>&nbsp;&nbsp;&nbsp;gpio_gpio_SetOutputData
</UL>

<P><STRONG><a name="[43]"></a>gpio_set_interrupt</STRONG> (Thumb, 82 bytes, Stack size 16 bytes, gpio.o(.text), UNUSED)
<BR><BR>[Calls]<UL><LI><a href="#[44]">&gt;&gt;</a>&nbsp;&nbsp;&nbsp;gpio_gpio_SetIntFallingEdge
<LI><a href="#[45]">&gt;&gt;</a>&nbsp;&nbsp;&nbsp;gpio_gpio_SetIntRisingEdge
</UL>

<P><STRONG><a name="[ad]"></a>gpio_enable_interrupt</STRONG> (Thumb, 12 bytes, Stack size 0 bytes, gpio.o(.text), UNUSED)

<P><STRONG><a name="[ae]"></a>gpio_disable_interrupt</STRONG> (Thumb, 12 bytes, Stack size 0 bytes, gpio.o(.text), UNUSED)

<P><STRONG><a name="[46]"></a>gpio_pull_set</STRONG> (Thumb, 104 bytes, Stack size 16 bytes, gpio.o(.text), UNUSED)
<BR><BR>[Calls]<UL><LI><a href="#[47]">&gt;&gt;</a>&nbsp;&nbsp;&nbsp;ctz
</UL>

<P><STRONG><a name="[48]"></a>gpio_wakeup_config</STRONG> (Thumb, 144 bytes, Stack size 32 bytes, gpio.o(.text), UNUSED)
<BR><BR>[Calls]<UL><LI><a href="#[3d]">&gt;&gt;</a>&nbsp;&nbsp;&nbsp;gpio_set_direction
<LI><a href="#[44]">&gt;&gt;</a>&nbsp;&nbsp;&nbsp;gpio_gpio_SetIntFallingEdge
<LI><a href="#[45]">&gt;&gt;</a>&nbsp;&nbsp;&nbsp;gpio_gpio_SetIntRisingEdge
</UL>

<P><STRONG><a name="[49]"></a>gpio_sleep_allowed</STRONG> (Thumb, 38 bytes, Stack size 8 bytes, gpio.o(.text), UNUSED)
<BR><BR>[Calls]<UL><LI><a href="#[4a]">&gt;&gt;</a>&nbsp;&nbsp;&nbsp;gpio_read_pin_field
</UL>

<P><STRONG><a name="[1b]"></a>I2C_IRQHandler</STRONG> (Thumb, 324 bytes, Stack size 16 bytes, i2c.o(.text))
<BR><BR>[Stack]<UL><LI>Max Depth = 16<LI>Call Chain = I2C_IRQHandler
</UL>
<BR>[Calls]<UL><LI><a href="#[4b]">&gt;&gt;</a>&nbsp;&nbsp;&nbsp;i2c_i2c_ClrIntStatus
<LI><a href="#[4c]">&gt;&gt;</a>&nbsp;&nbsp;&nbsp;i2c_i2c_SetTXD
</UL>
<BR>[Address Reference Count : 1]<UL><LI> startup.o(RESET)
</UL>
<P><STRONG><a name="[84]"></a>i2c_init</STRONG> (Thumb, 78 bytes, Stack size 16 bytes, i2c.o(.text))
<BR><BR>[Stack]<UL><LI>Max Depth = 16<LI>Call Chain = i2c_init
</UL>
<BR>[Called By]<UL><LI><a href="#[27]">&gt;&gt;</a>&nbsp;&nbsp;&nbsp;main
</UL>

<P><STRONG><a name="[4e]"></a>i2c_bus_check</STRONG> (Thumb, 34 bytes, Stack size 0 bytes, i2c.o(.text))
<BR><BR>[Called By]<UL><LI><a href="#[4f]">&gt;&gt;</a>&nbsp;&nbsp;&nbsp;i2c_write
<LI><a href="#[4d]">&gt;&gt;</a>&nbsp;&nbsp;&nbsp;i2c_read
</UL>

<P><STRONG><a name="[4d]"></a>i2c_read</STRONG> (Thumb, 158 bytes, Stack size 16 bytes, i2c.o(.text))
<BR><BR>[Stack]<UL><LI>Max Depth = 16<LI>Call Chain = i2c_read
</UL>
<BR>[Calls]<UL><LI><a href="#[4e]">&gt;&gt;</a>&nbsp;&nbsp;&nbsp;i2c_bus_check
<LI><a href="#[4c]">&gt;&gt;</a>&nbsp;&nbsp;&nbsp;i2c_i2c_SetTXD
</UL>
<BR>[Called By]<UL><LI><a href="#[53]">&gt;&gt;</a>&nbsp;&nbsp;&nbsp;I2C_nBYTE_READ2
<LI><a href="#[52]">&gt;&gt;</a>&nbsp;&nbsp;&nbsp;I2C_nBYTE_READ
<LI><a href="#[51]">&gt;&gt;</a>&nbsp;&nbsp;&nbsp;I2C_BYTE_READ2
<LI><a href="#[50]">&gt;&gt;</a>&nbsp;&nbsp;&nbsp;I2C_BYTE_READ
</UL>

<P><STRONG><a name="[4f]"></a>i2c_write</STRONG> (Thumb, 100 bytes, Stack size 16 bytes, i2c.o(.text))
<BR><BR>[Stack]<UL><LI>Max Depth = 16<LI>Call Chain = i2c_write
</UL>
<BR>[Calls]<UL><LI><a href="#[4e]">&gt;&gt;</a>&nbsp;&nbsp;&nbsp;i2c_bus_check
<LI><a href="#[4c]">&gt;&gt;</a>&nbsp;&nbsp;&nbsp;i2c_i2c_SetTXD
</UL>
<BR>[Called By]<UL><LI><a href="#[57]">&gt;&gt;</a>&nbsp;&nbsp;&nbsp;I2C_nBYTE_WRITE2
<LI><a href="#[56]">&gt;&gt;</a>&nbsp;&nbsp;&nbsp;I2C_nBYTE_WRITE
<LI><a href="#[55]">&gt;&gt;</a>&nbsp;&nbsp;&nbsp;I2C_BYTE_WRITE2
<LI><a href="#[54]">&gt;&gt;</a>&nbsp;&nbsp;&nbsp;I2C_BYTE_WRITE
</UL>

<P><STRONG><a name="[50]"></a>I2C_BYTE_READ</STRONG> (Thumb, 56 bytes, Stack size 16 bytes, i2c.o(.text))
<BR><BR>[Stack]<UL><LI>Max Depth = 32<LI>Call Chain = I2C_BYTE_READ &rArr; i2c_read
</UL>
<BR>[Calls]<UL><LI><a href="#[4d]">&gt;&gt;</a>&nbsp;&nbsp;&nbsp;i2c_read
</UL>
<BR>[Called By]<UL><LI><a href="#[27]">&gt;&gt;</a>&nbsp;&nbsp;&nbsp;main
</UL>

<P><STRONG><a name="[51]"></a>I2C_BYTE_READ2</STRONG> (Thumb, 68 bytes, Stack size 16 bytes, i2c.o(.text))
<BR><BR>[Stack]<UL><LI>Max Depth = 32<LI>Call Chain = I2C_BYTE_READ2 &rArr; i2c_read
</UL>
<BR>[Calls]<UL><LI><a href="#[4d]">&gt;&gt;</a>&nbsp;&nbsp;&nbsp;i2c_read
</UL>
<BR>[Called By]<UL><LI><a href="#[27]">&gt;&gt;</a>&nbsp;&nbsp;&nbsp;main
</UL>

<P><STRONG><a name="[52]"></a>I2C_nBYTE_READ</STRONG> (Thumb, 100 bytes, Stack size 40 bytes, i2c.o(.text), UNUSED)
<BR><BR>[Calls]<UL><LI><a href="#[4d]">&gt;&gt;</a>&nbsp;&nbsp;&nbsp;i2c_read
</UL>

<P><STRONG><a name="[53]"></a>I2C_nBYTE_READ2</STRONG> (Thumb, 124 bytes, Stack size 40 bytes, i2c.o(.text))
<BR><BR>[Stack]<UL><LI>Max Depth = 56<LI>Call Chain = I2C_nBYTE_READ2 &rArr; i2c_read
</UL>
<BR>[Calls]<UL><LI><a href="#[4d]">&gt;&gt;</a>&nbsp;&nbsp;&nbsp;i2c_read
</UL>
<BR>[Called By]<UL><LI><a href="#[27]">&gt;&gt;</a>&nbsp;&nbsp;&nbsp;main
</UL>

<P><STRONG><a name="[54]"></a>I2C_BYTE_WRITE</STRONG> (Thumb, 48 bytes, Stack size 16 bytes, i2c.o(.text))
<BR><BR>[Stack]<UL><LI>Max Depth = 32<LI>Call Chain = I2C_BYTE_WRITE &rArr; i2c_write
</UL>
<BR>[Calls]<UL><LI><a href="#[4f]">&gt;&gt;</a>&nbsp;&nbsp;&nbsp;i2c_write
</UL>
<BR>[Called By]<UL><LI><a href="#[27]">&gt;&gt;</a>&nbsp;&nbsp;&nbsp;main
</UL>

<P><STRONG><a name="[55]"></a>I2C_BYTE_WRITE2</STRONG> (Thumb, 58 bytes, Stack size 16 bytes, i2c.o(.text))
<BR><BR>[Stack]<UL><LI>Max Depth = 32<LI>Call Chain = I2C_BYTE_WRITE2 &rArr; i2c_write
</UL>
<BR>[Calls]<UL><LI><a href="#[4f]">&gt;&gt;</a>&nbsp;&nbsp;&nbsp;i2c_write
</UL>
<BR>[Called By]<UL><LI><a href="#[27]">&gt;&gt;</a>&nbsp;&nbsp;&nbsp;main
</UL>

<P><STRONG><a name="[56]"></a>I2C_nBYTE_WRITE</STRONG> (Thumb, 70 bytes, Stack size 40 bytes, i2c.o(.text), UNUSED)
<BR><BR>[Calls]<UL><LI><a href="#[4f]">&gt;&gt;</a>&nbsp;&nbsp;&nbsp;i2c_write
</UL>

<P><STRONG><a name="[57]"></a>I2C_nBYTE_WRITE2</STRONG> (Thumb, 78 bytes, Stack size 40 bytes, i2c.o(.text))
<BR><BR>[Stack]<UL><LI>Max Depth = 56<LI>Call Chain = I2C_nBYTE_WRITE2 &rArr; i2c_write
</UL>
<BR>[Calls]<UL><LI><a href="#[4f]">&gt;&gt;</a>&nbsp;&nbsp;&nbsp;i2c_write
</UL>
<BR>[Called By]<UL><LI><a href="#[27]">&gt;&gt;</a>&nbsp;&nbsp;&nbsp;main
</UL>

<P><STRONG><a name="[58]"></a>dec2bcd</STRONG> (Thumb, 30 bytes, Stack size 16 bytes, rtc.o(.text), UNUSED)
<BR><BR>[Calls]<UL><LI><a href="#[59]">&gt;&gt;</a>&nbsp;&nbsp;&nbsp;__aeabi_idivmod
</UL>

<P><STRONG><a name="[af]"></a>bcd2dec</STRONG> (Thumb, 20 bytes, Stack size 0 bytes, rtc.o(.text), UNUSED)

<P><STRONG><a name="[5c]"></a>rtc_time_get</STRONG> (Thumb, 32 bytes, Stack size 8 bytes, rtc.o(.text))
<BR><BR>[Stack]<UL><LI>Max Depth = 60<LI>Call Chain = rtc_time_get &rArr; rtc_time_parse &rArr; localtime &rArr; _localtime &rArr; __aeabi_uidivmod
</UL>
<BR>[Calls]<UL><LI><a href="#[5a]">&gt;&gt;</a>&nbsp;&nbsp;&nbsp;rtc_time_parse
</UL>
<BR>[Called By]<UL><LI><a href="#[10]">&gt;&gt;</a>&nbsp;&nbsp;&nbsp;RTC_IRQHandler
</UL>

<P><STRONG><a name="[10]"></a>RTC_IRQHandler</STRONG> (Thumb, 50 bytes, Stack size 8 bytes, rtc.o(.text))
<BR><BR>[Stack]<UL><LI>Max Depth = 68<LI>Call Chain = RTC_IRQHandler &rArr; rtc_time_get &rArr; rtc_time_parse &rArr; localtime &rArr; _localtime &rArr; __aeabi_uidivmod
</UL>
<BR>[Calls]<UL><LI><a href="#[5c]">&gt;&gt;</a>&nbsp;&nbsp;&nbsp;rtc_time_get
<LI><a href="#[5d]">&gt;&gt;</a>&nbsp;&nbsp;&nbsp;rtc_rtc_GetSR
<LI><a href="#[5e]">&gt;&gt;</a>&nbsp;&nbsp;&nbsp;rtc_rtc_ClrSR
</UL>
<BR>[Address Reference Count : 1]<UL><LI> startup.o(RESET)
</UL>
<P><STRONG><a name="[e]"></a>RTC_CAP_IRQHandler</STRONG> (Thumb, 60 bytes, Stack size 8 bytes, rtc.o(.text))
<BR><BR>[Stack]<UL><LI>Max Depth = 8<LI>Call Chain = RTC_CAP_IRQHandler
</UL>
<BR>[Calls]<UL><LI><a href="#[5d]">&gt;&gt;</a>&nbsp;&nbsp;&nbsp;rtc_rtc_GetSR
<LI><a href="#[5e]">&gt;&gt;</a>&nbsp;&nbsp;&nbsp;rtc_rtc_ClrSR
</UL>
<BR>[Address Reference Count : 1]<UL><LI> startup.o(RESET)
</UL>
<P><STRONG><a name="[b0]"></a>rtc_init</STRONG> (Thumb, 46 bytes, Stack size 0 bytes, rtc.o(.text), UNUSED)

<P><STRONG><a name="[5f]"></a>rtc_calibration</STRONG> (Thumb, 62 bytes, Stack size 16 bytes, rtc.o(.text))
<BR><BR>[Stack]<UL><LI>Max Depth = 24<LI>Call Chain = rtc_calibration &rArr; rtc_rtc_SetCRWithMask
</UL>
<BR>[Calls]<UL><LI><a href="#[5d]">&gt;&gt;</a>&nbsp;&nbsp;&nbsp;rtc_rtc_GetSR
<LI><a href="#[60]">&gt;&gt;</a>&nbsp;&nbsp;&nbsp;rtc_rtc_SetCRWithMask
</UL>
<BR>[Called By]<UL><LI><a href="#[29]">&gt;&gt;</a>&nbsp;&nbsp;&nbsp;clock_32k_correction_cb
</UL>

<P><STRONG><a name="[61]"></a>rtc_correction</STRONG> (Thumb, 84 bytes, Stack size 16 bytes, rtc.o(.text), UNUSED)
<BR><BR>[Calls]<UL><LI><a href="#[62]">&gt;&gt;</a>&nbsp;&nbsp;&nbsp;__aeabi_uidivmod
<LI><a href="#[5d]">&gt;&gt;</a>&nbsp;&nbsp;&nbsp;rtc_rtc_GetSR
<LI><a href="#[60]">&gt;&gt;</a>&nbsp;&nbsp;&nbsp;rtc_rtc_SetCRWithMask
</UL>

<P><STRONG><a name="[63]"></a>rtc_capture_enable</STRONG> (Thumb, 90 bytes, Stack size 16 bytes, rtc.o(.text), UNUSED)
<BR><BR>[Calls]<UL><LI><a href="#[5d]">&gt;&gt;</a>&nbsp;&nbsp;&nbsp;rtc_rtc_GetSR
<LI><a href="#[5e]">&gt;&gt;</a>&nbsp;&nbsp;&nbsp;rtc_rtc_ClrSR
<LI><a href="#[64]">&gt;&gt;</a>&nbsp;&nbsp;&nbsp;NVIC_EnableIRQ
<LI><a href="#[60]">&gt;&gt;</a>&nbsp;&nbsp;&nbsp;rtc_rtc_SetCRWithMask
</UL>

<P><STRONG><a name="[65]"></a>rtc_capture_disable</STRONG> (Thumb, 38 bytes, Stack size 8 bytes, rtc.o(.text), UNUSED)
<BR><BR>[Calls]<UL><LI><a href="#[5d]">&gt;&gt;</a>&nbsp;&nbsp;&nbsp;rtc_rtc_GetSR
<LI><a href="#[60]">&gt;&gt;</a>&nbsp;&nbsp;&nbsp;rtc_rtc_SetCRWithMask
</UL>

<P><STRONG><a name="[66]"></a>rtc_time_set</STRONG> (Thumb, 154 bytes, Stack size 80 bytes, rtc.o(.text), UNUSED)
<BR><BR>[Calls]<UL><LI><a href="#[67]">&gt;&gt;</a>&nbsp;&nbsp;&nbsp;__aeabi_memclr4
<LI><a href="#[68]">&gt;&gt;</a>&nbsp;&nbsp;&nbsp;mktime
<LI><a href="#[5d]">&gt;&gt;</a>&nbsp;&nbsp;&nbsp;rtc_rtc_GetSR
<LI><a href="#[64]">&gt;&gt;</a>&nbsp;&nbsp;&nbsp;NVIC_EnableIRQ
<LI><a href="#[60]">&gt;&gt;</a>&nbsp;&nbsp;&nbsp;rtc_rtc_SetCRWithMask
</UL>

<P><STRONG><a name="[2f]"></a>syscon_set_sysclk_src</STRONG> (Thumb, 210 bytes, Stack size 24 bytes, syscon.o(.text))
<BR><BR>[Stack]<UL><LI>Max Depth = 32<LI>Call Chain = syscon_set_sysclk_src &rArr; syscon_SetPGCR1WithMask
</UL>
<BR>[Calls]<UL><LI><a href="#[69]">&gt;&gt;</a>&nbsp;&nbsp;&nbsp;syscon_SetPGCR1WithMask
<LI><a href="#[6a]">&gt;&gt;</a>&nbsp;&nbsp;&nbsp;syscon_SetCMDCRWithMask
</UL>
<BR>[Called By]<UL><LI><a href="#[2e]">&gt;&gt;</a>&nbsp;&nbsp;&nbsp;SystemInit
</UL>

<P><STRONG><a name="[35]"></a>syscon_set_ahb_clk</STRONG> (Thumb, 64 bytes, Stack size 24 bytes, syscon.o(.text))
<BR><BR>[Stack]<UL><LI>Max Depth = 36<LI>Call Chain = syscon_set_ahb_clk &rArr; __aeabi_uidivmod
</UL>
<BR>[Calls]<UL><LI><a href="#[62]">&gt;&gt;</a>&nbsp;&nbsp;&nbsp;__aeabi_uidivmod
<LI><a href="#[6a]">&gt;&gt;</a>&nbsp;&nbsp;&nbsp;syscon_SetCMDCRWithMask
</UL>
<BR>[Called By]<UL><LI><a href="#[70]">&gt;&gt;</a>&nbsp;&nbsp;&nbsp;clock_32k_correction_init
<LI><a href="#[2e]">&gt;&gt;</a>&nbsp;&nbsp;&nbsp;SystemInit
</UL>

<P><STRONG><a name="[6b]"></a>syscon_get_ahb_clk</STRONG> (Thumb, 56 bytes, Stack size 8 bytes, syscon.o(.text), UNUSED)
<BR><BR>[Calls]<UL><LI><a href="#[62]">&gt;&gt;</a>&nbsp;&nbsp;&nbsp;__aeabi_uidivmod
</UL>

<P><STRONG><a name="[36]"></a>syscon_set_apb_clk</STRONG> (Thumb, 62 bytes, Stack size 24 bytes, syscon.o(.text))
<BR><BR>[Stack]<UL><LI>Max Depth = 36<LI>Call Chain = syscon_set_apb_clk &rArr; __aeabi_uidivmod
</UL>
<BR>[Calls]<UL><LI><a href="#[62]">&gt;&gt;</a>&nbsp;&nbsp;&nbsp;__aeabi_uidivmod
<LI><a href="#[6a]">&gt;&gt;</a>&nbsp;&nbsp;&nbsp;syscon_SetCMDCRWithMask
</UL>
<BR>[Called By]<UL><LI><a href="#[2e]">&gt;&gt;</a>&nbsp;&nbsp;&nbsp;SystemInit
</UL>

<P><STRONG><a name="[6c]"></a>syscon_get_apb_clk</STRONG> (Thumb, 54 bytes, Stack size 8 bytes, syscon.o(.text), UNUSED)
<BR><BR>[Calls]<UL><LI><a href="#[62]">&gt;&gt;</a>&nbsp;&nbsp;&nbsp;__aeabi_uidivmod
</UL>

<P><STRONG><a name="[38]"></a>syscon_set_timer_clk</STRONG> (Thumb, 50 bytes, Stack size 24 bytes, syscon.o(.text))
<BR><BR>[Stack]<UL><LI>Max Depth = 36<LI>Call Chain = syscon_set_timer_clk &rArr; __aeabi_uidivmod
</UL>
<BR>[Calls]<UL><LI><a href="#[62]">&gt;&gt;</a>&nbsp;&nbsp;&nbsp;__aeabi_uidivmod
<LI><a href="#[6a]">&gt;&gt;</a>&nbsp;&nbsp;&nbsp;syscon_SetCMDCRWithMask
</UL>
<BR>[Called By]<UL><LI><a href="#[2e]">&gt;&gt;</a>&nbsp;&nbsp;&nbsp;SystemInit
</UL>

<P><STRONG><a name="[39]"></a>syscon_set_usart_clk</STRONG> (Thumb, 112 bytes, Stack size 24 bytes, syscon.o(.text))
<BR><BR>[Stack]<UL><LI>Max Depth = 36<LI>Call Chain = syscon_set_usart_clk &rArr; __aeabi_uidivmod
</UL>
<BR>[Calls]<UL><LI><a href="#[62]">&gt;&gt;</a>&nbsp;&nbsp;&nbsp;__aeabi_uidivmod
<LI><a href="#[6a]">&gt;&gt;</a>&nbsp;&nbsp;&nbsp;syscon_SetCMDCRWithMask
</UL>
<BR>[Called By]<UL><LI><a href="#[2e]">&gt;&gt;</a>&nbsp;&nbsp;&nbsp;SystemInit
</UL>

<P><STRONG><a name="[37]"></a>syscon_set_ble_clk</STRONG> (Thumb, 66 bytes, Stack size 24 bytes, syscon.o(.text))
<BR><BR>[Stack]<UL><LI>Max Depth = 36<LI>Call Chain = syscon_set_ble_clk &rArr; __aeabi_uidivmod
</UL>
<BR>[Calls]<UL><LI><a href="#[62]">&gt;&gt;</a>&nbsp;&nbsp;&nbsp;__aeabi_uidivmod
<LI><a href="#[6a]">&gt;&gt;</a>&nbsp;&nbsp;&nbsp;syscon_SetCMDCRWithMask
</UL>
<BR>[Called By]<UL><LI><a href="#[2e]">&gt;&gt;</a>&nbsp;&nbsp;&nbsp;SystemInit
</UL>

<P><STRONG><a name="[b1]"></a>syscon_get_reset_cause</STRONG> (Thumb, 120 bytes, Stack size 0 bytes, syscon.o(.text), UNUSED)

<P><STRONG><a name="[6d]"></a>syscon_enable_transceiver</STRONG> (Thumb, 48 bytes, Stack size 16 bytes, syscon.o(.text), UNUSED)
<BR><BR>[Calls]<UL><LI><a href="#[6f]">&gt;&gt;</a>&nbsp;&nbsp;&nbsp;syscon_SetCRSC
<LI><a href="#[6e]">&gt;&gt;</a>&nbsp;&nbsp;&nbsp;syscon_SetCRSS
<LI><a href="#[69]">&gt;&gt;</a>&nbsp;&nbsp;&nbsp;syscon_SetPGCR1WithMask
</UL>

<P><STRONG><a name="[70]"></a>clock_32k_correction_init</STRONG> (Thumb, 22 bytes, Stack size 8 bytes, syscon.o(.text), UNUSED)
<BR><BR>[Calls]<UL><LI><a href="#[6a]">&gt;&gt;</a>&nbsp;&nbsp;&nbsp;syscon_SetCMDCRWithMask
<LI><a href="#[35]">&gt;&gt;</a>&nbsp;&nbsp;&nbsp;syscon_set_ahb_clk
</UL>

<P><STRONG><a name="[71]"></a>clock_32k_correction_enable</STRONG> (Thumb, 46 bytes, Stack size 16 bytes, syscon.o(.text), UNUSED)
<BR><BR>[Calls]<UL><LI><a href="#[72]">&gt;&gt;</a>&nbsp;&nbsp;&nbsp;timer_init
<LI><a href="#[6f]">&gt;&gt;</a>&nbsp;&nbsp;&nbsp;syscon_SetCRSC
<LI><a href="#[6e]">&gt;&gt;</a>&nbsp;&nbsp;&nbsp;syscon_SetCRSS
</UL>
<BR>[Called By]<UL><LI><a href="#[74]">&gt;&gt;</a>&nbsp;&nbsp;&nbsp;rco_calibration_cb
</UL>

<P><STRONG><a name="[29]"></a>clock_32k_correction_cb</STRONG> (Thumb, 238 bytes, Stack size 24 bytes, syscon.o(.text))
<BR><BR>[Stack]<UL><LI>Max Depth = 48<LI>Call Chain = clock_32k_correction_cb &rArr; rtc_calibration &rArr; rtc_rtc_SetCRWithMask
</UL>
<BR>[Calls]<UL><LI><a href="#[73]">&gt;&gt;</a>&nbsp;&nbsp;&nbsp;timer_enable
<LI><a href="#[6e]">&gt;&gt;</a>&nbsp;&nbsp;&nbsp;syscon_SetCRSS
<LI><a href="#[5f]">&gt;&gt;</a>&nbsp;&nbsp;&nbsp;rtc_calibration
</UL>
<BR>[Address Reference Count : 1]<UL><LI> syscon.o(.text)
</UL>
<P><STRONG><a name="[74]"></a>rco_calibration_cb</STRONG> (Thumb, 10 bytes, Stack size 8 bytes, syscon.o(.text), UNUSED)
<BR><BR>[Calls]<UL><LI><a href="#[71]">&gt;&gt;</a>&nbsp;&nbsp;&nbsp;clock_32k_correction_enable
</UL>

<P><STRONG><a name="[75]"></a>timer_delay</STRONG> (Thumb, 80 bytes, Stack size 24 bytes, timer.o(.text), UNUSED)
<BR><BR>[Calls]<UL><LI><a href="#[78]">&gt;&gt;</a>&nbsp;&nbsp;&nbsp;timer_enable
<LI><a href="#[76]">&gt;&gt;</a>&nbsp;&nbsp;&nbsp;timer_timer_SetTOPR
<LI><a href="#[79]">&gt;&gt;</a>&nbsp;&nbsp;&nbsp;timer_timer_GetIntFlag
<LI><a href="#[7b]">&gt;&gt;</a>&nbsp;&nbsp;&nbsp;timer_timer_ClrIntFlag
<LI><a href="#[77]">&gt;&gt;</a>&nbsp;&nbsp;&nbsp;timer_timer_SetCR
<LI><a href="#[7a]">&gt;&gt;</a>&nbsp;&nbsp;&nbsp;timer_timer_SetCRWithMask
</UL>

<P><STRONG><a name="[1c]"></a>TIMER0_IRQHandler</STRONG> (Thumb, 84 bytes, Stack size 8 bytes, timer.o(.text))
<BR><BR>[Stack]<UL><LI>Max Depth = 8<LI>Call Chain = TIMER0_IRQHandler
</UL>
<BR>[Calls]<UL><LI><a href="#[79]">&gt;&gt;</a>&nbsp;&nbsp;&nbsp;timer_timer_GetIntFlag
<LI><a href="#[7b]">&gt;&gt;</a>&nbsp;&nbsp;&nbsp;timer_timer_ClrIntFlag
</UL>
<BR>[Address Reference Count : 1]<UL><LI> startup.o(RESET)
</UL>
<P><STRONG><a name="[1d]"></a>TIMER1_IRQHandler</STRONG> (Thumb, 84 bytes, Stack size 8 bytes, timer.o(.text))
<BR><BR>[Stack]<UL><LI>Max Depth = 8<LI>Call Chain = TIMER1_IRQHandler
</UL>
<BR>[Calls]<UL><LI><a href="#[79]">&gt;&gt;</a>&nbsp;&nbsp;&nbsp;timer_timer_GetIntFlag
<LI><a href="#[7b]">&gt;&gt;</a>&nbsp;&nbsp;&nbsp;timer_timer_ClrIntFlag
</UL>
<BR>[Address Reference Count : 1]<UL><LI> startup.o(RESET)
</UL>
<P><STRONG><a name="[1e]"></a>TIMER2_IRQHandler</STRONG> (Thumb, 84 bytes, Stack size 8 bytes, timer.o(.text))
<BR><BR>[Stack]<UL><LI>Max Depth = 8<LI>Call Chain = TIMER2_IRQHandler
</UL>
<BR>[Calls]<UL><LI><a href="#[79]">&gt;&gt;</a>&nbsp;&nbsp;&nbsp;timer_timer_GetIntFlag
<LI><a href="#[7b]">&gt;&gt;</a>&nbsp;&nbsp;&nbsp;timer_timer_ClrIntFlag
</UL>
<BR>[Address Reference Count : 1]<UL><LI> startup.o(RESET)
</UL>
<P><STRONG><a name="[1f]"></a>TIMER3_IRQHandler</STRONG> (Thumb, 84 bytes, Stack size 8 bytes, timer.o(.text))
<BR><BR>[Stack]<UL><LI>Max Depth = 8<LI>Call Chain = TIMER3_IRQHandler
</UL>
<BR>[Calls]<UL><LI><a href="#[79]">&gt;&gt;</a>&nbsp;&nbsp;&nbsp;timer_timer_GetIntFlag
<LI><a href="#[7b]">&gt;&gt;</a>&nbsp;&nbsp;&nbsp;timer_timer_ClrIntFlag
</UL>
<BR>[Address Reference Count : 1]<UL><LI> startup.o(RESET)
</UL>
<P><STRONG><a name="[72]"></a>timer_init</STRONG> (Thumb, 158 bytes, Stack size 16 bytes, timer.o(.text), UNUSED)
<BR><BR>[Calls]<UL><LI><a href="#[7c]">&gt;&gt;</a>&nbsp;&nbsp;&nbsp;syscon_SetCRSC
<LI><a href="#[7d]">&gt;&gt;</a>&nbsp;&nbsp;&nbsp;NVIC_EnableIRQ
</UL>
<BR>[Called By]<UL><LI><a href="#[71]">&gt;&gt;</a>&nbsp;&nbsp;&nbsp;clock_32k_correction_enable
</UL>

<P><STRONG><a name="[7e]"></a>timer_config</STRONG> (Thumb, 98 bytes, Stack size 24 bytes, timer.o(.text), UNUSED)
<BR><BR>[Calls]<UL><LI><a href="#[76]">&gt;&gt;</a>&nbsp;&nbsp;&nbsp;timer_timer_SetTOPR
<LI><a href="#[77]">&gt;&gt;</a>&nbsp;&nbsp;&nbsp;timer_timer_SetCR
</UL>

<P><STRONG><a name="[7f]"></a>timer_pwm_config</STRONG> (Thumb, 130 bytes, Stack size 24 bytes, timer.o(.text), UNUSED)
<BR><BR>[Calls]<UL><LI><a href="#[76]">&gt;&gt;</a>&nbsp;&nbsp;&nbsp;timer_timer_SetTOPR
<LI><a href="#[77]">&gt;&gt;</a>&nbsp;&nbsp;&nbsp;timer_timer_SetCR
</UL>

<P><STRONG><a name="[80]"></a>timer_capture_config</STRONG> (Thumb, 140 bytes, Stack size 40 bytes, timer.o(.text), UNUSED)
<BR><BR>[Calls]<UL><LI><a href="#[81]">&gt;&gt;</a>&nbsp;&nbsp;&nbsp;timer_reset
<LI><a href="#[76]">&gt;&gt;</a>&nbsp;&nbsp;&nbsp;timer_timer_SetTOPR
<LI><a href="#[77]">&gt;&gt;</a>&nbsp;&nbsp;&nbsp;timer_timer_SetCR
</UL>

<P><STRONG><a name="[83]"></a>i2c_io_config</STRONG> (Thumb, 38 bytes, Stack size 0 bytes, i2c_example.o(.text))
<BR><BR>[Called By]<UL><LI><a href="#[27]">&gt;&gt;</a>&nbsp;&nbsp;&nbsp;main
</UL>

<P><STRONG><a name="[27]"></a>main</STRONG> (Thumb, 190 bytes, Stack size 200 bytes, i2c_example.o(.text))
<BR><BR>[Stack]<UL><LI>Max Depth = 256<LI>Call Chain = main &rArr; I2C_nBYTE_WRITE2 &rArr; i2c_write
</UL>
<BR>[Calls]<UL><LI><a href="#[83]">&gt;&gt;</a>&nbsp;&nbsp;&nbsp;i2c_io_config
<LI><a href="#[57]">&gt;&gt;</a>&nbsp;&nbsp;&nbsp;I2C_nBYTE_WRITE2
<LI><a href="#[55]">&gt;&gt;</a>&nbsp;&nbsp;&nbsp;I2C_BYTE_WRITE2
<LI><a href="#[54]">&gt;&gt;</a>&nbsp;&nbsp;&nbsp;I2C_BYTE_WRITE
<LI><a href="#[53]">&gt;&gt;</a>&nbsp;&nbsp;&nbsp;I2C_nBYTE_READ2
<LI><a href="#[51]">&gt;&gt;</a>&nbsp;&nbsp;&nbsp;I2C_BYTE_READ2
<LI><a href="#[50]">&gt;&gt;</a>&nbsp;&nbsp;&nbsp;I2C_BYTE_READ
<LI><a href="#[84]">&gt;&gt;</a>&nbsp;&nbsp;&nbsp;i2c_init
<LI><a href="#[2e]">&gt;&gt;</a>&nbsp;&nbsp;&nbsp;SystemInit
</UL>
<BR>[Address Reference Count : 1]<UL><LI> entry9a.o(.ARM.Collect$$$$0000000B)
</UL>
<P><STRONG><a name="[30]"></a>calibration_init</STRONG> (Thumb, 182 bytes, Stack size 24 bytes, calibration.o(.text))
<BR><BR>[Stack]<UL><LI>Max Depth = 32<LI>Call Chain = calibration_init &rArr; cal_cal_SetCAL0WithMask
</UL>
<BR>[Calls]<UL><LI><a href="#[86]">&gt;&gt;</a>&nbsp;&nbsp;&nbsp;cal_cal_SetCAL0WithMask
<LI><a href="#[85]">&gt;&gt;</a>&nbsp;&nbsp;&nbsp;syscon_SetPGCR1WithMask
</UL>
<BR>[Called By]<UL><LI><a href="#[2e]">&gt;&gt;</a>&nbsp;&nbsp;&nbsp;SystemInit
</UL>

<P><STRONG><a name="[87]"></a>seq_calibration</STRONG> (Thumb, 146 bytes, Stack size 8 bytes, calibration.o(.text), UNUSED)
<BR><BR>[Calls]<UL><LI><a href="#[89]">&gt;&gt;</a>&nbsp;&nbsp;&nbsp;rf_set_freq
<LI><a href="#[88]">&gt;&gt;</a>&nbsp;&nbsp;&nbsp;rf_enable
<LI><a href="#[8b]">&gt;&gt;</a>&nbsp;&nbsp;&nbsp;cal_cal_GetSR
<LI><a href="#[8c]">&gt;&gt;</a>&nbsp;&nbsp;&nbsp;cal_cal_ClrSR
<LI><a href="#[8a]">&gt;&gt;</a>&nbsp;&nbsp;&nbsp;cal_cal_SetCAL4WithMask
<LI><a href="#[86]">&gt;&gt;</a>&nbsp;&nbsp;&nbsp;cal_cal_SetCAL0WithMask
</UL>

<P><STRONG><a name="[8d]"></a>freq_hop_calibration</STRONG> (Thumb, 148 bytes, Stack size 16 bytes, calibration.o(.text), UNUSED)
<BR><BR>[Calls]<UL><LI><a href="#[8b]">&gt;&gt;</a>&nbsp;&nbsp;&nbsp;cal_cal_GetSR
<LI><a href="#[8c]">&gt;&gt;</a>&nbsp;&nbsp;&nbsp;cal_cal_ClrSR
<LI><a href="#[86]">&gt;&gt;</a>&nbsp;&nbsp;&nbsp;cal_cal_SetCAL0WithMask
</UL>

<P><STRONG><a name="[31]"></a>ref_pll_calibration</STRONG> (Thumb, 48 bytes, Stack size 8 bytes, calibration.o(.text))
<BR><BR>[Stack]<UL><LI>Max Depth = 16<LI>Call Chain = ref_pll_calibration &rArr; cal_cal_SetCAL0WithMask
</UL>
<BR>[Calls]<UL><LI><a href="#[86]">&gt;&gt;</a>&nbsp;&nbsp;&nbsp;cal_cal_SetCAL0WithMask
</UL>
<BR>[Called By]<UL><LI><a href="#[2e]">&gt;&gt;</a>&nbsp;&nbsp;&nbsp;SystemInit
</UL>

<P><STRONG><a name="[8e]"></a>rc_calibration</STRONG> (Thumb, 46 bytes, Stack size 8 bytes, calibration.o(.text), UNUSED)
<BR><BR>[Calls]<UL><LI><a href="#[8b]">&gt;&gt;</a>&nbsp;&nbsp;&nbsp;cal_cal_GetSR
<LI><a href="#[8c]">&gt;&gt;</a>&nbsp;&nbsp;&nbsp;cal_cal_ClrSR
<LI><a href="#[86]">&gt;&gt;</a>&nbsp;&nbsp;&nbsp;cal_cal_SetCAL0WithMask
</UL>

<P><STRONG><a name="[8f]"></a>lo_calibration</STRONG> (Thumb, 60 bytes, Stack size 8 bytes, calibration.o(.text), UNUSED)
<BR><BR>[Calls]<UL><LI><a href="#[8b]">&gt;&gt;</a>&nbsp;&nbsp;&nbsp;cal_cal_GetSR
<LI><a href="#[8c]">&gt;&gt;</a>&nbsp;&nbsp;&nbsp;cal_cal_ClrSR
<LI><a href="#[90]">&gt;&gt;</a>&nbsp;&nbsp;&nbsp;cal_cal_SetCAL1WithMask
<LI><a href="#[86]">&gt;&gt;</a>&nbsp;&nbsp;&nbsp;cal_cal_SetCAL0WithMask
</UL>

<P><STRONG><a name="[91]"></a>lo_kcal_calibration</STRONG> (Thumb, 62 bytes, Stack size 8 bytes, calibration.o(.text), UNUSED)
<BR><BR>[Calls]<UL><LI><a href="#[8b]">&gt;&gt;</a>&nbsp;&nbsp;&nbsp;cal_cal_GetSR
<LI><a href="#[8c]">&gt;&gt;</a>&nbsp;&nbsp;&nbsp;cal_cal_ClrSR
<LI><a href="#[90]">&gt;&gt;</a>&nbsp;&nbsp;&nbsp;cal_cal_SetCAL1WithMask
<LI><a href="#[86]">&gt;&gt;</a>&nbsp;&nbsp;&nbsp;cal_cal_SetCAL0WithMask
</UL>

<P><STRONG><a name="[92]"></a>pa_calibration</STRONG> (Thumb, 196 bytes, Stack size 16 bytes, calibration.o(.text), UNUSED)
<BR><BR>[Calls]<UL><LI><a href="#[89]">&gt;&gt;</a>&nbsp;&nbsp;&nbsp;rf_set_freq
<LI><a href="#[88]">&gt;&gt;</a>&nbsp;&nbsp;&nbsp;rf_enable
<LI><a href="#[8b]">&gt;&gt;</a>&nbsp;&nbsp;&nbsp;cal_cal_GetSR
<LI><a href="#[8c]">&gt;&gt;</a>&nbsp;&nbsp;&nbsp;cal_cal_ClrSR
<LI><a href="#[8a]">&gt;&gt;</a>&nbsp;&nbsp;&nbsp;cal_cal_SetCAL4WithMask
<LI><a href="#[93]">&gt;&gt;</a>&nbsp;&nbsp;&nbsp;cal_cal_SetCAL3WithMask
<LI><a href="#[85]">&gt;&gt;</a>&nbsp;&nbsp;&nbsp;syscon_SetPGCR1WithMask
</UL>

<P><STRONG><a name="[94]"></a>r_calibration</STRONG> (Thumb, 50 bytes, Stack size 8 bytes, calibration.o(.text), UNUSED)
<BR><BR>[Calls]<UL><LI><a href="#[8b]">&gt;&gt;</a>&nbsp;&nbsp;&nbsp;cal_cal_GetSR
<LI><a href="#[8c]">&gt;&gt;</a>&nbsp;&nbsp;&nbsp;cal_cal_ClrSR
<LI><a href="#[93]">&gt;&gt;</a>&nbsp;&nbsp;&nbsp;cal_cal_SetCAL3WithMask
</UL>

<P><STRONG><a name="[95]"></a>ros_calibration</STRONG> (Thumb, 50 bytes, Stack size 8 bytes, calibration.o(.text), UNUSED)
<BR><BR>[Calls]<UL><LI><a href="#[8b]">&gt;&gt;</a>&nbsp;&nbsp;&nbsp;cal_cal_GetSR
<LI><a href="#[8c]">&gt;&gt;</a>&nbsp;&nbsp;&nbsp;cal_cal_ClrSR
<LI><a href="#[93]">&gt;&gt;</a>&nbsp;&nbsp;&nbsp;cal_cal_SetCAL3WithMask
</UL>

<P><STRONG><a name="[96]"></a>rco_calibration</STRONG> (Thumb, 84 bytes, Stack size 8 bytes, calibration.o(.text), UNUSED)
<BR><BR>[Calls]<UL><LI><a href="#[8b]">&gt;&gt;</a>&nbsp;&nbsp;&nbsp;cal_cal_GetSR
<LI><a href="#[8c]">&gt;&gt;</a>&nbsp;&nbsp;&nbsp;cal_cal_ClrSR
<LI><a href="#[8a]">&gt;&gt;</a>&nbsp;&nbsp;&nbsp;cal_cal_SetCAL4WithMask
</UL>

<P><STRONG><a name="[97]"></a>rf_enable_sw_set_freq</STRONG> (Thumb, 28 bytes, Stack size 16 bytes, qnrf.o(.text), UNUSED)
<BR><BR>[Calls]<UL><LI><a href="#[98]">&gt;&gt;</a>&nbsp;&nbsp;&nbsp;syscon_SetLO2WithMask
</UL>

<P><STRONG><a name="[89]"></a>rf_set_freq</STRONG> (Thumb, 112 bytes, Stack size 32 bytes, qnrf.o(.text), UNUSED)
<BR><BR>[Calls]<UL><LI><a href="#[98]">&gt;&gt;</a>&nbsp;&nbsp;&nbsp;syscon_SetLO2WithMask
</UL>
<BR>[Called By]<UL><LI><a href="#[92]">&gt;&gt;</a>&nbsp;&nbsp;&nbsp;pa_calibration
<LI><a href="#[87]">&gt;&gt;</a>&nbsp;&nbsp;&nbsp;seq_calibration
</UL>

<P><STRONG><a name="[88]"></a>rf_enable</STRONG> (Thumb, 102 bytes, Stack size 24 bytes, qnrf.o(.text), UNUSED)
<BR><BR>[Calls]<UL><LI><a href="#[99]">&gt;&gt;</a>&nbsp;&nbsp;&nbsp;dp_dp_SetRegWithMask
</UL>
<BR>[Called By]<UL><LI><a href="#[92]">&gt;&gt;</a>&nbsp;&nbsp;&nbsp;pa_calibration
<LI><a href="#[87]">&gt;&gt;</a>&nbsp;&nbsp;&nbsp;seq_calibration
</UL>

<P><STRONG><a name="[b2]"></a>rf_tx_power_level_set</STRONG> (Thumb, 46 bytes, Stack size 12 bytes, qnrf.o(.text), UNUSED)

<P><STRONG><a name="[b3]"></a>rf_tx_power_level_get</STRONG> (Thumb, 46 bytes, Stack size 0 bytes, qnrf.o(.text), UNUSED)

<P><STRONG><a name="[b4]"></a>__aeabi_uidiv</STRONG> (Thumb, 0 bytes, Stack size 12 bytes, uidiv.o(.text), UNUSED)

<P><STRONG><a name="[62]"></a>__aeabi_uidivmod</STRONG> (Thumb, 44 bytes, Stack size 12 bytes, uidiv.o(.text))
<BR><BR>[Stack]<UL><LI>Max Depth = 12<LI>Call Chain = __aeabi_uidivmod
</UL>
<BR>[Called By]<UL><LI><a href="#[9a]">&gt;&gt;</a>&nbsp;&nbsp;&nbsp;_localtime
<LI><a href="#[59]">&gt;&gt;</a>&nbsp;&nbsp;&nbsp;__aeabi_idivmod
<LI><a href="#[6c]">&gt;&gt;</a>&nbsp;&nbsp;&nbsp;syscon_get_apb_clk
<LI><a href="#[6b]">&gt;&gt;</a>&nbsp;&nbsp;&nbsp;syscon_get_ahb_clk
<LI><a href="#[61]">&gt;&gt;</a>&nbsp;&nbsp;&nbsp;rtc_correction
<LI><a href="#[39]">&gt;&gt;</a>&nbsp;&nbsp;&nbsp;syscon_set_usart_clk
<LI><a href="#[38]">&gt;&gt;</a>&nbsp;&nbsp;&nbsp;syscon_set_timer_clk
<LI><a href="#[37]">&gt;&gt;</a>&nbsp;&nbsp;&nbsp;syscon_set_ble_clk
<LI><a href="#[36]">&gt;&gt;</a>&nbsp;&nbsp;&nbsp;syscon_set_apb_clk
<LI><a href="#[35]">&gt;&gt;</a>&nbsp;&nbsp;&nbsp;syscon_set_ahb_clk
</UL>

<P><STRONG><a name="[b5]"></a>__aeabi_idiv</STRONG> (Thumb, 0 bytes, Stack size 16 bytes, idiv.o(.text), UNUSED)

<P><STRONG><a name="[59]"></a>__aeabi_idivmod</STRONG> (Thumb, 40 bytes, Stack size 16 bytes, idiv.o(.text), UNUSED)
<BR><BR>[Calls]<UL><LI><a href="#[62]">&gt;&gt;</a>&nbsp;&nbsp;&nbsp;__aeabi_uidivmod
</UL>
<BR>[Called By]<UL><LI><a href="#[68]">&gt;&gt;</a>&nbsp;&nbsp;&nbsp;mktime
<LI><a href="#[58]">&gt;&gt;</a>&nbsp;&nbsp;&nbsp;dec2bcd
</UL>

<P><STRONG><a name="[68]"></a>mktime</STRONG> (Thumb, 124 bytes, Stack size 16 bytes, mktime.o(.text), UNUSED)
<BR><BR>[Calls]<UL><LI><a href="#[9a]">&gt;&gt;</a>&nbsp;&nbsp;&nbsp;_localtime
<LI><a href="#[59]">&gt;&gt;</a>&nbsp;&nbsp;&nbsp;__aeabi_idivmod
</UL>
<BR>[Called By]<UL><LI><a href="#[66]">&gt;&gt;</a>&nbsp;&nbsp;&nbsp;rtc_time_set
</UL>

<P><STRONG><a name="[9c]"></a>__aeabi_memset</STRONG> (Thumb, 14 bytes, Stack size 0 bytes, memseta.o(.text), UNUSED)
<BR><BR>[Called By]<UL><LI><a href="#[9d]">&gt;&gt;</a>&nbsp;&nbsp;&nbsp;_memset$wrapper
<LI><a href="#[9b]">&gt;&gt;</a>&nbsp;&nbsp;&nbsp;__aeabi_memclr
</UL>

<P><STRONG><a name="[b6]"></a>__aeabi_memset4</STRONG> (Thumb, 0 bytes, Stack size 0 bytes, memseta.o(.text), UNUSED)

<P><STRONG><a name="[b7]"></a>__aeabi_memset8</STRONG> (Thumb, 0 bytes, Stack size 0 bytes, memseta.o(.text), UNUSED)

<P><STRONG><a name="[9b]"></a>__aeabi_memclr</STRONG> (Thumb, 4 bytes, Stack size 0 bytes, memseta.o(.text), UNUSED)
<BR><BR>[Calls]<UL><LI><a href="#[9c]">&gt;&gt;</a>&nbsp;&nbsp;&nbsp;__aeabi_memset
</UL>

<P><STRONG><a name="[67]"></a>__aeabi_memclr4</STRONG> (Thumb, 0 bytes, Stack size 0 bytes, memseta.o(.text), UNUSED)
<BR><BR>[Called By]<UL><LI><a href="#[66]">&gt;&gt;</a>&nbsp;&nbsp;&nbsp;rtc_time_set
</UL>

<P><STRONG><a name="[b8]"></a>__aeabi_memclr8</STRONG> (Thumb, 0 bytes, Stack size 0 bytes, memseta.o(.text), UNUSED)

<P><STRONG><a name="[9d]"></a>_memset$wrapper</STRONG> (Thumb, 18 bytes, Stack size 8 bytes, memseta.o(.text), UNUSED)
<BR><BR>[Calls]<UL><LI><a href="#[9c]">&gt;&gt;</a>&nbsp;&nbsp;&nbsp;__aeabi_memset
</UL>

<P><STRONG><a name="[5b]"></a>localtime</STRONG> (Thumb, 10 bytes, Stack size 8 bytes, localtime_w.o(.text))
<BR><BR>[Stack]<UL><LI>Max Depth = 36<LI>Call Chain = localtime &rArr; _localtime &rArr; __aeabi_uidivmod
</UL>
<BR>[Calls]<UL><LI><a href="#[9a]">&gt;&gt;</a>&nbsp;&nbsp;&nbsp;_localtime
</UL>
<BR>[Called By]<UL><LI><a href="#[5a]">&gt;&gt;</a>&nbsp;&nbsp;&nbsp;rtc_time_parse
</UL>

<P><STRONG><a name="[9a]"></a>_localtime</STRONG> (Thumb, 104 bytes, Stack size 16 bytes, localtime_i.o(.text))
<BR><BR>[Stack]<UL><LI>Max Depth = 28<LI>Call Chain = _localtime &rArr; __aeabi_uidivmod
</UL>
<BR>[Calls]<UL><LI><a href="#[62]">&gt;&gt;</a>&nbsp;&nbsp;&nbsp;__aeabi_uidivmod
</UL>
<BR>[Called By]<UL><LI><a href="#[5b]">&gt;&gt;</a>&nbsp;&nbsp;&nbsp;localtime
<LI><a href="#[68]">&gt;&gt;</a>&nbsp;&nbsp;&nbsp;mktime
</UL>
<P>
<H3>
Local Symbols
</H3>
<P><STRONG><a name="[33]"></a>syscon_SetCMDCRWithMask</STRONG> (Thumb, 22 bytes, Stack size 8 bytes, system.o(.text))
<BR><BR>[Stack]<UL><LI>Max Depth = 8<LI>Call Chain = syscon_SetCMDCRWithMask
</UL>
<BR>[Called By]<UL><LI><a href="#[2e]">&gt;&gt;</a>&nbsp;&nbsp;&nbsp;SystemInit
</UL>

<P><STRONG><a name="[32]"></a>syscon_SetPGCR1WithMask</STRONG> (Thumb, 26 bytes, Stack size 8 bytes, system.o(.text))
<BR><BR>[Stack]<UL><LI>Max Depth = 8<LI>Call Chain = syscon_SetPGCR1WithMask
</UL>
<BR>[Called By]<UL><LI><a href="#[2e]">&gt;&gt;</a>&nbsp;&nbsp;&nbsp;SystemInit
</UL>

<P><STRONG><a name="[2a]"></a>uart_clock_off</STRONG> (Thumb, 50 bytes, Stack size 8 bytes, system.o(.text))
<BR><BR>[Stack]<UL><LI>Max Depth = 8<LI>Call Chain = uart_clock_off
</UL>
<BR>[Calls]<UL><LI><a href="#[2b]">&gt;&gt;</a>&nbsp;&nbsp;&nbsp;syscon_SetCRSS
</UL>
<BR>[Called By]<UL><LI><a href="#[2e]">&gt;&gt;</a>&nbsp;&nbsp;&nbsp;SystemInit
</UL>

<P><STRONG><a name="[2c]"></a>spi_clock_off</STRONG> (Thumb, 50 bytes, Stack size 8 bytes, system.o(.text))
<BR><BR>[Stack]<UL><LI>Max Depth = 8<LI>Call Chain = spi_clock_off
</UL>
<BR>[Calls]<UL><LI><a href="#[2b]">&gt;&gt;</a>&nbsp;&nbsp;&nbsp;syscon_SetCRSS
</UL>
<BR>[Called By]<UL><LI><a href="#[2e]">&gt;&gt;</a>&nbsp;&nbsp;&nbsp;SystemInit
</UL>

<P><STRONG><a name="[2d]"></a>timer_clock_off</STRONG> (Thumb, 64 bytes, Stack size 8 bytes, system.o(.text))
<BR><BR>[Stack]<UL><LI>Max Depth = 8<LI>Call Chain = timer_clock_off
</UL>
<BR>[Calls]<UL><LI><a href="#[2b]">&gt;&gt;</a>&nbsp;&nbsp;&nbsp;syscon_SetCRSS
</UL>
<BR>[Called By]<UL><LI><a href="#[2e]">&gt;&gt;</a>&nbsp;&nbsp;&nbsp;SystemInit
</UL>

<P><STRONG><a name="[3a]"></a>SystemIOCfg</STRONG> (Thumb, 40 bytes, Stack size 0 bytes, system.o(.text))
<BR><BR>[Called By]<UL><LI><a href="#[2e]">&gt;&gt;</a>&nbsp;&nbsp;&nbsp;SystemInit
</UL>

<P><STRONG><a name="[2b]"></a>syscon_SetCRSS</STRONG> (Thumb, 4 bytes, Stack size 0 bytes, system.o(.text))
<BR><BR>[Called By]<UL><LI><a href="#[2e]">&gt;&gt;</a>&nbsp;&nbsp;&nbsp;SystemInit
<LI><a href="#[2d]">&gt;&gt;</a>&nbsp;&nbsp;&nbsp;timer_clock_off
<LI><a href="#[2c]">&gt;&gt;</a>&nbsp;&nbsp;&nbsp;spi_clock_off
<LI><a href="#[2a]">&gt;&gt;</a>&nbsp;&nbsp;&nbsp;uart_clock_off
</UL>

<P><STRONG><a name="[34]"></a>syscon_SetCRSC</STRONG> (Thumb, 4 bytes, Stack size 0 bytes, system.o(.text))
<BR><BR>[Called By]<UL><LI><a href="#[2e]">&gt;&gt;</a>&nbsp;&nbsp;&nbsp;SystemInit
</UL>

<P><STRONG><a name="[3f]"></a>gpio_gpio_SetOutEnable</STRONG> (Thumb, 4 bytes, Stack size 0 bytes, gpio.o(.text), UNUSED)
<BR><BR>[Called By]<UL><LI><a href="#[41]">&gt;&gt;</a>&nbsp;&nbsp;&nbsp;gpio_set_direction_field
<LI><a href="#[3d]">&gt;&gt;</a>&nbsp;&nbsp;&nbsp;gpio_set_direction
</UL>

<P><STRONG><a name="[3e]"></a>gpio_gpio_ClrOutEnable</STRONG> (Thumb, 4 bytes, Stack size 0 bytes, gpio.o(.text), UNUSED)
<BR><BR>[Called By]<UL><LI><a href="#[41]">&gt;&gt;</a>&nbsp;&nbsp;&nbsp;gpio_set_direction_field
<LI><a href="#[3d]">&gt;&gt;</a>&nbsp;&nbsp;&nbsp;gpio_set_direction
</UL>

<P><STRONG><a name="[45]"></a>gpio_gpio_SetIntRisingEdge</STRONG> (Thumb, 6 bytes, Stack size 0 bytes, gpio.o(.text), UNUSED)
<BR><BR>[Called By]<UL><LI><a href="#[48]">&gt;&gt;</a>&nbsp;&nbsp;&nbsp;gpio_wakeup_config
<LI><a href="#[43]">&gt;&gt;</a>&nbsp;&nbsp;&nbsp;gpio_set_interrupt
</UL>

<P><STRONG><a name="[44]"></a>gpio_gpio_SetIntFallingEdge</STRONG> (Thumb, 6 bytes, Stack size 0 bytes, gpio.o(.text), UNUSED)
<BR><BR>[Called By]<UL><LI><a href="#[48]">&gt;&gt;</a>&nbsp;&nbsp;&nbsp;gpio_wakeup_config
<LI><a href="#[43]">&gt;&gt;</a>&nbsp;&nbsp;&nbsp;gpio_set_interrupt
</UL>

<P><STRONG><a name="[3c]"></a>gpio_gpio_SetOutputData</STRONG> (Thumb, 8 bytes, Stack size 0 bytes, gpio.o(.text), UNUSED)
<BR><BR>[Called By]<UL><LI><a href="#[42]">&gt;&gt;</a>&nbsp;&nbsp;&nbsp;gpio_toggle_pin
<LI><a href="#[40]">&gt;&gt;</a>&nbsp;&nbsp;&nbsp;gpio_write_pin_field
<LI><a href="#[3b]">&gt;&gt;</a>&nbsp;&nbsp;&nbsp;gpio_write_pin
</UL>

<P><STRONG><a name="[47]"></a>ctz</STRONG> (Thumb, 70 bytes, Stack size 0 bytes, gpio.o(.text), UNUSED)
<BR><BR>[Called By]<UL><LI><a href="#[46]">&gt;&gt;</a>&nbsp;&nbsp;&nbsp;gpio_pull_set
</UL>

<P><STRONG><a name="[4c]"></a>i2c_i2c_SetTXD</STRONG> (Thumb, 4 bytes, Stack size 0 bytes, i2c.o(.text))
<BR><BR>[Called By]<UL><LI><a href="#[4f]">&gt;&gt;</a>&nbsp;&nbsp;&nbsp;i2c_write
<LI><a href="#[4d]">&gt;&gt;</a>&nbsp;&nbsp;&nbsp;i2c_read
<LI><a href="#[1b]">&gt;&gt;</a>&nbsp;&nbsp;&nbsp;I2C_IRQHandler
</UL>

<P><STRONG><a name="[4b]"></a>i2c_i2c_ClrIntStatus</STRONG> (Thumb, 4 bytes, Stack size 0 bytes, i2c.o(.text))
<BR><BR>[Called By]<UL><LI><a href="#[1b]">&gt;&gt;</a>&nbsp;&nbsp;&nbsp;I2C_IRQHandler
</UL>

<P><STRONG><a name="[60]"></a>rtc_rtc_SetCRWithMask</STRONG> (Thumb, 22 bytes, Stack size 8 bytes, rtc.o(.text))
<BR><BR>[Stack]<UL><LI>Max Depth = 8<LI>Call Chain = rtc_rtc_SetCRWithMask
</UL>
<BR>[Called By]<UL><LI><a href="#[66]">&gt;&gt;</a>&nbsp;&nbsp;&nbsp;rtc_time_set
<LI><a href="#[65]">&gt;&gt;</a>&nbsp;&nbsp;&nbsp;rtc_capture_disable
<LI><a href="#[63]">&gt;&gt;</a>&nbsp;&nbsp;&nbsp;rtc_capture_enable
<LI><a href="#[61]">&gt;&gt;</a>&nbsp;&nbsp;&nbsp;rtc_correction
<LI><a href="#[5f]">&gt;&gt;</a>&nbsp;&nbsp;&nbsp;rtc_calibration
</UL>

<P><STRONG><a name="[5a]"></a>rtc_time_parse</STRONG> (Thumb, 54 bytes, Stack size 16 bytes, rtc.o(.text))
<BR><BR>[Stack]<UL><LI>Max Depth = 52<LI>Call Chain = rtc_time_parse &rArr; localtime &rArr; _localtime &rArr; __aeabi_uidivmod
</UL>
<BR>[Calls]<UL><LI><a href="#[5b]">&gt;&gt;</a>&nbsp;&nbsp;&nbsp;localtime
</UL>
<BR>[Called By]<UL><LI><a href="#[5c]">&gt;&gt;</a>&nbsp;&nbsp;&nbsp;rtc_time_get
</UL>

<P><STRONG><a name="[64]"></a>NVIC_EnableIRQ</STRONG> (Thumb, 14 bytes, Stack size 0 bytes, rtc.o(.text), UNUSED)
<BR><BR>[Called By]<UL><LI><a href="#[66]">&gt;&gt;</a>&nbsp;&nbsp;&nbsp;rtc_time_set
<LI><a href="#[63]">&gt;&gt;</a>&nbsp;&nbsp;&nbsp;rtc_capture_enable
</UL>

<P><STRONG><a name="[5e]"></a>rtc_rtc_ClrSR</STRONG> (Thumb, 4 bytes, Stack size 0 bytes, rtc.o(.text))
<BR><BR>[Called By]<UL><LI><a href="#[63]">&gt;&gt;</a>&nbsp;&nbsp;&nbsp;rtc_capture_enable
<LI><a href="#[e]">&gt;&gt;</a>&nbsp;&nbsp;&nbsp;RTC_CAP_IRQHandler
<LI><a href="#[10]">&gt;&gt;</a>&nbsp;&nbsp;&nbsp;RTC_IRQHandler
</UL>

<P><STRONG><a name="[5d]"></a>rtc_rtc_GetSR</STRONG> (Thumb, 6 bytes, Stack size 0 bytes, rtc.o(.text))
<BR><BR>[Called By]<UL><LI><a href="#[66]">&gt;&gt;</a>&nbsp;&nbsp;&nbsp;rtc_time_set
<LI><a href="#[65]">&gt;&gt;</a>&nbsp;&nbsp;&nbsp;rtc_capture_disable
<LI><a href="#[63]">&gt;&gt;</a>&nbsp;&nbsp;&nbsp;rtc_capture_enable
<LI><a href="#[61]">&gt;&gt;</a>&nbsp;&nbsp;&nbsp;rtc_correction
<LI><a href="#[5f]">&gt;&gt;</a>&nbsp;&nbsp;&nbsp;rtc_calibration
<LI><a href="#[e]">&gt;&gt;</a>&nbsp;&nbsp;&nbsp;RTC_CAP_IRQHandler
<LI><a href="#[10]">&gt;&gt;</a>&nbsp;&nbsp;&nbsp;RTC_IRQHandler
</UL>

<P><STRONG><a name="[6a]"></a>syscon_SetCMDCRWithMask</STRONG> (Thumb, 22 bytes, Stack size 8 bytes, syscon.o(.text))
<BR><BR>[Stack]<UL><LI>Max Depth = 8<LI>Call Chain = syscon_SetCMDCRWithMask
</UL>
<BR>[Called By]<UL><LI><a href="#[70]">&gt;&gt;</a>&nbsp;&nbsp;&nbsp;clock_32k_correction_init
<LI><a href="#[39]">&gt;&gt;</a>&nbsp;&nbsp;&nbsp;syscon_set_usart_clk
<LI><a href="#[38]">&gt;&gt;</a>&nbsp;&nbsp;&nbsp;syscon_set_timer_clk
<LI><a href="#[2f]">&gt;&gt;</a>&nbsp;&nbsp;&nbsp;syscon_set_sysclk_src
<LI><a href="#[37]">&gt;&gt;</a>&nbsp;&nbsp;&nbsp;syscon_set_ble_clk
<LI><a href="#[36]">&gt;&gt;</a>&nbsp;&nbsp;&nbsp;syscon_set_apb_clk
<LI><a href="#[35]">&gt;&gt;</a>&nbsp;&nbsp;&nbsp;syscon_set_ahb_clk
</UL>

<P><STRONG><a name="[69]"></a>syscon_SetPGCR1WithMask</STRONG> (Thumb, 26 bytes, Stack size 8 bytes, syscon.o(.text))
<BR><BR>[Stack]<UL><LI>Max Depth = 8<LI>Call Chain = syscon_SetPGCR1WithMask
</UL>
<BR>[Called By]<UL><LI><a href="#[6d]">&gt;&gt;</a>&nbsp;&nbsp;&nbsp;syscon_enable_transceiver
<LI><a href="#[2f]">&gt;&gt;</a>&nbsp;&nbsp;&nbsp;syscon_set_sysclk_src
</UL>

<P><STRONG><a name="[6e]"></a>syscon_SetCRSS</STRONG> (Thumb, 4 bytes, Stack size 0 bytes, syscon.o(.text))
<BR><BR>[Called By]<UL><LI><a href="#[29]">&gt;&gt;</a>&nbsp;&nbsp;&nbsp;clock_32k_correction_cb
<LI><a href="#[71]">&gt;&gt;</a>&nbsp;&nbsp;&nbsp;clock_32k_correction_enable
<LI><a href="#[6d]">&gt;&gt;</a>&nbsp;&nbsp;&nbsp;syscon_enable_transceiver
</UL>

<P><STRONG><a name="[6f]"></a>syscon_SetCRSC</STRONG> (Thumb, 4 bytes, Stack size 0 bytes, syscon.o(.text), UNUSED)
<BR><BR>[Called By]<UL><LI><a href="#[71]">&gt;&gt;</a>&nbsp;&nbsp;&nbsp;clock_32k_correction_enable
<LI><a href="#[6d]">&gt;&gt;</a>&nbsp;&nbsp;&nbsp;syscon_enable_transceiver
</UL>

<P><STRONG><a name="[73]"></a>timer_enable</STRONG> (Thumb, 102 bytes, Stack size 12 bytes, syscon.o(.text))
<BR><BR>[Stack]<UL><LI>Max Depth = 12<LI>Call Chain = timer_enable
</UL>
<BR>[Called By]<UL><LI><a href="#[29]">&gt;&gt;</a>&nbsp;&nbsp;&nbsp;clock_32k_correction_cb
</UL>

<P><STRONG><a name="[7a]"></a>timer_timer_SetCRWithMask</STRONG> (Thumb, 22 bytes, Stack size 8 bytes, timer.o(.text), UNUSED)
<BR><BR>[Called By]<UL><LI><a href="#[75]">&gt;&gt;</a>&nbsp;&nbsp;&nbsp;timer_delay
<LI><a href="#[78]">&gt;&gt;</a>&nbsp;&nbsp;&nbsp;timer_enable
</UL>

<P><STRONG><a name="[7d]"></a>NVIC_EnableIRQ</STRONG> (Thumb, 14 bytes, Stack size 0 bytes, timer.o(.text), UNUSED)
<BR><BR>[Called By]<UL><LI><a href="#[72]">&gt;&gt;</a>&nbsp;&nbsp;&nbsp;timer_init
</UL>

<P><STRONG><a name="[7c]"></a>syscon_SetCRSC</STRONG> (Thumb, 4 bytes, Stack size 0 bytes, timer.o(.text), UNUSED)
<BR><BR>[Called By]<UL><LI><a href="#[81]">&gt;&gt;</a>&nbsp;&nbsp;&nbsp;timer_reset
<LI><a href="#[72]">&gt;&gt;</a>&nbsp;&nbsp;&nbsp;timer_init
</UL>

<P><STRONG><a name="[77]"></a>timer_timer_SetCR</STRONG> (Thumb, 4 bytes, Stack size 0 bytes, timer.o(.text), UNUSED)
<BR><BR>[Called By]<UL><LI><a href="#[80]">&gt;&gt;</a>&nbsp;&nbsp;&nbsp;timer_capture_config
<LI><a href="#[7f]">&gt;&gt;</a>&nbsp;&nbsp;&nbsp;timer_pwm_config
<LI><a href="#[7e]">&gt;&gt;</a>&nbsp;&nbsp;&nbsp;timer_config
<LI><a href="#[75]">&gt;&gt;</a>&nbsp;&nbsp;&nbsp;timer_delay
</UL>

<P><STRONG><a name="[7b]"></a>timer_timer_ClrIntFlag</STRONG> (Thumb, 4 bytes, Stack size 0 bytes, timer.o(.text))
<BR><BR>[Called By]<UL><LI><a href="#[1f]">&gt;&gt;</a>&nbsp;&nbsp;&nbsp;TIMER3_IRQHandler
<LI><a href="#[1e]">&gt;&gt;</a>&nbsp;&nbsp;&nbsp;TIMER2_IRQHandler
<LI><a href="#[1d]">&gt;&gt;</a>&nbsp;&nbsp;&nbsp;TIMER1_IRQHandler
<LI><a href="#[1c]">&gt;&gt;</a>&nbsp;&nbsp;&nbsp;TIMER0_IRQHandler
<LI><a href="#[75]">&gt;&gt;</a>&nbsp;&nbsp;&nbsp;timer_delay
</UL>

<P><STRONG><a name="[79]"></a>timer_timer_GetIntFlag</STRONG> (Thumb, 6 bytes, Stack size 0 bytes, timer.o(.text))
<BR><BR>[Called By]<UL><LI><a href="#[1f]">&gt;&gt;</a>&nbsp;&nbsp;&nbsp;TIMER3_IRQHandler
<LI><a href="#[1e]">&gt;&gt;</a>&nbsp;&nbsp;&nbsp;TIMER2_IRQHandler
<LI><a href="#[1d]">&gt;&gt;</a>&nbsp;&nbsp;&nbsp;TIMER1_IRQHandler
<LI><a href="#[1c]">&gt;&gt;</a>&nbsp;&nbsp;&nbsp;TIMER0_IRQHandler
<LI><a href="#[75]">&gt;&gt;</a>&nbsp;&nbsp;&nbsp;timer_delay
</UL>

<P><STRONG><a name="[76]"></a>timer_timer_SetTOPR</STRONG> (Thumb, 4 bytes, Stack size 0 bytes, timer.o(.text), UNUSED)
<BR><BR>[Called By]<UL><LI><a href="#[80]">&gt;&gt;</a>&nbsp;&nbsp;&nbsp;timer_capture_config
<LI><a href="#[7f]">&gt;&gt;</a>&nbsp;&nbsp;&nbsp;timer_pwm_config
<LI><a href="#[7e]">&gt;&gt;</a>&nbsp;&nbsp;&nbsp;timer_config
<LI><a href="#[75]">&gt;&gt;</a>&nbsp;&nbsp;&nbsp;timer_delay
</UL>

<P><STRONG><a name="[78]"></a>timer_enable</STRONG> (Thumb, 136 bytes, Stack size 16 bytes, timer.o(.text), UNUSED)
<BR><BR>[Calls]<UL><LI><a href="#[7a]">&gt;&gt;</a>&nbsp;&nbsp;&nbsp;timer_timer_SetCRWithMask
</UL>
<BR>[Called By]<UL><LI><a href="#[75]">&gt;&gt;</a>&nbsp;&nbsp;&nbsp;timer_delay
</UL>

<P><STRONG><a name="[81]"></a>timer_reset</STRONG> (Thumb, 94 bytes, Stack size 8 bytes, timer.o(.text), UNUSED)
<BR><BR>[Calls]<UL><LI><a href="#[82]">&gt;&gt;</a>&nbsp;&nbsp;&nbsp;syscon_SetCRSS
<LI><a href="#[7c]">&gt;&gt;</a>&nbsp;&nbsp;&nbsp;syscon_SetCRSC
</UL>
<BR>[Called By]<UL><LI><a href="#[80]">&gt;&gt;</a>&nbsp;&nbsp;&nbsp;timer_capture_config
</UL>

<P><STRONG><a name="[82]"></a>syscon_SetCRSS</STRONG> (Thumb, 4 bytes, Stack size 0 bytes, timer.o(.text), UNUSED)
<BR><BR>[Called By]<UL><LI><a href="#[81]">&gt;&gt;</a>&nbsp;&nbsp;&nbsp;timer_reset
</UL>

<P><STRONG><a name="[85]"></a>syscon_SetPGCR1WithMask</STRONG> (Thumb, 26 bytes, Stack size 8 bytes, calibration.o(.text))
<BR><BR>[Stack]<UL><LI>Max Depth = 8<LI>Call Chain = syscon_SetPGCR1WithMask
</UL>
<BR>[Called By]<UL><LI><a href="#[92]">&gt;&gt;</a>&nbsp;&nbsp;&nbsp;pa_calibration
<LI><a href="#[30]">&gt;&gt;</a>&nbsp;&nbsp;&nbsp;calibration_init
</UL>

<P><STRONG><a name="[86]"></a>cal_cal_SetCAL0WithMask</STRONG> (Thumb, 22 bytes, Stack size 8 bytes, calibration.o(.text))
<BR><BR>[Stack]<UL><LI>Max Depth = 8<LI>Call Chain = cal_cal_SetCAL0WithMask
</UL>
<BR>[Called By]<UL><LI><a href="#[91]">&gt;&gt;</a>&nbsp;&nbsp;&nbsp;lo_kcal_calibration
<LI><a href="#[8f]">&gt;&gt;</a>&nbsp;&nbsp;&nbsp;lo_calibration
<LI><a href="#[8e]">&gt;&gt;</a>&nbsp;&nbsp;&nbsp;rc_calibration
<LI><a href="#[8d]">&gt;&gt;</a>&nbsp;&nbsp;&nbsp;freq_hop_calibration
<LI><a href="#[87]">&gt;&gt;</a>&nbsp;&nbsp;&nbsp;seq_calibration
<LI><a href="#[31]">&gt;&gt;</a>&nbsp;&nbsp;&nbsp;ref_pll_calibration
<LI><a href="#[30]">&gt;&gt;</a>&nbsp;&nbsp;&nbsp;calibration_init
</UL>

<P><STRONG><a name="[90]"></a>cal_cal_SetCAL1WithMask</STRONG> (Thumb, 22 bytes, Stack size 8 bytes, calibration.o(.text), UNUSED)
<BR><BR>[Called By]<UL><LI><a href="#[91]">&gt;&gt;</a>&nbsp;&nbsp;&nbsp;lo_kcal_calibration
<LI><a href="#[8f]">&gt;&gt;</a>&nbsp;&nbsp;&nbsp;lo_calibration
</UL>

<P><STRONG><a name="[93]"></a>cal_cal_SetCAL3WithMask</STRONG> (Thumb, 22 bytes, Stack size 8 bytes, calibration.o(.text), UNUSED)
<BR><BR>[Called By]<UL><LI><a href="#[95]">&gt;&gt;</a>&nbsp;&nbsp;&nbsp;ros_calibration
<LI><a href="#[94]">&gt;&gt;</a>&nbsp;&nbsp;&nbsp;r_calibration
<LI><a href="#[92]">&gt;&gt;</a>&nbsp;&nbsp;&nbsp;pa_calibration
</UL>

<P><STRONG><a name="[8a]"></a>cal_cal_SetCAL4WithMask</STRONG> (Thumb, 22 bytes, Stack size 8 bytes, calibration.o(.text), UNUSED)
<BR><BR>[Called By]<UL><LI><a href="#[96]">&gt;&gt;</a>&nbsp;&nbsp;&nbsp;rco_calibration
<LI><a href="#[92]">&gt;&gt;</a>&nbsp;&nbsp;&nbsp;pa_calibration
<LI><a href="#[87]">&gt;&gt;</a>&nbsp;&nbsp;&nbsp;seq_calibration
</UL>

<P><STRONG><a name="[8c]"></a>cal_cal_ClrSR</STRONG> (Thumb, 4 bytes, Stack size 0 bytes, calibration.o(.text), UNUSED)
<BR><BR>[Called By]<UL><LI><a href="#[96]">&gt;&gt;</a>&nbsp;&nbsp;&nbsp;rco_calibration
<LI><a href="#[95]">&gt;&gt;</a>&nbsp;&nbsp;&nbsp;ros_calibration
<LI><a href="#[94]">&gt;&gt;</a>&nbsp;&nbsp;&nbsp;r_calibration
<LI><a href="#[92]">&gt;&gt;</a>&nbsp;&nbsp;&nbsp;pa_calibration
<LI><a href="#[91]">&gt;&gt;</a>&nbsp;&nbsp;&nbsp;lo_kcal_calibration
<LI><a href="#[8f]">&gt;&gt;</a>&nbsp;&nbsp;&nbsp;lo_calibration
<LI><a href="#[8e]">&gt;&gt;</a>&nbsp;&nbsp;&nbsp;rc_calibration
<LI><a href="#[8d]">&gt;&gt;</a>&nbsp;&nbsp;&nbsp;freq_hop_calibration
<LI><a href="#[87]">&gt;&gt;</a>&nbsp;&nbsp;&nbsp;seq_calibration
</UL>

<P><STRONG><a name="[8b]"></a>cal_cal_GetSR</STRONG> (Thumb, 6 bytes, Stack size 0 bytes, calibration.o(.text), UNUSED)
<BR><BR>[Called By]<UL><LI><a href="#[96]">&gt;&gt;</a>&nbsp;&nbsp;&nbsp;rco_calibration
<LI><a href="#[95]">&gt;&gt;</a>&nbsp;&nbsp;&nbsp;ros_calibration
<LI><a href="#[94]">&gt;&gt;</a>&nbsp;&nbsp;&nbsp;r_calibration
<LI><a href="#[92]">&gt;&gt;</a>&nbsp;&nbsp;&nbsp;pa_calibration
<LI><a href="#[91]">&gt;&gt;</a>&nbsp;&nbsp;&nbsp;lo_kcal_calibration
<LI><a href="#[8f]">&gt;&gt;</a>&nbsp;&nbsp;&nbsp;lo_calibration
<LI><a href="#[8e]">&gt;&gt;</a>&nbsp;&nbsp;&nbsp;rc_calibration
<LI><a href="#[8d]">&gt;&gt;</a>&nbsp;&nbsp;&nbsp;freq_hop_calibration
<LI><a href="#[87]">&gt;&gt;</a>&nbsp;&nbsp;&nbsp;seq_calibration
</UL>

<P><STRONG><a name="[98]"></a>syscon_SetLO2WithMask</STRONG> (Thumb, 26 bytes, Stack size 8 bytes, qnrf.o(.text), UNUSED)
<BR><BR>[Called By]<UL><LI><a href="#[97]">&gt;&gt;</a>&nbsp;&nbsp;&nbsp;rf_enable_sw_set_freq
<LI><a href="#[89]">&gt;&gt;</a>&nbsp;&nbsp;&nbsp;rf_set_freq
</UL>

<P><STRONG><a name="[99]"></a>dp_dp_SetRegWithMask</STRONG> (Thumb, 30 bytes, Stack size 8 bytes, qnrf.o(.text), UNUSED)
<BR><BR>[Called By]<UL><LI><a href="#[88]">&gt;&gt;</a>&nbsp;&nbsp;&nbsp;rf_enable
</UL>
<P>
<H3>
Undefined Global Symbols
</H3><HR></body></html>
