<html>
<body>
<pre>
<h1>µVision Build Log</h1>
<h2>Tool Versions:</h2>
IDE-Version: µVision V5.14.0.0
Copyright (C) 2015 ARM Ltd and ARM Germany GmbH. All rights reserved.
License Information: Gurjeet Singh, Oregon State University, LIC=----
 
Tool Versions:
Toolchain:       MDK-Lite  Version: 5.14.0.0
Toolchain Path:  C:\Keil_v5\ARM\ARMCC\Bin
C Compiler:      Armcc.exe V5.05 update 1 (build 106)
Assembler:       Armasm.exe V5.05 update 1 (build 106)
Linker/Locator:  ArmLink.exe V5.05 update 1 (build 106)
Library Manager: ArmAr.exe V5.05 update 1 (build 106)
Hex Converter:   FromElf.exe V5.05 update 1 (build 106)
CPU DLL:         SARMCM3.DLL V5.14.0.0
Dialog DLL:      DARMCM1.DLL V1.12.0.0
Target DLL:      UL2CM3.DLL V1.155.0.0
Dialog DLL:      TARMCM1.DLL V1.9.0.0
 
<h2>Project:</h2>
C:\Users\Gurjeet\Documents\BTLE\Quintic Corporation Software\Quintic Corporation\QBlue-1.3.2\Projects\BLE\prj_qpps_neil\keil\qpps.uvproj
Project File Date:  04/23/2015

<h2>Output:</h2>
Rebuild target 'qpps'
assembling startup.s...
compiling app_main.c...
compiling system.c...
compiling usr_design.c...
compiling accel_lib.c...
compiling protocol_lib.c...
compiling adc_lib.c...
compiling pedometer_lib.c...
compiling app_util.c...
compiling app_env.c...
compiling app_printf.c...
compiling app_sys.c...
compiling app_task.c...
compiling app_gap.c...
compiling app_gap_task.c...
compiling app_gatt.c...
compiling app_gatt_task.c...
compiling app_smp.c...
compiling app_smp_task.c...
compiling app_diss.c...
compiling app_diss_task.c...
compiling app_qpps.c...
compiling app_qpps_task.c...
..\..\src\app\qpps\app_qpps_task.c(264): warning:  #177-D: function "app_test_send_data" was declared but never referenced
  static void app_test_send_data(uint8_t max)
..\..\src\app\qpps\app_qpps_task.c: 1 warning, 0 errors
compiling prf_utils.c...
compiling diss.c...
compiling diss_task.c...
compiling uart.c...
compiling gpio.c...
compiling sleep.c...
compiling syscon.c...
compiling wdt.c...
compiling timer.c...
compiling rtc.c...
compiling serialflash.c...
compiling i2c.c...
compiling adc.c...
compiling analog.c...
compiling led.c...
compiling button.c...
compiling retarget.c...
linking...
Program Size: Code=22668 RO-data=1488 RW-data=204 ZI-data=4544  
FromELF: creating hex file...
After Build - User command #1: fromelf --bin --output ./bin/qpps.bin ./obj/qpps.axf
".\obj\qpps.axf" - 0 Error(s), 1 Warning(s).
</pre>
</body>
</html>
