<html>
<body>
<pre>
<h1>µVision Build Log</h1>
<h2>Project:</h2>
C:\Quintic Corporation\QBlue-1.3.2\Projects\BLE\prj_qpps\keil\qpps.uvproj
Project File Date:  09/18/2014

<h2>Output:</h2>
Rebuild target 'qpps'
assembling startup.s...
compiling app_main.c...
compiling system.c...
compiling usr_design.c...
compiling accel_lib.c...
compiling protocol_lib.c...
compiling adc_lib.c...
compiling pedometer_lib.c...
compiling app_util.c...
compiling app_env.c...
compiling app_printf.c...
compiling app_sys.c...
compiling app_task.c...
compiling app_gap.c...
compiling app_gap_task.c...
compiling app_gatt.c...
compiling app_gatt_task.c...
compiling app_smp.c...
compiling app_smp_task.c...
compiling app_diss.c...
compiling app_diss_task.c...
compiling app_qpps.c...
compiling app_qpps_task.c...
compiling prf_utils.c...
compiling diss.c...
compiling diss_task.c...
compiling uart.c...
compiling gpio.c...
compiling sleep.c...
compiling syscon.c...
compiling wdt.c...
compiling timer.c...
compiling rtc.c...
compiling serialflash.c...
compiling i2c.c...
compiling adc.c...
compiling analog.c...
compiling led.c...
compiling button.c...
compiling retarget.c...
linking...
Program Size: Code=22616 RO-data=1480 RW-data=204 ZI-data=4540  
After Build - User command #1: fromelf --bin --output ./bin/qpps.bin ./obj/qpps.axf
".\obj\qpps.axf" - 0 Errors, 0 Warning(s).
