<html>
<body>
<pre>
<h1>µVision Build Log</h1>
<h2>Tool Versions:</h2>
IDE-Version: µVision V5.14.0.0
Copyright (C) 2015 ARM Ltd and ARM Germany GmbH. All rights reserved.
License Information: Gurjeet Singh, Oregon State University, LIC=----
 
Tool Versions:
Toolchain:       MDK-Lite  Version: 5.14.0.0
Toolchain Path:  C:\Keil_v5\ARM\ARMCC\Bin
C Compiler:      Armcc.exe V5.05 update 1 (build 106)
Assembler:       Armasm.exe V5.05 update 1 (build 106)
Linker/Locator:  ArmLink.exe V5.05 update 1 (build 106)
Library Manager: ArmAr.exe V5.05 update 1 (build 106)
Hex Converter:   FromElf.exe V5.05 update 1 (build 106)
CPU DLL:         SARMCM3.DLL V5.14.0.0
Dialog DLL:      DARMCM1.DLL V1.12.0.0
Target DLL:      Segger\JL2CM3.dll V2.99.13.0
Dialog DLL:      TARMCM1.DLL V1.9.0.0
 
<h2>Project:</h2>
C:\Users\Gurjeet\Documents\BTLE\Quintic Corporation Software\Quintic Corporation\QBlue-1.3.2\Projects\BLE\prj_blps\keil\blps.uvproj
Project File Date:  04/02/2015

<h2>Output:</h2>
Rebuild target 'blps'
assembling startup.s...
compiling app_main.c...
compiling system.c...
compiling usr_design.c...
compiling app_util.c...
compiling app_env.c...
compiling app_printf.c...
compiling app_sys.c...
compiling app_task.c...
compiling app_gap.c...
compiling app_gap_task.c...
compiling app_gatt.c...
compiling app_gatt_task.c...
compiling app_smp.c...
compiling app_smp_task.c...
compiling app_blps.c...
compiling app_blps_task.c...
compiling app_diss.c...
compiling app_diss_task.c...
compiling prf_utils.c...
compiling blps.c...
compiling blps_task.c...
compiling diss.c...
compiling diss_task.c...
compiling uart.c...
compiling gpio.c...
compiling sleep.c...
compiling syscon.c...
compiling wdt.c...
compiling timer.c...
compiling rtc.c...
compiling led.c...
compiling button.c...
compiling retarget.c...
linking...
Program Size: Code=17920 RO-data=1720 RW-data=144 ZI-data=3520  
After Build - User command #1: fromelf --bin --output ./bin/blps.bin ./obj/blps.axf
".\obj\blps.axf" - 0 Error(s), 0 Warning(s).
</pre>
</body>
</html>
