<!doctype html public "-//w3c//dtd html 4.0 transitional//en">
<html><head>
<title>Static Call Graph - [.\obj\blps.axf]</title></head>
<body><HR>
<H1>Static Call Graph for image .\obj\blps.axf</H1><HR>
<BR><P>#&#060CALLGRAPH&#062# ARM Linker, 5050106: Last Updated: Thu Apr 02 13:41:28 2015
<BR><P>
<H3>Maximum Stack Usage =        120 bytes + Unknown(Cycles, Untraceable Function Pointers)</H3><H3>
Call chain for Maximum Stack Depth:</H3>
app_smpc_tk_req_ind_handler &rArr; atoi &rArr; strtol &rArr; _strtoul
<P>
<H3>
Mutually Recursive functions
</H3> <LI><a href="#[1]">NMI_Handler</a>&nbsp;&nbsp;&nbsp;&rArr;&nbsp;&nbsp;&nbsp;<a href="#[1]">NMI_Handler</a><BR>
 <LI><a href="#[2]">HardFault_Handler</a>&nbsp;&nbsp;&nbsp;&rArr;&nbsp;&nbsp;&nbsp;<a href="#[2]">HardFault_Handler</a><BR>
 <LI><a href="#[3]">MemManage_Handler</a>&nbsp;&nbsp;&nbsp;&rArr;&nbsp;&nbsp;&nbsp;<a href="#[3]">MemManage_Handler</a><BR>
 <LI><a href="#[4]">BusFault_Handler</a>&nbsp;&nbsp;&nbsp;&rArr;&nbsp;&nbsp;&nbsp;<a href="#[4]">BusFault_Handler</a><BR>
 <LI><a href="#[5]">UsageFault_Handler</a>&nbsp;&nbsp;&nbsp;&rArr;&nbsp;&nbsp;&nbsp;<a href="#[5]">UsageFault_Handler</a><BR>
 <LI><a href="#[6]">SVC_Handler</a>&nbsp;&nbsp;&nbsp;&rArr;&nbsp;&nbsp;&nbsp;<a href="#[6]">SVC_Handler</a><BR>
 <LI><a href="#[7]">DebugMon_Handler</a>&nbsp;&nbsp;&nbsp;&rArr;&nbsp;&nbsp;&nbsp;<a href="#[7]">DebugMon_Handler</a><BR>
 <LI><a href="#[8]">PendSV_Handler</a>&nbsp;&nbsp;&nbsp;&rArr;&nbsp;&nbsp;&nbsp;<a href="#[8]">PendSV_Handler</a><BR>
 <LI><a href="#[9]">SysTick_Handler</a>&nbsp;&nbsp;&nbsp;&rArr;&nbsp;&nbsp;&nbsp;<a href="#[9]">SysTick_Handler</a><BR>
 <LI><a href="#[11]">ADC_IRQHandler</a>&nbsp;&nbsp;&nbsp;&rArr;&nbsp;&nbsp;&nbsp;<a href="#[11]">ADC_IRQHandler</a><BR>
 <LI><a href="#[7c]">uart_clock_off</a>&nbsp;&nbsp;&nbsp;&rArr;&nbsp;&nbsp;&nbsp;<a href="#[7c]">uart_clock_off</a><BR>
 <LI><a href="#[7d]">spi_clock_off</a>&nbsp;&nbsp;&nbsp;&rArr;&nbsp;&nbsp;&nbsp;<a href="#[7d]">spi_clock_off</a><BR>
</UL>
<P>
<H3>
Function Pointers
</H3><UL>
 <LI><a href="#[11]">ADC_IRQHandler</a> from startup.o(.text) referenced from startup.o(RESET)
 <LI><a href="#[d]">BLE_IRQHandler</a> from lib.o(i.BLE_IRQHandler) referenced from startup.o(RESET)
 <LI><a href="#[4]">BusFault_Handler</a> from startup.o(.text) referenced from startup.o(RESET)
 <LI><a href="#[23]">CALIB_IRQHandler</a> from startup.o(.text) referenced from startup.o(RESET)
 <LI><a href="#[b]">COMPARATOR0_IRQHandler</a> from startup.o(.text) referenced from startup.o(RESET)
 <LI><a href="#[c]">COMPARATOR1_IRQHandler</a> from startup.o(.text) referenced from startup.o(RESET)
 <LI><a href="#[12]">DMA_IRQHandler</a> from startup.o(.text) referenced from startup.o(RESET)
 <LI><a href="#[7]">DebugMon_Handler</a> from startup.o(.text) referenced from startup.o(RESET)
 <LI><a href="#[a]">GPIO_IRQHandler</a> from gpio.o(i.GPIO_IRQHandler) referenced from startup.o(RESET)
 <LI><a href="#[2]">HardFault_Handler</a> from startup.o(.text) referenced from startup.o(RESET)
 <LI><a href="#[1b]">I2C_IRQHandler</a> from startup.o(.text) referenced from startup.o(RESET)
 <LI><a href="#[3]">MemManage_Handler</a> from startup.o(.text) referenced from startup.o(RESET)
 <LI><a href="#[1]">NMI_Handler</a> from startup.o(.text) referenced from startup.o(RESET)
 <LI><a href="#[f]">OSC_EN_IRQHandler</a> from sleep.o(i.OSC_EN_IRQHandler) referenced from startup.o(RESET)
 <LI><a href="#[21]">PWM0_IRQHandler</a> from startup.o(.text) referenced from startup.o(RESET)
 <LI><a href="#[22]">PWM1_IRQHandler</a> from startup.o(.text) referenced from startup.o(RESET)
 <LI><a href="#[8]">PendSV_Handler</a> from startup.o(.text) referenced from startup.o(RESET)
 <LI><a href="#[e]">RTC_CAP_IRQHandler</a> from startup.o(.text) referenced from startup.o(RESET)
 <LI><a href="#[10]">RTC_IRQHandler</a> from startup.o(.text) referenced from startup.o(RESET)
 <LI><a href="#[0]">Reset_Handler</a> from startup.o(.text) referenced from startup.o(RESET)
 <LI><a href="#[16]">SPI0_RX_IRQHandler</a> from startup.o(.text) referenced from startup.o(RESET)
 <LI><a href="#[15]">SPI0_TX_IRQHandler</a> from startup.o(.text) referenced from startup.o(RESET)
 <LI><a href="#[1a]">SPI1_RX_IRQHandler</a> from startup.o(.text) referenced from startup.o(RESET)
 <LI><a href="#[19]">SPI1_TX_IRQHandler</a> from startup.o(.text) referenced from startup.o(RESET)
 <LI><a href="#[6]">SVC_Handler</a> from startup.o(.text) referenced from startup.o(RESET)
 <LI><a href="#[9]">SysTick_Handler</a> from startup.o(.text) referenced from startup.o(RESET)
 <LI><a href="#[1c]">TIMER0_IRQHandler</a> from timer.o(i.TIMER0_IRQHandler) referenced from startup.o(RESET)
 <LI><a href="#[1d]">TIMER1_IRQHandler</a> from timer.o(i.TIMER1_IRQHandler) referenced from startup.o(RESET)
 <LI><a href="#[1e]">TIMER2_IRQHandler</a> from timer.o(i.TIMER2_IRQHandler) referenced from startup.o(RESET)
 <LI><a href="#[1f]">TIMER3_IRQHandler</a> from timer.o(i.TIMER3_IRQHandler) referenced from startup.o(RESET)
 <LI><a href="#[24]">TUNER_RX_IRQHandler</a> from startup.o(.text) referenced from startup.o(RESET)
 <LI><a href="#[26]">TUNER_SETTING_IRQHandler</a> from startup.o(.text) referenced from startup.o(RESET)
 <LI><a href="#[25]">TUNER_TX_IRQHandler</a> from startup.o(.text) referenced from startup.o(RESET)
 <LI><a href="#[14]">UART0_RX_IRQHandler</a> from uart.o(i.UART0_RX_IRQHandler) referenced from startup.o(RESET)
 <LI><a href="#[13]">UART0_TX_IRQHandler</a> from uart.o(i.UART0_TX_IRQHandler) referenced from startup.o(RESET)
 <LI><a href="#[18]">UART1_RX_IRQHandler</a> from startup.o(.text) referenced from startup.o(RESET)
 <LI><a href="#[17]">UART1_TX_IRQHandler</a> from startup.o(.text) referenced from startup.o(RESET)
 <LI><a href="#[5]">UsageFault_Handler</a> from startup.o(.text) referenced from startup.o(RESET)
 <LI><a href="#[20]">WDT_IRQHandler</a> from wdt.o(i.WDT_IRQHandler) referenced from startup.o(RESET)
 <LI><a href="#[28]">__main</a> from entry.o(.ARM.Collect$$$$00000000) referenced from startup.o(.text)
 <LI><a href="#[3c]">app_32k_xtal_wakeup_timer</a> from app_task.o(i.app_32k_xtal_wakeup_timer) referenced from app_task.o(.constdata)
 <LI><a href="#[5e]">app_blps_blood_send_handler</a> from usr_design.o(i.app_blps_blood_send_handler) referenced from app_task.o(.constdata)
 <LI><a href="#[5c]">app_blps_cfg_indntf_ind_handler</a> from app_blps_task.o(i.app_blps_cfg_indntf_ind_handler) referenced from app_task.o(.constdata)
 <LI><a href="#[5d]">app_blps_create_db_cfm_handler</a> from app_blps_task.o(i.app_blps_create_db_cfm_handler) referenced from app_task.o(.constdata)
 <LI><a href="#[59]">app_blps_disable_ind_handler</a> from app_blps_task.o(i.app_blps_disable_ind_handler) referenced from app_task.o(.constdata)
 <LI><a href="#[5a]">app_blps_error_ind_handler</a> from app_blps_task.o(i.app_blps_error_ind_handler) referenced from app_task.o(.constdata)
 <LI><a href="#[5b]">app_blps_meas_send_cfm_handler</a> from app_blps_task.o(i.app_blps_meas_send_cfm_handler) referenced from app_task.o(.constdata)
 <LI><a href="#[3f]">app_button_timer_handler</a> from usr_design.o(i.app_button_timer_handler) referenced 2 times from app_task.o(.constdata)
 <LI><a href="#[5f]">app_diss_create_db_cfm_handler</a> from app_diss_task.o(i.app_diss_create_db_cfm_handler) referenced from app_task.o(.constdata)
 <LI><a href="#[60]">app_diss_error_ind_handler</a> from app_diss_task.o(i.app_diss_error_ind_handler) referenced from app_task.o(.constdata)
 <LI><a href="#[3b]">app_event_button1_press_handler</a> from usr_design.o(i.app_event_button1_press_handler) referenced from usr_design.o(i.usr_init)
 <LI><a href="#[3e]">app_gap_adv_intv_update_timer_handler</a> from usr_design.o(i.app_gap_adv_intv_update_timer_handler) referenced from app_task.o(.constdata)
 <LI><a href="#[46]">app_gap_adv_req_cmp_evt_handler</a> from app_gap_task.o(i.app_gap_adv_req_cmp_evt_handler) referenced from app_task.o(.constdata)
 <LI><a href="#[4e]">app_gap_bond_req_cmp_ind_handler</a> from app_gap_task.o(i.app_gap_bond_req_cmp_ind_handler) referenced from app_task.o(.constdata)
 <LI><a href="#[4d]">app_gap_bond_req_ind_handler</a> from app_gap_task.o(i.app_gap_bond_req_ind_handler) referenced from app_task.o(.constdata)
 <LI><a href="#[49]">app_gap_change_param_req_cmp_handler</a> from app_gap_task.o(i.app_gap_change_param_req_cmp_handler) referenced from app_task.o(.constdata)
 <LI><a href="#[4c]">app_gap_discon_cmp_evt_handler</a> from app_gap_task.o(i.app_gap_discon_cmp_evt_handler) referenced from app_task.o(.constdata)
 <LI><a href="#[4b]">app_gap_le_create_conn_req_cmp_evt_handler</a> from app_gap_task.o(i.app_gap_le_create_conn_req_cmp_evt_handler) referenced from app_task.o(.constdata)
 <LI><a href="#[47]">app_gap_param_update_resp_handler</a> from app_gap_task.o(i.app_gap_param_update_resp_handler) referenced from app_task.o(.constdata)
 <LI><a href="#[43]">app_gap_read_bdaddr_req_cmp_evt_handler</a> from app_gap_task.o(i.app_gap_read_bdaddr_req_cmp_evt_handler) referenced from app_task.o(.constdata)
 <LI><a href="#[42]">app_gap_read_ver_req_cmp_evt_handler</a> from app_gap_task.o(i.app_gap_read_ver_req_cmp_evt_handler) referenced from app_task.o(.constdata)
 <LI><a href="#[44]">app_gap_ready_evt_handler</a> from app_gap_task.o(i.app_gap_ready_evt_handler) referenced from app_task.o(.constdata)
 <LI><a href="#[40]">app_gap_reset_req_cmp_handler</a> from app_gap_task.o(i.app_gap_reset_req_cmp_handler) referenced from app_task.o(.constdata)
 <LI><a href="#[45]">app_gap_set_devname_req_cmp_evt_handler</a> from app_gap_task.o(i.app_gap_set_devname_req_cmp_evt_handler) referenced from app_task.o(.constdata)
 <LI><a href="#[4a]">app_gap_set_mode_req_cmp_evt_handler</a> from app_gap_task.o(i.app_gap_set_mode_req_cmp_evt_handler) referenced from app_task.o(.constdata)
 <LI><a href="#[48]">app_gap_set_privacy_req_cmp_handler</a> from app_gap_task.o(i.app_gap_set_privacy_req_cmp_handler) referenced from app_task.o(.constdata)
 <LI><a href="#[4f]">app_gap_set_random_add_req_cmp_handler</a> from app_gap_task.o(i.app_gap_set_random_add_req_cmp_handler) referenced from app_task.o(.constdata)
 <LI><a href="#[41]">app_gap_set_sec_req_cmp_evt_handler</a> from app_gap_task.o(i.app_gap_set_sec_req_cmp_evt_handler) referenced from app_task.o(.constdata)
 <LI><a href="#[50]">app_gatt_resource_access_req_handler</a> from app_gap_task.o(i.app_gatt_resource_access_req_handler) referenced from app_task.o(.constdata)
 <LI><a href="#[3d]">app_led_timer_handler</a> from usr_design.o(i.app_led_timer_handler) referenced 2 times from app_task.o(.constdata)
 <LI><a href="#[56]">app_smpc_chk_bd_addr_req_ind_handler</a> from app_smp_task.o(i.app_smpc_chk_bd_addr_req_ind_handler) referenced from app_task.o(.constdata)
 <LI><a href="#[55]">app_smpc_irk_req_ind_handler</a> from app_smp_task.o(i.app_smpc_irk_req_ind_handler) referenced from app_task.o(.constdata)
 <LI><a href="#[52]">app_smpc_key_ind_handler</a> from app_smp_task.o(i.app_smpc_key_ind_handler) referenced from app_task.o(.constdata)
 <LI><a href="#[54]">app_smpc_ltk_req_ind_handler</a> from app_smp_task.o(i.app_smpc_ltk_req_ind_handler) referenced from app_task.o(.constdata)
 <LI><a href="#[57]">app_smpc_sec_started_ind_handler</a> from app_smp_task.o(i.app_smpc_sec_started_ind_handler) referenced from app_task.o(.constdata)
 <LI><a href="#[58]">app_smpc_timeout_evt_handler</a> from app_smp_task.o(i.app_smpc_timeout_evt_handler) referenced from app_task.o(.constdata)
 <LI><a href="#[53]">app_smpc_tk_req_ind_handler</a> from app_smp_task.o(i.app_smpc_tk_req_ind_handler) referenced from app_task.o(.constdata)
 <LI><a href="#[51]">app_smpm_set_key_cfm_handler</a> from app_smp_task.o(i.app_smpm_set_key_cfm_handler) referenced from app_task.o(.constdata)
 <LI><a href="#[39]">atts_req_error_ind_handler_patch</a> from lib.o(i.atts_req_error_ind_handler_patch) referenced from lib.o(i.task_gatt_desc_register)
 <LI><a href="#[61]">blps_create_db_req_handler</a> from blps_task.o(i.blps_create_db_req_handler) referenced from blps_task.o(.constdata)
 <LI><a href="#[62]">blps_enable_req_handler</a> from blps_task.o(i.blps_enable_req_handler) referenced from blps_task.o(.constdata)
 <LI><a href="#[64]">blps_meas_send_req_handler</a> from blps_task.o(i.blps_meas_send_req_handler) referenced from blps_task.o(.constdata)
 <LI><a href="#[34]">default_enter_sleep_cb</a> from lib.o(i.default_enter_sleep_cb) referenced from lib.o(i.plf_init)
 <LI><a href="#[35]">default_exit_sleep_cb</a> from lib.o(i.default_exit_sleep_cb) referenced from lib.o(i.plf_init)
 <LI><a href="#[68]">diss_create_db_req_handler</a> from diss_task.o(i.diss_create_db_req_handler) referenced from diss_task.o(.constdata)
 <LI><a href="#[6a]">diss_enable_req_handler</a> from diss_task.o(i.diss_enable_req_handler) referenced from diss_task.o(.constdata)
 <LI><a href="#[69]">diss_set_char_val_req_handler</a> from diss_task.o(i.diss_set_char_val_req_handler) referenced from diss_task.o(.constdata)
 <LI><a href="#[32]">foo1</a> from lib.o(i.foo1) referenced from lib.o(i.plf_init)
 <LI><a href="#[2a]">fputc</a> from retarget.o(i.fputc) referenced from printf8.o(i.__0printf$8)
 <LI><a href="#[67]">gap_discon_cmp_evt_handler</a> from blps_task.o(i.gap_discon_cmp_evt_handler) referenced 2 times from blps_task.o(.constdata)
 <LI><a href="#[2c]">gap_discon_ind_handler_patch</a> from lib.o(i.gap_discon_ind_handler_patch) referenced from lib.o(i.ble_init)
 <LI><a href="#[65]">gatt_handle_value_cfm_handler</a> from blps_task.o(i.gatt_handle_value_cfm_handler) referenced from blps_task.o(.constdata)
 <LI><a href="#[66]">gatt_notify_cmp_evt_handler</a> from blps_task.o(i.gatt_notify_cmp_evt_handler) referenced from blps_task.o(.constdata)
 <LI><a href="#[37]">gatt_read_char_req_handler_patch</a> from lib.o(i.gatt_read_char_req_handler_patch) referenced from lib.o(i.task_gatt_desc_register)
 <LI><a href="#[38]">gatt_write_char_req_handler_patch</a> from lib.o(i.gatt_write_char_req_handler_patch) referenced from lib.o(i.task_gatt_desc_register)
 <LI><a href="#[63]">gatt_write_cmd_ind_handler</a> from blps_task.o(i.gatt_write_cmd_ind_handler) referenced from blps_task.o(.constdata)
 <LI><a href="#[29]">gpio_interrupt_callback</a> from usr_design.o(i.gpio_interrupt_callback) referenced from system.o(i.SystemInit)
 <LI><a href="#[2b]">l2cc_data_packet_ind_handler_patch</a> from lib.o(i.l2cc_data_packet_ind_handler_patch) referenced from lib.o(i.ble_init)
 <LI><a href="#[3a]">l2cc_data_send_rsp_handler_patch</a> from lib.o(i.l2cc_data_send_rsp_handler_patch) referenced from lib.o(i.task_gatt_desc_register)
 <LI><a href="#[33]">lld_sleep_lpcycles_2_us</a> from lib.o(i.lld_sleep_lpcycles_2_us) referenced from lib.o(i.plf_init)
 <LI><a href="#[27]">main</a> from app_main.o(i.main) referenced from entry9a.o(.ARM.Collect$$$$0000000B)
 <LI><a href="#[31]">nvds_erase</a> from lib.o(i.nvds_erase) referenced from lib.o(i.plf_init)
 <LI><a href="#[30]">nvds_write</a> from lib.o(i.nvds_write) referenced from lib.o(i.plf_init)
 <LI><a href="#[36]">plf_reset_cb</a> from lib.o(i.plf_reset_cb) referenced from lib.o(i.plf_init)
 <LI><a href="#[2e]">prf_dispatch_disconnect</a> from prf_utils.o(i.prf_dispatch_disconnect) referenced from app_main.o(i.main)
 <LI><a href="#[2d]">prf_init</a> from prf_utils.o(i.prf_init) referenced from app_main.o(i.main)
 <LI><a href="#[2f]">sleep_cb</a> from sleep.o(i.sleep_cb) referenced from app_main.o(i.main)
</UL>
<P>
<H3>
Global Symbols
</H3>
<P><STRONG><a name="[28]"></a>__main</STRONG> (Thumb, 0 bytes, Stack size unknown bytes, entry.o(.ARM.Collect$$$$00000000))
<BR>[Address Reference Count : 1]<UL><LI> startup.o(.text)
</UL>
<P><STRONG><a name="[10e]"></a>_main_stk</STRONG> (Thumb, 0 bytes, Stack size unknown bytes, entry2.o(.ARM.Collect$$$$00000001))

<P><STRONG><a name="[6c]"></a>_main_scatterload</STRONG> (Thumb, 0 bytes, Stack size unknown bytes, entry5.o(.ARM.Collect$$$$00000004))
<BR><BR>[Calls]<UL><LI><a href="#[6d]">&gt;&gt;</a>&nbsp;&nbsp;&nbsp;__scatterload
</UL>

<P><STRONG><a name="[76]"></a>__main_after_scatterload</STRONG> (Thumb, 0 bytes, Stack size unknown bytes, entry5.o(.ARM.Collect$$$$00000004))
<BR><BR>[Called By]<UL><LI><a href="#[6d]">&gt;&gt;</a>&nbsp;&nbsp;&nbsp;__scatterload
</UL>

<P><STRONG><a name="[10f]"></a>_main_clock</STRONG> (Thumb, 0 bytes, Stack size unknown bytes, entry7b.o(.ARM.Collect$$$$00000008))

<P><STRONG><a name="[110]"></a>_main_cpp_init</STRONG> (Thumb, 0 bytes, Stack size unknown bytes, entry8b.o(.ARM.Collect$$$$0000000A))

<P><STRONG><a name="[111]"></a>_main_init</STRONG> (Thumb, 0 bytes, Stack size unknown bytes, entry9a.o(.ARM.Collect$$$$0000000B))

<P><STRONG><a name="[112]"></a>__rt_final_cpp</STRONG> (Thumb, 0 bytes, Stack size unknown bytes, entry10a.o(.ARM.Collect$$$$0000000D))

<P><STRONG><a name="[113]"></a>__rt_final_exit</STRONG> (Thumb, 0 bytes, Stack size unknown bytes, entry11a.o(.ARM.Collect$$$$0000000F))

<P><STRONG><a name="[0]"></a>Reset_Handler</STRONG> (Thumb, 14 bytes, Stack size 0 bytes, startup.o(.text))
<BR>[Address Reference Count : 1]<UL><LI> startup.o(RESET)
</UL>
<P><STRONG><a name="[1]"></a>NMI_Handler</STRONG> (Thumb, 2 bytes, Stack size 0 bytes, startup.o(.text))
<BR><BR>[Calls]<UL><LI><a href="#[1]">&gt;&gt;</a>&nbsp;&nbsp;&nbsp;NMI_Handler
</UL>
<BR>[Called By]<UL><LI><a href="#[1]">&gt;&gt;</a>&nbsp;&nbsp;&nbsp;NMI_Handler
</UL>
<BR>[Address Reference Count : 1]<UL><LI> startup.o(RESET)
</UL>
<P><STRONG><a name="[2]"></a>HardFault_Handler</STRONG> (Thumb, 2 bytes, Stack size 0 bytes, startup.o(.text))
<BR><BR>[Calls]<UL><LI><a href="#[2]">&gt;&gt;</a>&nbsp;&nbsp;&nbsp;HardFault_Handler
</UL>
<BR>[Called By]<UL><LI><a href="#[2]">&gt;&gt;</a>&nbsp;&nbsp;&nbsp;HardFault_Handler
</UL>
<BR>[Address Reference Count : 1]<UL><LI> startup.o(RESET)
</UL>
<P><STRONG><a name="[3]"></a>MemManage_Handler</STRONG> (Thumb, 2 bytes, Stack size 0 bytes, startup.o(.text))
<BR><BR>[Calls]<UL><LI><a href="#[3]">&gt;&gt;</a>&nbsp;&nbsp;&nbsp;MemManage_Handler
</UL>
<BR>[Called By]<UL><LI><a href="#[3]">&gt;&gt;</a>&nbsp;&nbsp;&nbsp;MemManage_Handler
</UL>
<BR>[Address Reference Count : 1]<UL><LI> startup.o(RESET)
</UL>
<P><STRONG><a name="[4]"></a>BusFault_Handler</STRONG> (Thumb, 2 bytes, Stack size 0 bytes, startup.o(.text))
<BR><BR>[Calls]<UL><LI><a href="#[4]">&gt;&gt;</a>&nbsp;&nbsp;&nbsp;BusFault_Handler
</UL>
<BR>[Called By]<UL><LI><a href="#[4]">&gt;&gt;</a>&nbsp;&nbsp;&nbsp;BusFault_Handler
</UL>
<BR>[Address Reference Count : 1]<UL><LI> startup.o(RESET)
</UL>
<P><STRONG><a name="[5]"></a>UsageFault_Handler</STRONG> (Thumb, 2 bytes, Stack size 0 bytes, startup.o(.text))
<BR><BR>[Calls]<UL><LI><a href="#[5]">&gt;&gt;</a>&nbsp;&nbsp;&nbsp;UsageFault_Handler
</UL>
<BR>[Called By]<UL><LI><a href="#[5]">&gt;&gt;</a>&nbsp;&nbsp;&nbsp;UsageFault_Handler
</UL>
<BR>[Address Reference Count : 1]<UL><LI> startup.o(RESET)
</UL>
<P><STRONG><a name="[6]"></a>SVC_Handler</STRONG> (Thumb, 2 bytes, Stack size 0 bytes, startup.o(.text))
<BR><BR>[Calls]<UL><LI><a href="#[6]">&gt;&gt;</a>&nbsp;&nbsp;&nbsp;SVC_Handler
</UL>
<BR>[Called By]<UL><LI><a href="#[6]">&gt;&gt;</a>&nbsp;&nbsp;&nbsp;SVC_Handler
</UL>
<BR>[Address Reference Count : 1]<UL><LI> startup.o(RESET)
</UL>
<P><STRONG><a name="[7]"></a>DebugMon_Handler</STRONG> (Thumb, 2 bytes, Stack size 0 bytes, startup.o(.text))
<BR><BR>[Calls]<UL><LI><a href="#[7]">&gt;&gt;</a>&nbsp;&nbsp;&nbsp;DebugMon_Handler
</UL>
<BR>[Called By]<UL><LI><a href="#[7]">&gt;&gt;</a>&nbsp;&nbsp;&nbsp;DebugMon_Handler
</UL>
<BR>[Address Reference Count : 1]<UL><LI> startup.o(RESET)
</UL>
<P><STRONG><a name="[8]"></a>PendSV_Handler</STRONG> (Thumb, 2 bytes, Stack size 0 bytes, startup.o(.text))
<BR><BR>[Calls]<UL><LI><a href="#[8]">&gt;&gt;</a>&nbsp;&nbsp;&nbsp;PendSV_Handler
</UL>
<BR>[Called By]<UL><LI><a href="#[8]">&gt;&gt;</a>&nbsp;&nbsp;&nbsp;PendSV_Handler
</UL>
<BR>[Address Reference Count : 1]<UL><LI> startup.o(RESET)
</UL>
<P><STRONG><a name="[9]"></a>SysTick_Handler</STRONG> (Thumb, 2 bytes, Stack size 0 bytes, startup.o(.text))
<BR><BR>[Calls]<UL><LI><a href="#[9]">&gt;&gt;</a>&nbsp;&nbsp;&nbsp;SysTick_Handler
</UL>
<BR>[Called By]<UL><LI><a href="#[9]">&gt;&gt;</a>&nbsp;&nbsp;&nbsp;SysTick_Handler
</UL>
<BR>[Address Reference Count : 1]<UL><LI> startup.o(RESET)
</UL>
<P><STRONG><a name="[11]"></a>ADC_IRQHandler</STRONG> (Thumb, 0 bytes, Stack size 0 bytes, startup.o(.text))
<BR><BR>[Calls]<UL><LI><a href="#[11]">&gt;&gt;</a>&nbsp;&nbsp;&nbsp;ADC_IRQHandler
</UL>
<BR>[Called By]<UL><LI><a href="#[11]">&gt;&gt;</a>&nbsp;&nbsp;&nbsp;ADC_IRQHandler
</UL>
<BR>[Address Reference Count : 1]<UL><LI> startup.o(RESET)
</UL>
<P><STRONG><a name="[23]"></a>CALIB_IRQHandler</STRONG> (Thumb, 0 bytes, Stack size 0 bytes, startup.o(.text))
<BR>[Address Reference Count : 1]<UL><LI> startup.o(RESET)
</UL>
<P><STRONG><a name="[b]"></a>COMPARATOR0_IRQHandler</STRONG> (Thumb, 0 bytes, Stack size 0 bytes, startup.o(.text))
<BR>[Address Reference Count : 1]<UL><LI> startup.o(RESET)
</UL>
<P><STRONG><a name="[c]"></a>COMPARATOR1_IRQHandler</STRONG> (Thumb, 0 bytes, Stack size 0 bytes, startup.o(.text))
<BR>[Address Reference Count : 1]<UL><LI> startup.o(RESET)
</UL>
<P><STRONG><a name="[12]"></a>DMA_IRQHandler</STRONG> (Thumb, 0 bytes, Stack size 0 bytes, startup.o(.text))
<BR>[Address Reference Count : 1]<UL><LI> startup.o(RESET)
</UL>
<P><STRONG><a name="[1b]"></a>I2C_IRQHandler</STRONG> (Thumb, 0 bytes, Stack size 0 bytes, startup.o(.text))
<BR>[Address Reference Count : 1]<UL><LI> startup.o(RESET)
</UL>
<P><STRONG><a name="[21]"></a>PWM0_IRQHandler</STRONG> (Thumb, 0 bytes, Stack size 0 bytes, startup.o(.text))
<BR>[Address Reference Count : 1]<UL><LI> startup.o(RESET)
</UL>
<P><STRONG><a name="[22]"></a>PWM1_IRQHandler</STRONG> (Thumb, 0 bytes, Stack size 0 bytes, startup.o(.text))
<BR>[Address Reference Count : 1]<UL><LI> startup.o(RESET)
</UL>
<P><STRONG><a name="[e]"></a>RTC_CAP_IRQHandler</STRONG> (Thumb, 0 bytes, Stack size 0 bytes, startup.o(.text))
<BR>[Address Reference Count : 1]<UL><LI> startup.o(RESET)
</UL>
<P><STRONG><a name="[10]"></a>RTC_IRQHandler</STRONG> (Thumb, 0 bytes, Stack size 0 bytes, startup.o(.text))
<BR>[Address Reference Count : 1]<UL><LI> startup.o(RESET)
</UL>
<P><STRONG><a name="[16]"></a>SPI0_RX_IRQHandler</STRONG> (Thumb, 0 bytes, Stack size 0 bytes, startup.o(.text))
<BR>[Address Reference Count : 1]<UL><LI> startup.o(RESET)
</UL>
<P><STRONG><a name="[15]"></a>SPI0_TX_IRQHandler</STRONG> (Thumb, 0 bytes, Stack size 0 bytes, startup.o(.text))
<BR>[Address Reference Count : 1]<UL><LI> startup.o(RESET)
</UL>
<P><STRONG><a name="[1a]"></a>SPI1_RX_IRQHandler</STRONG> (Thumb, 0 bytes, Stack size 0 bytes, startup.o(.text))
<BR>[Address Reference Count : 1]<UL><LI> startup.o(RESET)
</UL>
<P><STRONG><a name="[19]"></a>SPI1_TX_IRQHandler</STRONG> (Thumb, 0 bytes, Stack size 0 bytes, startup.o(.text))
<BR>[Address Reference Count : 1]<UL><LI> startup.o(RESET)
</UL>
<P><STRONG><a name="[24]"></a>TUNER_RX_IRQHandler</STRONG> (Thumb, 0 bytes, Stack size 0 bytes, startup.o(.text))
<BR>[Address Reference Count : 1]<UL><LI> startup.o(RESET)
</UL>
<P><STRONG><a name="[26]"></a>TUNER_SETTING_IRQHandler</STRONG> (Thumb, 0 bytes, Stack size 0 bytes, startup.o(.text))
<BR>[Address Reference Count : 1]<UL><LI> startup.o(RESET)
</UL>
<P><STRONG><a name="[25]"></a>TUNER_TX_IRQHandler</STRONG> (Thumb, 0 bytes, Stack size 0 bytes, startup.o(.text))
<BR>[Address Reference Count : 1]<UL><LI> startup.o(RESET)
</UL>
<P><STRONG><a name="[18]"></a>UART1_RX_IRQHandler</STRONG> (Thumb, 0 bytes, Stack size 0 bytes, startup.o(.text))
<BR>[Address Reference Count : 1]<UL><LI> startup.o(RESET)
</UL>
<P><STRONG><a name="[17]"></a>UART1_TX_IRQHandler</STRONG> (Thumb, 0 bytes, Stack size 0 bytes, startup.o(.text))
<BR>[Address Reference Count : 1]<UL><LI> startup.o(RESET)
</UL>
<P><STRONG><a name="[78]"></a>__rd_ble_reg</STRONG> (Thumb, 4 bytes, Stack size 0 bytes, math.o(.text))
<BR><BR>[Called By]<UL><LI><a href="#[d8]">&gt;&gt;</a>&nbsp;&nbsp;&nbsp;check_ble_wakeup
<LI><a href="#[f2]">&gt;&gt;</a>&nbsp;&nbsp;&nbsp;ke_time
<LI><a href="#[ce]">&gt;&gt;</a>&nbsp;&nbsp;&nbsp;fw_ble_sleep
<LI><a href="#[d]">&gt;&gt;</a>&nbsp;&nbsp;&nbsp;BLE_IRQHandler
</UL>

<P><STRONG><a name="[79]"></a>__wr_ble_reg</STRONG> (Thumb, 4 bytes, Stack size 0 bytes, math.o(.text))
<BR><BR>[Called By]<UL><LI><a href="#[ca]">&gt;&gt;</a>&nbsp;&nbsp;&nbsp;ble_init
<LI><a href="#[f2]">&gt;&gt;</a>&nbsp;&nbsp;&nbsp;ke_time
<LI><a href="#[ce]">&gt;&gt;</a>&nbsp;&nbsp;&nbsp;fw_ble_sleep
<LI><a href="#[d]">&gt;&gt;</a>&nbsp;&nbsp;&nbsp;BLE_IRQHandler
</UL>

<P><STRONG><a name="[f6]"></a>__aeabi_lmul</STRONG> (Thumb, 166 bytes, Stack size 0 bytes, math.o(.text))
<BR><BR>[Called By]<UL><LI><a href="#[33]">&gt;&gt;</a>&nbsp;&nbsp;&nbsp;lld_sleep_lpcycles_2_us
</UL>

<P><STRONG><a name="[8e]"></a>__aeabi_uldivmod</STRONG> (Thumb, 256 bytes, Stack size 0 bytes, math.o(.text))
<BR><BR>[Called By]<UL><LI><a href="#[8b]">&gt;&gt;</a>&nbsp;&nbsp;&nbsp;_printf_core
<LI><a href="#[ea]">&gt;&gt;</a>&nbsp;&nbsp;&nbsp;rwble_slot_2_lpcycles
</UL>

<P><STRONG><a name="[114]"></a>__aeabi_uidiv</STRONG> (Thumb, 0 bytes, Stack size 12 bytes, uidiv.o(.text), UNUSED)

<P><STRONG><a name="[b5]"></a>__aeabi_uidivmod</STRONG> (Thumb, 44 bytes, Stack size 12 bytes, uidiv.o(.text))
<BR><BR>[Stack]<UL><LI>Max Depth = 12<LI>Call Chain = __aeabi_uidivmod
</UL>
<BR>[Called By]<UL><LI><a href="#[b4]">&gt;&gt;</a>&nbsp;&nbsp;&nbsp;app_i_to_array
<LI><a href="#[83]">&gt;&gt;</a>&nbsp;&nbsp;&nbsp;syscon_set_usart_clk
<LI><a href="#[82]">&gt;&gt;</a>&nbsp;&nbsp;&nbsp;syscon_set_timer_clk
<LI><a href="#[80]">&gt;&gt;</a>&nbsp;&nbsp;&nbsp;syscon_set_ble_clk
<LI><a href="#[81]">&gt;&gt;</a>&nbsp;&nbsp;&nbsp;syscon_set_apb_clk
<LI><a href="#[7f]">&gt;&gt;</a>&nbsp;&nbsp;&nbsp;syscon_set_ahb_clk
</UL>

<P><STRONG><a name="[115]"></a>rand</STRONG> (Thumb, 18 bytes, Stack size 0 bytes, rand.o(.text), UNUSED)

<P><STRONG><a name="[101]"></a>srand</STRONG> (Thumb, 6 bytes, Stack size 0 bytes, rand.o(.text))
<BR><BR>[Called By]<UL><LI><a href="#[f7]">&gt;&gt;</a>&nbsp;&nbsp;&nbsp;plf_init
</UL>

<P><STRONG><a name="[90]"></a>__aeabi_memcpy</STRONG> (Thumb, 36 bytes, Stack size 0 bytes, memcpya.o(.text))
<BR><BR>[Called By]<UL><LI><a href="#[b8]">&gt;&gt;</a>&nbsp;&nbsp;&nbsp;app_smp_init
<LI><a href="#[bb]">&gt;&gt;</a>&nbsp;&nbsp;&nbsp;app_smpm_set_key_req
<LI><a href="#[aa]">&gt;&gt;</a>&nbsp;&nbsp;&nbsp;app_set_link_status_by_conhdl
<LI><a href="#[ad]">&gt;&gt;</a>&nbsp;&nbsp;&nbsp;app_init_local_smp_key
<LI><a href="#[a9]">&gt;&gt;</a>&nbsp;&nbsp;&nbsp;app_get_bd_addr_by_conhdl
<LI><a href="#[8f]">&gt;&gt;</a>&nbsp;&nbsp;&nbsp;app_add_bonded_dev
<LI><a href="#[ac]">&gt;&gt;</a>&nbsp;&nbsp;&nbsp;app_gap_param_update_req
<LI><a href="#[95]">&gt;&gt;</a>&nbsp;&nbsp;&nbsp;app_blps_pressure_send_req
<LI><a href="#[9c]">&gt;&gt;</a>&nbsp;&nbsp;&nbsp;app_gap_adv_start_req
<LI><a href="#[a0]">&gt;&gt;</a>&nbsp;&nbsp;&nbsp;app_set_char_val_req
<LI><a href="#[c6]">&gt;&gt;</a>&nbsp;&nbsp;&nbsp;app_smpc_tk_req_rsp
<LI><a href="#[c5]">&gt;&gt;</a>&nbsp;&nbsp;&nbsp;app_smpc_ltk_req_rsp
<LI><a href="#[c3]">&gt;&gt;</a>&nbsp;&nbsp;&nbsp;app_smpc_irk_req_rsp
<LI><a href="#[c0]">&gt;&gt;</a>&nbsp;&nbsp;&nbsp;app_smpc_chk_bd_addr_req_rsp
<LI><a href="#[54]">&gt;&gt;</a>&nbsp;&nbsp;&nbsp;app_smpc_ltk_req_ind_handler
<LI><a href="#[52]">&gt;&gt;</a>&nbsp;&nbsp;&nbsp;app_smpc_key_ind_handler
<LI><a href="#[55]">&gt;&gt;</a>&nbsp;&nbsp;&nbsp;app_smpc_irk_req_ind_handler
<LI><a href="#[38]">&gt;&gt;</a>&nbsp;&nbsp;&nbsp;gatt_write_char_req_handler_patch
<LI><a href="#[2b]">&gt;&gt;</a>&nbsp;&nbsp;&nbsp;l2cc_data_packet_ind_handler_patch
</UL>

<P><STRONG><a name="[bf]"></a>__aeabi_memcpy4</STRONG> (Thumb, 0 bytes, Stack size 0 bytes, memcpya.o(.text))
<BR><BR>[Called By]<UL><LI><a href="#[b8]">&gt;&gt;</a>&nbsp;&nbsp;&nbsp;app_smp_init
<LI><a href="#[ca]">&gt;&gt;</a>&nbsp;&nbsp;&nbsp;ble_init
<LI><a href="#[cb]">&gt;&gt;</a>&nbsp;&nbsp;&nbsp;task_gatt_desc_register
</UL>

<P><STRONG><a name="[116]"></a>__aeabi_memcpy8</STRONG> (Thumb, 0 bytes, Stack size 0 bytes, memcpya.o(.text), UNUSED)

<P><STRONG><a name="[6f]"></a>__aeabi_memset</STRONG> (Thumb, 14 bytes, Stack size 0 bytes, memseta.o(.text))
<BR><BR>[Called By]<UL><LI><a href="#[70]">&gt;&gt;</a>&nbsp;&nbsp;&nbsp;_memset$wrapper
<LI><a href="#[6e]">&gt;&gt;</a>&nbsp;&nbsp;&nbsp;__aeabi_memclr
</UL>

<P><STRONG><a name="[117]"></a>__aeabi_memset4</STRONG> (Thumb, 0 bytes, Stack size 0 bytes, memseta.o(.text), UNUSED)

<P><STRONG><a name="[118]"></a>__aeabi_memset8</STRONG> (Thumb, 0 bytes, Stack size 0 bytes, memseta.o(.text), UNUSED)

<P><STRONG><a name="[6e]"></a>__aeabi_memclr</STRONG> (Thumb, 4 bytes, Stack size 0 bytes, memseta.o(.text))
<BR><BR>[Calls]<UL><LI><a href="#[6f]">&gt;&gt;</a>&nbsp;&nbsp;&nbsp;__aeabi_memset
</UL>
<BR>[Called By]<UL><LI><a href="#[d2]">&gt;&gt;</a>&nbsp;&nbsp;&nbsp;blps_pack_meas_value
<LI><a href="#[dd]">&gt;&gt;</a>&nbsp;&nbsp;&nbsp;diss_init
<LI><a href="#[d0]">&gt;&gt;</a>&nbsp;&nbsp;&nbsp;blps_init
</UL>

<P><STRONG><a name="[b7]"></a>__aeabi_memclr4</STRONG> (Thumb, 0 bytes, Stack size 0 bytes, memseta.o(.text))
<BR><BR>[Called By]<UL><LI><a href="#[aa]">&gt;&gt;</a>&nbsp;&nbsp;&nbsp;app_set_link_status_by_conhdl
<LI><a href="#[b6]">&gt;&gt;</a>&nbsp;&nbsp;&nbsp;app_init
</UL>

<P><STRONG><a name="[119]"></a>__aeabi_memclr8</STRONG> (Thumb, 0 bytes, Stack size 0 bytes, memseta.o(.text), UNUSED)

<P><STRONG><a name="[70]"></a>_memset$wrapper</STRONG> (Thumb, 18 bytes, Stack size 8 bytes, memseta.o(.text), UNUSED)
<BR><BR>[Calls]<UL><LI><a href="#[6f]">&gt;&gt;</a>&nbsp;&nbsp;&nbsp;__aeabi_memset
</UL>

<P><STRONG><a name="[fe]"></a>memcmp</STRONG> (Thumb, 26 bytes, Stack size 12 bytes, memcmp.o(.text))
<BR><BR>[Stack]<UL><LI>Max Depth = 12<LI>Call Chain = memcmp
</UL>
<BR>[Called By]<UL><LI><a href="#[fd]">&gt;&gt;</a>&nbsp;&nbsp;&nbsp;nvds_restore_backup
</UL>

<P><STRONG><a name="[be]"></a>strcpy</STRONG> (Thumb, 18 bytes, Stack size 0 bytes, strcpy.o(.text))
<BR><BR>[Called By]<UL><LI><a href="#[9b]">&gt;&gt;</a>&nbsp;&nbsp;&nbsp;app_set_adv_data
</UL>

<P><STRONG><a name="[71]"></a>atoi</STRONG> (Thumb, 26 bytes, Stack size 16 bytes, atoi.o(.text))
<BR><BR>[Stack]<UL><LI>Max Depth = 88<LI>Call Chain = atoi &rArr; strtol &rArr; _strtoul
</UL>
<BR>[Calls]<UL><LI><a href="#[73]">&gt;&gt;</a>&nbsp;&nbsp;&nbsp;strtol
<LI><a href="#[72]">&gt;&gt;</a>&nbsp;&nbsp;&nbsp;__aeabi_errno_addr
</UL>
<BR>[Called By]<UL><LI><a href="#[53]">&gt;&gt;</a>&nbsp;&nbsp;&nbsp;app_smpc_tk_req_ind_handler
</UL>

<P><STRONG><a name="[73]"></a>strtol</STRONG> (Thumb, 108 bytes, Stack size 32 bytes, strtol.o(.text))
<BR><BR>[Stack]<UL><LI>Max Depth = 72<LI>Call Chain = strtol &rArr; _strtoul
</UL>
<BR>[Calls]<UL><LI><a href="#[72]">&gt;&gt;</a>&nbsp;&nbsp;&nbsp;__aeabi_errno_addr
<LI><a href="#[75]">&gt;&gt;</a>&nbsp;&nbsp;&nbsp;_strtoul
<LI><a href="#[74]">&gt;&gt;</a>&nbsp;&nbsp;&nbsp;__rt_ctype_table
</UL>
<BR>[Called By]<UL><LI><a href="#[71]">&gt;&gt;</a>&nbsp;&nbsp;&nbsp;atoi
</UL>

<P><STRONG><a name="[6d]"></a>__scatterload</STRONG> (Thumb, 28 bytes, Stack size 0 bytes, init.o(.text))
<BR><BR>[Calls]<UL><LI><a href="#[76]">&gt;&gt;</a>&nbsp;&nbsp;&nbsp;__main_after_scatterload
</UL>
<BR>[Called By]<UL><LI><a href="#[6c]">&gt;&gt;</a>&nbsp;&nbsp;&nbsp;_main_scatterload
</UL>

<P><STRONG><a name="[11a]"></a>__scatterload_rt2</STRONG> (Thumb, 0 bytes, Stack size 0 bytes, init.o(.text), UNUSED)

<P><STRONG><a name="[74]"></a>__rt_ctype_table</STRONG> (Thumb, 4 bytes, Stack size 0 bytes, ctype_o.o(.text))
<BR><BR>[Called By]<UL><LI><a href="#[73]">&gt;&gt;</a>&nbsp;&nbsp;&nbsp;strtol
</UL>

<P><STRONG><a name="[75]"></a>_strtoul</STRONG> (Thumb, 166 bytes, Stack size 40 bytes, _strtoul.o(.text))
<BR><BR>[Stack]<UL><LI>Max Depth = 40<LI>Call Chain = _strtoul
</UL>
<BR>[Calls]<UL><LI><a href="#[72]">&gt;&gt;</a>&nbsp;&nbsp;&nbsp;__aeabi_errno_addr
<LI><a href="#[77]">&gt;&gt;</a>&nbsp;&nbsp;&nbsp;_chval
</UL>
<BR>[Called By]<UL><LI><a href="#[73]">&gt;&gt;</a>&nbsp;&nbsp;&nbsp;strtol
</UL>

<P><STRONG><a name="[77]"></a>_chval</STRONG> (Thumb, 30 bytes, Stack size 0 bytes, _chval.o(.text))
<BR><BR>[Called By]<UL><LI><a href="#[75]">&gt;&gt;</a>&nbsp;&nbsp;&nbsp;_strtoul
</UL>

<P><STRONG><a name="[d]"></a>BLE_IRQHandler</STRONG> (Thumb, 150 bytes, Stack size 16 bytes, lib.o(i.BLE_IRQHandler))
<BR><BR>[Stack]<UL><LI>Max Depth = 24<LI>Call Chain = BLE_IRQHandler &rArr; default_exit_sleep_cb
</UL>
<BR>[Calls]<UL><LI><a href="#[35]">&gt;&gt;</a>&nbsp;&nbsp;&nbsp;default_exit_sleep_cb
<LI><a href="#[79]">&gt;&gt;</a>&nbsp;&nbsp;&nbsp;__wr_ble_reg
<LI><a href="#[78]">&gt;&gt;</a>&nbsp;&nbsp;&nbsp;__rd_ble_reg
</UL>
<BR>[Address Reference Count : 1]<UL><LI> startup.o(RESET)
</UL>
<P><STRONG><a name="[a]"></a>GPIO_IRQHandler</STRONG> (Thumb, 36 bytes, Stack size 24 bytes, gpio.o(i.GPIO_IRQHandler))
<BR><BR>[Stack]<UL><LI>Max Depth = 24<LI>Call Chain = GPIO_IRQHandler
</UL>
<BR>[Address Reference Count : 1]<UL><LI> startup.o(RESET)
</UL>
<P><STRONG><a name="[f]"></a>OSC_EN_IRQHandler</STRONG> (Thumb, 12 bytes, Stack size 0 bytes, sleep.o(i.OSC_EN_IRQHandler))
<BR>[Address Reference Count : 1]<UL><LI> startup.o(RESET)
</UL>
<P><STRONG><a name="[7a]"></a>SystemInit</STRONG> (Thumb, 220 bytes, Stack size 24 bytes, system.o(i.SystemInit))
<BR><BR>[Stack]<UL><LI>Max Depth = 52<LI>Call Chain = SystemInit &rArr; syscon_set_usart_clk &rArr; __aeabi_uidivmod
</UL>
<BR>[Calls]<UL><LI><a href="#[87]">&gt;&gt;</a>&nbsp;&nbsp;&nbsp;uart_init
<LI><a href="#[83]">&gt;&gt;</a>&nbsp;&nbsp;&nbsp;syscon_set_usart_clk
<LI><a href="#[82]">&gt;&gt;</a>&nbsp;&nbsp;&nbsp;syscon_set_timer_clk
<LI><a href="#[7e]">&gt;&gt;</a>&nbsp;&nbsp;&nbsp;syscon_set_sysclk_src
<LI><a href="#[80]">&gt;&gt;</a>&nbsp;&nbsp;&nbsp;syscon_set_ble_clk
<LI><a href="#[81]">&gt;&gt;</a>&nbsp;&nbsp;&nbsp;syscon_set_apb_clk
<LI><a href="#[7f]">&gt;&gt;</a>&nbsp;&nbsp;&nbsp;syscon_set_ahb_clk
<LI><a href="#[85]">&gt;&gt;</a>&nbsp;&nbsp;&nbsp;led_init
<LI><a href="#[84]">&gt;&gt;</a>&nbsp;&nbsp;&nbsp;gpio_init
<LI><a href="#[86]">&gt;&gt;</a>&nbsp;&nbsp;&nbsp;button_init
<LI><a href="#[7c]">&gt;&gt;</a>&nbsp;&nbsp;&nbsp;uart_clock_off
<LI><a href="#[7b]">&gt;&gt;</a>&nbsp;&nbsp;&nbsp;timer_clock_off
<LI><a href="#[7d]">&gt;&gt;</a>&nbsp;&nbsp;&nbsp;spi_clock_off
</UL>
<BR>[Called By]<UL><LI><a href="#[27]">&gt;&gt;</a>&nbsp;&nbsp;&nbsp;main
</UL>

<P><STRONG><a name="[1c]"></a>TIMER0_IRQHandler</STRONG> (Thumb, 44 bytes, Stack size 0 bytes, timer.o(i.TIMER0_IRQHandler))
<BR>[Address Reference Count : 1]<UL><LI> startup.o(RESET)
</UL>
<P><STRONG><a name="[1d]"></a>TIMER1_IRQHandler</STRONG> (Thumb, 44 bytes, Stack size 0 bytes, timer.o(i.TIMER1_IRQHandler))
<BR>[Address Reference Count : 1]<UL><LI> startup.o(RESET)
</UL>
<P><STRONG><a name="[1e]"></a>TIMER2_IRQHandler</STRONG> (Thumb, 44 bytes, Stack size 0 bytes, timer.o(i.TIMER2_IRQHandler))
<BR>[Address Reference Count : 1]<UL><LI> startup.o(RESET)
</UL>
<P><STRONG><a name="[1f]"></a>TIMER3_IRQHandler</STRONG> (Thumb, 44 bytes, Stack size 0 bytes, timer.o(i.TIMER3_IRQHandler))
<BR>[Address Reference Count : 1]<UL><LI> startup.o(RESET)
</UL>
<P><STRONG><a name="[14]"></a>UART0_RX_IRQHandler</STRONG> (Thumb, 90 bytes, Stack size 0 bytes, uart.o(i.UART0_RX_IRQHandler))
<BR>[Address Reference Count : 1]<UL><LI> startup.o(RESET)
</UL>
<P><STRONG><a name="[13]"></a>UART0_TX_IRQHandler</STRONG> (Thumb, 52 bytes, Stack size 8 bytes, uart.o(i.UART0_TX_IRQHandler))
<BR><BR>[Stack]<UL><LI>Max Depth = 16<LI>Call Chain = UART0_TX_IRQHandler &rArr; uart_tx_int_enable
</UL>
<BR>[Calls]<UL><LI><a href="#[88]">&gt;&gt;</a>&nbsp;&nbsp;&nbsp;uart_tx_int_enable
</UL>
<BR>[Address Reference Count : 1]<UL><LI> startup.o(RESET)
</UL>
<P><STRONG><a name="[e9]"></a>UartPutc</STRONG> (Thumb, 18 bytes, Stack size 0 bytes, uart.o(i.UartPutc))
<BR><BR>[Called By]<UL><LI><a href="#[2a]">&gt;&gt;</a>&nbsp;&nbsp;&nbsp;fputc
</UL>

<P><STRONG><a name="[20]"></a>WDT_IRQHandler</STRONG> (Thumb, 18 bytes, Stack size 4 bytes, wdt.o(i.WDT_IRQHandler))
<BR><BR>[Stack]<UL><LI>Max Depth = 4<LI>Call Chain = WDT_IRQHandler
</UL>
<BR>[Calls]<UL><LI><a href="#[89]">&gt;&gt;</a>&nbsp;&nbsp;&nbsp;wdt_irq_clear
</UL>
<BR>[Address Reference Count : 1]<UL><LI> startup.o(RESET)
</UL>
<P><STRONG><a name="[8a]"></a>__0printf$8</STRONG> (Thumb, 24 bytes, Stack size 24 bytes, printf8.o(i.__0printf$8), UNUSED)
<BR><BR>[Calls]<UL><LI><a href="#[8b]">&gt;&gt;</a>&nbsp;&nbsp;&nbsp;_printf_core
</UL>

<P><STRONG><a name="[11b]"></a>__1printf$8</STRONG> (Thumb, 0 bytes, Stack size 24 bytes, printf8.o(i.__0printf$8), UNUSED)

<P><STRONG><a name="[92]"></a>__2printf</STRONG> (Thumb, 0 bytes, Stack size 24 bytes, printf8.o(i.__0printf$8))
<BR><BR>[Stack]<UL><LI>Max Depth = 24<LI>Call Chain = __2printf
</UL>
<BR>[Called By]<UL><LI><a href="#[97]">&gt;&gt;</a>&nbsp;&nbsp;&nbsp;assert_err
<LI><a href="#[53]">&gt;&gt;</a>&nbsp;&nbsp;&nbsp;app_smpc_tk_req_ind_handler
<LI><a href="#[58]">&gt;&gt;</a>&nbsp;&nbsp;&nbsp;app_smpc_timeout_evt_handler
<LI><a href="#[57]">&gt;&gt;</a>&nbsp;&nbsp;&nbsp;app_smpc_sec_started_ind_handler
<LI><a href="#[54]">&gt;&gt;</a>&nbsp;&nbsp;&nbsp;app_smpc_ltk_req_ind_handler
<LI><a href="#[52]">&gt;&gt;</a>&nbsp;&nbsp;&nbsp;app_smpc_key_ind_handler
<LI><a href="#[55]">&gt;&gt;</a>&nbsp;&nbsp;&nbsp;app_smpc_irk_req_ind_handler
<LI><a href="#[56]">&gt;&gt;</a>&nbsp;&nbsp;&nbsp;app_smpc_chk_bd_addr_req_ind_handler
<LI><a href="#[4f]">&gt;&gt;</a>&nbsp;&nbsp;&nbsp;app_gap_set_random_add_req_cmp_handler
<LI><a href="#[48]">&gt;&gt;</a>&nbsp;&nbsp;&nbsp;app_gap_set_privacy_req_cmp_handler
<LI><a href="#[4a]">&gt;&gt;</a>&nbsp;&nbsp;&nbsp;app_gap_set_mode_req_cmp_evt_handler
<LI><a href="#[45]">&gt;&gt;</a>&nbsp;&nbsp;&nbsp;app_gap_set_devname_req_cmp_evt_handler
<LI><a href="#[43]">&gt;&gt;</a>&nbsp;&nbsp;&nbsp;app_gap_read_bdaddr_req_cmp_evt_handler
<LI><a href="#[47]">&gt;&gt;</a>&nbsp;&nbsp;&nbsp;app_gap_param_update_resp_handler
<LI><a href="#[4b]">&gt;&gt;</a>&nbsp;&nbsp;&nbsp;app_gap_le_create_conn_req_cmp_evt_handler
<LI><a href="#[4c]">&gt;&gt;</a>&nbsp;&nbsp;&nbsp;app_gap_discon_cmp_evt_handler
<LI><a href="#[49]">&gt;&gt;</a>&nbsp;&nbsp;&nbsp;app_gap_change_param_req_cmp_handler
<LI><a href="#[4d]">&gt;&gt;</a>&nbsp;&nbsp;&nbsp;app_gap_bond_req_ind_handler
<LI><a href="#[4e]">&gt;&gt;</a>&nbsp;&nbsp;&nbsp;app_gap_bond_req_cmp_ind_handler
<LI><a href="#[46]">&gt;&gt;</a>&nbsp;&nbsp;&nbsp;app_gap_adv_req_cmp_evt_handler
<LI><a href="#[5a]">&gt;&gt;</a>&nbsp;&nbsp;&nbsp;app_blps_error_ind_handler
<LI><a href="#[5c]">&gt;&gt;</a>&nbsp;&nbsp;&nbsp;app_blps_cfg_indntf_ind_handler
</UL>

<P><STRONG><a name="[a6]"></a>__ARM_common_switch8</STRONG> (Thumb, 26 bytes, Stack size 8 bytes, app_gap_task.o(i.__ARM_common_switch8))
<BR><BR>[Stack]<UL><LI>Max Depth = 8<LI>Call Chain = __ARM_common_switch8
</UL>
<BR>[Called By]<UL><LI><a href="#[bc]">&gt;&gt;</a>&nbsp;&nbsp;&nbsp;led_get
<LI><a href="#[bd]">&gt;&gt;</a>&nbsp;&nbsp;&nbsp;led_set
<LI><a href="#[4e]">&gt;&gt;</a>&nbsp;&nbsp;&nbsp;app_gap_bond_req_cmp_ind_handler
</UL>

<P><STRONG><a name="[72]"></a>__aeabi_errno_addr</STRONG> (Thumb, 4 bytes, Stack size 0 bytes, errno.o(i.__aeabi_errno_addr))
<BR><BR>[Called By]<UL><LI><a href="#[73]">&gt;&gt;</a>&nbsp;&nbsp;&nbsp;strtol
<LI><a href="#[71]">&gt;&gt;</a>&nbsp;&nbsp;&nbsp;atoi
<LI><a href="#[75]">&gt;&gt;</a>&nbsp;&nbsp;&nbsp;_strtoul
</UL>

<P><STRONG><a name="[11c]"></a>__rt_errno_addr</STRONG> (Thumb, 0 bytes, Stack size 0 bytes, errno.o(i.__aeabi_errno_addr), UNUSED)

<P><STRONG><a name="[11d]"></a>__scatterload_copy</STRONG> (Thumb, 14 bytes, Stack size unknown bytes, handlers.o(i.__scatterload_copy), UNUSED)

<P><STRONG><a name="[11e]"></a>__scatterload_null</STRONG> (Thumb, 2 bytes, Stack size unknown bytes, handlers.o(i.__scatterload_null), UNUSED)

<P><STRONG><a name="[11f]"></a>__scatterload_zeroinit</STRONG> (Thumb, 14 bytes, Stack size unknown bytes, handlers.o(i.__scatterload_zeroinit), UNUSED)

<P><STRONG><a name="[8f]"></a>app_add_bonded_dev</STRONG> (Thumb, 32 bytes, Stack size 8 bytes, app_util.o(i.app_add_bonded_dev))
<BR><BR>[Stack]<UL><LI>Max Depth = 8<LI>Call Chain = app_add_bonded_dev
</UL>
<BR>[Calls]<UL><LI><a href="#[90]">&gt;&gt;</a>&nbsp;&nbsp;&nbsp;__aeabi_memcpy
</UL>
<BR>[Called By]<UL><LI><a href="#[4e]">&gt;&gt;</a>&nbsp;&nbsp;&nbsp;app_gap_bond_req_cmp_ind_handler
</UL>

<P><STRONG><a name="[5e]"></a>app_blps_blood_send_handler</STRONG> (Thumb, 64 bytes, Stack size 16 bytes, usr_design.o(i.app_blps_blood_send_handler))
<BR><BR>[Stack]<UL><LI>Max Depth = 64<LI>Call Chain = app_blps_blood_send_handler &rArr; app_blps_pressure_send &rArr; app_blps_pressure_send_req
</UL>
<BR>[Calls]<UL><LI><a href="#[91]">&gt;&gt;</a>&nbsp;&nbsp;&nbsp;app_blps_pressure_send
</UL>
<BR>[Address Reference Count : 1]<UL><LI> app_task.o(.constdata)
</UL>
<P><STRONG><a name="[5c]"></a>app_blps_cfg_indntf_ind_handler</STRONG> (Thumb, 78 bytes, Stack size 16 bytes, app_blps_task.o(i.app_blps_cfg_indntf_ind_handler))
<BR><BR>[Stack]<UL><LI>Max Depth = 88<LI>Call Chain = app_blps_cfg_indntf_ind_handler &rArr; app_task_msg_hdl &rArr; app_gap_adv_start_req
</UL>
<BR>[Calls]<UL><LI><a href="#[93]">&gt;&gt;</a>&nbsp;&nbsp;&nbsp;app_task_msg_hdl
<LI><a href="#[92]">&gt;&gt;</a>&nbsp;&nbsp;&nbsp;__2printf
</UL>
<BR>[Address Reference Count : 1]<UL><LI> app_task.o(.constdata)
</UL>
<P><STRONG><a name="[9e]"></a>app_blps_create_db</STRONG> (Thumb, 26 bytes, Stack size 16 bytes, app_blps.o(i.app_blps_create_db))
<BR><BR>[Stack]<UL><LI>Max Depth = 16<LI>Call Chain = app_blps_create_db
</UL>
<BR>[Called By]<UL><LI><a href="#[9d]">&gt;&gt;</a>&nbsp;&nbsp;&nbsp;app_create_server_service_DB
</UL>

<P><STRONG><a name="[5d]"></a>app_blps_create_db_cfm_handler</STRONG> (Thumb, 18 bytes, Stack size 8 bytes, app_blps_task.o(i.app_blps_create_db_cfm_handler))
<BR><BR>[Stack]<UL><LI>Max Depth = 8<LI>Call Chain = app_blps_create_db_cfm_handler
</UL>
<BR>[Calls]<UL><LI><a href="#[94]">&gt;&gt;</a>&nbsp;&nbsp;&nbsp;app_clear_local_service_flag
</UL>
<BR>[Address Reference Count : 1]<UL><LI> app_task.o(.constdata)
</UL>
<P><STRONG><a name="[59]"></a>app_blps_disable_ind_handler</STRONG> (Thumb, 20 bytes, Stack size 8 bytes, app_blps_task.o(i.app_blps_disable_ind_handler))
<BR><BR>[Stack]<UL><LI>Max Depth = 80<LI>Call Chain = app_blps_disable_ind_handler &rArr; app_task_msg_hdl &rArr; app_gap_adv_start_req
</UL>
<BR>[Calls]<UL><LI><a href="#[93]">&gt;&gt;</a>&nbsp;&nbsp;&nbsp;app_task_msg_hdl
</UL>
<BR>[Address Reference Count : 1]<UL><LI> app_task.o(.constdata)
</UL>
<P><STRONG><a name="[a2]"></a>app_blps_enable_req</STRONG> (Thumb, 50 bytes, Stack size 40 bytes, app_blps.o(i.app_blps_enable_req))
<BR><BR>[Stack]<UL><LI>Max Depth = 40<LI>Call Chain = app_blps_enable_req
</UL>
<BR>[Called By]<UL><LI><a href="#[a1]">&gt;&gt;</a>&nbsp;&nbsp;&nbsp;app_enable_server_service
</UL>

<P><STRONG><a name="[5a]"></a>app_blps_error_ind_handler</STRONG> (Thumb, 12 bytes, Stack size 8 bytes, app_blps_task.o(i.app_blps_error_ind_handler))
<BR><BR>[Stack]<UL><LI>Max Depth = 32<LI>Call Chain = app_blps_error_ind_handler &rArr; __2printf
</UL>
<BR>[Calls]<UL><LI><a href="#[92]">&gt;&gt;</a>&nbsp;&nbsp;&nbsp;__2printf
</UL>
<BR>[Address Reference Count : 1]<UL><LI> app_task.o(.constdata)
</UL>
<P><STRONG><a name="[5b]"></a>app_blps_meas_send_cfm_handler</STRONG> (Thumb, 18 bytes, Stack size 8 bytes, app_blps_task.o(i.app_blps_meas_send_cfm_handler))
<BR><BR>[Stack]<UL><LI>Max Depth = 80<LI>Call Chain = app_blps_meas_send_cfm_handler &rArr; app_task_msg_hdl &rArr; app_gap_adv_start_req
</UL>
<BR>[Calls]<UL><LI><a href="#[93]">&gt;&gt;</a>&nbsp;&nbsp;&nbsp;app_task_msg_hdl
</UL>
<BR>[Address Reference Count : 1]<UL><LI> app_task.o(.constdata)
</UL>
<P><STRONG><a name="[95]"></a>app_blps_pressure_send_req</STRONG> (Thumb, 46 bytes, Stack size 24 bytes, app_blps.o(i.app_blps_pressure_send_req))
<BR><BR>[Stack]<UL><LI>Max Depth = 24<LI>Call Chain = app_blps_pressure_send_req
</UL>
<BR>[Calls]<UL><LI><a href="#[90]">&gt;&gt;</a>&nbsp;&nbsp;&nbsp;__aeabi_memcpy
</UL>
<BR>[Called By]<UL><LI><a href="#[91]">&gt;&gt;</a>&nbsp;&nbsp;&nbsp;app_blps_pressure_send
</UL>

<P><STRONG><a name="[3f]"></a>app_button_timer_handler</STRONG> (Thumb, 122 bytes, Stack size 24 bytes, usr_design.o(i.app_button_timer_handler))
<BR><BR>[Stack]<UL><LI>Max Depth = 64<LI>Call Chain = app_button_timer_handler &rArr; app_gap_adv_start_req
</UL>
<BR>[Calls]<UL><LI><a href="#[96]">&gt;&gt;</a>&nbsp;&nbsp;&nbsp;gpio_read_pin
<LI><a href="#[98]">&gt;&gt;</a>&nbsp;&nbsp;&nbsp;app_gap_adv_stop_req
<LI><a href="#[9a]">&gt;&gt;</a>&nbsp;&nbsp;&nbsp;app_set_scan_rsp_data
<LI><a href="#[9b]">&gt;&gt;</a>&nbsp;&nbsp;&nbsp;app_set_adv_data
<LI><a href="#[99]">&gt;&gt;</a>&nbsp;&nbsp;&nbsp;app_get_local_service_flag
<LI><a href="#[9c]">&gt;&gt;</a>&nbsp;&nbsp;&nbsp;app_gap_adv_start_req
<LI><a href="#[97]">&gt;&gt;</a>&nbsp;&nbsp;&nbsp;assert_err
</UL>
<BR>[Address Reference Count : 1]<UL><LI> app_task.o(.constdata)
</UL>
<P><STRONG><a name="[94]"></a>app_clear_local_service_flag</STRONG> (Thumb, 10 bytes, Stack size 0 bytes, app_util.o(i.app_clear_local_service_flag))
<BR><BR>[Called By]<UL><LI><a href="#[5f]">&gt;&gt;</a>&nbsp;&nbsp;&nbsp;app_diss_create_db_cfm_handler
<LI><a href="#[5d]">&gt;&gt;</a>&nbsp;&nbsp;&nbsp;app_blps_create_db_cfm_handler
</UL>

<P><STRONG><a name="[9d]"></a>app_create_server_service_DB</STRONG> (Thumb, 24 bytes, Stack size 8 bytes, app_util.o(i.app_create_server_service_DB))
<BR><BR>[Stack]<UL><LI>Max Depth = 24<LI>Call Chain = app_create_server_service_DB &rArr; app_diss_create_db
</UL>
<BR>[Calls]<UL><LI><a href="#[9f]">&gt;&gt;</a>&nbsp;&nbsp;&nbsp;app_diss_create_db
<LI><a href="#[9e]">&gt;&gt;</a>&nbsp;&nbsp;&nbsp;app_blps_create_db
</UL>
<BR>[Called By]<UL><LI><a href="#[43]">&gt;&gt;</a>&nbsp;&nbsp;&nbsp;app_gap_read_bdaddr_req_cmp_evt_handler
</UL>

<P><STRONG><a name="[9f]"></a>app_diss_create_db</STRONG> (Thumb, 26 bytes, Stack size 16 bytes, app_diss.o(i.app_diss_create_db))
<BR><BR>[Stack]<UL><LI>Max Depth = 16<LI>Call Chain = app_diss_create_db
</UL>
<BR>[Called By]<UL><LI><a href="#[9d]">&gt;&gt;</a>&nbsp;&nbsp;&nbsp;app_create_server_service_DB
</UL>

<P><STRONG><a name="[5f]"></a>app_diss_create_db_cfm_handler</STRONG> (Thumb, 184 bytes, Stack size 8 bytes, app_diss_task.o(i.app_diss_create_db_cfm_handler))
<BR><BR>[Stack]<UL><LI>Max Depth = 32<LI>Call Chain = app_diss_create_db_cfm_handler &rArr; app_set_char_val_req
</UL>
<BR>[Calls]<UL><LI><a href="#[94]">&gt;&gt;</a>&nbsp;&nbsp;&nbsp;app_clear_local_service_flag
<LI><a href="#[a0]">&gt;&gt;</a>&nbsp;&nbsp;&nbsp;app_set_char_val_req
</UL>
<BR>[Address Reference Count : 1]<UL><LI> app_task.o(.constdata)
</UL>
<P><STRONG><a name="[a3]"></a>app_diss_enable_req</STRONG> (Thumb, 30 bytes, Stack size 16 bytes, app_diss.o(i.app_diss_enable_req))
<BR><BR>[Stack]<UL><LI>Max Depth = 16<LI>Call Chain = app_diss_enable_req
</UL>
<BR>[Called By]<UL><LI><a href="#[a1]">&gt;&gt;</a>&nbsp;&nbsp;&nbsp;app_enable_server_service
</UL>

<P><STRONG><a name="[60]"></a>app_diss_error_ind_handler</STRONG> (Thumb, 4 bytes, Stack size 0 bytes, app_diss_task.o(i.app_diss_error_ind_handler))
<BR>[Address Reference Count : 1]<UL><LI> app_task.o(.constdata)
</UL>
<P><STRONG><a name="[a1]"></a>app_enable_server_service</STRONG> (Thumb, 84 bytes, Stack size 32 bytes, app_util.o(i.app_enable_server_service))
<BR><BR>[Stack]<UL><LI>Max Depth = 72<LI>Call Chain = app_enable_server_service &rArr; app_blps_enable_req
</UL>
<BR>[Calls]<UL><LI><a href="#[a3]">&gt;&gt;</a>&nbsp;&nbsp;&nbsp;app_diss_enable_req
<LI><a href="#[a2]">&gt;&gt;</a>&nbsp;&nbsp;&nbsp;app_blps_enable_req
</UL>
<BR>[Called By]<UL><LI><a href="#[4b]">&gt;&gt;</a>&nbsp;&nbsp;&nbsp;app_gap_le_create_conn_req_cmp_evt_handler
<LI><a href="#[4c]">&gt;&gt;</a>&nbsp;&nbsp;&nbsp;app_gap_discon_cmp_evt_handler
</UL>

<P><STRONG><a name="[3b]"></a>app_event_button1_press_handler</STRONG> (Thumb, 36 bytes, Stack size 8 bytes, usr_design.o(i.app_event_button1_press_handler))
<BR><BR>[Stack]<UL><LI>Max Depth = 8<LI>Call Chain = app_event_button1_press_handler
</UL>
<BR>[Calls]<UL><LI><a href="#[a4]">&gt;&gt;</a>&nbsp;&nbsp;&nbsp;wakeup_32k_xtal_start_timer
</UL>
<BR>[Address Reference Count : 1]<UL><LI> usr_design.o(i.usr_init)
</UL>
<P><STRONG><a name="[b3]"></a>app_find_bonded_dev</STRONG> (Thumb, 50 bytes, Stack size 24 bytes, app_util.o(i.app_find_bonded_dev))
<BR><BR>[Stack]<UL><LI>Max Depth = 24<LI>Call Chain = app_find_bonded_dev
</UL>
<BR>[Called By]<UL><LI><a href="#[b2]">&gt;&gt;</a>&nbsp;&nbsp;&nbsp;app_get_lk_sec_status
<LI><a href="#[54]">&gt;&gt;</a>&nbsp;&nbsp;&nbsp;app_smpc_ltk_req_ind_handler
</UL>

<P><STRONG><a name="[3e]"></a>app_gap_adv_intv_update_timer_handler</STRONG> (Thumb, 64 bytes, Stack size 24 bytes, usr_design.o(i.app_gap_adv_intv_update_timer_handler))
<BR><BR>[Stack]<UL><LI>Max Depth = 64<LI>Call Chain = app_gap_adv_intv_update_timer_handler &rArr; app_gap_adv_start_req
</UL>
<BR>[Calls]<UL><LI><a href="#[a5]">&gt;&gt;</a>&nbsp;&nbsp;&nbsp;usr_led1_set
<LI><a href="#[9a]">&gt;&gt;</a>&nbsp;&nbsp;&nbsp;app_set_scan_rsp_data
<LI><a href="#[9b]">&gt;&gt;</a>&nbsp;&nbsp;&nbsp;app_set_adv_data
<LI><a href="#[99]">&gt;&gt;</a>&nbsp;&nbsp;&nbsp;app_get_local_service_flag
<LI><a href="#[9c]">&gt;&gt;</a>&nbsp;&nbsp;&nbsp;app_gap_adv_start_req
</UL>
<BR>[Address Reference Count : 1]<UL><LI> app_task.o(.constdata)
</UL>
<P><STRONG><a name="[46]"></a>app_gap_adv_req_cmp_evt_handler</STRONG> (Thumb, 34 bytes, Stack size 16 bytes, app_gap_task.o(i.app_gap_adv_req_cmp_evt_handler))
<BR><BR>[Stack]<UL><LI>Max Depth = 88<LI>Call Chain = app_gap_adv_req_cmp_evt_handler &rArr; app_task_msg_hdl &rArr; app_gap_adv_start_req
</UL>
<BR>[Calls]<UL><LI><a href="#[93]">&gt;&gt;</a>&nbsp;&nbsp;&nbsp;app_task_msg_hdl
<LI><a href="#[92]">&gt;&gt;</a>&nbsp;&nbsp;&nbsp;__2printf
</UL>
<BR>[Address Reference Count : 1]<UL><LI> app_task.o(.constdata)
</UL>
<P><STRONG><a name="[9c]"></a>app_gap_adv_start_req</STRONG> (Thumb, 128 bytes, Stack size 40 bytes, app_gap.o(i.app_gap_adv_start_req))
<BR><BR>[Stack]<UL><LI>Max Depth = 40<LI>Call Chain = app_gap_adv_start_req
</UL>
<BR>[Calls]<UL><LI><a href="#[90]">&gt;&gt;</a>&nbsp;&nbsp;&nbsp;__aeabi_memcpy
</UL>
<BR>[Called By]<UL><LI><a href="#[93]">&gt;&gt;</a>&nbsp;&nbsp;&nbsp;app_task_msg_hdl
<LI><a href="#[3e]">&gt;&gt;</a>&nbsp;&nbsp;&nbsp;app_gap_adv_intv_update_timer_handler
<LI><a href="#[3f]">&gt;&gt;</a>&nbsp;&nbsp;&nbsp;app_button_timer_handler
<LI><a href="#[27]">&gt;&gt;</a>&nbsp;&nbsp;&nbsp;main
</UL>

<P><STRONG><a name="[98]"></a>app_gap_adv_stop_req</STRONG> (Thumb, 26 bytes, Stack size 8 bytes, app_gap.o(i.app_gap_adv_stop_req))
<BR><BR>[Stack]<UL><LI>Max Depth = 8<LI>Call Chain = app_gap_adv_stop_req
</UL>
<BR>[Called By]<UL><LI><a href="#[3f]">&gt;&gt;</a>&nbsp;&nbsp;&nbsp;app_button_timer_handler
</UL>

<P><STRONG><a name="[4e]"></a>app_gap_bond_req_cmp_ind_handler</STRONG> (Thumb, 110 bytes, Stack size 16 bytes, app_gap_task.o(i.app_gap_bond_req_cmp_ind_handler))
<BR><BR>[Stack]<UL><LI>Max Depth = 88<LI>Call Chain = app_gap_bond_req_cmp_ind_handler &rArr; app_task_msg_hdl &rArr; app_gap_adv_start_req
</UL>
<BR>[Calls]<UL><LI><a href="#[8f]">&gt;&gt;</a>&nbsp;&nbsp;&nbsp;app_add_bonded_dev
<LI><a href="#[93]">&gt;&gt;</a>&nbsp;&nbsp;&nbsp;app_task_msg_hdl
<LI><a href="#[a6]">&gt;&gt;</a>&nbsp;&nbsp;&nbsp;__ARM_common_switch8
<LI><a href="#[92]">&gt;&gt;</a>&nbsp;&nbsp;&nbsp;__2printf
</UL>
<BR>[Address Reference Count : 1]<UL><LI> app_task.o(.constdata)
</UL>
<P><STRONG><a name="[4d]"></a>app_gap_bond_req_ind_handler</STRONG> (Thumb, 82 bytes, Stack size 32 bytes, app_gap_task.o(i.app_gap_bond_req_ind_handler))
<BR><BR>[Stack]<UL><LI>Max Depth = 56<LI>Call Chain = app_gap_bond_req_ind_handler &rArr; app_gap_bond_resp
</UL>
<BR>[Calls]<UL><LI><a href="#[a7]">&gt;&gt;</a>&nbsp;&nbsp;&nbsp;app_get_conhdl_by_idx
<LI><a href="#[a8]">&gt;&gt;</a>&nbsp;&nbsp;&nbsp;app_gap_bond_resp
<LI><a href="#[92]">&gt;&gt;</a>&nbsp;&nbsp;&nbsp;__2printf
</UL>
<BR>[Address Reference Count : 1]<UL><LI> app_task.o(.constdata)
</UL>
<P><STRONG><a name="[a8]"></a>app_gap_bond_resp</STRONG> (Thumb, 52 bytes, Stack size 24 bytes, app_gap.o(i.app_gap_bond_resp))
<BR><BR>[Stack]<UL><LI>Max Depth = 24<LI>Call Chain = app_gap_bond_resp
</UL>
<BR>[Called By]<UL><LI><a href="#[4d]">&gt;&gt;</a>&nbsp;&nbsp;&nbsp;app_gap_bond_req_ind_handler
</UL>

<P><STRONG><a name="[49]"></a>app_gap_change_param_req_cmp_handler</STRONG> (Thumb, 44 bytes, Stack size 16 bytes, app_gap_task.o(i.app_gap_change_param_req_cmp_handler))
<BR><BR>[Stack]<UL><LI>Max Depth = 88<LI>Call Chain = app_gap_change_param_req_cmp_handler &rArr; app_task_msg_hdl &rArr; app_gap_adv_start_req
</UL>
<BR>[Calls]<UL><LI><a href="#[93]">&gt;&gt;</a>&nbsp;&nbsp;&nbsp;app_task_msg_hdl
<LI><a href="#[92]">&gt;&gt;</a>&nbsp;&nbsp;&nbsp;__2printf
</UL>
<BR>[Address Reference Count : 1]<UL><LI> app_task.o(.constdata)
</UL>
<P><STRONG><a name="[4c]"></a>app_gap_discon_cmp_evt_handler</STRONG> (Thumb, 86 bytes, Stack size 32 bytes, app_gap_task.o(i.app_gap_discon_cmp_evt_handler))
<BR><BR>[Stack]<UL><LI>Max Depth = 104<LI>Call Chain = app_gap_discon_cmp_evt_handler &rArr; app_enable_server_service &rArr; app_blps_enable_req
</UL>
<BR>[Calls]<UL><LI><a href="#[aa]">&gt;&gt;</a>&nbsp;&nbsp;&nbsp;app_set_link_status_by_conhdl
<LI><a href="#[a9]">&gt;&gt;</a>&nbsp;&nbsp;&nbsp;app_get_bd_addr_by_conhdl
<LI><a href="#[a1]">&gt;&gt;</a>&nbsp;&nbsp;&nbsp;app_enable_server_service
<LI><a href="#[93]">&gt;&gt;</a>&nbsp;&nbsp;&nbsp;app_task_msg_hdl
<LI><a href="#[92]">&gt;&gt;</a>&nbsp;&nbsp;&nbsp;__2printf
</UL>
<BR>[Address Reference Count : 1]<UL><LI> app_task.o(.constdata)
</UL>
<P><STRONG><a name="[4b]"></a>app_gap_le_create_conn_req_cmp_evt_handler</STRONG> (Thumb, 100 bytes, Stack size 32 bytes, app_gap_task.o(i.app_gap_le_create_conn_req_cmp_evt_handler))
<BR><BR>[Stack]<UL><LI>Max Depth = 104<LI>Call Chain = app_gap_le_create_conn_req_cmp_evt_handler &rArr; app_enable_server_service &rArr; app_blps_enable_req
</UL>
<BR>[Calls]<UL><LI><a href="#[ab]">&gt;&gt;</a>&nbsp;&nbsp;&nbsp;app_set_role
<LI><a href="#[aa]">&gt;&gt;</a>&nbsp;&nbsp;&nbsp;app_set_link_status_by_conhdl
<LI><a href="#[a1]">&gt;&gt;</a>&nbsp;&nbsp;&nbsp;app_enable_server_service
<LI><a href="#[93]">&gt;&gt;</a>&nbsp;&nbsp;&nbsp;app_task_msg_hdl
<LI><a href="#[92]">&gt;&gt;</a>&nbsp;&nbsp;&nbsp;__2printf
</UL>
<BR>[Address Reference Count : 1]<UL><LI> app_task.o(.constdata)
</UL>
<P><STRONG><a name="[ac]"></a>app_gap_param_update_req</STRONG> (Thumb, 42 bytes, Stack size 16 bytes, app_gap.o(i.app_gap_param_update_req))
<BR><BR>[Stack]<UL><LI>Max Depth = 16<LI>Call Chain = app_gap_param_update_req
</UL>
<BR>[Calls]<UL><LI><a href="#[90]">&gt;&gt;</a>&nbsp;&nbsp;&nbsp;__aeabi_memcpy
</UL>
<BR>[Called By]<UL><LI><a href="#[93]">&gt;&gt;</a>&nbsp;&nbsp;&nbsp;app_task_msg_hdl
</UL>

<P><STRONG><a name="[47]"></a>app_gap_param_update_resp_handler</STRONG> (Thumb, 46 bytes, Stack size 16 bytes, app_gap_task.o(i.app_gap_param_update_resp_handler))
<BR><BR>[Stack]<UL><LI>Max Depth = 88<LI>Call Chain = app_gap_param_update_resp_handler &rArr; app_task_msg_hdl &rArr; app_gap_adv_start_req
</UL>
<BR>[Calls]<UL><LI><a href="#[93]">&gt;&gt;</a>&nbsp;&nbsp;&nbsp;app_task_msg_hdl
<LI><a href="#[92]">&gt;&gt;</a>&nbsp;&nbsp;&nbsp;__2printf
</UL>
<BR>[Address Reference Count : 1]<UL><LI> app_task.o(.constdata)
</UL>
<P><STRONG><a name="[ae]"></a>app_gap_read_bdaddr_req</STRONG> (Thumb, 10 bytes, Stack size 0 bytes, app_gap.o(i.app_gap_read_bdaddr_req))
<BR><BR>[Called By]<UL><LI><a href="#[42]">&gt;&gt;</a>&nbsp;&nbsp;&nbsp;app_gap_read_ver_req_cmp_evt_handler
</UL>

<P><STRONG><a name="[43]"></a>app_gap_read_bdaddr_req_cmp_evt_handler</STRONG> (Thumb, 48 bytes, Stack size 16 bytes, app_gap_task.o(i.app_gap_read_bdaddr_req_cmp_evt_handler))
<BR><BR>[Stack]<UL><LI>Max Depth = 88<LI>Call Chain = app_gap_read_bdaddr_req_cmp_evt_handler &rArr; app_task_msg_hdl &rArr; app_gap_adv_start_req
</UL>
<BR>[Calls]<UL><LI><a href="#[ad]">&gt;&gt;</a>&nbsp;&nbsp;&nbsp;app_init_local_smp_key
<LI><a href="#[9d]">&gt;&gt;</a>&nbsp;&nbsp;&nbsp;app_create_server_service_DB
<LI><a href="#[93]">&gt;&gt;</a>&nbsp;&nbsp;&nbsp;app_task_msg_hdl
<LI><a href="#[92]">&gt;&gt;</a>&nbsp;&nbsp;&nbsp;__2printf
</UL>
<BR>[Address Reference Count : 1]<UL><LI> app_task.o(.constdata)
</UL>
<P><STRONG><a name="[b0]"></a>app_gap_read_ver_req</STRONG> (Thumb, 10 bytes, Stack size 0 bytes, app_gap.o(i.app_gap_read_ver_req))
<BR><BR>[Called By]<UL><LI><a href="#[41]">&gt;&gt;</a>&nbsp;&nbsp;&nbsp;app_gap_set_sec_req_cmp_evt_handler
</UL>

<P><STRONG><a name="[42]"></a>app_gap_read_ver_req_cmp_evt_handler</STRONG> (Thumb, 32 bytes, Stack size 16 bytes, app_gap_task.o(i.app_gap_read_ver_req_cmp_evt_handler))
<BR><BR>[Stack]<UL><LI>Max Depth = 88<LI>Call Chain = app_gap_read_ver_req_cmp_evt_handler &rArr; app_task_msg_hdl &rArr; app_gap_adv_start_req
</UL>
<BR>[Calls]<UL><LI><a href="#[93]">&gt;&gt;</a>&nbsp;&nbsp;&nbsp;app_task_msg_hdl
<LI><a href="#[ae]">&gt;&gt;</a>&nbsp;&nbsp;&nbsp;app_gap_read_bdaddr_req
</UL>
<BR>[Address Reference Count : 1]<UL><LI> app_task.o(.constdata)
</UL>
<P><STRONG><a name="[44]"></a>app_gap_ready_evt_handler</STRONG> (Thumb, 24 bytes, Stack size 16 bytes, app_gap_task.o(i.app_gap_ready_evt_handler))
<BR><BR>[Stack]<UL><LI>Max Depth = 88<LI>Call Chain = app_gap_ready_evt_handler &rArr; app_task_msg_hdl &rArr; app_gap_adv_start_req
</UL>
<BR>[Calls]<UL><LI><a href="#[93]">&gt;&gt;</a>&nbsp;&nbsp;&nbsp;app_task_msg_hdl
<LI><a href="#[af]">&gt;&gt;</a>&nbsp;&nbsp;&nbsp;app_gap_set_sec_req
</UL>
<BR>[Address Reference Count : 1]<UL><LI> app_task.o(.constdata)
</UL>
<P><STRONG><a name="[40]"></a>app_gap_reset_req_cmp_handler</STRONG> (Thumb, 10 bytes, Stack size 8 bytes, app_gap_task.o(i.app_gap_reset_req_cmp_handler))
<BR><BR>[Stack]<UL><LI>Max Depth = 80<LI>Call Chain = app_gap_reset_req_cmp_handler &rArr; app_task_msg_hdl &rArr; app_gap_adv_start_req
</UL>
<BR>[Calls]<UL><LI><a href="#[93]">&gt;&gt;</a>&nbsp;&nbsp;&nbsp;app_task_msg_hdl
</UL>
<BR>[Address Reference Count : 1]<UL><LI> app_task.o(.constdata)
</UL>
<P><STRONG><a name="[c7]"></a>app_gap_set_bondable_mode_req</STRONG> (Thumb, 26 bytes, Stack size 8 bytes, app_gap.o(i.app_gap_set_bondable_mode_req))
<BR><BR>[Stack]<UL><LI>Max Depth = 8<LI>Call Chain = app_gap_set_bondable_mode_req
</UL>
<BR>[Called By]<UL><LI><a href="#[51]">&gt;&gt;</a>&nbsp;&nbsp;&nbsp;app_smpm_set_key_cfm_handler
</UL>

<P><STRONG><a name="[45]"></a>app_gap_set_devname_req_cmp_evt_handler</STRONG> (Thumb, 24 bytes, Stack size 16 bytes, app_gap_task.o(i.app_gap_set_devname_req_cmp_evt_handler))
<BR><BR>[Stack]<UL><LI>Max Depth = 88<LI>Call Chain = app_gap_set_devname_req_cmp_evt_handler &rArr; app_task_msg_hdl &rArr; app_gap_adv_start_req
</UL>
<BR>[Calls]<UL><LI><a href="#[93]">&gt;&gt;</a>&nbsp;&nbsp;&nbsp;app_task_msg_hdl
<LI><a href="#[92]">&gt;&gt;</a>&nbsp;&nbsp;&nbsp;__2printf
</UL>
<BR>[Address Reference Count : 1]<UL><LI> app_task.o(.constdata)
</UL>
<P><STRONG><a name="[4a]"></a>app_gap_set_mode_req_cmp_evt_handler</STRONG> (Thumb, 66 bytes, Stack size 8 bytes, app_gap_task.o(i.app_gap_set_mode_req_cmp_evt_handler))
<BR><BR>[Stack]<UL><LI>Max Depth = 80<LI>Call Chain = app_gap_set_mode_req_cmp_evt_handler &rArr; app_task_msg_hdl &rArr; app_gap_adv_start_req
</UL>
<BR>[Calls]<UL><LI><a href="#[93]">&gt;&gt;</a>&nbsp;&nbsp;&nbsp;app_task_msg_hdl
<LI><a href="#[92]">&gt;&gt;</a>&nbsp;&nbsp;&nbsp;__2printf
</UL>
<BR>[Address Reference Count : 1]<UL><LI> app_task.o(.constdata)
</UL>
<P><STRONG><a name="[48]"></a>app_gap_set_privacy_req_cmp_handler</STRONG> (Thumb, 22 bytes, Stack size 8 bytes, app_gap_task.o(i.app_gap_set_privacy_req_cmp_handler))
<BR><BR>[Stack]<UL><LI>Max Depth = 32<LI>Call Chain = app_gap_set_privacy_req_cmp_handler &rArr; __2printf
</UL>
<BR>[Calls]<UL><LI><a href="#[92]">&gt;&gt;</a>&nbsp;&nbsp;&nbsp;__2printf
</UL>
<BR>[Address Reference Count : 1]<UL><LI> app_task.o(.constdata)
</UL>
<P><STRONG><a name="[4f]"></a>app_gap_set_random_add_req_cmp_handler</STRONG> (Thumb, 18 bytes, Stack size 8 bytes, app_gap_task.o(i.app_gap_set_random_add_req_cmp_handler))
<BR><BR>[Stack]<UL><LI>Max Depth = 32<LI>Call Chain = app_gap_set_random_add_req_cmp_handler &rArr; __2printf
</UL>
<BR>[Calls]<UL><LI><a href="#[92]">&gt;&gt;</a>&nbsp;&nbsp;&nbsp;__2printf
</UL>
<BR>[Address Reference Count : 1]<UL><LI> app_task.o(.constdata)
</UL>
<P><STRONG><a name="[af]"></a>app_gap_set_sec_req</STRONG> (Thumb, 30 bytes, Stack size 16 bytes, app_gap.o(i.app_gap_set_sec_req))
<BR><BR>[Stack]<UL><LI>Max Depth = 16<LI>Call Chain = app_gap_set_sec_req
</UL>
<BR>[Called By]<UL><LI><a href="#[44]">&gt;&gt;</a>&nbsp;&nbsp;&nbsp;app_gap_ready_evt_handler
</UL>

<P><STRONG><a name="[41]"></a>app_gap_set_sec_req_cmp_evt_handler</STRONG> (Thumb, 32 bytes, Stack size 16 bytes, app_gap_task.o(i.app_gap_set_sec_req_cmp_evt_handler))
<BR><BR>[Stack]<UL><LI>Max Depth = 88<LI>Call Chain = app_gap_set_sec_req_cmp_evt_handler &rArr; app_task_msg_hdl &rArr; app_gap_adv_start_req
</UL>
<BR>[Calls]<UL><LI><a href="#[93]">&gt;&gt;</a>&nbsp;&nbsp;&nbsp;app_task_msg_hdl
<LI><a href="#[b0]">&gt;&gt;</a>&nbsp;&nbsp;&nbsp;app_gap_read_ver_req
</UL>
<BR>[Address Reference Count : 1]<UL><LI> app_task.o(.constdata)
</UL>
<P><STRONG><a name="[50]"></a>app_gatt_resource_access_req_handler</STRONG> (Thumb, 30 bytes, Stack size 16 bytes, app_gap_task.o(i.app_gatt_resource_access_req_handler))
<BR><BR>[Stack]<UL><LI>Max Depth = 16<LI>Call Chain = app_gatt_resource_access_req_handler
</UL>
<BR>[Address Reference Count : 1]<UL><LI> app_task.o(.constdata)
</UL>
<P><STRONG><a name="[a9]"></a>app_get_bd_addr_by_conhdl</STRONG> (Thumb, 60 bytes, Stack size 16 bytes, app_util.o(i.app_get_bd_addr_by_conhdl))
<BR><BR>[Stack]<UL><LI>Max Depth = 16<LI>Call Chain = app_get_bd_addr_by_conhdl
</UL>
<BR>[Calls]<UL><LI><a href="#[90]">&gt;&gt;</a>&nbsp;&nbsp;&nbsp;__aeabi_memcpy
</UL>
<BR>[Called By]<UL><LI><a href="#[aa]">&gt;&gt;</a>&nbsp;&nbsp;&nbsp;app_set_link_status_by_conhdl
<LI><a href="#[4c]">&gt;&gt;</a>&nbsp;&nbsp;&nbsp;app_gap_discon_cmp_evt_handler
</UL>

<P><STRONG><a name="[c1]"></a>app_get_bond_nb</STRONG> (Thumb, 6 bytes, Stack size 0 bytes, app_util.o(i.app_get_bond_nb))
<BR><BR>[Called By]<UL><LI><a href="#[55]">&gt;&gt;</a>&nbsp;&nbsp;&nbsp;app_smpc_irk_req_ind_handler
</UL>

<P><STRONG><a name="[c2]"></a>app_get_bond_status</STRONG> (Thumb, 30 bytes, Stack size 0 bytes, app_util.o(i.app_get_bond_status))
<BR><BR>[Called By]<UL><LI><a href="#[55]">&gt;&gt;</a>&nbsp;&nbsp;&nbsp;app_smpc_irk_req_ind_handler
</UL>

<P><STRONG><a name="[a7]"></a>app_get_conhdl_by_idx</STRONG> (Thumb, 30 bytes, Stack size 4 bytes, app_util.o(i.app_get_conhdl_by_idx))
<BR><BR>[Stack]<UL><LI>Max Depth = 4<LI>Call Chain = app_get_conhdl_by_idx
</UL>
<BR>[Calls]<UL><LI><a href="#[b1]">&gt;&gt;</a>&nbsp;&nbsp;&nbsp;app_get_link_status_by_idx
</UL>
<BR>[Called By]<UL><LI><a href="#[4d]">&gt;&gt;</a>&nbsp;&nbsp;&nbsp;app_gap_bond_req_ind_handler
</UL>

<P><STRONG><a name="[b1]"></a>app_get_link_status_by_idx</STRONG> (Thumb, 24 bytes, Stack size 0 bytes, app_util.o(i.app_get_link_status_by_idx))
<BR><BR>[Called By]<UL><LI><a href="#[a7]">&gt;&gt;</a>&nbsp;&nbsp;&nbsp;app_get_conhdl_by_idx
</UL>

<P><STRONG><a name="[b2]"></a>app_get_lk_sec_status</STRONG> (Thumb, 32 bytes, Stack size 8 bytes, app_util.o(i.app_get_lk_sec_status))
<BR><BR>[Stack]<UL><LI>Max Depth = 32<LI>Call Chain = app_get_lk_sec_status &rArr; app_find_bonded_dev
</UL>
<BR>[Calls]<UL><LI><a href="#[b3]">&gt;&gt;</a>&nbsp;&nbsp;&nbsp;app_find_bonded_dev
</UL>
<BR>[Called By]<UL><LI><a href="#[56]">&gt;&gt;</a>&nbsp;&nbsp;&nbsp;app_smpc_chk_bd_addr_req_ind_handler
</UL>

<P><STRONG><a name="[99]"></a>app_get_local_service_flag</STRONG> (Thumb, 4 bytes, Stack size 0 bytes, app_util.o(i.app_get_local_service_flag))
<BR><BR>[Called By]<UL><LI><a href="#[93]">&gt;&gt;</a>&nbsp;&nbsp;&nbsp;app_task_msg_hdl
<LI><a href="#[3e]">&gt;&gt;</a>&nbsp;&nbsp;&nbsp;app_gap_adv_intv_update_timer_handler
<LI><a href="#[3f]">&gt;&gt;</a>&nbsp;&nbsp;&nbsp;app_button_timer_handler
<LI><a href="#[b6]">&gt;&gt;</a>&nbsp;&nbsp;&nbsp;app_init
<LI><a href="#[27]">&gt;&gt;</a>&nbsp;&nbsp;&nbsp;main
</UL>

<P><STRONG><a name="[c4]"></a>app_get_role</STRONG> (Thumb, 6 bytes, Stack size 0 bytes, app_util.o(i.app_get_role))
<BR><BR>[Called By]<UL><LI><a href="#[93]">&gt;&gt;</a>&nbsp;&nbsp;&nbsp;app_task_msg_hdl
<LI><a href="#[54]">&gt;&gt;</a>&nbsp;&nbsp;&nbsp;app_smpc_ltk_req_ind_handler
</UL>

<P><STRONG><a name="[b4]"></a>app_i_to_array</STRONG> (Thumb, 38 bytes, Stack size 24 bytes, app_util.o(i.app_i_to_array))
<BR><BR>[Stack]<UL><LI>Max Depth = 36<LI>Call Chain = app_i_to_array &rArr; __aeabi_uidivmod
</UL>
<BR>[Calls]<UL><LI><a href="#[b5]">&gt;&gt;</a>&nbsp;&nbsp;&nbsp;__aeabi_uidivmod
</UL>
<BR>[Called By]<UL><LI><a href="#[53]">&gt;&gt;</a>&nbsp;&nbsp;&nbsp;app_smpc_tk_req_ind_handler
</UL>

<P><STRONG><a name="[b6]"></a>app_init</STRONG> (Thumb, 106 bytes, Stack size 16 bytes, app_env.o(i.app_init))
<BR><BR>[Stack]<UL><LI>Max Depth = 64<LI>Call Chain = app_init &rArr; app_smp_init
</UL>
<BR>[Calls]<UL><LI><a href="#[b9]">&gt;&gt;</a>&nbsp;&nbsp;&nbsp;task_app_desc_register
<LI><a href="#[ba]">&gt;&gt;</a>&nbsp;&nbsp;&nbsp;app_uart_init
<LI><a href="#[b8]">&gt;&gt;</a>&nbsp;&nbsp;&nbsp;app_smp_init
<LI><a href="#[9a]">&gt;&gt;</a>&nbsp;&nbsp;&nbsp;app_set_scan_rsp_data
<LI><a href="#[9b]">&gt;&gt;</a>&nbsp;&nbsp;&nbsp;app_set_adv_data
<LI><a href="#[99]">&gt;&gt;</a>&nbsp;&nbsp;&nbsp;app_get_local_service_flag
<LI><a href="#[b7]">&gt;&gt;</a>&nbsp;&nbsp;&nbsp;__aeabi_memclr4
</UL>
<BR>[Called By]<UL><LI><a href="#[27]">&gt;&gt;</a>&nbsp;&nbsp;&nbsp;main
</UL>

<P><STRONG><a name="[ad]"></a>app_init_local_smp_key</STRONG> (Thumb, 22 bytes, Stack size 24 bytes, app_util.o(i.app_init_local_smp_key))
<BR><BR>[Stack]<UL><LI>Max Depth = 40<LI>Call Chain = app_init_local_smp_key &rArr; app_smpm_set_key_req
</UL>
<BR>[Calls]<UL><LI><a href="#[bb]">&gt;&gt;</a>&nbsp;&nbsp;&nbsp;app_smpm_set_key_req
<LI><a href="#[90]">&gt;&gt;</a>&nbsp;&nbsp;&nbsp;__aeabi_memcpy
</UL>
<BR>[Called By]<UL><LI><a href="#[43]">&gt;&gt;</a>&nbsp;&nbsp;&nbsp;app_gap_read_bdaddr_req_cmp_evt_handler
</UL>

<P><STRONG><a name="[3d]"></a>app_led_timer_handler</STRONG> (Thumb, 56 bytes, Stack size 16 bytes, usr_design.o(i.app_led_timer_handler))
<BR><BR>[Stack]<UL><LI>Max Depth = 32<LI>Call Chain = app_led_timer_handler &rArr; led_get &rArr; __ARM_common_switch8
</UL>
<BR>[Calls]<UL><LI><a href="#[bc]">&gt;&gt;</a>&nbsp;&nbsp;&nbsp;led_get
<LI><a href="#[bd]">&gt;&gt;</a>&nbsp;&nbsp;&nbsp;led_set
</UL>
<BR>[Address Reference Count : 1]<UL><LI> app_task.o(.constdata)
</UL>
<P><STRONG><a name="[9b]"></a>app_set_adv_data</STRONG> (Thumb, 92 bytes, Stack size 16 bytes, app_util.o(i.app_set_adv_data))
<BR><BR>[Stack]<UL><LI>Max Depth = 16<LI>Call Chain = app_set_adv_data
</UL>
<BR>[Calls]<UL><LI><a href="#[be]">&gt;&gt;</a>&nbsp;&nbsp;&nbsp;strcpy
</UL>
<BR>[Called By]<UL><LI><a href="#[93]">&gt;&gt;</a>&nbsp;&nbsp;&nbsp;app_task_msg_hdl
<LI><a href="#[3e]">&gt;&gt;</a>&nbsp;&nbsp;&nbsp;app_gap_adv_intv_update_timer_handler
<LI><a href="#[3f]">&gt;&gt;</a>&nbsp;&nbsp;&nbsp;app_button_timer_handler
<LI><a href="#[b6]">&gt;&gt;</a>&nbsp;&nbsp;&nbsp;app_init
<LI><a href="#[27]">&gt;&gt;</a>&nbsp;&nbsp;&nbsp;main
</UL>

<P><STRONG><a name="[a0]"></a>app_set_char_val_req</STRONG> (Thumb, 46 bytes, Stack size 24 bytes, app_diss.o(i.app_set_char_val_req))
<BR><BR>[Stack]<UL><LI>Max Depth = 24<LI>Call Chain = app_set_char_val_req
</UL>
<BR>[Calls]<UL><LI><a href="#[90]">&gt;&gt;</a>&nbsp;&nbsp;&nbsp;__aeabi_memcpy
</UL>
<BR>[Called By]<UL><LI><a href="#[5f]">&gt;&gt;</a>&nbsp;&nbsp;&nbsp;app_diss_create_db_cfm_handler
</UL>

<P><STRONG><a name="[aa]"></a>app_set_link_status_by_conhdl</STRONG> (Thumb, 90 bytes, Stack size 16 bytes, app_util.o(i.app_set_link_status_by_conhdl))
<BR><BR>[Stack]<UL><LI>Max Depth = 32<LI>Call Chain = app_set_link_status_by_conhdl &rArr; app_get_bd_addr_by_conhdl
</UL>
<BR>[Calls]<UL><LI><a href="#[a9]">&gt;&gt;</a>&nbsp;&nbsp;&nbsp;app_get_bd_addr_by_conhdl
<LI><a href="#[b7]">&gt;&gt;</a>&nbsp;&nbsp;&nbsp;__aeabi_memclr4
<LI><a href="#[90]">&gt;&gt;</a>&nbsp;&nbsp;&nbsp;__aeabi_memcpy
</UL>
<BR>[Called By]<UL><LI><a href="#[4b]">&gt;&gt;</a>&nbsp;&nbsp;&nbsp;app_gap_le_create_conn_req_cmp_evt_handler
<LI><a href="#[4c]">&gt;&gt;</a>&nbsp;&nbsp;&nbsp;app_gap_discon_cmp_evt_handler
</UL>

<P><STRONG><a name="[ab]"></a>app_set_role</STRONG> (Thumb, 6 bytes, Stack size 0 bytes, app_util.o(i.app_set_role))
<BR><BR>[Called By]<UL><LI><a href="#[4b]">&gt;&gt;</a>&nbsp;&nbsp;&nbsp;app_gap_le_create_conn_req_cmp_evt_handler
</UL>

<P><STRONG><a name="[9a]"></a>app_set_scan_rsp_data</STRONG> (Thumb, 128 bytes, Stack size 20 bytes, app_util.o(i.app_set_scan_rsp_data))
<BR><BR>[Stack]<UL><LI>Max Depth = 20<LI>Call Chain = app_set_scan_rsp_data
</UL>
<BR>[Called By]<UL><LI><a href="#[93]">&gt;&gt;</a>&nbsp;&nbsp;&nbsp;app_task_msg_hdl
<LI><a href="#[3e]">&gt;&gt;</a>&nbsp;&nbsp;&nbsp;app_gap_adv_intv_update_timer_handler
<LI><a href="#[3f]">&gt;&gt;</a>&nbsp;&nbsp;&nbsp;app_button_timer_handler
<LI><a href="#[b6]">&gt;&gt;</a>&nbsp;&nbsp;&nbsp;app_init
<LI><a href="#[27]">&gt;&gt;</a>&nbsp;&nbsp;&nbsp;main
</UL>

<P><STRONG><a name="[56]"></a>app_smpc_chk_bd_addr_req_ind_handler</STRONG> (Thumb, 66 bytes, Stack size 24 bytes, app_smp_task.o(i.app_smpc_chk_bd_addr_req_ind_handler))
<BR><BR>[Stack]<UL><LI>Max Depth = 64<LI>Call Chain = app_smpc_chk_bd_addr_req_ind_handler &rArr; app_smpc_chk_bd_addr_req_rsp
</UL>
<BR>[Calls]<UL><LI><a href="#[b2]">&gt;&gt;</a>&nbsp;&nbsp;&nbsp;app_get_lk_sec_status
<LI><a href="#[c0]">&gt;&gt;</a>&nbsp;&nbsp;&nbsp;app_smpc_chk_bd_addr_req_rsp
<LI><a href="#[92]">&gt;&gt;</a>&nbsp;&nbsp;&nbsp;__2printf
</UL>
<BR>[Address Reference Count : 1]<UL><LI> app_task.o(.constdata)
</UL>
<P><STRONG><a name="[c0]"></a>app_smpc_chk_bd_addr_req_rsp</STRONG> (Thumb, 56 bytes, Stack size 40 bytes, app_smp.o(i.app_smpc_chk_bd_addr_req_rsp))
<BR><BR>[Stack]<UL><LI>Max Depth = 40<LI>Call Chain = app_smpc_chk_bd_addr_req_rsp
</UL>
<BR>[Calls]<UL><LI><a href="#[90]">&gt;&gt;</a>&nbsp;&nbsp;&nbsp;__aeabi_memcpy
</UL>
<BR>[Called By]<UL><LI><a href="#[56]">&gt;&gt;</a>&nbsp;&nbsp;&nbsp;app_smpc_chk_bd_addr_req_ind_handler
</UL>

<P><STRONG><a name="[55]"></a>app_smpc_irk_req_ind_handler</STRONG> (Thumb, 138 bytes, Stack size 24 bytes, app_smp_task.o(i.app_smpc_irk_req_ind_handler))
<BR><BR>[Stack]<UL><LI>Max Depth = 64<LI>Call Chain = app_smpc_irk_req_ind_handler &rArr; app_smpc_irk_req_rsp
</UL>
<BR>[Calls]<UL><LI><a href="#[c2]">&gt;&gt;</a>&nbsp;&nbsp;&nbsp;app_get_bond_status
<LI><a href="#[c1]">&gt;&gt;</a>&nbsp;&nbsp;&nbsp;app_get_bond_nb
<LI><a href="#[c3]">&gt;&gt;</a>&nbsp;&nbsp;&nbsp;app_smpc_irk_req_rsp
<LI><a href="#[92]">&gt;&gt;</a>&nbsp;&nbsp;&nbsp;__2printf
<LI><a href="#[90]">&gt;&gt;</a>&nbsp;&nbsp;&nbsp;__aeabi_memcpy
</UL>
<BR>[Address Reference Count : 1]<UL><LI> app_task.o(.constdata)
</UL>
<P><STRONG><a name="[c3]"></a>app_smpc_irk_req_rsp</STRONG> (Thumb, 66 bytes, Stack size 40 bytes, app_smp.o(i.app_smpc_irk_req_rsp))
<BR><BR>[Stack]<UL><LI>Max Depth = 40<LI>Call Chain = app_smpc_irk_req_rsp
</UL>
<BR>[Calls]<UL><LI><a href="#[90]">&gt;&gt;</a>&nbsp;&nbsp;&nbsp;__aeabi_memcpy
</UL>
<BR>[Called By]<UL><LI><a href="#[55]">&gt;&gt;</a>&nbsp;&nbsp;&nbsp;app_smpc_irk_req_ind_handler
</UL>

<P><STRONG><a name="[52]"></a>app_smpc_key_ind_handler</STRONG> (Thumb, 136 bytes, Stack size 16 bytes, app_smp_task.o(i.app_smpc_key_ind_handler))
<BR><BR>[Stack]<UL><LI>Max Depth = 40<LI>Call Chain = app_smpc_key_ind_handler &rArr; __2printf
</UL>
<BR>[Calls]<UL><LI><a href="#[92]">&gt;&gt;</a>&nbsp;&nbsp;&nbsp;__2printf
<LI><a href="#[90]">&gt;&gt;</a>&nbsp;&nbsp;&nbsp;__aeabi_memcpy
</UL>
<BR>[Address Reference Count : 1]<UL><LI> app_task.o(.constdata)
</UL>
<P><STRONG><a name="[54]"></a>app_smpc_ltk_req_ind_handler</STRONG> (Thumb, 172 bytes, Stack size 48 bytes, app_smp_task.o(i.app_smpc_ltk_req_ind_handler))
<BR><BR>[Stack]<UL><LI>Max Depth = 88<LI>Call Chain = app_smpc_ltk_req_ind_handler &rArr; app_smpc_ltk_req_rsp
</UL>
<BR>[Calls]<UL><LI><a href="#[b3]">&gt;&gt;</a>&nbsp;&nbsp;&nbsp;app_find_bonded_dev
<LI><a href="#[c4]">&gt;&gt;</a>&nbsp;&nbsp;&nbsp;app_get_role
<LI><a href="#[c5]">&gt;&gt;</a>&nbsp;&nbsp;&nbsp;app_smpc_ltk_req_rsp
<LI><a href="#[92]">&gt;&gt;</a>&nbsp;&nbsp;&nbsp;__2printf
<LI><a href="#[90]">&gt;&gt;</a>&nbsp;&nbsp;&nbsp;__aeabi_memcpy
</UL>
<BR>[Address Reference Count : 1]<UL><LI> app_task.o(.constdata)
</UL>
<P><STRONG><a name="[c5]"></a>app_smpc_ltk_req_rsp</STRONG> (Thumb, 74 bytes, Stack size 40 bytes, app_smp.o(i.app_smpc_ltk_req_rsp))
<BR><BR>[Stack]<UL><LI>Max Depth = 40<LI>Call Chain = app_smpc_ltk_req_rsp
</UL>
<BR>[Calls]<UL><LI><a href="#[90]">&gt;&gt;</a>&nbsp;&nbsp;&nbsp;__aeabi_memcpy
</UL>
<BR>[Called By]<UL><LI><a href="#[54]">&gt;&gt;</a>&nbsp;&nbsp;&nbsp;app_smpc_ltk_req_ind_handler
</UL>

<P><STRONG><a name="[57]"></a>app_smpc_sec_started_ind_handler</STRONG> (Thumb, 38 bytes, Stack size 24 bytes, app_smp_task.o(i.app_smpc_sec_started_ind_handler))
<BR><BR>[Stack]<UL><LI>Max Depth = 96<LI>Call Chain = app_smpc_sec_started_ind_handler &rArr; app_task_msg_hdl &rArr; app_gap_adv_start_req
</UL>
<BR>[Calls]<UL><LI><a href="#[93]">&gt;&gt;</a>&nbsp;&nbsp;&nbsp;app_task_msg_hdl
<LI><a href="#[92]">&gt;&gt;</a>&nbsp;&nbsp;&nbsp;__2printf
</UL>
<BR>[Address Reference Count : 1]<UL><LI> app_task.o(.constdata)
</UL>
<P><STRONG><a name="[58]"></a>app_smpc_timeout_evt_handler</STRONG> (Thumb, 36 bytes, Stack size 16 bytes, app_smp_task.o(i.app_smpc_timeout_evt_handler))
<BR><BR>[Stack]<UL><LI>Max Depth = 88<LI>Call Chain = app_smpc_timeout_evt_handler &rArr; app_task_msg_hdl &rArr; app_gap_adv_start_req
</UL>
<BR>[Calls]<UL><LI><a href="#[93]">&gt;&gt;</a>&nbsp;&nbsp;&nbsp;app_task_msg_hdl
<LI><a href="#[92]">&gt;&gt;</a>&nbsp;&nbsp;&nbsp;__2printf
</UL>
<BR>[Address Reference Count : 1]<UL><LI> app_task.o(.constdata)
</UL>
<P><STRONG><a name="[53]"></a>app_smpc_tk_req_ind_handler</STRONG> (Thumb, 76 bytes, Stack size 32 bytes, app_smp_task.o(i.app_smpc_tk_req_ind_handler))
<BR><BR>[Stack]<UL><LI>Max Depth = 120<LI>Call Chain = app_smpc_tk_req_ind_handler &rArr; atoi &rArr; strtol &rArr; _strtoul
</UL>
<BR>[Calls]<UL><LI><a href="#[b4]">&gt;&gt;</a>&nbsp;&nbsp;&nbsp;app_i_to_array
<LI><a href="#[c6]">&gt;&gt;</a>&nbsp;&nbsp;&nbsp;app_smpc_tk_req_rsp
<LI><a href="#[71]">&gt;&gt;</a>&nbsp;&nbsp;&nbsp;atoi
<LI><a href="#[92]">&gt;&gt;</a>&nbsp;&nbsp;&nbsp;__2printf
</UL>
<BR>[Address Reference Count : 1]<UL><LI> app_task.o(.constdata)
</UL>
<P><STRONG><a name="[c6]"></a>app_smpc_tk_req_rsp</STRONG> (Thumb, 50 bytes, Stack size 24 bytes, app_smp.o(i.app_smpc_tk_req_rsp))
<BR><BR>[Stack]<UL><LI>Max Depth = 24<LI>Call Chain = app_smpc_tk_req_rsp
</UL>
<BR>[Calls]<UL><LI><a href="#[90]">&gt;&gt;</a>&nbsp;&nbsp;&nbsp;__aeabi_memcpy
</UL>
<BR>[Called By]<UL><LI><a href="#[53]">&gt;&gt;</a>&nbsp;&nbsp;&nbsp;app_smpc_tk_req_ind_handler
</UL>

<P><STRONG><a name="[51]"></a>app_smpm_set_key_cfm_handler</STRONG> (Thumb, 32 bytes, Stack size 8 bytes, app_smp_task.o(i.app_smpm_set_key_cfm_handler))
<BR><BR>[Stack]<UL><LI>Max Depth = 16<LI>Call Chain = app_smpm_set_key_cfm_handler &rArr; app_gap_set_bondable_mode_req
</UL>
<BR>[Calls]<UL><LI><a href="#[c7]">&gt;&gt;</a>&nbsp;&nbsp;&nbsp;app_gap_set_bondable_mode_req
</UL>
<BR>[Address Reference Count : 1]<UL><LI> app_task.o(.constdata)
</UL>
<P><STRONG><a name="[bb]"></a>app_smpm_set_key_req</STRONG> (Thumb, 42 bytes, Stack size 16 bytes, app_smp.o(i.app_smpm_set_key_req))
<BR><BR>[Stack]<UL><LI>Max Depth = 16<LI>Call Chain = app_smpm_set_key_req
</UL>
<BR>[Calls]<UL><LI><a href="#[90]">&gt;&gt;</a>&nbsp;&nbsp;&nbsp;__aeabi_memcpy
</UL>
<BR>[Called By]<UL><LI><a href="#[ad]">&gt;&gt;</a>&nbsp;&nbsp;&nbsp;app_init_local_smp_key
</UL>

<P><STRONG><a name="[93]"></a>app_task_msg_hdl</STRONG> (Thumb, 278 bytes, Stack size 32 bytes, usr_design.o(i.app_task_msg_hdl))
<BR><BR>[Stack]<UL><LI>Max Depth = 72<LI>Call Chain = app_task_msg_hdl &rArr; app_gap_adv_start_req
</UL>
<BR>[Calls]<UL><LI><a href="#[c4]">&gt;&gt;</a>&nbsp;&nbsp;&nbsp;app_get_role
<LI><a href="#[ac]">&gt;&gt;</a>&nbsp;&nbsp;&nbsp;app_gap_param_update_req
<LI><a href="#[a5]">&gt;&gt;</a>&nbsp;&nbsp;&nbsp;usr_led1_set
<LI><a href="#[9a]">&gt;&gt;</a>&nbsp;&nbsp;&nbsp;app_set_scan_rsp_data
<LI><a href="#[9b]">&gt;&gt;</a>&nbsp;&nbsp;&nbsp;app_set_adv_data
<LI><a href="#[99]">&gt;&gt;</a>&nbsp;&nbsp;&nbsp;app_get_local_service_flag
<LI><a href="#[9c]">&gt;&gt;</a>&nbsp;&nbsp;&nbsp;app_gap_adv_start_req
</UL>
<BR>[Called By]<UL><LI><a href="#[58]">&gt;&gt;</a>&nbsp;&nbsp;&nbsp;app_smpc_timeout_evt_handler
<LI><a href="#[57]">&gt;&gt;</a>&nbsp;&nbsp;&nbsp;app_smpc_sec_started_ind_handler
<LI><a href="#[41]">&gt;&gt;</a>&nbsp;&nbsp;&nbsp;app_gap_set_sec_req_cmp_evt_handler
<LI><a href="#[4a]">&gt;&gt;</a>&nbsp;&nbsp;&nbsp;app_gap_set_mode_req_cmp_evt_handler
<LI><a href="#[45]">&gt;&gt;</a>&nbsp;&nbsp;&nbsp;app_gap_set_devname_req_cmp_evt_handler
<LI><a href="#[40]">&gt;&gt;</a>&nbsp;&nbsp;&nbsp;app_gap_reset_req_cmp_handler
<LI><a href="#[44]">&gt;&gt;</a>&nbsp;&nbsp;&nbsp;app_gap_ready_evt_handler
<LI><a href="#[42]">&gt;&gt;</a>&nbsp;&nbsp;&nbsp;app_gap_read_ver_req_cmp_evt_handler
<LI><a href="#[43]">&gt;&gt;</a>&nbsp;&nbsp;&nbsp;app_gap_read_bdaddr_req_cmp_evt_handler
<LI><a href="#[47]">&gt;&gt;</a>&nbsp;&nbsp;&nbsp;app_gap_param_update_resp_handler
<LI><a href="#[4b]">&gt;&gt;</a>&nbsp;&nbsp;&nbsp;app_gap_le_create_conn_req_cmp_evt_handler
<LI><a href="#[4c]">&gt;&gt;</a>&nbsp;&nbsp;&nbsp;app_gap_discon_cmp_evt_handler
<LI><a href="#[49]">&gt;&gt;</a>&nbsp;&nbsp;&nbsp;app_gap_change_param_req_cmp_handler
<LI><a href="#[4e]">&gt;&gt;</a>&nbsp;&nbsp;&nbsp;app_gap_bond_req_cmp_ind_handler
<LI><a href="#[46]">&gt;&gt;</a>&nbsp;&nbsp;&nbsp;app_gap_adv_req_cmp_evt_handler
<LI><a href="#[5b]">&gt;&gt;</a>&nbsp;&nbsp;&nbsp;app_blps_meas_send_cfm_handler
<LI><a href="#[59]">&gt;&gt;</a>&nbsp;&nbsp;&nbsp;app_blps_disable_ind_handler
<LI><a href="#[5c]">&gt;&gt;</a>&nbsp;&nbsp;&nbsp;app_blps_cfg_indntf_ind_handler
</UL>

<P><STRONG><a name="[ba]"></a>app_uart_init</STRONG> (Thumb, 2 bytes, Stack size 0 bytes, app_sys.o(i.app_uart_init))
<BR><BR>[Called By]<UL><LI><a href="#[b6]">&gt;&gt;</a>&nbsp;&nbsp;&nbsp;app_init
</UL>

<P><STRONG><a name="[97]"></a>assert_err</STRONG> (Thumb, 20 bytes, Stack size 0 bytes, app_main.o(i.assert_err))
<BR><BR>[Stack]<UL><LI>Max Depth = 24<LI>Call Chain = assert_err &rArr; __2printf
</UL>
[...]
<LI><a href="#[7a]">&gt;&gt;</a>&nbsp;&nbsp;&nbsp;SystemInit
</UL>

<P><STRONG><a name="[7b]"></a>timer_clock_off</STRONG> (Thumb, 52 bytes, Stack size 12 bytes, system.o(i.timer_clock_off))
<BR><BR>[Stack]<UL><LI>Max Depth = 12<LI>Call Chain = timer_clock_off
</UL>
<BR>[Called By]<UL><LI><a href="#[7a]">&gt;&gt;</a>&nbsp;&nbsp;&nbsp;SystemInit
</UL>

<P><STRONG><a name="[7c]"></a>uart_clock_off</STRONG> (Thumb, 34 bytes, Stack size 0 bytes, system.o(i.uart_clock_off))
<BR><BR>[Calls]<UL><LI><a href="#[7c]">&gt;&gt;</a>&nbsp;&nbsp;&nbsp;uart_clock_off
</UL>
<BR>[Called By]<UL><LI><a href="#[7c]">&gt;&gt;</a>&nbsp;&nbsp;&nbsp;uart_clock_off
<LI><a href="#[7a]">&gt;&gt;</a>&nbsp;&nbsp;&nbsp;SystemInit
</UL>

<P><STRONG><a name="[91]"></a>app_blps_pressure_send</STRONG> (Thumb, 122 bytes, Stack size 24 bytes, usr_design.o(i.app_blps_pressure_send))
<BR><BR>[Stack]<UL><LI>Max Depth = 48<LI>Call Chain = app_blps_pressure_send &rArr; app_blps_pressure_send_req
</UL>
<BR>[Calls]<UL><LI><a href="#[95]">&gt;&gt;</a>&nbsp;&nbsp;&nbsp;app_blps_pressure_send_req
</UL>
<BR>[Called By]<UL><LI><a href="#[5e]">&gt;&gt;</a>&nbsp;&nbsp;&nbsp;app_blps_blood_send_handler
</UL>

<P><STRONG><a name="[a5]"></a>usr_led1_set</STRONG> (Thumb, 72 bytes, Stack size 16 bytes, usr_design.o(i.usr_led1_set))
<BR><BR>[Stack]<UL><LI>Max Depth = 32<LI>Call Chain = usr_led1_set &rArr; led_set &rArr; __ARM_common_switch8
</UL>
<BR>[Calls]<UL><LI><a href="#[bd]">&gt;&gt;</a>&nbsp;&nbsp;&nbsp;led_set
</UL>
<BR>[Called By]<UL><LI><a href="#[93]">&gt;&gt;</a>&nbsp;&nbsp;&nbsp;app_task_msg_hdl
<LI><a href="#[3e]">&gt;&gt;</a>&nbsp;&nbsp;&nbsp;app_gap_adv_intv_update_timer_handler
</UL>

<P><STRONG><a name="[b8]"></a>app_smp_init</STRONG> (Thumb, 240 bytes, Stack size 48 bytes, app_env.o(i.app_smp_init))
<BR><BR>[Stack]<UL><LI>Max Depth = 48<LI>Call Chain = app_smp_init
</UL>
<BR>[Calls]<UL><LI><a href="#[bf]">&gt;&gt;</a>&nbsp;&nbsp;&nbsp;__aeabi_memcpy4
<LI><a href="#[90]">&gt;&gt;</a>&nbsp;&nbsp;&nbsp;__aeabi_memcpy
</UL>
<BR>[Called By]<UL><LI><a href="#[b6]">&gt;&gt;</a>&nbsp;&nbsp;&nbsp;app_init
</UL>

<P><STRONG><a name="[3c]"></a>app_32k_xtal_wakeup_timer</STRONG> (Thumb, 56 bytes, Stack size 8 bytes, app_task.o(i.app_32k_xtal_wakeup_timer))
<BR><BR>[Stack]<UL><LI>Max Depth = 8<LI>Call Chain = app_32k_xtal_wakeup_timer
</UL>
<BR>[Address Reference Count : 1]<UL><LI> app_task.o(.constdata)
</UL>
<P><STRONG><a name="[d4]"></a>co_write16p</STRONG> (Thumb, 8 bytes, Stack size 0 bytes, blps.o(i.co_write16p))
<BR><BR>[Called By]<UL><LI><a href="#[d2]">&gt;&gt;</a>&nbsp;&nbsp;&nbsp;blps_pack_meas_value
</UL>

<P><STRONG><a name="[61]"></a>blps_create_db_req_handler</STRONG> (Thumb, 92 bytes, Stack size 32 bytes, blps_task.o(i.blps_create_db_req_handler))
<BR><BR>[Stack]<UL><LI>Max Depth = 32<LI>Call Chain = blps_create_db_req_handler
</UL>
<BR>[Address Reference Count : 1]<UL><LI> blps_task.o(.constdata)
</UL>
<P><STRONG><a name="[62]"></a>blps_enable_req_handler</STRONG> (Thumb, 160 bytes, Stack size 24 bytes, blps_task.o(i.blps_enable_req_handler))
<BR><BR>[Stack]<UL><LI>Max Depth = 48<LI>Call Chain = blps_enable_req_handler &rArr; prf_server_error_ind_send
</UL>
<BR>[Calls]<UL><LI><a href="#[cf]">&gt;&gt;</a>&nbsp;&nbsp;&nbsp;prf_server_error_ind_send
</UL>
<BR>[Address Reference Count : 1]<UL><LI> blps_task.o(.constdata)
</UL>
<P><STRONG><a name="[64]"></a>blps_meas_send_req_handler</STRONG> (Thumb, 148 bytes, Stack size 40 bytes, blps_task.o(i.blps_meas_send_req_handler))
<BR><BR>[Stack]<UL><LI>Max Depth = 56<LI>Call Chain = blps_meas_send_req_handler &rArr; blps_pack_meas_value
</UL>
<BR>[Calls]<UL><LI><a href="#[d2]">&gt;&gt;</a>&nbsp;&nbsp;&nbsp;blps_pack_meas_value
<LI><a href="#[d3]">&gt;&gt;</a>&nbsp;&nbsp;&nbsp;blps_meas_send_cfm_send
</UL>
<BR>[Address Reference Count : 1]<UL><LI> blps_task.o(.constdata)
</UL>
<P><STRONG><a name="[67]"></a>gap_discon_cmp_evt_handler</STRONG> (Thumb, 20 bytes, Stack size 8 bytes, blps_task.o(i.gap_discon_cmp_evt_handler))
<BR><BR>[Stack]<UL><LI>Max Depth = 24<LI>Call Chain = gap_discon_cmp_evt_handler &rArr; blps_disable
</UL>
<BR>[Calls]<UL><LI><a href="#[eb]">&gt;&gt;</a>&nbsp;&nbsp;&nbsp;blps_disable
</UL>
<BR>[Address Reference Count : 1]<UL><LI> blps_task.o(.constdata)
</UL>
<P><STRONG><a name="[65]"></a>gatt_handle_value_cfm_handler</STRONG> (Thumb, 12 bytes, Stack size 8 bytes, blps_task.o(i.gatt_handle_value_cfm_handler))
<BR><BR>[Stack]<UL><LI>Max Depth = 24<LI>Call Chain = gatt_handle_value_cfm_handler &rArr; blps_meas_send_cfm_send
</UL>
<BR>[Calls]<UL><LI><a href="#[d3]">&gt;&gt;</a>&nbsp;&nbsp;&nbsp;blps_meas_send_cfm_send
</UL>
<BR>[Address Reference Count : 1]<UL><LI> blps_task.o(.constdata)
</UL>
<P><STRONG><a name="[66]"></a>gatt_notify_cmp_evt_handler</STRONG> (Thumb, 12 bytes, Stack size 8 bytes, blps_task.o(i.gatt_notify_cmp_evt_handler))
<BR><BR>[Stack]<UL><LI>Max Depth = 24<LI>Call Chain = gatt_notify_cmp_evt_handler &rArr; blps_meas_send_cfm_send
</UL>
<BR>[Calls]<UL><LI><a href="#[d3]">&gt;&gt;</a>&nbsp;&nbsp;&nbsp;blps_meas_send_cfm_send
</UL>
<BR>[Address Reference Count : 1]<UL><LI> blps_task.o(.constdata)
</UL>
<P><STRONG><a name="[63]"></a>gatt_write_cmd_ind_handler</STRONG> (Thumb, 174 bytes, Stack size 24 bytes, blps_task.o(i.gatt_write_cmd_ind_handler))
<BR><BR>[Stack]<UL><LI>Max Depth = 24<LI>Call Chain = gatt_write_cmd_ind_handler
</UL>
<BR>[Address Reference Count : 1]<UL><LI> blps_task.o(.constdata)
</UL>
<P><STRONG><a name="[68]"></a>diss_create_db_req_handler</STRONG> (Thumb, 88 bytes, Stack size 32 bytes, diss_task.o(i.diss_create_db_req_handler))
<BR><BR>[Stack]<UL><LI>Max Depth = 44<LI>Call Chain = diss_create_db_req_handler &rArr; diss_compute_cfg_flag
</UL>
<BR>[Calls]<UL><LI><a href="#[dc]">&gt;&gt;</a>&nbsp;&nbsp;&nbsp;diss_compute_cfg_flag
</UL>
<BR>[Address Reference Count : 1]<UL><LI> diss_task.o(.constdata)
</UL>
<P><STRONG><a name="[6a]"></a>diss_enable_req_handler</STRONG> (Thumb, 56 bytes, Stack size 16 bytes, diss_task.o(i.diss_enable_req_handler))
<BR><BR>[Stack]<UL><LI>Max Depth = 40<LI>Call Chain = diss_enable_req_handler &rArr; prf_server_error_ind_send
</UL>
<BR>[Calls]<UL><LI><a href="#[cf]">&gt;&gt;</a>&nbsp;&nbsp;&nbsp;prf_server_error_ind_send
</UL>
<BR>[Address Reference Count : 1]<UL><LI> diss_task.o(.constdata)
</UL>
<P><STRONG><a name="[69]"></a>diss_set_char_val_req_handler</STRONG> (Thumb, 72 bytes, Stack size 16 bytes, diss_task.o(i.diss_set_char_val_req_handler))
<BR><BR>[Stack]<UL><LI>Max Depth = 40<LI>Call Chain = diss_set_char_val_req_handler &rArr; prf_server_error_ind_send
</UL>
<BR>[Calls]<UL><LI><a href="#[cf]">&gt;&gt;</a>&nbsp;&nbsp;&nbsp;prf_server_error_ind_send
<LI><a href="#[df]">&gt;&gt;</a>&nbsp;&nbsp;&nbsp;diss_check_val_len
</UL>
<BR>[Address Reference Count : 1]<UL><LI> diss_task.o(.constdata)
</UL>
<P><STRONG><a name="[6b]"></a>gap_discon_cmp_evt_handler</STRONG> (Thumb, 20 bytes, Stack size 8 bytes, diss_task.o(i.gap_discon_cmp_evt_handler))
<BR><BR>[Stack]<UL><LI>Max Depth = 24<LI>Call Chain = gap_discon_cmp_evt_handler &rArr; diss_disable
</UL>
<BR>[Calls]<UL><LI><a href="#[ec]">&gt;&gt;</a>&nbsp;&nbsp;&nbsp;diss_disable
</UL>
<BR>[Address Reference Count : 1]<UL><LI> diss_task.o(.constdata)
</UL>
<P><STRONG><a name="[88]"></a>uart_tx_int_enable</STRONG> (Thumb, 46 bytes, Stack size 8 bytes, uart.o(i.uart_tx_int_enable))
<BR><BR>[Stack]<UL><LI>Max Depth = 8<LI>Call Chain = uart_tx_int_enable
</UL>
<BR>[Called By]<UL><LI><a href="#[13]">&gt;&gt;</a>&nbsp;&nbsp;&nbsp;UART0_TX_IRQHandler
</UL>

<P><STRONG><a name="[e1]"></a>syscon_SetCMDCRWithMask</STRONG> (Thumb, 12 bytes, Stack size 0 bytes, sleep.o(i.syscon_SetCMDCRWithMask))
<BR><BR>[Called By]<UL><LI><a href="#[10b]">&gt;&gt;</a>&nbsp;&nbsp;&nbsp;wakeup_32k_xtal_switch_clk
<LI><a href="#[fa]">&gt;&gt;</a>&nbsp;&nbsp;&nbsp;wakeup_by_sleep_timer
<LI><a href="#[e0]">&gt;&gt;</a>&nbsp;&nbsp;&nbsp;enter_sleep
</UL>

<P><STRONG><a name="[e4]"></a>syscon_SetIvrefX32WithMask</STRONG> (Thumb, 14 bytes, Stack size 0 bytes, sleep.o(i.syscon_SetIvrefX32WithMask))
<BR><BR>[Called By]<UL><LI><a href="#[10b]">&gt;&gt;</a>&nbsp;&nbsp;&nbsp;wakeup_32k_xtal_switch_clk
<LI><a href="#[e0]">&gt;&gt;</a>&nbsp;&nbsp;&nbsp;enter_sleep
</UL>

<P><STRONG><a name="[e2]"></a>syscon_SetPGCR0WithMask</STRONG> (Thumb, 14 bytes, Stack size 0 bytes, sleep.o(i.syscon_SetPGCR0WithMask))
<BR><BR>[Called By]<UL><LI><a href="#[fa]">&gt;&gt;</a>&nbsp;&nbsp;&nbsp;wakeup_by_sleep_timer
<LI><a href="#[f9]">&gt;&gt;</a>&nbsp;&nbsp;&nbsp;sleep_init
<LI><a href="#[e0]">&gt;&gt;</a>&nbsp;&nbsp;&nbsp;enter_sleep
</UL>

<P><STRONG><a name="[109]"></a>syscon_SetPGCR1WithMask</STRONG> (Thumb, 14 bytes, Stack size 0 bytes, sleep.o(i.syscon_SetPGCR1WithMask))
<BR><BR>[Called By]<UL><LI><a href="#[10b]">&gt;&gt;</a>&nbsp;&nbsp;&nbsp;wakeup_32k_xtal_switch_clk
<LI><a href="#[fa]">&gt;&gt;</a>&nbsp;&nbsp;&nbsp;wakeup_by_sleep_timer
<LI><a href="#[f9]">&gt;&gt;</a>&nbsp;&nbsp;&nbsp;sleep_init
</UL>

<P><STRONG><a name="[e3]"></a>syscon_SetPGCR2WithMask</STRONG> (Thumb, 14 bytes, Stack size 0 bytes, sleep.o(i.syscon_SetPGCR2WithMask))
<BR><BR>[Called By]<UL><LI><a href="#[fa]">&gt;&gt;</a>&nbsp;&nbsp;&nbsp;wakeup_by_sleep_timer
<LI><a href="#[e0]">&gt;&gt;</a>&nbsp;&nbsp;&nbsp;enter_sleep
</UL>

<P><STRONG><a name="[10a]"></a>syscon_SetCMDCRWithMask</STRONG> (Thumb, 12 bytes, Stack size 0 bytes, syscon.o(i.syscon_SetCMDCRWithMask))
<BR><BR>[Called By]<UL><LI><a href="#[83]">&gt;&gt;</a>&nbsp;&nbsp;&nbsp;syscon_set_usart_clk
<LI><a href="#[82]">&gt;&gt;</a>&nbsp;&nbsp;&nbsp;syscon_set_timer_clk
<LI><a href="#[7e]">&gt;&gt;</a>&nbsp;&nbsp;&nbsp;syscon_set_sysclk_src
<LI><a href="#[80]">&gt;&gt;</a>&nbsp;&nbsp;&nbsp;syscon_set_ble_clk
<LI><a href="#[81]">&gt;&gt;</a>&nbsp;&nbsp;&nbsp;syscon_set_apb_clk
<LI><a href="#[7f]">&gt;&gt;</a>&nbsp;&nbsp;&nbsp;syscon_set_ahb_clk
</UL>

<P><STRONG><a name="[39]"></a>atts_req_error_ind_handler_patch</STRONG> (Thumb, 58 bytes, Stack size 16 bytes, lib.o(i.atts_req_error_ind_handler_patch))
<BR><BR>[Stack]<UL><LI>Max Depth = 16<LI>Call Chain = atts_req_error_ind_handler_patch
</UL>
<BR>[Address Reference Count : 1]<UL><LI> lib.o(i.task_gatt_desc_register)
</UL>
<P><STRONG><a name="[102]"></a>cal_cal_SetCAL0WithMask</STRONG> (Thumb, 12 bytes, Stack size 0 bytes, lib.o(i.cal_cal_SetCAL0WithMask))
<BR><BR>[Called By]<UL><LI><a href="#[100]">&gt;&gt;</a>&nbsp;&nbsp;&nbsp;powerup_calibration
</UL>

<P><STRONG><a name="[103]"></a>cal_cal_SetCAL1WithMask</STRONG> (Thumb, 12 bytes, Stack size 0 bytes, lib.o(i.cal_cal_SetCAL1WithMask))
<BR><BR>[Called By]<UL><LI><a href="#[100]">&gt;&gt;</a>&nbsp;&nbsp;&nbsp;powerup_calibration
</UL>

<P><STRONG><a name="[34]"></a>default_enter_sleep_cb</STRONG> (Thumb, 34 bytes, Stack size 8 bytes, lib.o(i.default_enter_sleep_cb))
<BR><BR>[Stack]<UL><LI>Max Depth = 8<LI>Call Chain = default_enter_sleep_cb
</UL>
<BR>[Address Reference Count : 1]<UL><LI> lib.o(i.plf_init)
</UL>
<P><STRONG><a name="[35]"></a>default_exit_sleep_cb</STRONG> (Thumb, 20 bytes, Stack size 8 bytes, lib.o(i.default_exit_sleep_cb))
<BR><BR>[Stack]<UL><LI>Max Depth = 8<LI>Call Chain = default_exit_sleep_cb
</UL>
<BR>[Called By]<UL><LI><a href="#[d]">&gt;&gt;</a>&nbsp;&nbsp;&nbsp;BLE_IRQHandler
</UL>
<BR>[Address Reference Count : 1]<UL><LI> lib.o(i.plf_init)
</UL>
<P><STRONG><a name="[e8]"></a>delay</STRONG> (Thumb, 16 bytes, Stack size 0 bytes, lib.o(i.delay))
<BR><BR>[Called By]<UL><LI><a href="#[e7]">&gt;&gt;</a>&nbsp;&nbsp;&nbsp;flash_on
<LI><a href="#[100]">&gt;&gt;</a>&nbsp;&nbsp;&nbsp;powerup_calibration
</UL>

<P><STRONG><a name="[ff]"></a>dp_dp_SetRegWithMask</STRONG> (Thumb, 16 bytes, Stack size 0 bytes, lib.o(i.dp_dp_SetRegWithMask))
<BR><BR>[Called By]<UL><LI><a href="#[f7]">&gt;&gt;</a>&nbsp;&nbsp;&nbsp;plf_init
<LI><a href="#[e6]">&gt;&gt;</a>&nbsp;&nbsp;&nbsp;sleep_post_process
<LI><a href="#[106]">&gt;&gt;</a>&nbsp;&nbsp;&nbsp;restore_ble_setting
<LI><a href="#[100]">&gt;&gt;</a>&nbsp;&nbsp;&nbsp;powerup_calibration
</UL>

<P><STRONG><a name="[e7]"></a>flash_on</STRONG> (Thumb, 28 bytes, Stack size 8 bytes, lib.o(i.flash_on))
<BR><BR>[Stack]<UL><LI>Max Depth = 8<LI>Call Chain = flash_on
</UL>
<BR>[Calls]<UL><LI><a href="#[e8]">&gt;&gt;</a>&nbsp;&nbsp;&nbsp;delay
</UL>
<BR>[Called By]<UL><LI><a href="#[f7]">&gt;&gt;</a>&nbsp;&nbsp;&nbsp;plf_init
<LI><a href="#[fd]">&gt;&gt;</a>&nbsp;&nbsp;&nbsp;nvds_restore_backup
<LI><a href="#[31]">&gt;&gt;</a>&nbsp;&nbsp;&nbsp;nvds_erase
</UL>

<P><STRONG><a name="[2c]"></a>gap_discon_ind_handler_patch</STRONG> (Thumb, 128 bytes, Stack size 40 bytes, lib.o(i.gap_discon_ind_handler_patch))
<BR><BR>[Stack]<UL><LI>Max Depth = 40<LI>Call Chain = gap_discon_ind_handler_patch
</UL>
<BR>[Address Reference Count : 1]<UL><LI> lib.o(i.ble_init)
</UL>
<P><STRONG><a name="[37]"></a>gatt_read_char_req_handler_patch</STRONG> (Thumb, 58 bytes, Stack size 40 bytes, lib.o(i.gatt_read_char_req_handler_patch))
<BR><BR>[Stack]<UL><LI>Max Depth = 40<LI>Call Chain = gatt_read_char_req_handler_patch
</UL>
<BR>[Address Reference Count : 1]<UL><LI> lib.o(i.task_gatt_desc_register)
</UL>
<P><STRONG><a name="[38]"></a>gatt_write_char_req_handler_patch</STRONG> (Thumb, 222 bytes, Stack size 40 bytes, lib.o(i.gatt_write_char_req_handler_patch))
<BR><BR>[Stack]<UL><LI>Max Depth = 40<LI>Call Chain = gatt_write_char_req_handler_patch
</UL>
<BR>[Calls]<UL><LI><a href="#[90]">&gt;&gt;</a>&nbsp;&nbsp;&nbsp;__aeabi_memcpy
</UL>
<BR>[Address Reference Count : 1]<UL><LI> lib.o(i.task_gatt_desc_register)
</UL>
<P><STRONG><a name="[2b]"></a>l2cc_data_packet_ind_handler_patch</STRONG> (Thumb, 78 bytes, Stack size 24 bytes, lib.o(i.l2cc_data_packet_ind_handler_patch))
<BR><BR>[Stack]<UL><LI>Max Depth = 24<LI>Call Chain = l2cc_data_packet_ind_handler_patch
</UL>
<BR>[Calls]<UL><LI><a href="#[90]">&gt;&gt;</a>&nbsp;&nbsp;&nbsp;__aeabi_memcpy
<LI><a href="#[f3]">&gt;&gt;</a>&nbsp;&nbsp;&nbsp;co_buf_rx_get
</UL>
<BR>[Address Reference Count : 1]<UL><LI> lib.o(i.ble_init)
</UL>
<P><STRONG><a name="[3a]"></a>l2cc_data_send_rsp_handler_patch</STRONG> (Thumb, 64 bytes, Stack size 16 bytes, lib.o(i.l2cc_data_send_rsp_handler_patch))
<BR><BR>[Stack]<UL><LI>Max Depth = 16<LI>Call Chain = l2cc_data_send_rsp_handler_patch
</UL>
<BR>[Address Reference Count : 1]<UL><LI> lib.o(i.task_gatt_desc_register)
</UL>
<P><STRONG><a name="[33]"></a>lld_sleep_lpcycles_2_us</STRONG> (Thumb, 50 bytes, Stack size 8 bytes, lib.o(i.lld_sleep_lpcycles_2_us))
<BR><BR>[Stack]<UL><LI>Max Depth = 8<LI>Call Chain = lld_sleep_lpcycles_2_us
</UL>
<BR>[Calls]<UL><LI><a href="#[f6]">&gt;&gt;</a>&nbsp;&nbsp;&nbsp;__aeabi_lmul
</UL>
<BR>[Address Reference Count : 1]<UL><LI> lib.o(i.plf_init)
</UL>
<P><STRONG><a name="[fc]"></a>nvds_copy</STRONG> (Thumb, 82 bytes, Stack size 24 bytes, lib.o(i.nvds_copy))
<BR><BR>[Stack]<UL><LI>Max Depth = 24<LI>Call Chain = nvds_copy
</UL>
<BR>[Called By]<UL><LI><a href="#[fd]">&gt;&gt;</a>&nbsp;&nbsp;&nbsp;nvds_restore_backup
<LI><a href="#[31]">&gt;&gt;</a>&nbsp;&nbsp;&nbsp;nvds_erase
</UL>

<P><STRONG><a name="[31]"></a>nvds_erase</STRONG> (Thumb, 44 bytes, Stack size 16 bytes, lib.o(i.nvds_erase))
<BR><BR>[Stack]<UL><LI>Max Depth = 48<LI>Call Chain = nvds_erase &rArr; nvds_write
</UL>
<BR>[Calls]<UL><LI><a href="#[e7]">&gt;&gt;</a>&nbsp;&nbsp;&nbsp;flash_on
<LI><a href="#[30]">&gt;&gt;</a>&nbsp;&nbsp;&nbsp;nvds_write
<LI><a href="#[fc]">&gt;&gt;</a>&nbsp;&nbsp;&nbsp;nvds_copy
</UL>
<BR>[Address Reference Count : 1]<UL><LI> lib.o(i.plf_init)
</UL>
<P><STRONG><a name="[fd]"></a>nvds_restore_backup</STRONG> (Thumb, 98 bytes, Stack size 16 bytes, lib.o(i.nvds_restore_backup))
<BR><BR>[Stack]<UL><LI>Max Depth = 40<LI>Call Chain = nvds_restore_backup &rArr; nvds_copy
</UL>
<BR>[Calls]<UL><LI><a href="#[e7]">&gt;&gt;</a>&nbsp;&nbsp;&nbsp;flash_on
<LI><a href="#[fe]">&gt;&gt;</a>&nbsp;&nbsp;&nbsp;memcmp
<LI><a href="#[fc]">&gt;&gt;</a>&nbsp;&nbsp;&nbsp;nvds_copy
</UL>
<BR>[Called By]<UL><LI><a href="#[f7]">&gt;&gt;</a>&nbsp;&nbsp;&nbsp;plf_init
</UL>

<P><STRONG><a name="[30]"></a>nvds_write</STRONG> (Thumb, 80 bytes, Stack size 32 bytes, lib.o(i.nvds_write))
<BR><BR>[Stack]<UL><LI>Max Depth = 32<LI>Call Chain = nvds_write
</UL>
<BR>[Called By]<UL><LI><a href="#[31]">&gt;&gt;</a>&nbsp;&nbsp;&nbsp;nvds_erase
</UL>
<BR>[Address Reference Count : 1]<UL><LI> lib.o(i.plf_init)
</UL>
<P><STRONG><a name="[36]"></a>plf_reset_cb</STRONG> (Thumb, 12 bytes, Stack size 0 bytes, lib.o(i.plf_reset_cb))
<BR>[Address Reference Count : 1]<UL><LI> lib.o(i.plf_init)
</UL>
<P><STRONG><a name="[100]"></a>powerup_calibration</STRONG> (Thumb, 280 bytes, Stack size 24 bytes, lib.o(i.powerup_calibration))
<BR><BR>[Stack]<UL><LI>Max Depth = 48<LI>Call Chain = powerup_calibration &rArr; rf_enable
</UL>
<BR>[Calls]<UL><LI><a href="#[ff]">&gt;&gt;</a>&nbsp;&nbsp;&nbsp;dp_dp_SetRegWithMask
<LI><a href="#[e8]">&gt;&gt;</a>&nbsp;&nbsp;&nbsp;delay
<LI><a href="#[103]">&gt;&gt;</a>&nbsp;&nbsp;&nbsp;cal_cal_SetCAL1WithMask
<LI><a href="#[102]">&gt;&gt;</a>&nbsp;&nbsp;&nbsp;cal_cal_SetCAL0WithMask
<LI><a href="#[104]">&gt;&gt;</a>&nbsp;&nbsp;&nbsp;rf_enable_sw_set_freq
<LI><a href="#[105]">&gt;&gt;</a>&nbsp;&nbsp;&nbsp;rf_enable
<LI><a href="#[db]">&gt;&gt;</a>&nbsp;&nbsp;&nbsp;syscon_SetPGCR1WithMask
</UL>
<BR>[Called By]<UL><LI><a href="#[f7]">&gt;&gt;</a>&nbsp;&nbsp;&nbsp;plf_init
</UL>

<P><STRONG><a name="[da]"></a>syscon_SetIvrefX32WithMask</STRONG> (Thumb, 14 bytes, Stack size 0 bytes, lib.o(i.syscon_SetIvrefX32WithMask))
<BR><BR>[Called By]<UL><LI><a href="#[f7]">&gt;&gt;</a>&nbsp;&nbsp;&nbsp;plf_init
<LI><a href="#[d9]">&gt;&gt;</a>&nbsp;&nbsp;&nbsp;dc_dc_enable
</UL>

<P><STRONG><a name="[db]"></a>syscon_SetPGCR1WithMask</STRONG> (Thumb, 14 bytes, Stack size 0 bytes, lib.o(i.syscon_SetPGCR1WithMask))
<BR><BR>[Called By]<UL><LI><a href="#[f7]">&gt;&gt;</a>&nbsp;&nbsp;&nbsp;plf_init
<LI><a href="#[d9]">&gt;&gt;</a>&nbsp;&nbsp;&nbsp;dc_dc_enable
<LI><a href="#[e6]">&gt;&gt;</a>&nbsp;&nbsp;&nbsp;sleep_post_process
<LI><a href="#[100]">&gt;&gt;</a>&nbsp;&nbsp;&nbsp;powerup_calibration
</UL>

<P><STRONG><a name="[cb]"></a>task_gatt_desc_register</STRONG> (Thumb, 124 bytes, Stack size 40 bytes, lib.o(i.task_gatt_desc_register))
<BR><BR>[Stack]<UL><LI>Max Depth = 40<LI>Call Chain = task_gatt_desc_register
</UL>
<BR>[Calls]<UL><LI><a href="#[bf]">&gt;&gt;</a>&nbsp;&nbsp;&nbsp;__aeabi_memcpy4
</UL>
<BR>[Called By]<UL><LI><a href="#[ca]">&gt;&gt;</a>&nbsp;&nbsp;&nbsp;ble_init
</UL>

<P><STRONG><a name="[107]"></a>dp_dp_SetRegWithMask</STRONG> (Thumb, 16 bytes, Stack size 0 bytes, qnrf.o(i.dp_dp_SetRegWithMask))
<BR><BR>[Called By]<UL><LI><a href="#[105]">&gt;&gt;</a>&nbsp;&nbsp;&nbsp;rf_enable
</UL>

<P><STRONG><a name="[8b]"></a>_printf_core</STRONG> (Thumb, 1020 bytes, Stack size 104 bytes, printf8.o(i._printf_core), UNUSED)
<BR><BR>[Calls]<UL><LI><a href="#[8c]">&gt;&gt;</a>&nbsp;&nbsp;&nbsp;_printf_pre_padding
<LI><a href="#[8d]">&gt;&gt;</a>&nbsp;&nbsp;&nbsp;_printf_post_padding
<LI><a href="#[8e]">&gt;&gt;</a>&nbsp;&nbsp;&nbsp;__aeabi_uldivmod
</UL>
<BR>[Called By]<UL><LI><a href="#[8a]">&gt;&gt;</a>&nbsp;&nbsp;&nbsp;__0printf$8
</UL>

<P><STRONG><a name="[8d]"></a>_printf_post_padding</STRONG> (Thumb, 32 bytes, Stack size 24 bytes, printf8.o(i._printf_post_padding), UNUSED)
<BR><BR>[Called By]<UL><LI><a href="#[8b]">&gt;&gt;</a>&nbsp;&nbsp;&nbsp;_printf_core
</UL>

<P><STRONG><a name="[8c]"></a>_printf_pre_padding</STRONG> (Thumb, 44 bytes, Stack size 40 bytes, printf8.o(i._printf_pre_padding), UNUSED)
<BR><BR>[Called By]<UL><LI><a href="#[8b]">&gt;&gt;</a>&nbsp;&nbsp;&nbsp;_printf_core
</UL>
<P>
<H3>
Undefined Global Symbols
</H3><HR></body></html>
