Component: ARM Compiler 5.05 update 1 (build 106) Tool: armlink [4d0efa]

==============================================================================

Section Cross References

    startup.o(RESET) refers to startup.o(STACK) for __initial_sp
    startup.o(RESET) refers to startup.o(.text) for Reset_Handler
    startup.o(RESET) refers to gpio.o(i.GPIO_IRQHandler) for GPIO_IRQHandler
    startup.o(RESET) refers to analog.o(i.COMPARATOR0_IRQHandler) for COMPARATOR0_IRQHandler
    startup.o(RESET) refers to analog.o(i.COMPARATOR1_IRQHandler) for COMPARATOR1_IRQHandler
    startup.o(RESET) refers to lib.o(i.BLE_IRQHandler) for BLE_IRQHandler
    startup.o(RESET) refers to sleep.o(i.OSC_EN_IRQHandler) for OSC_EN_IRQHandler
    startup.o(RESET) refers to adc.o(i.ADC_IRQHandler) for ADC_IRQHandler
    startup.o(RESET) refers to uart.o(i.UART0_TX_IRQHandler) for UART0_TX_IRQHandler
    startup.o(RESET) refers to uart.o(i.UART0_RX_IRQHandler) for UART0_RX_IRQHandler
    startup.o(RESET) refers to i2c.o(i.I2C_IRQHandler) for I2C_IRQHandler
    startup.o(RESET) refers to timer.o(i.TIMER0_IRQHandler) for TIMER0_IRQHandler
    startup.o(RESET) refers to timer.o(i.TIMER1_IRQHandler) for TIMER1_IRQHandler
    startup.o(RESET) refers to timer.o(i.TIMER2_IRQHandler) for TIMER2_IRQHandler
    startup.o(RESET) refers to timer.o(i.TIMER3_IRQHandler) for TIMER3_IRQHandler
    startup.o(RESET) refers to wdt.o(i.WDT_IRQHandler) for WDT_IRQHandler
    startup.o(.text) refers to entry.o(.ARM.Collect$$$$00000000) for __main
    app_main.o(i.assert_err) refers to printf8.o(i.__0printf$8) for __2printf
    app_main.o(i.assert_warn) refers to printf8.o(i.__0printf$8) for __2printf
    app_main.o(i.main) refers to lib.o(i.dc_dc_enable) for dc_dc_enable
    app_main.o(i.main) refers to lib.o(i.plf_init) for plf_init
    app_main.o(i.main) refers to system.o(i.SystemInit) for SystemInit
    app_main.o(i.main) refers to lib.o(i.ble_init) for ble_init
    app_main.o(i.main) refers to app_env.o(i.app_init) for app_init
    app_main.o(i.main) refers to usr_design.o(i.usr_init) for usr_init
    app_main.o(i.main) refers to sleep.o(i.sleep_init) for sleep_init
    app_main.o(i.main) refers to sleep.o(i.wakeup_by_sleep_timer) for wakeup_by_sleep_timer
    app_main.o(i.main) refers to lib.o(i.ke_schedule) for ke_schedule
    app_main.o(i.main) refers to app_util.o(i.app_get_local_service_flag) for app_get_local_service_flag
    app_main.o(i.main) refers to app_util.o(i.app_set_scan_rsp_data) for app_set_scan_rsp_data
    app_main.o(i.main) refers to app_util.o(i.app_set_adv_data) for app_set_adv_data
    app_main.o(i.main) refers to app_gap.o(i.app_gap_adv_start_req) for app_gap_adv_start_req
    app_main.o(i.main) refers to sleep.o(i.usr_sleep) for usr_sleep
    app_main.o(i.main) refers to lib.o(i.ble_sleep) for ble_sleep
    app_main.o(i.main) refers to led.o(i.led_set) for led_set
    app_main.o(i.main) refers to sleep.o(i.enter_sleep) for enter_sleep
    app_main.o(i.main) refers to prf_utils.o(i.prf_init) for prf_init
    app_main.o(i.main) refers to prf_utils.o(i.prf_dispatch_disconnect) for prf_dispatch_disconnect
    app_main.o(i.main) refers to app_main.o(.bss) for .bss
    app_main.o(i.main) refers to app_env.o(.bss) for app_env
    app_main.o(i.main) refers to sleep.o(.data) for sleep_env
    app_main.o(i.main) refers to sleep.o(i.sleep_cb) for sleep_cb
    system.o(i.SystemInit) refers to system.o(i.timer_clock_off) for timer_clock_off
    system.o(i.SystemInit) refers to system.o(i.uart_clock_off) for uart_clock_off
    system.o(i.SystemInit) refers to system.o(i.spi_clock_off) for spi_clock_off
    system.o(i.SystemInit) refers to syscon.o(i.syscon_set_sysclk_src) for syscon_set_sysclk_src
    system.o(i.SystemInit) refers to syscon.o(i.syscon_set_ahb_clk) for syscon_set_ahb_clk
    system.o(i.SystemInit) refers to syscon.o(i.syscon_set_ble_clk) for syscon_set_ble_clk
    system.o(i.SystemInit) refers to syscon.o(i.syscon_set_apb_clk) for syscon_set_apb_clk
    system.o(i.SystemInit) refers to syscon.o(i.syscon_set_timer_clk) for syscon_set_timer_clk
    system.o(i.SystemInit) refers to syscon.o(i.syscon_set_usart_clk) for syscon_set_usart_clk
    system.o(i.SystemInit) refers to gpio.o(i.gpio_init) for gpio_init
    system.o(i.SystemInit) refers to button.o(i.button_init) for button_init
    system.o(i.SystemInit) refers to accel_lib.o(i.accel_gpio_init) for accel_gpio_init
    system.o(i.SystemInit) refers to system.o(i.analog_pin_enable) for analog_pin_enable
    system.o(i.SystemInit) refers to uart.o(i.uart_init) for uart_init
    system.o(i.SystemInit) refers to usr_design.o(i.gpio_interrupt_callback) for gpio_interrupt_callback
    usr_design.o(i.app_button_timer_handler) refers to gpio.o(i.gpio_read_pin) for gpio_read_pin
    usr_design.o(i.app_button_timer_handler) refers to app_main.o(i.assert_err) for assert_err
[...]
    i.syscon_SetIvrefX32WithMask             0x100051e6   Section        0  lib.o(i.syscon_SetIvrefX32WithMask)
    syscon_SetIvrefX32WithMask               0x100051e7   Thumb Code    14  lib.o(i.syscon_SetIvrefX32WithMask)
    i.syscon_SetPGCR0WithMask                0x100051f4   Section        0  sleep.o(i.syscon_SetPGCR0WithMask)
    syscon_SetPGCR0WithMask                  0x100051f5   Thumb Code    14  sleep.o(i.syscon_SetPGCR0WithMask)
    i.syscon_SetPGCR1WithMask                0x10005202   Section        0  sleep.o(i.syscon_SetPGCR1WithMask)
    syscon_SetPGCR1WithMask                  0x10005203   Thumb Code    14  sleep.o(i.syscon_SetPGCR1WithMask)
    i.syscon_SetPGCR1WithMask                0x10005210   Section        0  lib.o(i.syscon_SetPGCR1WithMask)
    syscon_SetPGCR1WithMask                  0x10005211   Thumb Code    14  lib.o(i.syscon_SetPGCR1WithMask)
    i.syscon_SetPGCR2WithMask                0x1000521e   Section        0  sleep.o(i.syscon_SetPGCR2WithMask)
    syscon_SetPGCR2WithMask                  0x1000521f   Thumb Code    14  sleep.o(i.syscon_SetPGCR2WithMask)
    i.syscon_set_ahb_clk                     0x1000522c   Section        0  syscon.o(i.syscon_set_ahb_clk)
    i.syscon_set_apb_clk                     0x10005264   Section        0  syscon.o(i.syscon_set_apb_clk)
    i.syscon_set_ble_clk                     0x10005298   Section        0  syscon.o(i.syscon_set_ble_clk)
    i.syscon_set_sysclk_src                  0x100052d8   Section        0  syscon.o(i.syscon_set_sysclk_src)
    i.syscon_set_timer_clk                   0x10005390   Section        0  syscon.o(i.syscon_set_timer_clk)
    i.syscon_set_usart_clk                   0x100053bc   Section        0  syscon.o(i.syscon_set_usart_clk)
    i.task_app_desc_register                 0x1000542c   Section        0  app_task.o(i.task_app_desc_register)
    i.task_gatt_desc_register                0x10005464   Section        0  lib.o(i.task_gatt_desc_register)
    task_gatt_desc_register                  0x10005465   Thumb Code   124  lib.o(i.task_gatt_desc_register)
    i.task_qpps_desc_register                0x10005528   Section        0  qpps_task.o(i.task_qpps_desc_register)
    i.temp_sensor_enable                     0x10005560   Section        0  analog.o(i.temp_sensor_enable)
    i.timer_clock_off                        0x100055b4   Section        0  system.o(i.timer_clock_off)
    timer_clock_off                          0x100055b5   Thumb Code    52  system.o(i.timer_clock_off)
    i.uart_check_tx_free                     0x100055f8   Section        0  uart.o(i.uart_check_tx_free)
    i.uart_clock_off                         0x10005630   Section        0  system.o(i.uart_clock_off)
    uart_clock_off                           0x10005631   Thumb Code    34  system.o(i.uart_clock_off)
    i.uart_init                              0x1000565c   Section        0  uart.o(i.uart_init)
    i.uart_tx_int_enable                     0x100056dc   Section        0  uart.o(i.uart_tx_int_enable)
    uart_tx_int_enable                       0x100056dd   Thumb Code    46  uart.o(i.uart_tx_int_enable)
    i.usr_button1_cb                         0x10005714   Section        0  usr_design.o(i.usr_button1_cb)
    i.usr_init                               0x10005744   Section        0  usr_design.o(i.usr_init)
    i.usr_sleep                              0x100057d4   Section        0  sleep.o(i.usr_sleep)
    i.usr_sleep_restore                      0x1000582c   Section        0  usr_design.o(i.usr_sleep_restore)
    i.wakeup_32k_xtal_start_timer            0x10005864   Section        0  sleep.o(i.wakeup_32k_xtal_start_timer)
    i.wakeup_32k_xtal_switch_clk             0x10005878   Section        0  sleep.o(i.wakeup_32k_xtal_switch_clk)
    i.wakeup_by_sleep_timer                  0x100058c8   Section        0  sleep.o(i.wakeup_by_sleep_timer)
    i.wdt_irq_clear                          0x1000592c   Section        0  wdt.o(i.wdt_irq_clear)
    .constdata                               0x1000594c   Section      296  app_task.o(.constdata)
    .constdata                               0x10005a74   Section       48  app_task.o(.constdata)
    .constdata                               0x10005aa4   Section       51  uart.o(.constdata)
    .constdata                               0x10005ad8   Section       16  lib.o(.constdata)
    .constdata                               0x10005ae8   Section      140  qpps.o(.constdata)
    .constdata                               0x10005b74   Section       16  qpps.o(.constdata)
    .constdata                               0x10005b84   Section       19  qpps.o(.constdata)
    .constdata                               0x10005b97   Section       19  qpps.o(.constdata)
    .constdata                               0x10005bac   Section        8  qpps_task.o(.constdata)
    .constdata                               0x10005bb4   Section        8  qpps_task.o(.constdata)
    .constdata                               0x10005bbc   Section       24  qpps_task.o(.constdata)
    .constdata                               0x10005bd4   Section        8  qpps_task.o(.constdata)
    .constdata                               0x10005bdc   Section       51  qpps_task.o(.constdata)
    .constdata                               0x10005c0f   Section      129  ctype_o.o(.constdata)
    .constdata                               0x10005c90   Section        4  ctype_o.o(.constdata)
    table                                    0x10005c90   Data           4  ctype_o.o(.constdata)
    .conststring                             0x10005c94   Section      214  app_gap_task.o(.conststring)
    .conststring                             0x10005d6c   Section      173  app_smp_task.o(.conststring)
    .conststring                             0x10005e19   Section       30  qpps.o(.conststring)
    .conststrlit                             0x10005e37   Section       20  qpps.o(.conststrlit)
    .data                                    0x10005e5c   Section        4  protocol_lib.o(.data)
    .data                                    0x10005e60   Section        4  adc_lib.o(.data)
    .data                                    0x10005e64   Section       30  pedometer_lib.o(.data)
    .data                                    0x10005e82   Section        2  app_task.o(.data)
    .data                                    0x10005e84   Section        4  app_qpps_task.o(.data)
    .data                                    0x10005e88   Section        4  gpio.o(.data)
    gpio_env                                 0x10005e88   Data           4  gpio.o(.data)
    .data                                    0x10005e8c   Section       28  sleep.o(.data)
    .data                                    0x10005ea8   Section       12  syscon.o(.data)
    .data                                    0x10005eb4   Section        4  wdt.o(.data)
    .data                                    0x10005eb8   Section       32  timer.o(.data)
    .data                                    0x10005ed8   Section       12  adc.o(.data)
    ADC_VCM_flag                             0x10005ed8   Data           1  adc.o(.data)
    adc_offset_get_done                      0x10005ed9   Data           1  adc.o(.data)
    scan_ch_num                              0x10005eda   Data           1  adc.o(.data)
    ADC_SCALE                                0x10005edc   Data           2  adc.o(.data)
    ADC_VCM                                  0x10005ede   Data           2  adc.o(.data)
    ADC_OFFSET                               0x10005ee0   Data           2  adc.o(.data)
    ADC_VREF                                 0x10005ee2   Data           2  adc.o(.data)
    .data                                    0x10005ee4   Section       12  analog.o(.data)
    acmp_env0                                0x10005ee8   Data           4  analog.o(.data)
    acmp_env1                                0x10005eec   Data           4  analog.o(.data)
    .data                                    0x10005ef0   Section        4  retarget.o(.data)
    .data                                    0x10005ef4   Section       32  lib.o(.data)
    ext_ctrl                                 0x10005ef4   Data           1  lib.o(.data)
    acc                                      0x10005ef5   Data           1  lib.o(.data)
    dc_dc_flag                               0x10005ef6   Data           1  lib.o(.data)
    l2cm_default_handler                     0x10005f04   Data           8  lib.o(.data)
    gatt_default_handler_new                 0x10005f0c   Data           8  lib.o(.data)
    .data                                    0x10005f14   Section        2  qpps_task.o(.data)
    .data                                    0x10005f18   Section        4  rand.o(.data)
    _rand_state                              0x10005f18   Data           4  rand.o(.data)
    .data                                    0x10005f1c   Section        4  mvars.o(.data)
    .data                                    0x10005f20   Section        4  mvars.o(.data)
    .data                                    0x10005f24   Section        4  errno.o(.data)
    _errno                                   0x10005f24   Data           4  errno.o(.data)
    .bss                                     0x10005f28   Section     2460  app_main.o(.bss)
    ble_heap                                 0x10005f28   Data        2460  app_main.o(.bss)
    .bss                                     0x100068c4   Section       30  protocol_lib.o(.bss)
    .bss                                     0x100068e2   Section      256  adc_lib.o(.bss)
    .bss                                     0x100069e4   Section      248  app_env.o(.bss)
    .bss                                     0x10006adc   Section       48  uart.o(.bss)
    uart0_env                                0x10006adc   Data          24  uart.o(.bss)
    uart1_env                                0x10006af4   Data          24  uart.o(.bss)
    .bss                                     0x10006b0c   Section       20  i2c.o(.bss)
    i2c_env                                  0x10006b0c   Data          20  i2c.o(.bss)
    .bss                                     0x10006b20   Section       20  adc.o(.bss)
    adc_env                                  0x10006b20   Data          20  adc.o(.bss)
    .bss                                     0x10006b34   Section      928  lib.o(.bss)
    gatt_state_handler_new                   0x10006b34   Data          16  lib.o(.bss)
    atts_resource_init_state_new             0x10006b44   Data          32  lib.o(.bss)
    atts_state_handler_new                   0x10006b64   Data          24  lib.o(.bss)
    nvds_temp_buff                           0x10006b7c   Data         256  lib.o(.bss)
    l2cm_default_state_new                   0x10006c7c   Data          72  lib.o(.bss)
    gatt_default_state_new                   0x10006dc4   Data         272  lib.o(.bss)
    .bss                                     0x10006ed4   Section       16  qpps.o(.bss)
    HEAP                                     0x10006ee8   Section        0  startup.o(HEAP)
    STACK                                    0x10006ee8   Section      512  startup.o(STACK)

    Global Symbols

    Symbol Name                              Value     Ov Type        Size  Object(Section)

    BuildAttributes$$THM_ISAv3M$S$PE$A:L22$X:L11$S22$IEEE1$IW$USESV6$~STKCKD$USESV7$~SHL$OSPACE$ROPI$EBA8$MICROLIB$REQ8$PRES8$EABIv2 0x00000000   Number         0  anon$$obj.o ABSOLUTE
    __ARM_use_no_argv                        0x00000000   Number         0  app_main.o ABSOLUTE
    __use_no_errno                           0x00000000   Number         0  useno.o ABSOLUTE
    __use_no_exception_handling              0x00000000   Number         0  useno.o ABSOLUTE
    __use_no_fp                              0x00000000   Number         0  useno.o ABSOLUTE
    __use_no_heap                            0x00000000   Number         0  useno.o ABSOLUTE
    __use_no_heap_region                     0x00000000   Number         0  useno.o ABSOLUTE
    __use_no_semihosting                     0x00000000   Number         0  useno.o ABSOLUTE
    __use_no_semihosting_swi                 0x00000000   Number         0  useno.o ABSOLUTE
    __use_no_signal_handling                 0x00000000   Number         0  useno.o ABSOLUTE
    _printf_a                                0x00000000   Number         0  stubs.o ABSOLUTE
    _printf_c                                0x00000000   Number         0  stubs.o ABSOLUTE
    _printf_charcount                        0x00000000   Number         0  stubs.o ABSOLUTE
    _printf_d                                0x00000000   Number         0  stubs.o ABSOLUTE
    _printf_e                                0x00000000   Number         0  stubs.o ABSOLUTE
    _printf_f                                0x00000000   Number         0  stubs.o ABSOLUTE
    _printf_flags                            0x00000000   Number         0  stubs.o ABSOLUTE
    _printf_fp_dec                           0x00000000   Number         0  stubs.o ABSOLUTE
    _printf_fp_hex                           0x00000000   Number         0  stubs.o ABSOLUTE
    _printf_g                                0x00000000   Number         0  stubs.o ABSOLUTE
    _printf_i                                0x00000000   Number         0  stubs.o ABSOLUTE
    _printf_int_dec                          0x00000000   Number         0  stubs.o ABSOLUTE
    _printf_l                                0x00000000   Number         0  stubs.o ABSOLUTE
    _printf_lc                               0x00000000   Number         0  stubs.o ABSOLUTE
    _printf_ll                               0x00000000   Number         0  stubs.o ABSOLUTE
    _printf_lld                              0x00000000   Number         0  stubs.o ABSOLUTE
    _printf_lli                              0x00000000   Number         0  stubs.o ABSOLUTE
    _printf_llo                              0x00000000   Number         0  stubs.o ABSOLUTE
    _printf_llu                              0x00000000   Number         0  stubs.o ABSOLUTE
    _printf_llx                              0x00000000   Number         0  stubs.o ABSOLUTE
    _printf_longlong_dec                     0x00000000   Number         0  stubs.o ABSOLUTE
    _printf_longlong_hex                     0x00000000   Number         0  stubs.o ABSOLUTE
    _printf_longlong_oct                     0x00000000   Number         0  stubs.o ABSOLUTE
    _printf_ls                               0x00000000   Number         0  stubs.o ABSOLUTE
    _printf_mbtowc                           0x00000000   Number         0  stubs.o ABSOLUTE
    _printf_n                                0x00000000   Number         0  stubs.o ABSOLUTE
    _printf_o                                0x00000000   Number         0  stubs.o ABSOLUTE
    _printf_p                                0x00000000   Number         0  stubs.o ABSOLUTE
    _printf_percent                          0x00000000   Number         0  stubs.o ABSOLUTE
    _printf_pre_padding                      0x00000000   Number         0  stubs.o ABSOLUTE
    _printf_return_value                     0x00000000   Number         0  stubs.o ABSOLUTE
    _printf_s                                0x00000000   Number         0  stubs.o ABSOLUTE
    _printf_sizespec                         0x00000000   Number         0  stubs.o ABSOLUTE
    _printf_str                              0x00000000   Number         0  stubs.o ABSOLUTE
    _printf_truncate_signed                  0x00000000   Number         0  stubs.o ABSOLUTE
    _printf_truncate_unsigned                0x00000000   Number         0  stubs.o ABSOLUTE
    _printf_u                                0x00000000   Number         0  stubs.o ABSOLUTE
    _printf_wc                               0x00000000   Number         0  stubs.o ABSOLUTE
    _printf_wctomb                           0x00000000   Number         0  stubs.o ABSOLUTE
    _printf_widthprec                        0x00000000   Number         0  stubs.o ABSOLUTE
    _printf_x                                0x00000000   Number         0  stubs.o ABSOLUTE
    __cpp_initialize__aeabi_                  - Undefined Weak Reference
    __cxa_finalize                            - Undefined Weak Reference
    __decompress                              - Undefined Weak Reference
    _clock_init                               - Undefined Weak Reference
    _microlib_exit                            - Undefined Weak Reference
    __Vectors_Size                           0x000000c0   Number         0  startup.o ABSOLUTE
    __Vectors                                0x10000000   Data           4  startup.o(RESET)
    __Vectors_End                            0x100000c0   Data           0  startup.o(RESET)
    __main                                   0x100000c1   Thumb Code     0  entry.o(.ARM.Collect$$$$00000000)
    _main_stk                                0x100000c1   Thumb Code     0  entry2.o(.ARM.Collect$$$$00000001)
    _main_scatterload                        0x100000c5   Thumb Code     0  entry5.o(.ARM.Collect$$$$00000004)
    __main_after_scatterload                 0x100000c9   Thumb Code     0  entry5.o(.ARM.Collect$$$$00000004)
    _main_clock                              0x100000c9   Thumb Code     0  entry7b.o(.ARM.Collect$$$$00000008)
    _main_cpp_init                           0x100000c9   Thumb Code     0  entry8b.o(.ARM.Collect$$$$0000000A)
    _main_init                               0x100000c9   Thumb Code     0  entry9a.o(.ARM.Collect$$$$0000000B)
    __rt_final_cpp                           0x100000d1   Thumb Code     0  entry10a.o(.ARM.Collect$$$$0000000D)
    __rt_final_exit                          0x100000d1   Thumb Code     0  entry11a.o(.ARM.Collect$$$$0000000F)
    Reset_Handler                            0x100000d5   Thumb Code    14  startup.o(.text)
    NMI_Handler                              0x100000e3   Thumb Code     2  startup.o(.text)
    HardFault_Handler                        0x100000e5   Thumb Code     2  startup.o(.text)
    MemManage_Handler                        0x100000e7   Thumb Code     2  startup.o(.text)
    BusFault_Handler                         0x100000e9   Thumb Code     2  startup.o(.text)
    UsageFault_Handler                       0x100000eb   Thumb Code     2  startup.o(.text)
    SVC_Handler                              0x100000ed   Thumb Code     2  startup.o(.text)
    DebugMon_Handler                         0x100000ef   Thumb Code     2  startup.o(.text)
    PendSV_Handler                           0x100000f1   Thumb Code     2  startup.o(.text)
    SysTick_Handler                          0x100000f3   Thumb Code     2  startup.o(.text)
    CALIB_IRQHandler                         0x100000f5   Thumb Code     0  startup.o(.text)
    DMA_IRQHandler                           0x100000f5   Thumb Code     0  startup.o(.text)
    PWM0_IRQHandler                          0x100000f5   Thumb Code     0  startup.o(.text)
    PWM1_IRQHandler                          0x100000f5   Thumb Code     0  startup.o(.text)
    RTC_CAP_IRQHandler                       0x100000f5   Thumb Code     0  startup.o(.text)
    RTC_IRQHandler                           0x100000f5   Thumb Code     0  startup.o(.text)
    SPI0_RX_IRQHandler                       0x100000f5   Thumb Code     0  startup.o(.text)
    SPI0_TX_IRQHandler                       0x100000f5   Thumb Code     0  startup.o(.text)
    SPI1_RX_IRQHandler                       0x100000f5   Thumb Code     0  startup.o(.text)
    SPI1_TX_IRQHandler                       0x100000f5   Thumb Code     0  startup.o(.text)
    TUNER_RX_IRQHandler                      0x100000f5   Thumb Code     0  startup.o(.text)
    TUNER_SETTING_IRQHandler                 0x100000f5   Thumb Code     0  startup.o(.text)
    TUNER_TX_IRQHandler                      0x100000f5   Thumb Code     0  startup.o(.text)
    UART1_RX_IRQHandler                      0x100000f5   Thumb Code     0  startup.o(.text)
    UART1_TX_IRQHandler                      0x100000f5   Thumb Code     0  startup.o(.text)
    __rd_ble_reg                             0x10000105   Thumb Code     4  math.o(.text)
    __wr_ble_reg                             0x10000109   Thumb Code     4  math.o(.text)
    __aeabi_lmul                             0x1000010d   Thumb Code   166  math.o(.text)
    __aeabi_uldivmod                         0x100001b3   Thumb Code   256  math.o(.text)
    __aeabi_uidiv                            0x100002b3   Thumb Code     0  uidiv.o(.text)
    __aeabi_uidivmod                         0x100002b3   Thumb Code    44  uidiv.o(.text)
    __aeabi_idiv                             0x100002df   Thumb Code     0  idiv.o(.text)
    __aeabi_idivmod                          0x100002df   Thumb Code    40  idiv.o(.text)
    __aeabi_lasr                             0x10000307   Thumb Code    38  llsshr.o(.text)
    _ll_sshift_r                             0x10000307   Thumb Code     0  llsshr.o(.text)
    rand                                     0x1000032d   Thumb Code    18  rand.o(.text)
    srand                                    0x1000033f   Thumb Code     6  rand.o(.text)
    __aeabi_memcpy                           0x10000351   Thumb Code    36  memcpya.o(.text)
    __aeabi_memcpy4                          0x10000351   Thumb Code     0  memcpya.o(.text)
    __aeabi_memcpy8                          0x10000351   Thumb Code     0  memcpya.o(.text)
    __aeabi_memset                           0x10000375   Thumb Code    14  memseta.o(.text)
    __aeabi_memset4                          0x10000375   Thumb Code     0  memseta.o(.text)
    __aeabi_memset8                          0x10000375   Thumb Code     0  memseta.o(.text)
    __aeabi_memclr                           0x10000383   Thumb Code     4  memseta.o(.text)
    __aeabi_memclr4                          0x10000383   Thumb Code     0  memseta.o(.text)
    __aeabi_memclr8                          0x10000383   Thumb Code     0  memseta.o(.text)
    _memset$wrapper                          0x10000387   Thumb Code    18  memseta.o(.text)
    strlen                                   0x10000399   Thumb Code    14  strlen.o(.text)
    memcmp                                   0x100003a7   Thumb Code    26  memcmp.o(.text)
    strcpy                                   0x100003c1   Thumb Code    18  strcpy.o(.text)
    atoi                                     0x100003d3   Thumb Code    26  atoi.o(.text)
    __aeabi_dadd                             0x100003ed   Thumb Code   328  dadd.o(.text)
    __aeabi_dsub                             0x10000535   Thumb Code    12  dadd.o(.text)
    __aeabi_drsub                            0x10000541   Thumb Code    12  dadd.o(.text)
    __aeabi_dmul                             0x10000551   Thumb Code   202  dmul.o(.text)
    __aeabi_ddiv                             0x10000621   Thumb Code   234  ddiv.o(.text)
    __aeabi_i2d                              0x10000711   Thumb Code    34  dflti.o(.text)
    __aeabi_d2iz                             0x10000739   Thumb Code    62  dfixi.o(.text)
    __aeabi_llsl                             0x10000781   Thumb Code    32  llshl.o(.text)
    _ll_shift_l                              0x10000781   Thumb Code     0  llshl.o(.text)
    __aeabi_llsr                             0x100007a1   Thumb Code    34  llushr.o(.text)
    _ll_ushift_r                             0x100007a1   Thumb Code     0  llushr.o(.text)
    strtol                                   0x100007c5   Thumb Code   108  strtol.o(.text)
    __I$use$fp                               0x10000835   Thumb Code     0  iusefp.o(.text)
    _double_round                            0x10000835   Thumb Code    26  depilogue.o(.text)
    _double_epilogue                         0x1000084f   Thumb Code   164  depilogue.o(.text)
    __scatterload                            0x100008f5   Thumb Code    28  init.o(.text)
    __scatterload_rt2                        0x100008f5   Thumb Code     0  init.o(.text)
    __rt_ctype_table                         0x10000919   Thumb Code     4  ctype_o.o(.text)
    _strtoul                                 0x10000921   Thumb Code   166  _strtoul.o(.text)
    _chval                                   0x100009c7   Thumb Code    30  _chval.o(.text)
    ADC_IRQHandler                           0x100009e5   Thumb Code   190  adc.o(i.ADC_IRQHandler)
    ADC_RESULT_mV                            0x10000ab9   Thumb Code    42  adc.o(i.ADC_RESULT_mV)
    BLE_IRQHandler                           0x10000ae9   Thumb Code   150  lib.o(i.BLE_IRQHandler)
    COMPARATOR0_IRQHandler                   0x10000b95   Thumb Code    12  analog.o(i.COMPARATOR0_IRQHandler)
    COMPARATOR1_IRQHandler                   0x10000ba5   Thumb Code    12  analog.o(i.COMPARATOR1_IRQHandler)
    GPIO_IRQHandler                          0x10000bb5   Thumb Code    36  gpio.o(i.GPIO_IRQHandler)
    I2C_BYTE_READ                            0x10000bdd   Thumb Code    40  i2c.o(i.I2C_BYTE_READ)
    I2C_BYTE_WRITE                           0x10000c09   Thumb Code    32  i2c.o(i.I2C_BYTE_WRITE)
    I2C_IRQHandler                           0x10000c2d   Thumb Code   204  i2c.o(i.I2C_IRQHandler)
    OSC_EN_IRQHandler                        0x10000d05   Thumb Code    12  sleep.o(i.OSC_EN_IRQHandler)
    SystemInit                               0x10000d19   Thumb Code   242  system.o(i.SystemInit)
    TIMER0_IRQHandler                        0x10000e49   Thumb Code    44  timer.o(i.TIMER0_IRQHandler)
    TIMER1_IRQHandler                        0x10000e7d   Thumb Code    44  timer.o(i.TIMER1_IRQHandler)
    TIMER2_IRQHandler                        0x10000eb1   Thumb Code    44  timer.o(i.TIMER2_IRQHandler)
    TIMER3_IRQHandler                        0x10000ee5   Thumb Code    44  timer.o(i.TIMER3_IRQHandler)
    UART0_RX_IRQHandler                      0x10000f19   Thumb Code    90  uart.o(i.UART0_RX_IRQHandler)
    UART0_TX_IRQHandler                      0x10000f7d   Thumb Code    52  uart.o(i.UART0_TX_IRQHandler)
    UartPutc                                 0x10000fb9   Thumb Code    18  uart.o(i.UartPutc)
    WDT_IRQHandler                           0x10000fd1   Thumb Code    18  wdt.o(i.WDT_IRQHandler)
    __0printf$8                              0x10000fe9   Thumb Code    24  printf8.o(i.__0printf$8)
    __1printf$8                              0x10000fe9   Thumb Code     0  printf8.o(i.__0printf$8)
    __2printf                                0x10000fe9   Thumb Code     0  printf8.o(i.__0printf$8)
    __ARM_clz                                0x10001009   Thumb Code    46  depilogue.o(i.__ARM_clz)
    __ARM_common_switch8                     0x10001037   Thumb Code    26  protocol_lib.o(i.__ARM_common_switch8)
    __aeabi_errno_addr                       0x10001111   Thumb Code     4  errno.o(i.__aeabi_errno_addr)
    __rt_errno_addr                          0x10001111   Thumb Code     0  errno.o(i.__aeabi_errno_addr)
    __scatterload_copy                       0x10001119   Thumb Code    14  handlers.o(i.__scatterload_copy)
    __scatterload_null                       0x10001127   Thumb Code     2  handlers.o(i.__scatterload_null)
    __scatterload_zeroinit                   0x10001129   Thumb Code    14  handlers.o(i.__scatterload_zeroinit)
    accel_enable_fifo                        0x100015ad   Thumb Code    70  accel_lib.o(i.accel_enable_fifo)
    accel_enable_sample                      0x100015f3   Thumb Code    30  accel_lib.o(i.accel_enable_sample)
    accel_get_X_samples                      0x10001611   Thumb Code    50  accel_lib.o(i.accel_get_X_samples)
    accel_get_sample                         0x10001649   Thumb Code    66  accel_lib.o(i.accel_get_sample)
    accel_gpio_init                          0x1000168b   Thumb Code    34  accel_lib.o(i.accel_gpio_init)
    accel_int_handler                        0x100016ad   Thumb Code    36  accel_lib.o(i.accel_int_handler)
    accel_shutdown                           0x100016dd   Thumb Code   126  accel_lib.o(i.accel_shutdown)
    adc_clean_fifo                           0x10001775   Thumb Code    14  adc.o(i.adc_clean_fifo)
    adc_get_batt                             0x100017b1   Thumb Code   142  adc_lib.o(i.adc_get_batt)
    adc_get_temp                             0x10001851   Thumb Code   154  adc_lib.o(i.adc_get_temp)
    adc_init                                 0x10001909   Thumb Code   234  adc.o(i.adc_init)
    adc_read                                 0x10001a31   Thumb Code   126  adc.o(i.adc_read)
    adc_sample_complete2                     0x10001ac9   Thumb Code    46  adc_lib.o(i.adc_sample_complete2)
    adc_sample_complete_callback             0x10001b09   Thumb Code     8  adc_lib.o(i.adc_sample_complete_callback)
    add_to_list                              0x10001b15   Thumb Code    66  protocol_lib.o(i.add_to_list)
    app_add_bonded_dev                       0x10001bd1   Thumb Code    32  app_util.o(i.app_add_bonded_dev)
    app_button_timer_handler                 0x10001bf5   Thumb Code   120  usr_design.o(i.app_button_timer_handler)
    app_clear_local_service_flag             0x10001c99   Thumb Code    10  app_util.o(i.app_clear_local_service_flag)
    app_create_server_service_DB             0x10001ca9   Thumb Code    16  app_util.o(i.app_create_server_service_DB)
    app_enable_server_service                0x10001cbd   Thumb Code    46  app_util.o(i.app_enable_server_service)
    app_event_accel_handler                  0x10001cf1   Thumb Code    62  accel_lib.o(i.app_event_accel_handler)
    app_event_button1_press_handler          0x10001d39   Thumb Code    36  usr_design.o(i.app_event_button1_press_handler)
    app_find_bonded_dev                      0x10001d6d   Thumb Code    50  app_util.o(i.app_find_bonded_dev)
    app_gap_adv_intv_update_timer_handler    0x10001da9   Thumb Code    56  usr_design.o(i.app_gap_adv_intv_update_timer_handler)
    app_gap_adv_req_cmp_evt_handler          0x10001de9   Thumb Code    34  app_gap_task.o(i.app_gap_adv_req_cmp_evt_handler)
    app_gap_adv_start_req                    0x10001e31   Thumb Code   128  app_gap.o(i.app_gap_adv_start_req)
    app_gap_adv_stop_req                     0x10001eb9   Thumb Code    26  app_gap.o(i.app_gap_adv_stop_req)
    app_gap_bond_req_cmp_ind_handler         0x10001edd   Thumb Code   110  app_gap_task.o(i.app_gap_bond_req_cmp_ind_handler)
    app_gap_bond_req_ind_handler             0x10001f55   Thumb Code    82  app_gap_task.o(i.app_gap_bond_req_ind_handler)
    app_gap_bond_resp                        0x10001fb1   Thumb Code    52  app_gap.o(i.app_gap_bond_resp)
    app_gap_change_param_req_cmp_handler     0x10001fed   Thumb Code    44  app_gap_task.o(i.app_gap_change_param_req_cmp_handler)
    app_gap_discon_cmp_evt_handler           0x10002039   Thumb Code    86  app_gap_task.o(i.app_gap_discon_cmp_evt_handler)
    app_gap_le_create_conn_req_cmp_evt_handler 0x100020ed   Thumb Code   100  app_gap_task.o(i.app_gap_le_create_conn_req_cmp_evt_handler)
    app_gap_param_update_req                 0x10002191   Thumb Code    42  app_gap.o(i.app_gap_param_update_req)
    app_gap_param_update_resp_handler        0x100021c5   Thumb Code    46  app_gap_task.o(i.app_gap_param_update_resp_handler)
    app_gap_read_bdaddr_req                  0x1000221d   Thumb Code    10  app_gap.o(i.app_gap_read_bdaddr_req)
    app_gap_read_bdaddr_req_cmp_evt_handler  0x10002231   Thumb Code    48  app_gap_task.o(i.app_gap_read_bdaddr_req_cmp_evt_handler)
    app_gap_read_ver_req                     0x10002285   Thumb Code    10  app_gap.o(i.app_gap_read_ver_req)
    app_gap_read_ver_req_cmp_evt_handler     0x10002299   Thumb Code    32  app_gap_task.o(i.app_gap_read_ver_req_cmp_evt_handler)
    app_gap_ready_evt_handler                0x100022bd   Thumb Code    24  app_gap_task.o(i.app_gap_ready_evt_handler)
    app_gap_reset_req_cmp_handler            0x100022d5   Thumb Code    10  app_gap_task.o(i.app_gap_reset_req_cmp_handler)
    app_gap_set_bondable_mode_req            0x100022e1   Thumb Code    26  app_gap.o(i.app_gap_set_bondable_mode_req)
    app_gap_set_devname_req_cmp_evt_handler  0x10002305   Thumb Code    24  app_gap_task.o(i.app_gap_set_devname_req_cmp_evt_handler)
    app_gap_set_mode_req_cmp_evt_handler     0x10002339   Thumb Code    66  app_gap_task.o(i.app_gap_set_mode_req_cmp_evt_handler)
    app_gap_set_privacy_req_cmp_handler      0x100023cd   Thumb Code    22  app_gap_task.o(i.app_gap_set_privacy_req_cmp_handler)
    app_gap_set_random_add_req_cmp_handler   0x10002415   Thumb Code    18  app_gap_task.o(i.app_gap_set_random_add_req_cmp_handler)
    app_gap_set_sec_req                      0x10002445   Thumb Code    30  app_gap.o(i.app_gap_set_sec_req)
    app_gap_set_sec_req_cmp_evt_handler      0x1000246d   Thumb Code    32  app_gap_task.o(i.app_gap_set_sec_req_cmp_evt_handler)
    app_gatt_resource_access_req_handler     0x10002491   Thumb Code    30  app_gap_task.o(i.app_gatt_resource_access_req_handler)
    app_get_bd_addr_by_conhdl                0x100024b9   Thumb Code    60  app_util.o(i.app_get_bd_addr_by_conhdl)
    app_get_bond_nb                          0x100024f9   Thumb Code     6  app_util.o(i.app_get_bond_nb)
    app_get_bond_status                      0x10002505   Thumb Code    30  app_util.o(i.app_get_bond_status)
    app_get_conhdl_by_idx                    0x10002529   Thumb Code    30  app_util.o(i.app_get_conhdl_by_idx)
    app_get_link_status_by_idx               0x10002551   Thumb Code    24  app_util.o(i.app_get_link_status_by_idx)
    app_get_lk_sec_status                    0x1000256d   Thumb Code    32  app_util.o(i.app_get_lk_sec_status)
    app_get_local_service_flag               0x10002591   Thumb Code     6  app_util.o(i.app_get_local_service_flag)
    app_get_role                             0x10002599   Thumb Code     6  app_util.o(i.app_get_role)
    app_i_to_array                           0x100025a5   Thumb Code    38  app_util.o(i.app_i_to_array)
    app_init                                 0x100025cd   Thumb Code    86  app_env.o(i.app_init)
    app_init_local_smp_key                   0x10002631   Thumb Code    22  app_util.o(i.app_init_local_smp_key)
    app_led_timer_handler                    0x1000264d   Thumb Code     4  usr_design.o(i.app_led_timer_handler)
    app_qpps_cfg_indntf_ind_handler          0x10002651   Thumb Code    74  app_qpps_task.o(i.app_qpps_cfg_indntf_ind_handler)
    app_qpps_create_db                       0x100026a1   Thumb Code    26  app_qpps.o(i.app_qpps_create_db)
    app_qpps_create_db_cfm_handler           0x100026c5   Thumb Code    20  app_qpps_task.o(i.app_qpps_create_db_cfm_handler)
    app_qpps_data_ind_handler                0x100026d9   Thumb Code    36  app_qpps_task.o(i.app_qpps_data_ind_handler)
    app_qpps_data_send                       0x10002711   Thumb Code    52  app_qpps.o(i.app_qpps_data_send)
    app_qpps_data_send_cfm_handler           0x1000274d   Thumb Code    50  app_qpps_task.o(i.app_qpps_data_send_cfm_handler)
    app_qpps_disable_ind_handler             0x1000279d   Thumb Code    22  app_qpps_task.o(i.app_qpps_disable_ind_handler)
    app_qpps_enable_req                      0x100027b9   Thumb Code    42  app_qpps.o(i.app_qpps_enable_req)
    app_qpps_error_ind_handler               0x100027e9   Thumb Code    12  app_qpps_task.o(i.app_qpps_error_ind_handler)
    app_set_adv_data                         0x10002811   Thumb Code    92  app_util.o(i.app_set_adv_data)
    app_set_link_status_by_conhdl            0x10002885   Thumb Code    90  app_util.o(i.app_set_link_status_by_conhdl)
    app_set_role                             0x100028e5   Thumb Code     6  app_util.o(i.app_set_role)
    app_set_scan_rsp_data                    0x100028f1   Thumb Code   102  app_util.o(i.app_set_scan_rsp_data)
    app_smpc_chk_bd_addr_req_ind_handler     0x10002aa9   Thumb Code    66  app_smp_task.o(i.app_smpc_chk_bd_addr_req_ind_handler)
    app_smpc_chk_bd_addr_req_rsp             0x10002af1   Thumb Code    56  app_smp.o(i.app_smpc_chk_bd_addr_req_rsp)
    app_smpc_irk_req_ind_handler             0x10002b31   Thumb Code   138  app_smp_task.o(i.app_smpc_irk_req_ind_handler)
    app_smpc_irk_req_rsp                     0x10002be9   Thumb Code    66  app_smp.o(i.app_smpc_irk_req_rsp)
    app_smpc_key_ind_handler                 0x10002c35   Thumb Code   136  app_smp_task.o(i.app_smpc_key_ind_handler)
    app_smpc_ltk_req_ind_handler             0x10002ce1   Thumb Code   172  app_smp_task.o(i.app_smpc_ltk_req_ind_handler)
    app_smpc_ltk_req_rsp                     0x10002dc5   Thumb Code    74  app_smp.o(i.app_smpc_ltk_req_rsp)
    app_smpc_sec_started_ind_handler         0x10002e19   Thumb Code    38  app_smp_task.o(i.app_smpc_sec_started_ind_handler)
    app_smpc_timeout_evt_handler             0x10002e45   Thumb Code    36  app_smp_task.o(i.app_smpc_timeout_evt_handler)
    app_smpc_tk_req_ind_handler              0x10002e89   Thumb Code    76  app_smp_task.o(i.app_smpc_tk_req_ind_handler)
    app_smpc_tk_req_rsp                      0x10002f0d   Thumb Code    50  app_smp.o(i.app_smpc_tk_req_rsp)
    app_smpm_set_key_cfm_handler             0x10002f49   Thumb Code    32  app_smp_task.o(i.app_smpm_set_key_cfm_handler)
    app_smpm_set_key_req                     0x10002f6d   Thumb Code    42  app_smp.o(i.app_smpm_set_key_req)
    app_task_msg_hdl                         0x10002fa1   Thumb Code   170  usr_design.o(i.app_task_msg_hdl)
    app_uart_init                            0x1000306d   Thumb Code     2  app_sys.o(i.app_uart_init)
    assert_err                               0x10003071   Thumb Code    20  app_main.o(i.assert_err)
    atts_svc_create_db_ext                   0x100030f5   Thumb Code   316  lib.o(i.atts_svc_create_db_ext)
    battery_monitor_enable                   0x10003241   Thumb Code    16  analog.o(i.battery_monitor_enable)
    better_pedometer                         0x10003251   Thumb Code   348  pedometer_lib.o(i.better_pedometer)
    ble_ext_wakeup_allow                     0x100033d1   Thumb Code    36  lib.o(i.ble_ext_wakeup_allow)
    ble_hw_sleep                             0x100033f9   Thumb Code    18  lib.o(i.ble_hw_sleep)
    ble_init                                 0x1000340d   Thumb Code   204  lib.o(i.ble_init)
    ble_sleep                                0x1000351d   Thumb Code    42  lib.o(i.ble_sleep)
    button_init                              0x1000354d   Thumb Code    36  button.o(i.button_init)
    check_ble_wakeup                         0x10003589   Thumb Code    14  lib.o(i.check_ble_wakeup)
    co_buf_rx_get                            0x1000359d   Thumb Code    10  lib.o(i.co_buf_rx_get)
    config_work_mode                         0x100035ad   Thumb Code    74  lib.o(i.config_work_mode)
    create_list                              0x10003611   Thumb Code    24  protocol_lib.o(i.create_list)
    dc_dc_enable                             0x10003655   Thumb Code    50  lib.o(i.dc_dc_enable)
    delete_from_list                         0x100036e9   Thumb Code    36  protocol_lib.o(i.delete_from_list)
    disable_ADC_SAMPLE                       0x10003711   Thumb Code    22  adc_lib.o(i.disable_ADC_SAMPLE)
    enable_ADC_SAMPLE                        0x10003751   Thumb Code    32  adc_lib.o(i.enable_ADC_SAMPLE)
    enter_sleep                              0x10003779   Thumb Code   346  sleep.o(i.enter_sleep)
    foo1                                     0x10003911   Thumb Code     2  lib.o(i.foo1)
    fputc                                    0x10003913   Thumb Code    10  retarget.o(i.fputc)
    fw_ble_sleep                             0x1000391d   Thumb Code   134  lib.o(i.fw_ble_sleep)
    getDistance                              0x10003d19   Thumb Code     6  pedometer_lib.o(i.getDistance)
    getSteps                                 0x10003d25   Thumb Code     6  pedometer_lib.o(i.getSteps)
    get_ADC_buff                             0x10003d31   Thumb Code     8  adc_lib.o(i.get_ADC_buff)
    get_data_by_id                           0x10003d51   Thumb Code   254  protocol_lib.o(i.get_data_by_id)
    gpio_enable_interrupt                    0x10003e6d   Thumb Code    10  gpio.o(i.gpio_enable_interrupt)
    gpio_init                                0x10003e79   Thumb Code    20  gpio.o(i.gpio_init)
    gpio_interrupt_callback                  0x10003e95   Thumb Code    26  usr_design.o(i.gpio_interrupt_callback)
    gpio_read_pin                            0x10003eaf   Thumb Code    20  gpio.o(i.gpio_read_pin)
    gpio_read_pin_field                      0x10003ec3   Thumb Code    12  gpio.o(i.gpio_read_pin_field)
    gpio_set_direction                       0x10003ecf   Thumb Code    16  gpio.o(i.gpio_set_direction)
    gpio_set_direction_field                 0x10003edf   Thumb Code    14  gpio.o(i.gpio_set_direction_field)
    gpio_set_interrupt                       0x10003eed   Thumb Code    40  gpio.o(i.gpio_set_interrupt)
    gpio_sleep_allowed                       0x10003f15   Thumb Code    30  gpio.o(i.gpio_sleep_allowed)
    gpio_wakeup_config                       0x10003f33   Thumb Code    86  gpio.o(i.gpio_wakeup_config)
    gpio_write_pin                           0x10003f89   Thumb Code    22  gpio.o(i.gpio_write_pin)
    i2c_bus_check                            0x10003fa1   Thumb Code    26  i2c.o(i.i2c_bus_check)
    i2c_init                                 0x10003fc5   Thumb Code    48  i2c.o(i.i2c_init)
    i2c_read                                 0x10004001   Thumb Code   112  i2c.o(i.i2c_read)
    i2c_write                                0x10004081   Thumb Code    74  i2c.o(i.i2c_write)
    ke_schedule                              0x100040d9   Thumb Code    60  lib.o(i.ke_schedule)
    ke_time                                  0x10004125   Thumb Code    34  lib.o(i.ke_time)
    ke_timer_empty                           0x1000414d   Thumb Code    18  lib.o(i.ke_timer_empty)
    led_set                                  0x10004211   Thumb Code    40  led.o(i.led_set)
    main                                     0x10004275   Thumb Code   324  app_main.o(i.main)
    malloc                                   0x100043ed   Thumb Code    92  malloc.o(i.malloc)
    package_notification                     0x100045b1   Thumb Code   104  protocol_lib.o(i.package_notification)
    plf_init                                 0x1000461d   Thumb Code   592  lib.o(i.plf_init)
    prf_dispatch_disconnect                  0x10004a69   Thumb Code    32  prf_utils.o(i.prf_dispatch_disconnect)
    prf_init                                 0x10004a91   Thumb Code     8  prf_utils.o(i.prf_init)
    protocol_execute_command                 0x10004a99   Thumb Code   186  protocol_lib.o(i.protocol_execute_command)
    qpps_disable                             0x10004dd1   Thumb Code    50  qpps.o(i.qpps_disable)
    qpps_error_ind_send                      0x10004ead   Thumb Code    32  qpps.o(i.qpps_error_ind_send)
    qpps_init                                0x10004ed9   Thumb Code    28  qpps.o(i.qpps_init)
    receive_packet                           0x10004efd   Thumb Code    54  protocol_lib.o(i.receive_packet)
    restart_protocol_timer                   0x10004f51   Thumb Code    14  protocol_lib.o(i.restart_protocol_timer)
    restore_ble_setting                      0x10004f6d   Thumb Code    68  lib.o(i.restore_ble_setting)
    rf_enable                                0x10004fc1   Thumb Code    92  qnrf.o(i.rf_enable)
    rf_enable_sw_set_freq                    0x1000501d   Thumb Code    26  qnrf.o(i.rf_enable_sw_set_freq)
    rwble_slot_2_lpcycles                    0x1000503d   Thumb Code    32  lib.o(i.rwble_slot_2_lpcycles)
    search_in_list                           0x10005061   Thumb Code    26  protocol_lib.o(i.search_in_list)
    send_packet                              0x10005081   Thumb Code    60  protocol_lib.o(i.send_packet)
    set_dbg_info                             0x100050c5   Thumb Code    10  lib.o(i.set_dbg_info)
    sleep_cb                                 0x100050d5   Thumb Code    20  sleep.o(i.sleep_cb)
    sleep_init                               0x100050ed   Thumb Code    36  sleep.o(i.sleep_init)
    sleep_post_process                       0x1000511d   Thumb Code    90  lib.o(i.sleep_post_process)
    syscon_set_ahb_clk                       0x1000522d   Thumb Code    48  syscon.o(i.syscon_set_ahb_clk)
    syscon_set_apb_clk                       0x10005265   Thumb Code    46  syscon.o(i.syscon_set_apb_clk)
    syscon_set_ble_clk                       0x10005299   Thumb Code    56  syscon.o(i.syscon_set_ble_clk)
    syscon_set_sysclk_src                    0x100052d9   Thumb Code   150  syscon.o(i.syscon_set_sysclk_src)
    syscon_set_timer_clk                     0x10005391   Thumb Code    38  syscon.o(i.syscon_set_timer_clk)
    syscon_set_usart_clk                     0x100053bd   Thumb Code    92  syscon.o(i.syscon_set_usart_clk)
    task_app_desc_register                   0x1000542d   Thumb Code    44  app_task.o(i.task_app_desc_register)
    task_qpps_desc_register                  0x10005529   Thumb Code    44  qpps_task.o(i.task_qpps_desc_register)
    temp_sensor_enable                       0x10005561   Thumb Code    68  analog.o(i.temp_sensor_enable)
    uart_check_tx_free                       0x100055f9   Thumb Code    44  uart.o(i.uart_check_tx_free)
    uart_init                                0x1000565d   Thumb Code   104  uart.o(i.uart_init)
    usr_button1_cb                           0x10005715   Thumb Code    34  usr_design.o(i.usr_button1_cb)
    usr_init                                 0x10005745   Thumb Code   102  usr_design.o(i.usr_init)
    usr_sleep                                0x100057d5   Thumb Code    78  sleep.o(i.usr_sleep)
    usr_sleep_restore                        0x1000582d   Thumb Code    48  usr_design.o(i.usr_sleep_restore)
    wakeup_32k_xtal_start_timer              0x10005865   Thumb Code    10  sleep.o(i.wakeup_32k_xtal_start_timer)
    wakeup_32k_xtal_switch_clk               0x10005879   Thumb Code    76  sleep.o(i.wakeup_32k_xtal_switch_clk)
    wakeup_by_sleep_timer                    0x100058c9   Thumb Code    92  sleep.o(i.wakeup_by_sleep_timer)
    wdt_irq_clear                            0x1000592d   Thumb Code    18  wdt.o(i.wdt_irq_clear)
    app_default_state                        0x1000594c   Data         296  app_task.o(.constdata)
    app_default_handler                      0x10005a74   Data           8  app_task.o(.constdata)
    app_state_handler                        0x10005a7c   Data          40  app_task.o(.constdata)
    uart_divider                             0x10005aa4   Data          51  uart.o(.constdata)
    qpps_att_db                              0x10005ae8   Data         140  qpps.o(.constdata)
    qpps_svc                                 0x10005b74   Data          16  qpps.o(.constdata)
    qpps_value_char                          0x10005b84   Data          19  qpps.o(.constdata)
    qpps_char_rx_data                        0x10005b97   Data          19  qpps.o(.constdata)
    qpps_disabled                            0x10005bac   Data           8  qpps_task.o(.constdata)
    qpps_idle                                0x10005bb4   Data           8  qpps_task.o(.constdata)
    qpps_connected                           0x10005bbc   Data          24  qpps_task.o(.constdata)
    qpps_default_state                       0x10005bd4   Data           8  qpps_task.o(.constdata)
    qpps_default_handler                     0x10005bdc   Data           8  qpps_task.o(.constdata)
    qpps_state_handler                       0x10005be4   Data          24  qpps_task.o(.constdata)
    __ctype_table                            0x10005c0f   Data         129  ctype_o.o(.constdata)
    Region$$Table$$Base                      0x10005e4c   Number         0  anon$$obj.o(Region$$Table)
    Region$$Table$$Limit                     0x10005e5c   Number         0  anon$$obj.o(Region$$Table)
    protocol_UDR                             0x10005e5c   Data           4  protocol_lib.o(.data)
    adc_done                                 0x10005e60   Data           4  adc_lib.o(.data)
    samp_num                                 0x10005e64   Data           1  pedometer_lib.o(.data)
    state                                    0x10005e65   Data           1  pedometer_lib.o(.data)
    time_since_last_step                     0x10005e66   Data           2  pedometer_lib.o(.data)
    step_timer                               0x10005e68   Data           2  pedometer_lib.o(.data)
    samp_last                                0x10005e6a   Data           2  pedometer_lib.o(.data)
    steps                                    0x10005e6c   Data           4  pedometer_lib.o(.data)
    distance                                 0x10005e70   Data           4  pedometer_lib.o(.data)
    samples                                  0x10005e74   Data           4  pedometer_lib.o(.data)
    stride_length                            0x10005e78   Data          10  pedometer_lib.o(.data)
    app_state                                0x10005e82   Data           2  app_task.o(.data)
    app_qpps_env                             0x10005e84   Data           4  app_qpps_task.o(.data)
    low_power_mode_en                        0x10005e8c   Data           1  sleep.o(.data)
    PGCR1_restore                            0x10005e90   Data           4  sleep.o(.data)
    sleep_env                                0x10005e94   Data          20  sleep.o(.data)
    g_SystemClock                            0x10005ea8   Data           4  syscon.o(.data)
    g_AhbClock                               0x10005eac   Data           4  syscon.o(.data)
    g_ApbClock                               0x10005eb0   Data           4  syscon.o(.data)
    reset_test                               0x10005eb4   Data           4  wdt.o(.data)
    timer0_env                               0x10005eb8   Data           8  timer.o(.data)
    timer1_env                               0x10005ec0   Data           8  timer.o(.data)
    timer2_env                               0x10005ec8   Data           8  timer.o(.data)
    timer3_env                               0x10005ed0   Data           8  timer.o(.data)
    TEMP_OFFSET                              0x10005ee4   Data           2  analog.o(.data)
    __stdout                                 0x10005ef0   Data           4  retarget.o(.data)
    ke_evt_hdlr                              0x10005ef8   Data           4  lib.o(.data)
    ke_env                                   0x10005efc   Data           4  lib.o(.data)
    rwble_env                                0x10005f00   Data           4  lib.o(.data)
    qpps_state                               0x10005f14   Data           2  qpps_task.o(.data)
    __microlib_freelist                      0x10005f1c   Data           4  mvars.o(.data)
    __microlib_freelist_initialised          0x10005f20   Data           4  mvars.o(.data)
    packet                                   0x100068c4   Data          20  protocol_lib.o(.bss)
    list                                     0x100068d8   Data          10  protocol_lib.o(.bss)
    buf_ADC                                  0x100068e2   Data         128  adc_lib.o(.bss)
    buf_ADC_TRANS                            0x10006962   Data         128  adc_lib.o(.bss)
    app_env                                  0x100069e4   Data         248  app_env.o(.bss)
    gatt_idle_new                            0x10006cc4   Data         256  lib.o(.bss)
    qpps_env                                 0x10006ed4   Data          16  qpps.o(.bss)
    __heap_base                              0x10006ee8   Data           0  startup.o(HEAP)
    __heap_limit                             0x10006ee8   Data           0  startup.o(HEAP)
    __initial_sp                             0x100070e8   Data           0  startup.o(STACK)



==============================================================================

Memory Map of the image

  Image Entry point : 0x100000c1

  Load Region LR_ROM1 (Base: 0x10000000, Size: 0x00005f28, Max: 0x0000cdb0, ABSOLUTE)

    Execution Region APP_CODE (Base: 0x10000000, Size: 0x000070e8, Max: 0x0000cdb0, ABSOLUTE)

    Base Addr    Size         Type   Attr      Idx    E Section Name        Object

    0x10000000   0x000000c0   Data   RO            3    RESET               startup.o
    0x100000c0   0x00000000   Code   RO         2875  * .ARM.Collect$$$$00000000  mc_p.l(entry.o)
    0x100000c0   0x00000004   Code   RO         3200    .ARM.Collect$$$$00000001  mc_p.l(entry2.o)
    0x100000c4   0x00000004   Code   RO         3203    .ARM.Collect$$$$00000004  mc_p.l(entry5.o)
    0x100000c8   0x00000000   Code   RO         3205    .ARM.Collect$$$$00000008  mc_p.l(entry7b.o)
    0x100000c8   0x00000000   Code   RO         3207    .ARM.Collect$$$$0000000A  mc_p.l(entry8b.o)
    0x100000c8   0x00000008   Code   RO         3208    .ARM.Collect$$$$0000000B  mc_p.l(entry9a.o)
    0x100000d0   0x00000000   Code   RO         3210    .ARM.Collect$$$$0000000D  mc_p.l(entry10a.o)
    0x100000d0   0x00000000   Code   RO         3212    .ARM.Collect$$$$0000000F  mc_p.l(entry11a.o)
    0x100000d0   0x00000004   Code   RO         3201    .ARM.Collect$$$$00002712  mc_p.l(entry2.o)
    0x100000d4   0x00000030   Code   RO            4    .text               startup.o
    0x10000104   0x000001ae   Code   RO         2815    .text               qn9020b2_lib_peripheral.lib(math.o)
    0x100002b2   0x0000002c   Code   RO         2878    .text               mc_p.l(uidiv.o)
    0x100002de   0x00000028   Code   RO         2880    .text               mc_p.l(idiv.o)
    0x10000306   0x00000026   Code   RO         2882    .text               mc_p.l(llsshr.o)
    0x1000032c   0x00000024   Code   RO         2884    .text               mc_p.l(rand.o)
    0x10000350   0x00000024   Code   RO         2887    .text               mc_p.l(memcpya.o)
    0x10000374   0x00000024   Code   RO         2889    .text               mc_p.l(memseta.o)
    0x10000398   0x0000000e   Code   RO         2891    .text               mc_p.l(strlen.o)
    0x100003a6   0x0000001a   Code   RO         2893    .text               mc_p.l(memcmp.o)
    0x100003c0   0x00000012   Code   RO         2895    .text               mc_p.l(strcpy.o)
    0x100003d2   0x0000001a   Code   RO         3188    .text               mc_p.l(atoi.o)
    0x100003ec   0x00000164   Code   RO         3190    .text               mf_p.l(dadd.o)
    0x10000550   0x000000d0   Code   RO         3192    .text               mf_p.l(dmul.o)
    0x10000620   0x000000f0   Code   RO         3194    .text               mf_p.l(ddiv.o)
    0x10000710   0x00000028   Code   RO         3196    .text               mf_p.l(dflti.o)
    0x10000738   0x00000048   Code   RO         3198    .text               mf_p.l(dfixi.o)
    0x10000780   0x00000020   Code   RO         3214    .text               mc_p.l(llshl.o)
    0x100007a0   0x00000022   Code   RO         3216    .text               mc_p.l(llushr.o)
    0x100007c2   0x00000002   PAD
    0x100007c4   0x00000070   Code   RO         3227    .text               mc_p.l(strtol.o)
    0x10000834   0x00000000   Code   RO         3229    .text               mc_p.l(iusefp.o)
    0x10000834   0x000000be   Code   RO         3230    .text               mf_p.l(depilogue.o)
    0x100008f2   0x00000002   PAD
    0x100008f4   0x00000024   Code   RO         3238    .text               mc_p.l(init.o)
    0x10000918   0x00000008   Code   RO         3240    .text               mc_p.l(ctype_o.o)
    0x10000920   0x000000a6   Code   RO         3268    .text               mc_p.l(_strtoul.o)
    0x100009c6   0x0000001e   Code   RO         3270    .text               mc_p.l(_chval.o)
    0x100009e4   0x000000d4   Code   RO         2422    i.ADC_IRQHandler    adc.o
    0x10000ab8   0x00000030   Code   RO         2423    i.ADC_RESULT_mV     adc.o
    0x10000ae8   0x000000ac   Code   RO         2714    i.BLE_IRQHandler    qn9020b2_lib_peripheral.lib(lib.o)
    0x10000b94   0x00000010   Code   RO         2524    i.COMPARATOR0_IRQHandler  analog.o
    0x10000ba4   0x00000010   Code   RO         2525    i.COMPARATOR1_IRQHandler  analog.o
    0x10000bb4   0x00000028   Code   RO         1757    i.GPIO_IRQHandler   gpio.o
    0x10000bdc   0x0000002c   Code   RO         2322    i.I2C_BYTE_READ     i2c.o
    0x10000c08   0x00000024   Code   RO         2324    i.I2C_BYTE_WRITE    i2c.o
    0x10000c2c   0x000000d8   Code   RO         2326    i.I2C_IRQHandler    i2c.o
    0x10000d04   0x00000014   Code   RO         1868    i.OSC_EN_IRQHandler  sleep.o
    0x10000d18   0x00000130   Code   RO          269    i.SystemInit        system.o
    0x10000e48   0x00000034   Code   RO         2134    i.TIMER0_IRQHandler  timer.o
    0x10000e7c   0x00000034   Code   RO         2135    i.TIMER1_IRQHandler  timer.o
    0x10000eb0   0x00000034   Code   RO         2136    i.TIMER2_IRQHandler  timer.o
    0x10000ee4   0x00000034   Code   RO         2137    i.TIMER3_IRQHandler  timer.o
    0x10000f18   0x00000064   Code   RO         1643    i.UART0_RX_IRQHandler  uart.o
    0x10000f7c   0x0000003c   Code   RO         1644    i.UART0_TX_IRQHandler  uart.o
    0x10000fb8   0x00000018   Code   RO         1646    i.UartPutc          uart.o
    0x10000fd0   0x00000018   Code   RO         2076    i.WDT_IRQHandler    wdt.o
    0x10000fe8   0x00000020   Code   RO         3106    i.__0printf$8       mc_p.l(printf8.o)
    0x10001008   0x0000002e   Code   RO         3232    i.__ARM_clz         mf_p.l(depilogue.o)
    0x10001036   0x0000001a   Code   RO          631    i.__ARM_common_switch8  protocol_lib.o
    0x10001050   0x000000c0   Code   RO         2424    i.__adc_calibrate   adc.o
    0x10001110   0x00000008   Code   RO         3220    i.__aeabi_errno_addr  mc_p.l(errno.o)
    0x10001118   0x0000000e   Code   RO         3274    i.__scatterload_copy  mc_p.l(handlers.o)
    0x10001126   0x00000002   Code   RO         3275    i.__scatterload_null  mc_p.l(handlers.o)
    0x10001128   0x0000000e   Code   RO         3276    i.__scatterload_zeroinit  mc_p.l(handlers.o)
    0x10001136   0x00000002   PAD
    0x10001138   0x00000428   Code   RO         3113    i._printf_core      mc_p.l(printf8.o)
    0x10001560   0x00000020   Code   RO         3114    i._printf_post_padding  mc_p.l(printf8.o)
    0x10001580   0x0000002c   Code   RO         3115    i._printf_pre_padding  mc_p.l(printf8.o)
    0x100015ac   0x00000046   Code   RO          457    i.accel_enable_fifo  accel_lib.o
    0x100015f2   0x0000001e   Code   RO          458    i.accel_enable_sample  accel_lib.o
    0x10001610   0x00000038   Code   RO          461    i.accel_get_X_samples  accel_lib.o
    0x10001648   0x00000042   Code   RO          462    i.accel_get_sample  accel_lib.o
    0x1000168a   0x00000022   Code   RO          463    i.accel_gpio_init   accel_lib.o
    0x100016ac   0x00000030   Code   RO          464    i.accel_int_handler  accel_lib.o
    0x100016dc   0x0000007e   Code   RO          465    i.accel_shutdown    accel_lib.o
    0x1000175a   0x0000000c   Code   RO         2425    i.adc_adc_SetADC0WithMask  adc.o
    0x10001766   0x0000000c   Code   RO         2426    i.adc_adc_SetADC1WithMask  adc.o
    0x10001772   0x00000002   PAD
    0x10001774   0x00000014   Code   RO         2429    i.adc_clean_fifo    adc.o
    0x10001788   0x00000028   Code   RO          649    i.adc_enable        adc_lib.o
    0x100017b0   0x000000a0   Code   RO          650    i.adc_get_batt      adc_lib.o
    0x10001850   0x000000b8   Code   RO          651    i.adc_get_temp      adc_lib.o
    0x10001908   0x00000104   Code   RO         2432    i.adc_init          adc.o
    0x10001a0c   0x0000000c   Code   RO         2433    i.adc_offset_get_cb  adc.o
    0x10001a18   0x00000018   Code   RO          652    i.adc_power_off     adc_lib.o
    0x10001a30   0x00000098   Code   RO         2434    i.adc_read          adc.o
    0x10001ac8   0x00000040   Code   RO          653    i.adc_sample_complete2  adc_lib.o
    0x10001b08   0x0000000c   Code   RO          654    i.adc_sample_complete_callback  adc_lib.o
    0x10001b14   0x00000060   Code   RO          544    i.add_to_list       protocol_lib.o
    0x10001b74   0x0000001c   Code   RO          270    i.analog_pin_enable  system.o
    0x10001b90   0x00000040   Code   RO         1030    i.app_32k_xtal_wakeup_timer  app_task.o
    0x10001bd0   0x00000024   Code   RO          785    i.app_add_bonded_dev  app_util.o
    0x10001bf4   0x000000a4   Code   RO          359    i.app_button_timer_handler  usr_design.o
    0x10001c98   0x00000010   Code   RO          787    i.app_clear_local_service_flag  app_util.o
    0x10001ca8   0x00000014   Code   RO          788    i.app_create_server_service_DB  app_util.o
    0x10001cbc   0x00000034   Code   RO          789    i.app_enable_server_service  app_util.o
    0x10001cf0   0x00000048   Code   RO          466    i.app_event_accel_handler  accel_lib.o
    0x10001d38   0x00000034   Code   RO          360    i.app_event_button1_press_handler  usr_design.o
    0x10001d6c   0x0000003c   Code   RO          790    i.app_find_bonded_dev  app_util.o
    0x10001da8   0x00000040   Code   RO          361    i.app_gap_adv_intv_update_timer_handler  usr_design.o
    0x10001de8   0x00000048   Code   RO         1178    i.app_gap_adv_req_cmp_evt_handler  app_gap_task.o
    0x10001e30   0x00000088   Code   RO         1066    i.app_gap_adv_start_req  app_gap.o
    0x10001eb8   0x00000024   Code   RO         1067    i.app_gap_adv_stop_req  app_gap.o
    0x10001edc   0x00000078   Code   RO         1179    i.app_gap_bond_req_cmp_ind_handler  app_gap_task.o
    0x10001f54   0x0000005c   Code   RO         1180    i.app_gap_bond_req_ind_handler  app_gap_task.o
    0x10001fb0   0x0000003c   Code   RO         1069    i.app_gap_bond_resp  app_gap.o
    0x10001fec   0x0000004c   Code   RO         1181    i.app_gap_change_param_req_cmp_handler  app_gap_task.o
    0x10002038   0x000000b4   Code   RO         1182    i.app_gap_discon_cmp_evt_handler  app_gap_task.o
    0x100020ec   0x000000a4   Code   RO         1183    i.app_gap_le_create_conn_req_cmp_evt_handler  app_gap_task.o
    0x10002190   0x00000034   Code   RO         1071    i.app_gap_param_update_req  app_gap.o
    0x100021c4   0x00000058   Code   RO         1184    i.app_gap_param_update_resp_handler  app_gap_task.o
    0x1000221c   0x00000014   Code   RO         1072    i.app_gap_read_bdaddr_req  app_gap.o
    0x10002230   0x00000054   Code   RO         1185    i.app_gap_read_bdaddr_req_cmp_evt_handler  app_gap_task.o
    0x10002284   0x00000014   Code   RO         1073    i.app_gap_read_ver_req  app_gap.o
    0x10002298   0x00000024   Code   RO         1186    i.app_gap_read_ver_req_cmp_evt_handler  app_gap_task.o
    0x100022bc   0x00000018   Code   RO         1187    i.app_gap_ready_evt_handler  app_gap_task.o
    0x100022d4   0x0000000a   Code   RO         1188    i.app_gap_reset_req_cmp_handler  app_gap_task.o
    0x100022de   0x00000002   PAD
    0x100022e0   0x00000024   Code   RO         1076    i.app_gap_set_bondable_mode_req  app_gap.o
    0x10002304   0x00000034   Code   RO         1189    i.app_gap_set_devname_req_cmp_evt_handler  app_gap_task.o
    0x10002338   0x00000094   Code   RO         1190    i.app_gap_set_mode_req_cmp_evt_handler  app_gap_task.o
    0x100023cc   0x00000048   Code   RO         1191    i.app_gap_set_privacy_req_cmp_handler  app_gap_task.o
    0x10002414   0x00000030   Code   RO         1192    i.app_gap_set_random_add_req_cmp_handler  app_gap_task.o
    0x10002444   0x00000028   Code   RO         1080    i.app_gap_set_sec_req  app_gap.o
    0x1000246c   0x00000024   Code   RO         1193    i.app_gap_set_sec_req_cmp_evt_handler  app_gap_task.o
    0x10002490   0x00000028   Code   RO         1194    i.app_gatt_resource_access_req_handler  app_gap_task.o
    0x100024b8   0x00000040   Code   RO          791    i.app_get_bd_addr_by_conhdl  app_util.o
    0x100024f8   0x0000000c   Code   RO          792    i.app_get_bond_nb   app_util.o
    0x10002504   0x00000024   Code   RO          793    i.app_get_bond_status  app_util.o
    0x10002528   0x00000028   Code   RO          795    i.app_get_conhdl_by_idx  app_util.o
    0x10002550   0x0000001c   Code   RO          796    i.app_get_link_status_by_idx  app_util.o
    0x1000256c   0x00000024   Code   RO          797    i.app_get_lk_sec_status  app_util.o
    0x10002590   0x00000006   Code   RO          798    i.app_get_local_service_flag  app_util.o
    0x10002596   0x00000002   PAD
    0x10002598   0x0000000c   Code   RO          799    i.app_get_role      app_util.o
    0x100025a4   0x00000026   Code   RO          800    i.app_i_to_array    app_util.o
    0x100025ca   0x00000002   PAD
    0x100025cc   0x00000064   Code   RO          928    i.app_init          app_env.o
    0x10002630   0x0000001c   Code   RO          801    i.app_init_local_smp_key  app_util.o
    0x1000264c   0x00000004   Code   RO          362    i.app_led_timer_handler  usr_design.o
    0x10002650   0x00000050   Code   RO         1506    i.app_qpps_cfg_indntf_ind_handler  app_qpps_task.o
    0x100026a0   0x00000024   Code   RO         1474    i.app_qpps_create_db  app_qpps.o
    0x100026c4   0x00000014   Code   RO         1507    i.app_qpps_create_db_cfm_handler  app_qpps_task.o
    0x100026d8   0x00000038   Code   RO         1508    i.app_qpps_data_ind_handler  app_qpps_task.o
    0x10002710   0x0000003c   Code   RO         1475    i.app_qpps_data_send  app_qpps.o
    0x1000274c   0x00000050   Code   RO         1509    i.app_qpps_data_send_cfm_handler  app_qpps_task.o
    0x1000279c   0x0000001c   Code   RO         1510    i.app_qpps_disable_ind_handler  app_qpps_task.o
    0x100027b8   0x00000030   Code   RO         1476    i.app_qpps_enable_req  app_qpps.o
    0x100027e8   0x00000028   Code   RO         1511    i.app_qpps_error_ind_handler  app_qpps_task.o
    0x10002810   0x00000074   Code   RO          802    i.app_set_adv_data  app_util.o
    0x10002884   0x00000060   Code   RO          803    i.app_set_link_status_by_conhdl  app_util.o
    0x100028e4   0x0000000c   Code   RO          804    i.app_set_role      app_util.o
    0x100028f0   0x00000080   Code   RO          805    i.app_set_scan_rsp_data  app_util.o
    0x10002970   0x00000138   Code   RO          929    i.app_smp_init      app_env.o
    0x10002aa8   0x00000048   Code   RO         1383    i.app_smpc_chk_bd_addr_req_ind_handler  app_smp_task.o
    0x10002af0   0x00000040   Code   RO         1333    i.app_smpc_chk_bd_addr_req_rsp  app_smp.o
    0x10002b30   0x000000b8   Code   RO         1384    i.app_smpc_irk_req_ind_handler  app_smp_task.o
    0x10002be8   0x0000004c   Code   RO         1334    i.app_smpc_irk_req_rsp  app_smp.o
    0x10002c34   0x000000ac   Code   RO         1385    i.app_smpc_key_ind_handler  app_smp_task.o
    0x10002ce0   0x000000e4   Code   RO         1386    i.app_smpc_ltk_req_ind_handler  app_smp_task.o
    0x10002dc4   0x00000054   Code   RO         1335    i.app_smpc_ltk_req_rsp  app_smp.o
    0x10002e18   0x0000002c   Code   RO         1387    i.app_smpc_sec_started_ind_handler  app_smp_task.o
    0x10002e44   0x00000044   Code   RO         1388    i.app_smpc_timeout_evt_handler  app_smp_task.o
    0x10002e88   0x00000084   Code   RO         1389    i.app_smpc_tk_req_ind_handler  app_smp_task.o
    0x10002f0c   0x0000003c   Code   RO         1337    i.app_smpc_tk_req_rsp  app_smp.o
    0x10002f48   0x00000024   Code   RO         1390    i.app_smpm_set_key_cfm_handler  app_smp_task.o
    0x10002f6c   0x00000034   Code   RO         1338    i.app_smpm_set_key_req  app_smp.o
    0x10002fa0   0x000000cc   Code   RO          364    i.app_task_msg_hdl  usr_design.o
    0x1000306c   0x00000002   Code   RO         1010    i.app_uart_init     app_sys.o
    0x1000306e   0x00000002   PAD
    0x10003070   0x00000038   Code   RO           12    i.assert_err        app_main.o
    0x100030a8   0x0000004c   Code   RO         2716    i.atts_req_error_ind_handler_patch  qn9020b2_lib_peripheral.lib(lib.o)
    0x100030f4   0x0000014c   Code   RO         2717    i.atts_svc_create_db_ext  qn9020b2_lib_peripheral.lib(lib.o)
    0x10003240   0x00000010   Code   RO         2526    i.battery_monitor_enable  analog.o
    0x10003250   0x00000180   Code   RO          733    i.better_pedometer  pedometer_lib.o
    0x100033d0   0x00000028   Code   RO         2718    i.ble_ext_wakeup_allow  qn9020b2_lib_peripheral.lib(lib.o)
    0x100033f8   0x00000012   Code   RO         2719    i.ble_hw_sleep      qn9020b2_lib_peripheral.lib(lib.o)
    0x1000340a   0x00000002   PAD
    0x1000340c   0x00000110   Code   RO         2720    i.ble_init          qn9020b2_lib_peripheral.lib(lib.o)
    0x1000351c   0x00000030   Code   RO         2721    i.ble_sleep         qn9020b2_lib_peripheral.lib(lib.o)
    0x1000354c   0x00000024   Code   RO         2635    i.button_init       button.o
    0x10003570   0x0000000c   Code   RO         2722    i.cal_cal_SetCAL0WithMask  qn9020b2_lib_peripheral.lib(lib.o)
    0x1000357c   0x0000000c   Code   RO         2723    i.cal_cal_SetCAL1WithMask  qn9020b2_lib_peripheral.lib(lib.o)
    0x10003588   0x00000014   Code   RO         2724    i.check_ble_wakeup  qn9020b2_lib_peripheral.lib(lib.o)
    0x1000359c   0x00000010   Code   RO         2725    i.co_buf_rx_get     qn9020b2_lib_peripheral.lib(lib.o)
    0x100035ac   0x00000064   Code   RO         2726    i.config_work_mode  qn9020b2_lib_peripheral.lib(lib.o)
    0x10003610   0x00000044   Code   RO          545    i.create_list       protocol_lib.o
    0x10003654   0x0000003c   Code   RO         2727    i.dc_dc_enable      qn9020b2_lib_peripheral.lib(lib.o)
    0x10003690   0x0000002c   Code   RO         2728    i.default_enter_sleep_cb  qn9020b2_lib_peripheral.lib(lib.o)
    0x100036bc   0x0000001c   Code   RO         2729    i.default_exit_sleep_cb  qn9020b2_lib_peripheral.lib(lib.o)
    0x100036d8   0x00000010   Code   RO         2730    i.delay             qn9020b2_lib_peripheral.lib(lib.o)
    0x100036e8   0x00000028   Code   RO          546    i.delete_from_list  protocol_lib.o
    0x10003710   0x00000016   Code   RO          655    i.disable_ADC_SAMPLE  adc_lib.o
    0x10003726   0x00000002   PAD
    0x10003728   0x00000014   Code   RO         2731    i.dp_dp_SetRegWithMask  qn9020b2_lib_peripheral.lib(lib.o)
    0x1000373c   0x00000014   Code   RO         2836    i.dp_dp_SetRegWithMask  qn9020b2_lib_peripheral.lib(qnrf.o)
    0x10003750   0x00000028   Code   RO          656    i.enable_ADC_SAMPLE  adc_lib.o
    0x10003778   0x00000178   Code   RO         1870    i.enter_sleep       sleep.o
    0x100038f0   0x00000020   Code   RO         2732    i.flash_on          qn9020b2_lib_peripheral.lib(lib.o)
    0x10003910   0x00000002   Code   RO         2733    i.foo1              qn9020b2_lib_peripheral.lib(lib.o)
    0x10003912   0x0000000a   Code   RO         2663    i.fputc             retarget.o
    0x1000391c   0x0000009c   Code   RO         2734    i.fw_ble_sleep      qn9020b2_lib_peripheral.lib(lib.o)
    0x100039b8   0x00000018   Code   RO         2853    i.gap_discon_cmp_evt_handler  qn_qpp.lib(qpps_task.o)
    0x100039d0   0x000000a4   Code   RO         2735    i.gap_discon_ind_handler_patch  qn9020b2_lib_peripheral.lib(lib.o)
    0x10003a74   0x00000044   Code   RO         2854    i.gatt_notify_cmp_evt_handler  qn_qpp.lib(qpps_task.o)
    0x10003ab8   0x00000048   Code   RO         2736    i.gatt_read_char_req_handler_patch  qn9020b2_lib_peripheral.lib(lib.o)
    0x10003b00   0x000000fc   Code   RO         2737    i.gatt_write_char_req_handler_patch  qn9020b2_lib_peripheral.lib(lib.o)
    0x10003bfc   0x0000011c   Code   RO         2855    i.gatt_write_cmd_ind_handler  qn_qpp.lib(qpps_task.o)
    0x10003d18   0x0000000c   Code   RO          734    i.getDistance       pedometer_lib.o
    0x10003d24   0x0000000c   Code   RO          735    i.getSteps          pedometer_lib.o
    0x10003d30   0x0000000c   Code   RO          657    i.get_ADC_buff      adc_lib.o
    0x10003d3c   0x00000014   Code   RO         1512    i.get_bit_num       app_qpps_task.o
    0x10003d50   0x0000011c   Code   RO          547    i.get_data_by_id    protocol_lib.o
    0x10003e6c   0x0000000a   Code   RO         1759    i.gpio_enable_interrupt  gpio.o
    0x10003e76   0x00000002   PAD
    0x10003e78   0x0000001c   Code   RO         1760    i.gpio_init         gpio.o
    0x10003e94   0x0000001a   Code   RO          365    i.gpio_interrupt_callback  usr_design.o
    0x10003eae   0x00000014   Code   RO         1762    i.gpio_read_pin     gpio.o
    0x10003ec2   0x0000000c   Code   RO         1763    i.gpio_read_pin_field  gpio.o
    0x10003ece   0x00000010   Code   RO         1764    i.gpio_set_direction  gpio.o
    0x10003ede   0x0000000e   Code   RO         1765    i.gpio_set_direction_field  gpio.o
    0x10003eec   0x00000028   Code   RO         1766    i.gpio_set_interrupt  gpio.o
    0x10003f14   0x0000001e   Code   RO         1767    i.gpio_sleep_allowed  gpio.o
    0x10003f32   0x00000056   Code   RO         1769    i.gpio_wakeup_config  gpio.o
    0x10003f88   0x00000016   Code   RO         1770    i.gpio_write_pin    gpio.o
    0x10003f9e   0x00000002   PAD
    0x10003fa0   0x00000024   Code   RO         2331    i.i2c_bus_check     i2c.o
    0x10003fc4   0x0000003c   Code   RO         2332    i.i2c_init          i2c.o
    0x10004000   0x00000080   Code   RO         2333    i.i2c_read          i2c.o
    0x10004080   0x00000058   Code   RO         2334    i.i2c_write         i2c.o
    0x100040d8   0x0000004c   Code   RO         2738    i.ke_schedule       qn9020b2_lib_peripheral.lib(lib.o)
    0x10004124   0x00000028   Code   RO         2739    i.ke_time           qn9020b2_lib_peripheral.lib(lib.o)
    0x1000414c   0x00000018   Code   RO         2740    i.ke_timer_empty    qn9020b2_lib_peripheral.lib(lib.o)
    0x10004164   0x0000005c   Code   RO         2741    i.l2cc_data_packet_ind_handler_patch  qn9020b2_lib_peripheral.lib(lib.o)
    0x100041c0   0x00000050   Code   RO         2742    i.l2cc_data_send_rsp_handler_patch  qn9020b2_lib_peripheral.lib(lib.o)
    0x10004210   0x00000028   Code   RO         2600    i.led_set           led.o
    0x10004238   0x0000003c   Code   RO         2743    i.lld_sleep_lpcycles_2_us  qn9020b2_lib_peripheral.lib(lib.o)
    0x10004274   0x00000178   Code   RO           15    i.main              app_main.o
    0x100043ec   0x0000006c   Code   RO         3161    i.malloc            mc_p.l(malloc.o)
    0x10004458   0x00000060   Code   RO         2744    i.nvds_copy         qn9020b2_lib_peripheral.lib(lib.o)
    0x100044b8   0x00000030   Code   RO         2745    i.nvds_erase        qn9020b2_lib_peripheral.lib(lib.o)
    0x100044e8   0x00000074   Code   RO         2747    i.nvds_restore_backup  qn9020b2_lib_peripheral.lib(lib.o)
    0x1000455c   0x00000054   Code   RO         2748    i.nvds_write        qn9020b2_lib_peripheral.lib(lib.o)
    0x100045b0   0x0000006c   Code   RO          549    i.package_notification  protocol_lib.o
    0x1000461c   0x000002f4   Code   RO         2749    i.plf_init          qn9020b2_lib_peripheral.lib(lib.o)
    0x10004910   0x00000010   Code   RO         2750    i.plf_reset_cb      qn9020b2_lib_peripheral.lib(lib.o)
    0x10004920   0x00000148   Code   RO         2751    i.powerup_calibration  qn9020b2_lib_peripheral.lib(lib.o)
    0x10004a68   0x00000028   Code   RO         1571    i.prf_dispatch_disconnect  prf_utils.o
    0x10004a90   0x00000008   Code   RO         1572    i.prf_init          prf_utils.o
    0x10004a98   0x00000114   Code   RO          551    i.protocol_execute_command  protocol_lib.o
    0x10004bac   0x00000194   Code   RO         2856    i.qpps_create_db_req_handler  qn_qpp.lib(qpps_task.o)
    0x10004d40   0x00000090   Code   RO         2857    i.qpps_data_send_req_handler  qn_qpp.lib(qpps_task.o)
    0x10004dd0   0x00000048   Code   RO         2819    i.qpps_disable      qn_qpp.lib(qpps.o)
    0x10004e18   0x00000094   Code   RO         2858    i.qpps_enable_req_handler  qn_qpp.lib(qpps_task.o)
    0x10004eac   0x0000002c   Code   RO         2820    i.qpps_error_ind_send  qn_qpp.lib(qpps.o)
    0x10004ed8   0x00000024   Code   RO         2821    i.qpps_init         qn_qpp.lib(qpps.o)
    0x10004efc   0x00000054   Code   RO          552    i.receive_packet    protocol_lib.o
    0x10004f50   0x0000001c   Code   RO          553    i.restart_protocol_timer  protocol_lib.o
    0x10004f6c   0x00000054   Code   RO         2754    i.restore_ble_setting  qn9020b2_lib_peripheral.lib(lib.o)
    0x10004fc0   0x0000005c   Code   RO         2837    i.rf_enable         qn9020b2_lib_peripheral.lib(qnrf.o)
    0x1000501c   0x00000020   Code   RO         2838    i.rf_enable_sw_set_freq  qn9020b2_lib_peripheral.lib(qnrf.o)
    0x1000503c   0x00000024   Code   RO         2755    i.rwble_slot_2_lpcycles  qn9020b2_lib_peripheral.lib(lib.o)
    0x10005060   0x00000020   Code   RO          554    i.search_in_list    protocol_lib.o
    0x10005080   0x00000044   Code   RO          555    i.send_packet       protocol_lib.o
    0x100050c4   0x00000010   Code   RO         2757    i.set_dbg_info      qn9020b2_lib_peripheral.lib(lib.o)
    0x100050d4   0x00000018   Code   RO         1872    i.sleep_cb          sleep.o
    0x100050ec   0x00000030   Code   RO         1873    i.sleep_init        sleep.o
    0x1000511c   0x0000005a   Code   RO         2758    i.sleep_post_process  qn9020b2_lib_peripheral.lib(lib.o)
    0x10005176   0x00000002   PAD
    0x10005178   0x0000002c   Code   RO          271    i.spi_clock_off     system.o
    0x100051a4   0x0000000e   Code   RO         2435    i.syscon_SetADCCRWithMask  adc.o
    0x100051b2   0x0000000e   Code   RO         2530    i.syscon_SetAnalogCRWithMask  analog.o
    0x100051c0   0x0000000c   Code   RO         1874    i.syscon_SetCMDCRWithMask  sleep.o
    0x100051cc   0x0000000c   Code   RO         1985    i.syscon_SetCMDCRWithMask  syscon.o
    0x100051d8   0x0000000e   Code   RO         1875    i.syscon_SetIvrefX32WithMask  sleep.o
    0x100051e6   0x0000000e   Code   RO         2759    i.syscon_SetIvrefX32WithMask  qn9020b2_lib_peripheral.lib(lib.o)
    0x100051f4   0x0000000e   Code   RO         1876    i.syscon_SetPGCR0WithMask  sleep.o
    0x10005202   0x0000000e   Code   RO         1877    i.syscon_SetPGCR1WithMask  sleep.o
    0x10005210   0x0000000e   Code   RO         2760    i.syscon_SetPGCR1WithMask  qn9020b2_lib_peripheral.lib(lib.o)
    0x1000521e   0x0000000e   Code   RO         1878    i.syscon_SetPGCR2WithMask  sleep.o
    0x1000522c   0x00000038   Code   RO         1990    i.syscon_set_ahb_clk  syscon.o
    0x10005264   0x00000034   Code   RO         1991    i.syscon_set_apb_clk  syscon.o
    0x10005298   0x00000040   Code   RO         1992    i.syscon_set_ble_clk  syscon.o
    0x100052d8   0x000000b8   Code   RO         1993    i.syscon_set_sysclk_src  syscon.o
    0x10005390   0x0000002c   Code   RO         1994    i.syscon_set_timer_clk  syscon.o
    0x100053bc   0x00000070   Code   RO         1995    i.syscon_set_usart_clk  syscon.o
    0x1000542c   0x00000038   Code   RO         1031    i.task_app_desc_register  app_task.o
    0x10005464   0x000000c4   Code   RO         2761    i.task_gatt_desc_register  qn9020b2_lib_peripheral.lib(lib.o)
    0x10005528   0x00000038   Code   RO         2859    i.task_qpps_desc_register  qn_qpp.lib(qpps_task.o)
    0x10005560   0x00000054   Code   RO         2531    i.temp_sensor_enable  analog.o
    0x100055b4   0x00000044   Code   RO          272    i.timer_clock_off   system.o
    0x100055f8   0x00000038   Code   RO         1647    i.uart_check_tx_free  uart.o
    0x10005630   0x0000002c   Code   RO          273    i.uart_clock_off    system.o
    0x1000565c   0x00000080   Code   RO         1652    i.uart_init         uart.o
    0x100056dc   0x00000038   Code   RO         1655    i.uart_tx_int_enable  uart.o
    0x10005714   0x00000030   Code   RO          366    i.usr_button1_cb    usr_design.o
    0x10005744   0x00000090   Code   RO          367    i.usr_init          usr_design.o
    0x100057d4   0x00000058   Code   RO         1879    i.usr_sleep         sleep.o
    0x1000582c   0x00000038   Code   RO          368    i.usr_sleep_restore  usr_design.o
    0x10005864   0x00000014   Code   RO         1880    i.wakeup_32k_xtal_start_timer  sleep.o
    0x10005878   0x00000050   Code   RO         1881    i.wakeup_32k_xtal_switch_clk  sleep.o
    0x100058c8   0x00000064   Code   RO         1883    i.wakeup_by_sleep_timer  sleep.o
    0x1000592c   0x00000020   Code   RO         2078    i.wdt_irq_clear     wdt.o
    0x1000594c   0x00000128   Data   RO         1032    .constdata          app_task.o
    0x10005a74   0x00000030   Data   RO         1033    .constdata          app_task.o
    0x10005aa4   0x00000033   Data   RO         1658    .constdata          uart.o
    0x10005ad7   0x00000001   PAD
    0x10005ad8   0x00000010   Data   RO         2763    .constdata          qn9020b2_lib_peripheral.lib(lib.o)
    0x10005ae8   0x0000008c   Data   RO         2823    .constdata          qn_qpp.lib(qpps.o)
    0x10005b74   0x00000010   Data   RO         2824    .constdata          qn_qpp.lib(qpps.o)
    0x10005b84   0x00000013   Data   RO         2825    .constdata          qn_qpp.lib(qpps.o)
    0x10005b97   0x00000013   Data   RO         2826    .constdata          qn_qpp.lib(qpps.o)
    0x10005baa   0x00000002   PAD
    0x10005bac   0x00000008   Data   RO         2860    .constdata          qn_qpp.lib(qpps_task.o)
    0x10005bb4   0x00000008   Data   RO         2861    .constdata          qn_qpp.lib(qpps_task.o)
    0x10005bbc   0x00000018   Data   RO         2862    .constdata          qn_qpp.lib(qpps_task.o)
    0x10005bd4   0x00000008   Data   RO         2863    .constdata          qn_qpp.lib(qpps_task.o)
    0x10005bdc   0x00000033   Data   RO         2864    .constdata          qn_qpp.lib(qpps_task.o)
    0x10005c0f   0x00000081   Data   RO         3241    .constdata          mc_p.l(ctype_o.o)
    0x10005c90   0x00000004   Data   RO         3242    .constdata          mc_p.l(ctype_o.o)
    0x10005c94   0x000000d6   Data   RO         1195    .conststring        app_gap_task.o
    0x10005d6a   0x00000002   PAD
    0x10005d6c   0x000000ad   Data   RO         1391    .conststring        app_smp_task.o
    0x10005e19   0x0000001e   Data   RO         2827    .conststring        qn_qpp.lib(qpps.o)
    0x10005e37   0x00000014   Data   RO         2828    .conststrlit        qn_qpp.lib(qpps.o)
    0x10005e4b   0x00000001   PAD
    0x10005e4c   0x00000010   Data   RO         3272    Region$$Table       anon$$obj.o
    0x10005e5c   0x00000004   Data   RW          558    .data               protocol_lib.o
    0x10005e60   0x00000004   Data   RW          659    .data               adc_lib.o
    0x10005e64   0x0000001e   Data   RW          736    .data               pedometer_lib.o
    0x10005e82   0x00000002   Data   RW         1034    .data               app_task.o
    0x10005e84   0x00000004   Data   RW         1513    .data               app_qpps_task.o
    0x10005e88   0x00000004   Data   RW         1772    .data               gpio.o
    0x10005e8c   0x0000001c   Data   RW         1884    .data               sleep.o
    0x10005ea8   0x0000000c   Data   RW         1996    .data               syscon.o
    0x10005eb4   0x00000004   Data   RW         2082    .data               wdt.o
    0x10005eb8   0x00000020   Data   RW         2143    .data               timer.o
    0x10005ed8   0x0000000c   Data   RW         2437    .data               adc.o
    0x10005ee4   0x0000000c   Data   RW         2532    .data               analog.o
    0x10005ef0   0x00000004   Data   RW         2664    .data               retarget.o
    0x10005ef4   0x00000020   Data   RW         2764    .data               qn9020b2_lib_peripheral.lib(lib.o)
    0x10005f14   0x00000002   Data   RW         2865    .data               qn_qpp.lib(qpps_task.o)
    0x10005f16   0x00000002   PAD
    0x10005f18   0x00000004   Data   RW         2885    .data               mc_p.l(rand.o)
    0x10005f1c   0x00000004   Data   RW         3218    .data               mc_p.l(mvars.o)
    0x10005f20   0x00000004   Data   RW         3219    .data               mc_p.l(mvars.o)
    0x10005f24   0x00000004   Data   RW         3223    .data               mc_p.l(errno.o)
    0x10005f28   0x0000099c   Zero   RW           16    .bss                app_main.o
    0x100068c4   0x0000001e   Zero   RW          557    .bss                protocol_lib.o
    0x100068e2   0x00000100   Zero   RW          658    .bss                adc_lib.o
    0x100069e2   0x00000002   PAD
    0x100069e4   0x000000f8   Zero   RW          930    .bss                app_env.o
    0x10006adc   0x00000030   Zero   RW         1657    .bss                uart.o
    0x10006b0c   0x00000014   Zero   RW         2335    .bss                i2c.o
    0x10006b20   0x00000014   Zero   RW         2436    .bss                adc.o
    0x10006b34   0x000003a0   Zero   RW         2762    .bss                qn9020b2_lib_peripheral.lib(lib.o)
    0x10006ed4   0x00000010   Zero   RW         2822    .bss                qn_qpp.lib(qpps.o)
    0x10006ee4   0x00000004   PAD
    0x10006ee8   0x00000000   Zero   RW            2    HEAP                startup.o
    0x10006ee8   0x00000200   Zero   RW            1    STACK               startup.o


==============================================================================

Image component sizes


      Code (inc. data)   RO Data    RW Data    ZI Data      Debug   Object Name

       502         28          0          0          0       5256   accel_lib.o
       934        114          0         12         20      23732   adc.o
       558        100          0          4        256      22133   adc_lib.o
       146         24          0         12          0      17130   analog.o
       412         86          0          0        248       3945   app_env.o
       400         76          0          0          0       5205   app_gap.o
      1342        544        214          0          0      12494   app_gap_task.o
       432         88          0          0       2460      94988   app_main.o
       144         24          0          0          0       2324   app_qpps.o
       324         90          0          4          0       5935   app_qpps_task.o
       336         48          0          0          0       3674   app_smp.o
       936        242        173          0          0       6223   app_smp_task.o
         2          0          0          0          0        476   app_sys.o
       120         20        344          2          0      16097   app_task.o
       836        138          0          0          0      11954   app_util.o
        36          0          0          0          0        518   button.o
       318         12          0          4          0      23966   gpio.o
       608         72          0          0         20      20604   i2c.o
        40          8          0          0          0        562   led.o
       408         58          0         30          0       3292   pedometer_lib.o
        48          8          0          0          0       1137   prf_utils.o
      1110        284          0          4         30       7875   protocol_lib.o
        10          0          0          4          0       2518   retarget.o
       824         86          0         28          0      31205   sleep.o
        48         14        192          0        512        896   startup.o
       524         82          0         12          0      19971   syscon.o
       488        102          0          0          0      35465   system.o
       208         32          0         32          0      18826   timer.o
       424         70         51          0         48      29995   uart.o
       762        166          0          0          0      25462   usr_design.o
        56         20          0          4          0       1802   wdt.o

    ----------------------------------------------------------------------
     13352       2636        993        152       3596     455660   Object Totals
         0          0         16          0          0          0   (incl. Generated)
        16          0          3          0          2          0   (incl. Padding)

    ----------------------------------------------------------------------

      Code (inc. data)   RO Data    RW Data    ZI Data      Debug   Library Member Name

        30          0          0          0          0         60   _chval.o
       166          0          0          0          0         84   _strtoul.o
        26          0          0          0          0         72   atoi.o
         8          4        133          0          0         60   ctype_o.o
         0          0          0          0          0          0   entry.o
         0          0          0          0          0          0   entry10a.o
         0          0          0          0          0          0   entry11a.o
         8          4          0          0          0          0   entry2.o
         4          0          0          0          0          0   entry5.o
         0          0          0          0          0          0   entry7b.o
         0          0          0          0          0          0   entry8b.o
         8          4          0          0          0          0   entry9a.o
         8          4          0          4          0         60   errno.o
        30          0          0          0          0          0   handlers.o
        40          0          0          0          0         72   idiv.o
        36          8          0          0          0         68   init.o
         0          0          0          0          0          0   iusefp.o
        32          0          0          0          0         68   llshl.o
        38          0          0          0          0         68   llsshr.o
        34          0          0          0          0         68   llushr.o
       108         16          0          0          0         76   malloc.o
        26          0          0          0          0         72   memcmp.o
        36          0          0          0          0         60   memcpya.o
        36          0          0          0          0        100   memseta.o
         0          0          0          8          0          0   mvars.o
      1172         52          0          0          0        324   printf8.o
        36         12          0          4          0        120   rand.o
        18          0          0          0          0         60   strcpy.o
        14          0          0          0          0         60   strlen.o
       112          4          0          0          0         76   strtol.o
        44          0          0          0          0         72   uidiv.o
       356          4          0          0          0        140   dadd.o
       240          6          0          0          0         84   ddiv.o
       236          0          0          0          0        216   depilogue.o
        72         10          0          0          0         72   dfixi.o
        40          6          0          0          0         68   dflti.o
       208          6          0          0          0         88   dmul.o
      4230        732         16         32        928       3012   lib.o
       430          0          0          0          0        116   math.o
       144         10          0          0          0        204   qnrf.o
       152         42        244          0         16        212   qpps.o
      1128        144         99          2          0        528   qpps_task.o

    ----------------------------------------------------------------------
      9316       1068        495         52        948       6440   Library Totals
        10          0          3          2          4          0   (incl. Padding)

    ----------------------------------------------------------------------

      Code (inc. data)   RO Data    RW Data    ZI Data      Debug   Library Name

      2070        108        133         16          0       1700   mc_p.l
      1152         32          0          0          0        668   mf_p.l
      4804        742         16         32        928       3332   qn9020b2_lib_peripheral.lib
      1280        186        343          2         16        740   qn_qpp.lib

    ----------------------------------------------------------------------
      9316       1068        495         52        948       6440   Library Totals

    ----------------------------------------------------------------------

==============================================================================


      Code (inc. data)   RO Data    RW Data    ZI Data      Debug   

     22668       3704       1488        204       4544     450364   Grand Totals
     22668       3704       1488        204       4544     450364   ELF Image Totals
     22668       3704       1488        204          0          0   ROM Totals

==============================================================================

    Total RO  Size (Code + RO Data)                24156 (  23.59kB)
    Total RW  Size (RW Data + ZI Data)              4748 (   4.64kB)
    Total ROM Size (Code + RO Data + RW Data)      24360 (  23.79kB)

==============================================================================

