<html>
<body>
<pre>
<h1>µVision Build Log</h1>
<h2>Project:</h2>
C:\Quintic Corporation\QBlue-1.3.2\Projects\BLE\prj_proxr\keil\proxr.uvproj
Project File Date:  05/23/2014

<h2>Output:</h2>
Build target 'proxr'
assembling startup.s...
compiling app_main.c...
compiling system.c...
compiling usr_design.c...
compiling app_util.c...
compiling app_env.c...
compiling app_printf.c...
compiling app_sys.c...
compiling app_task.c...
compiling app_gap.c...
compiling app_gap_task.c...
compiling app_gatt.c...
compiling app_gatt_task.c...
compiling app_smp.c...
compiling app_smp_task.c...
compiling app_proxr.c...
compiling app_proxr_task.c...
compiling prf_utils.c...
compiling proxr.c...
compiling proxr_task.c...
compiling uart.c...
compiling gpio.c...
compiling sleep.c...
compiling syscon.c...
compiling pwm.c...
compiling wdt.c...
compiling timer.c...
compiling rtc.c...
compiling dma.c...
compiling led.c...
compiling button.c...
compiling buzz.c...
compiling retarget.c...
linking...
Program Size: Code=16812 RO-data=1664 RW-data=144 ZI-data=2988  
After Build - User command #1: fromelf --bin --output ./bin/proxr.bin ./obj/proxr.axf
".\obj\proxr.axf" - 0 Error(s), 0 Warning(s).
</pre>
</body>
</html>
