<!doctype html public "-//w3c//dtd html 4.0 transitional//en">
<html><head>
<title>Static Call Graph - [.\obj\qpps.axf]</title></head>
<body><HR>
<H1>Static Call Graph for image .\obj\qpps.axf</H1><HR>
<BR><P>#&#060CALLGRAPH&#062# ARM Linker, 5050106: Last Updated: Thu Apr 23 13:32:44 2015
<BR><P>
<H3>Maximum Stack Usage =        272 bytes + Unknown(Cycles, Untraceable Function Pointers)</H3><H3>
Call chain for Maximum Stack Depth:</H3>
main &rArr; usr_init &rArr; receive_packet &rArr; protocol_execute_command &rArr; send_packet &rArr; package_notification &rArr; get_data_by_id &rArr; adc_get_temp &rArr; __aeabi_dmul &rArr; _double_epilogue &rArr; __aeabi_llsr
<P>
<H3>
Mutually Recursive functions
</H3> <LI><a href="#[1]">NMI_Handler</a>&nbsp;&nbsp;&nbsp;&rArr;&nbsp;&nbsp;&nbsp;<a href="#[1]">NMI_Handler</a><BR>
 <LI><a href="#[2]">HardFault_Handler</a>&nbsp;&nbsp;&nbsp;&rArr;&nbsp;&nbsp;&nbsp;<a href="#[2]">HardFault_Handler</a><BR>
 <LI><a href="#[3]">MemManage_Handler</a>&nbsp;&nbsp;&nbsp;&rArr;&nbsp;&nbsp;&nbsp;<a href="#[3]">MemManage_Handler</a><BR>
 <LI><a href="#[4]">BusFault_Handler</a>&nbsp;&nbsp;&nbsp;&rArr;&nbsp;&nbsp;&nbsp;<a href="#[4]">BusFault_Handler</a><BR>
 <LI><a href="#[5]">UsageFault_Handler</a>&nbsp;&nbsp;&nbsp;&rArr;&nbsp;&nbsp;&nbsp;<a href="#[5]">UsageFault_Handler</a><BR>
 <LI><a href="#[6]">SVC_Handler</a>&nbsp;&nbsp;&nbsp;&rArr;&nbsp;&nbsp;&nbsp;<a href="#[6]">SVC_Handler</a><BR>
 <LI><a href="#[7]">DebugMon_Handler</a>&nbsp;&nbsp;&nbsp;&rArr;&nbsp;&nbsp;&nbsp;<a href="#[7]">DebugMon_Handler</a><BR>
 <LI><a href="#[8]">PendSV_Handler</a>&nbsp;&nbsp;&nbsp;&rArr;&nbsp;&nbsp;&nbsp;<a href="#[8]">PendSV_Handler</a><BR>
 <LI><a href="#[9]">SysTick_Handler</a>&nbsp;&nbsp;&nbsp;&rArr;&nbsp;&nbsp;&nbsp;<a href="#[9]">SysTick_Handler</a><BR>
 <LI><a href="#[23]">CALIB_IRQHandler</a>&nbsp;&nbsp;&nbsp;&rArr;&nbsp;&nbsp;&nbsp;<a href="#[23]">CALIB_IRQHandler</a><BR>
 <LI><a href="#[90]">uart_clock_off</a>&nbsp;&nbsp;&nbsp;&rArr;&nbsp;&nbsp;&nbsp;<a href="#[90]">uart_clock_off</a><BR>
 <LI><a href="#[91]">spi_clock_off</a>&nbsp;&nbsp;&nbsp;&rArr;&nbsp;&nbsp;&nbsp;<a href="#[91]">spi_clock_off</a><BR>
</UL>
<P>
<H3>
Function Pointers
</H3><UL>
 <LI><a href="#[11]">ADC_IRQHandler</a> from adc.o(i.ADC_IRQHandler) referenced from startup.o(RESET)
 <LI><a href="#[d]">BLE_IRQHandler</a> from lib.o(i.BLE_IRQHandler) referenced from startup.o(RESET)
 <LI><a href="#[4]">BusFault_Handler</a> from startup.o(.text) referenced from startup.o(RESET)
 <LI><a href="#[23]">CALIB_IRQHandler</a> from startup.o(.text) referenced from startup.o(RESET)
 <LI><a href="#[b]">COMPARATOR0_IRQHandler</a> from analog.o(i.COMPARATOR0_IRQHandler) referenced from startup.o(RESET)
 <LI><a href="#[c]">COMPARATOR1_IRQHandler</a> from analog.o(i.COMPARATOR1_IRQHandler) referenced from startup.o(RESET)
 <LI><a href="#[12]">DMA_IRQHandler</a> from startup.o(.text) referenced from startup.o(RESET)
 <LI><a href="#[7]">DebugMon_Handler</a> from startup.o(.text) referenced from startup.o(RESET)
 <LI><a href="#[a]">GPIO_IRQHandler</a> from gpio.o(i.GPIO_IRQHandler) referenced from startup.o(RESET)
 <LI><a href="#[2]">HardFault_Handler</a> from startup.o(.text) referenced from startup.o(RESET)
 <LI><a href="#[1b]">I2C_IRQHandler</a> from i2c.o(i.I2C_IRQHandler) referenced from startup.o(RESET)
 <LI><a href="#[3]">MemManage_Handler</a> from startup.o(.text) referenced from startup.o(RESET)
 <LI><a href="#[1]">NMI_Handler</a> from startup.o(.text) referenced from startup.o(RESET)
 <LI><a href="#[f]">OSC_EN_IRQHandler</a> from sleep.o(i.OSC_EN_IRQHandler) referenced from startup.o(RESET)
 <LI><a href="#[21]">PWM0_IRQHandler</a> from startup.o(.text) referenced from startup.o(RESET)
 <LI><a href="#[22]">PWM1_IRQHandler</a> from startup.o(.text) referenced from startup.o(RESET)
 <LI><a href="#[8]">PendSV_Handler</a> from startup.o(.text) referenced from startup.o(RESET)
 <LI><a href="#[e]">RTC_CAP_IRQHandler</a> from startup.o(.text) referenced from startup.o(RESET)
 <LI><a href="#[10]">RTC_IRQHandler</a> from startup.o(.text) referenced from startup.o(RESET)
 <LI><a href="#[0]">Reset_Handler</a> from startup.o(.text) referenced from startup.o(RESET)
 <LI><a href="#[16]">SPI0_RX_IRQHandler</a> from startup.o(.text) referenced from startup.o(RESET)
 <LI><a href="#[15]">SPI0_TX_IRQHandler</a> from startup.o(.text) referenced from startup.o(RESET)
 <LI><a href="#[1a]">SPI1_RX_IRQHandler</a> from startup.o(.text) referenced from startup.o(RESET)
 <LI><a href="#[19]">SPI1_TX_IRQHandler</a> from startup.o(.text) referenced from startup.o(RESET)
 <LI><a href="#[6]">SVC_Handler</a> from startup.o(.text) referenced from startup.o(RESET)
 <LI><a href="#[9]">SysTick_Handler</a> from startup.o(.text) referenced from startup.o(RESET)
 <LI><a href="#[1c]">TIMER0_IRQHandler</a> from timer.o(i.TIMER0_IRQHandler) referenced from startup.o(RESET)
 <LI><a href="#[1d]">TIMER1_IRQHandler</a> from timer.o(i.TIMER1_IRQHandler) referenced from startup.o(RESET)
 <LI><a href="#[1e]">TIMER2_IRQHandler</a> from timer.o(i.TIMER2_IRQHandler) referenced from startup.o(RESET)
 <LI><a href="#[1f]">TIMER3_IRQHandler</a> from timer.o(i.TIMER3_IRQHandler) referenced from startup.o(RESET)
 <LI><a href="#[24]">TUNER_RX_IRQHandler</a> from startup.o(.text) referenced from startup.o(RESET)
 <LI><a href="#[26]">TUNER_SETTING_IRQHandler</a> from startup.o(.text) referenced from startup.o(RESET)
 <LI><a href="#[25]">TUNER_TX_IRQHandler</a> from startup.o(.text) referenced from startup.o(RESET)
 <LI><a href="#[14]">UART0_RX_IRQHandler</a> from uart.o(i.UART0_RX_IRQHandler) referenced from startup.o(RESET)
 <LI><a href="#[13]">UART0_TX_IRQHandler</a> from uart.o(i.UART0_TX_IRQHandler) referenced from startup.o(RESET)
 <LI><a href="#[18]">UART1_RX_IRQHandler</a> from startup.o(.text) referenced from startup.o(RESET)
 <LI><a href="#[17]">UART1_TX_IRQHandler</a> from startup.o(.text) referenced from startup.o(RESET)
 <LI><a href="#[5]">UsageFault_Handler</a> from startup.o(.text) referenced from startup.o(RESET)
 <LI><a href="#[20]">WDT_IRQHandler</a> from wdt.o(i.WDT_IRQHandler) referenced from startup.o(RESET)
 <LI><a href="#[28]">__main</a> from entry.o(.ARM.Collect$$$$00000000) referenced from startup.o(.text)
 <LI><a href="#[2b]">adc_offset_get_cb</a> from adc.o(i.adc_offset_get_cb) referenced from adc.o(i.__adc_calibrate)
 <LI><a href="#[2d]">adc_sample_complete2</a> from adc_lib.o(i.adc_sample_complete2) referenced from adc_lib.o(i.adc_sample_complete2)
 <LI><a href="#[2d]">adc_sample_complete2</a> from adc_lib.o(i.adc_sample_complete2) referenced from adc_lib.o(i.enable_ADC_SAMPLE)
 <LI><a href="#[2c]">adc_sample_complete_callback</a> from adc_lib.o(i.adc_sample_complete_callback) referenced from adc_lib.o(i.adc_get_batt)
 <LI><a href="#[2c]">adc_sample_complete_callback</a> from adc_lib.o(i.adc_sample_complete_callback) referenced from adc_lib.o(i.adc_get_temp)
 <LI><a href="#[40]">app_32k_xtal_wakeup_timer</a> from app_task.o(i.app_32k_xtal_wakeup_timer) referenced from app_task.o(.constdata)
 <LI><a href="#[43]">app_button_timer_handler</a> from usr_design.o(i.app_button_timer_handler) referenced 2 times from app_task.o(.constdata)
 <LI><a href="#[3f]">app_event_accel_handler</a> from accel_lib.o(i.app_event_accel_handler) referenced from usr_design.o(i.usr_init)
 <LI><a href="#[3e]">app_event_button1_press_handler</a> from usr_design.o(i.app_event_button1_press_handler) referenced from usr_design.o(i.usr_init)
 <LI><a href="#[42]">app_gap_adv_intv_update_timer_handler</a> from usr_design.o(i.app_gap_adv_intv_update_timer_handler) referenced from app_task.o(.constdata)
 <LI><a href="#[4a]">app_gap_adv_req_cmp_evt_handler</a> from app_gap_task.o(i.app_gap_adv_req_cmp_evt_handler) referenced from app_task.o(.constdata)
 <LI><a href="#[52]">app_gap_bond_req_cmp_ind_handler</a> from app_gap_task.o(i.app_gap_bond_req_cmp_ind_handler) referenced from app_task.o(.constdata)
 <LI><a href="#[51]">app_gap_bond_req_ind_handler</a> from app_gap_task.o(i.app_gap_bond_req_ind_handler) referenced from app_task.o(.constdata)
 <LI><a href="#[4d]">app_gap_change_param_req_cmp_handler</a> from app_gap_task.o(i.app_gap_change_param_req_cmp_handler) referenced from app_task.o(.constdata)
 <LI><a href="#[50]">app_gap_discon_cmp_evt_handler</a> from app_gap_task.o(i.app_gap_discon_cmp_evt_handler) referenced from app_task.o(.constdata)
 <LI><a href="#[4f]">app_gap_le_create_conn_req_cmp_evt_handler</a> from app_gap_task.o(i.app_gap_le_create_conn_req_cmp_evt_handler) referenced from app_task.o(.constdata)
 <LI><a href="#[4b]">app_gap_param_update_resp_handler</a> from app_gap_task.o(i.app_gap_param_update_resp_handler) referenced from app_task.o(.constdata)
 <LI><a href="#[47]">app_gap_read_bdaddr_req_cmp_evt_handler</a> from app_gap_task.o(i.app_gap_read_bdaddr_req_cmp_evt_handler) referenced from app_task.o(.constdata)
 <LI><a href="#[46]">app_gap_read_ver_req_cmp_evt_handler</a> from app_gap_task.o(i.app_gap_read_ver_req_cmp_evt_handler) referenced from app_task.o(.constdata)
 <LI><a href="#[48]">app_gap_ready_evt_handler</a> from app_gap_task.o(i.app_gap_ready_evt_handler) referenced from app_task.o(.constdata)
 <LI><a href="#[44]">app_gap_reset_req_cmp_handler</a> from app_gap_task.o(i.app_gap_reset_req_cmp_handler) referenced from app_task.o(.constdata)
 <LI><a href="#[49]">app_gap_set_devname_req_cmp_evt_handler</a> from app_gap_task.o(i.app_gap_set_devname_req_cmp_evt_handler) referenced from app_task.o(.constdata)
 <LI><a href="#[4e]">app_gap_set_mode_req_cmp_evt_handler</a> from app_gap_task.o(i.app_gap_set_mode_req_cmp_evt_handler) referenced from app_task.o(.constdata)
 <LI><a href="#[4c]">app_gap_set_privacy_req_cmp_handler</a> from app_gap_task.o(i.app_gap_set_privacy_req_cmp_handler) referenced from app_task.o(.constdata)
 <LI><a href="#[53]">app_gap_set_random_add_req_cmp_handler</a> from app_gap_task.o(i.app_gap_set_random_add_req_cmp_handler) referenced from app_task.o(.constdata)
 <LI><a href="#[45]">app_gap_set_sec_req_cmp_evt_handler</a> from app_gap_task.o(i.app_gap_set_sec_req_cmp_evt_handler) referenced from app_task.o(.constdata)
 <LI><a href="#[54]">app_gatt_resource_access_req_handler</a> from app_gap_task.o(i.app_gatt_resource_access_req_handler) referenced from app_task.o(.constdata)
 <LI><a href="#[41]">app_led_timer_handler</a> from usr_design.o(i.app_led_timer_handler) referenced 2 times from app_task.o(.constdata)
 <LI><a href="#[60]">app_qpps_cfg_indntf_ind_handler</a> from app_qpps_task.o(i.app_qpps_cfg_indntf_ind_handler) referenced from app_task.o(.constdata)
 <LI><a href="#[62]">app_qpps_create_db_cfm_handler</a> from app_qpps_task.o(i.app_qpps_create_db_cfm_handler) referenced from app_task.o(.constdata)
 <LI><a href="#[61]">app_qpps_data_ind_handler</a> from app_qpps_task.o(i.app_qpps_data_ind_handler) referenced from app_task.o(.constdata)
 <LI><a href="#[5f]">app_qpps_data_send_cfm_handler</a> from app_qpps_task.o(i.app_qpps_data_send_cfm_handler) referenced from app_task.o(.constdata)
 <LI><a href="#[5d]">app_qpps_disable_ind_handler</a> from app_qpps_task.o(i.app_qpps_disable_ind_handler) referenced from app_task.o(.constdata)
 <LI><a href="#[5e]">app_qpps_error_ind_handler</a> from app_qpps_task.o(i.app_qpps_error_ind_handler) referenced from app_task.o(.constdata)
 <LI><a href="#[5a]">app_smpc_chk_bd_addr_req_ind_handler</a> from app_smp_task.o(i.app_smpc_chk_bd_addr_req_ind_handler) referenced from app_task.o(.constdata)
 <LI><a href="#[59]">app_smpc_irk_req_ind_handler</a> from app_smp_task.o(i.app_smpc_irk_req_ind_handler) referenced from app_task.o(.constdata)
 <LI><a href="#[56]">app_smpc_key_ind_handler</a> from app_smp_task.o(i.app_smpc_key_ind_handler) referenced from app_task.o(.constdata)
 <LI><a href="#[58]">app_smpc_ltk_req_ind_handler</a> from app_smp_task.o(i.app_smpc_ltk_req_ind_handler) referenced from app_task.o(.constdata)
 <LI><a href="#[5b]">app_smpc_sec_started_ind_handler</a> from app_smp_task.o(i.app_smpc_sec_started_ind_handler) referenced from app_task.o(.constdata)
 <LI><a href="#[5c]">app_smpc_timeout_evt_handler</a> from app_smp_task.o(i.app_smpc_timeout_evt_handler) referenced from app_task.o(.constdata)
 <LI><a href="#[57]">app_smpc_tk_req_ind_handler</a> from app_smp_task.o(i.app_smpc_tk_req_ind_handler) referenced from app_task.o(.constdata)
 <LI><a href="#[55]">app_smpm_set_key_cfm_handler</a> from app_smp_task.o(i.app_smpm_set_key_cfm_handler) referenced from app_task.o(.constdata)
 <LI><a href="#[3c]">atts_req_error_ind_handler_patch</a> from lib.o(i.atts_req_error_ind_handler_patch) referenced from lib.o(i.task_gatt_desc_register)
 <LI><a href="#[37]">default_enter_sleep_cb</a> from lib.o(i.default_enter_sleep_cb) referenced from lib.o(i.plf_init)
 <LI><a href="#[38]">default_exit_sleep_cb</a> from lib.o(i.default_exit_sleep_cb) referenced from lib.o(i.plf_init)
 <LI><a href="#[35]">foo1</a> from lib.o(i.foo1) referenced from lib.o(i.plf_init)
 <LI><a href="#[2a]">fputc</a> from retarget.o(i.fputc) referenced from printf8.o(i.__0printf$8)
 <LI><a href="#[68]">gap_discon_cmp_evt_handler</a> from qpps_task.o(i.gap_discon_cmp_evt_handler) referenced from qpps_task.o(.constdata)
 <LI><a href="#[2f]">gap_discon_ind_handler_patch</a> from lib.o(i.gap_discon_ind_handler_patch) referenced from lib.o(i.ble_init)
 <LI><a href="#[67]">gatt_notify_cmp_evt_handler</a> from qpps_task.o(i.gatt_notify_cmp_evt_handler) referenced from qpps_task.o(.constdata)
 <LI><a href="#[3a]">gatt_read_char_req_handler_patch</a> from lib.o(i.gatt_read_char_req_handler_patch) referenced from lib.o(i.task_gatt_desc_register)
 <LI><a href="#[3b]">gatt_write_char_req_handler_patch</a> from lib.o(i.gatt_write_char_req_handler_patch) referenced from lib.o(i.task_gatt_desc_register)
 <LI><a href="#[66]">gatt_write_cmd_ind_handler</a> from qpps_task.o(i.gatt_write_cmd_ind_handler) referenced from qpps_task.o(.constdata)
 <LI><a href="#[29]">gpio_interrupt_callback</a> from usr_design.o(i.gpio_interrupt_callback) referenced from system.o(i.SystemInit)
 <LI><a href="#[2e]">l2cc_data_packet_ind_handler_patch</a> from lib.o(i.l2cc_data_packet_ind_handler_patch) referenced from lib.o(i.ble_init)
 <LI><a href="#[3d]">l2cc_data_send_rsp_handler_patch</a> from lib.o(i.l2cc_data_send_rsp_handler_patch) referenced from lib.o(i.task_gatt_desc_register)
 <LI><a href="#[36]">lld_sleep_lpcycles_2_us</a> from lib.o(i.lld_sleep_lpcycles_2_us) referenced from lib.o(i.plf_init)
 <LI><a href="#[27]">main</a> from app_main.o(i.main) referenced from entry9a.o(.ARM.Collect$$$$0000000B)
 <LI><a href="#[34]">nvds_erase</a> from lib.o(i.nvds_erase) referenced from lib.o(i.plf_init)
 <LI><a href="#[33]">nvds_write</a> from lib.o(i.nvds_write) referenced from lib.o(i.plf_init)
 <LI><a href="#[39]">plf_reset_cb</a> from lib.o(i.plf_reset_cb) referenced from lib.o(i.plf_init)
 <LI><a href="#[31]">prf_dispatch_disconnect</a> from prf_utils.o(i.prf_dispatch_disconnect) referenced from app_main.o(i.main)
 <LI><a href="#[30]">prf_init</a> from prf_utils.o(i.prf_init) referenced from app_main.o(i.main)
 <LI><a href="#[63]">qpps_create_db_req_handler</a> from qpps_task.o(i.qpps_create_db_req_handler) referenced from qpps_task.o(.constdata)
 <LI><a href="#[65]">qpps_data_send_req_handler</a> from qpps_task.o(i.qpps_data_send_req_handler) referenced from qpps_task.o(.constdata)
 <LI><a href="#[64]">qpps_enable_req_handler</a> from qpps_task.o(i.qpps_enable_req_handler) referenced from qpps_task.o(.constdata)
 <LI><a href="#[32]">sleep_cb</a> from sleep.o(i.sleep_cb) referenced from app_main.o(i.main)
</UL>
<P>
<H3>
Global Symbols
</H3>
<P><STRONG><a name="[28]"></a>__main</STRONG> (Thumb, 0 bytes, Stack size unknown bytes, entry.o(.ARM.Collect$$$$00000000))
<BR>[Address Reference Count : 1]<UL><LI> startup.o(.text)
</UL>
<P><STRONG><a name="[13b]"></a>_main_stk</STRONG> (Thumb, 0 bytes, Stack size unknown bytes, entry2.o(.ARM.Collect$$$$00000001))

<P><STRONG><a name="[69]"></a>_main_scatterload</STRONG> (Thumb, 0 bytes, Stack size unknown bytes, entry5.o(.ARM.Collect$$$$00000004))
<BR><BR>[Calls]<UL><LI><a href="#[6a]">&gt;&gt;</a>&nbsp;&nbsp;&nbsp;__scatterload
</UL>

<P><STRONG><a name="[82]"></a>__main_after_scatterload</STRONG> (Thumb, 0 bytes, Stack size unknown bytes, entry5.o(.ARM.Collect$$$$00000004))
<BR><BR>[Called By]<UL><LI><a href="#[6a]">&gt;&gt;</a>&nbsp;&nbsp;&nbsp;__scatterload
</UL>

<P><STRONG><a name="[13c]"></a>_main_clock</STRONG> (Thumb, 0 bytes, Stack size unknown bytes, entry7b.o(.ARM.Collect$$$$00000008))

<P><STRONG><a name="[13d]"></a>_main_cpp_init</STRONG> (Thumb, 0 bytes, Stack size unknown bytes, entry8b.o(.ARM.Collect$$$$0000000A))

<P><STRONG><a name="[13e]"></a>_main_init</STRONG> (Thumb, 0 bytes, Stack size unknown bytes, entry9a.o(.ARM.Collect$$$$0000000B))

<P><STRONG><a name="[13f]"></a>__rt_final_cpp</STRONG> (Thumb, 0 bytes, Stack size unknown bytes, entry10a.o(.ARM.Collect$$$$0000000D))

<P><STRONG><a name="[140]"></a>__rt_final_exit</STRONG> (Thumb, 0 bytes, Stack size unknown bytes, entry11a.o(.ARM.Collect$$$$0000000F))

<P><STRONG><a name="[0]"></a>Reset_Handler</STRONG> (Thumb, 14 bytes, Stack size 0 bytes, startup.o(.text))
<BR>[Address Reference Count : 1]<UL><LI> startup.o(RESET)
</UL>
<P><STRONG><a name="[1]"></a>NMI_Handler</STRONG> (Thumb, 2 bytes, Stack size 0 bytes, startup.o(.text))
<BR><BR>[Calls]<UL><LI><a href="#[1]">&gt;&gt;</a>&nbsp;&nbsp;&nbsp;NMI_Handler
</UL>
<BR>[Called By]<UL><LI><a href="#[1]">&gt;&gt;</a>&nbsp;&nbsp;&nbsp;NMI_Handler
</UL>
<BR>[Address Reference Count : 1]<UL><LI> startup.o(RESET)
</UL>
<P><STRONG><a name="[2]"></a>HardFault_Handler</STRONG> (Thumb, 2 bytes, Stack size 0 bytes, startup.o(.text))
<BR><BR>[Calls]<UL><LI><a href="#[2]">&gt;&gt;</a>&nbsp;&nbsp;&nbsp;HardFault_Handler
</UL>
<BR>[Called By]<UL><LI><a href="#[2]">&gt;&gt;</a>&nbsp;&nbsp;&nbsp;HardFault_Handler
</UL>
<BR>[Address Reference Count : 1]<UL><LI> startup.o(RESET)
</UL>
<P><STRONG><a name="[3]"></a>MemManage_Handler</STRONG> (Thumb, 2 bytes, Stack size 0 bytes, startup.o(.text))
<BR><BR>[Calls]<UL><LI><a href="#[3]">&gt;&gt;</a>&nbsp;&nbsp;&nbsp;MemManage_Handler
</UL>
<BR>[Called By]<UL><LI><a href="#[3]">&gt;&gt;</a>&nbsp;&nbsp;&nbsp;MemManage_Handler
</UL>
<BR>[Address Reference Count : 1]<UL><LI> startup.o(RESET)
</UL>
<P><STRONG><a name="[4]"></a>BusFault_Handler</STRONG> (Thumb, 2 bytes, Stack size 0 bytes, startup.o(.text))
<BR><BR>[Calls]<UL><LI><a href="#[4]">&gt;&gt;</a>&nbsp;&nbsp;&nbsp;BusFault_Handler
</UL>
<BR>[Called By]<UL><LI><a href="#[4]">&gt;&gt;</a>&nbsp;&nbsp;&nbsp;BusFault_Handler
</UL>
<BR>[Address Reference Count : 1]<UL><LI> startup.o(RESET)
</UL>
<P><STRONG><a name="[5]"></a>UsageFault_Handler</STRONG> (Thumb, 2 bytes, Stack size 0 bytes, startup.o(.text))
<BR><BR>[Calls]<UL><LI><a href="#[5]">&gt;&gt;</a>&nbsp;&nbsp;&nbsp;UsageFault_Handler
</UL>
<BR>[Called By]<UL><LI><a href="#[5]">&gt;&gt;</a>&nbsp;&nbsp;&nbsp;UsageFault_Handler
</UL>
<BR>[Address Reference Count : 1]<UL><LI> startup.o(RESET)
</UL>
<P><STRONG><a name="[6]"></a>SVC_Handler</STRONG> (Thumb, 2 bytes, Stack size 0 bytes, startup.o(.text))
<BR><BR>[Calls]<UL><LI><a href="#[6]">&gt;&gt;</a>&nbsp;&nbsp;&nbsp;SVC_Handler
</UL>
<BR>[Called By]<UL><LI><a href="#[6]">&gt;&gt;</a>&nbsp;&nbsp;&nbsp;SVC_Handler
</UL>
<BR>[Address Reference Count : 1]<UL><LI> startup.o(RESET)
</UL>
<P><STRONG><a name="[7]"></a>DebugMon_Handler</STRONG> (Thumb, 2 bytes, Stack size 0 bytes, startup.o(.text))
<BR><BR>[Calls]<UL><LI><a href="#[7]">&gt;&gt;</a>&nbsp;&nbsp;&nbsp;DebugMon_Handler
</UL>
<BR>[Called By]<UL><LI><a href="#[7]">&gt;&gt;</a>&nbsp;&nbsp;&nbsp;DebugMon_Handler
</UL>
<BR>[Address Reference Count : 1]<UL><LI> startup.o(RESET)
</UL>
<P><STRONG><a name="[8]"></a>PendSV_Handler</STRONG> (Thumb, 2 bytes, Stack size 0 bytes, startup.o(.text))
<BR><BR>[Calls]<UL><LI><a href="#[8]">&gt;&gt;</a>&nbsp;&nbsp;&nbsp;PendSV_Handler
</UL>
<BR>[Called By]<UL><LI><a href="#[8]">&gt;&gt;</a>&nbsp;&nbsp;&nbsp;PendSV_Handler
</UL>
<BR>[Address Reference Count : 1]<UL><LI> startup.o(RESET)
</UL>
<P><STRONG><a name="[9]"></a>SysTick_Handler</STRONG> (Thumb, 2 bytes, Stack size 0 bytes, startup.o(.text))
<BR><BR>[Calls]<UL><LI><a href="#[9]">&gt;&gt;</a>&nbsp;&nbsp;&nbsp;SysTick_Handler
</UL>
<BR>[Called By]<UL><LI><a href="#[9]">&gt;&gt;</a>&nbsp;&nbsp;&nbsp;SysTick_Handler
</UL>
<BR>[Address Reference Count : 1]<UL><LI> startup.o(RESET)
</UL>
<P><STRONG><a name="[23]"></a>CALIB_IRQHandler</STRONG> (Thumb, 0 bytes, Stack size 0 bytes, startup.o(.text))
<BR><BR>[Calls]<UL><LI><a href="#[23]">&gt;&gt;</a>&nbsp;&nbsp;&nbsp;CALIB_IRQHandler
</UL>
<BR>[Called By]<UL><LI><a href="#[23]">&gt;&gt;</a>&nbsp;&nbsp;&nbsp;CALIB_IRQHandler
</UL>
<BR>[Address Reference Count : 1]<UL><LI> startup.o(RESET)
</UL>
<P><STRONG><a name="[12]"></a>DMA_IRQHandler</STRONG> (Thumb, 0 bytes, Stack size 0 bytes, startup.o(.text))
<BR>[Address Reference Count : 1]<UL><LI> startup.o(RESET)
</UL>
<P><STRONG><a name="[21]"></a>PWM0_IRQHandler</STRONG> (Thumb, 0 bytes, Stack size 0 bytes, startup.o(.text))
<BR>[Address Reference Count : 1]<UL><LI> startup.o(RESET)
</UL>
<P><STRONG><a name="[22]"></a>PWM1_IRQHandler</STRONG> (Thumb, 0 bytes, Stack size 0 bytes, startup.o(.text))
<BR>[Address Reference Count : 1]<UL><LI> startup.o(RESET)
</UL>
<P><STRONG><a name="[e]"></a>RTC_CAP_IRQHandler</STRONG> (Thumb, 0 bytes, Stack size 0 bytes, startup.o(.text))
<BR>[Address Reference Count : 1]<UL><LI> startup.o(RESET)
</UL>
<P><STRONG><a name="[10]"></a>RTC_IRQHandler</STRONG> (Thumb, 0 bytes, Stack size 0 bytes, startup.o(.text))
<BR>[Address Reference Count : 1]<UL><LI> startup.o(RESET)
</UL>
<P><STRONG><a name="[16]"></a>SPI0_RX_IRQHandler</STRONG> (Thumb, 0 bytes, Stack size 0 bytes, startup.o(.text))
<BR>[Address Reference Count : 1]<UL><LI> startup.o(RESET)
</UL>
<P><STRONG><a name="[15]"></a>SPI0_TX_IRQHandler</STRONG> (Thumb, 0 bytes, Stack size 0 bytes, startup.o(.text))
<BR>[Address Reference Count : 1]<UL><LI> startup.o(RESET)
</UL>
<P><STRONG><a name="[1a]"></a>SPI1_RX_IRQHandler</STRONG> (Thumb, 0 bytes, Stack size 0 bytes, startup.o(.text))
<BR>[Address Reference Count : 1]<UL><LI> startup.o(RESET)
</UL>
<P><STRONG><a name="[19]"></a>SPI1_TX_IRQHandler</STRONG> (Thumb, 0 bytes, Stack size 0 bytes, startup.o(.text))
<BR>[Address Reference Count : 1]<UL><LI> startup.o(RESET)
</UL>
<P><STRONG><a name="[24]"></a>TUNER_RX_IRQHandler</STRONG> (Thumb, 0 bytes, Stack size 0 bytes, startup.o(.text))
<BR>[Address Reference Count : 1]<UL><LI> startup.o(RESET)
</UL>
<P><STRONG><a name="[26]"></a>TUNER_SETTING_IRQHandler</STRONG> (Thumb, 0 bytes, Stack size 0 bytes, startup.o(.text))
<BR>[Address Reference Count : 1]<UL><LI> startup.o(RESET)
</UL>
<P><STRONG><a name="[25]"></a>TUNER_TX_IRQHandler</STRONG> (Thumb, 0 bytes, Stack size 0 bytes, startup.o(.text))
<BR>[Address Reference Count : 1]<UL><LI> startup.o(RESET)
</UL>
<P><STRONG><a name="[18]"></a>UART1_RX_IRQHandler</STRONG> (Thumb, 0 bytes, Stack size 0 bytes, startup.o(.text))
<BR>[Address Reference Count : 1]<UL><LI> startup.o(RESET)
</UL>
<P><STRONG><a name="[17]"></a>UART1_TX_IRQHandler</STRONG> (Thumb, 0 bytes, Stack size 0 bytes, startup.o(.text))
<BR>[Address Reference Count : 1]<UL><LI> startup.o(RESET)
</UL>
<P><STRONG><a name="[88]"></a>__rd_ble_reg</STRONG> (Thumb, 4 bytes, Stack size 0 bytes, math.o(.text))
<BR><BR>[Called By]<UL><LI><a href="#[fd]">&gt;&gt;</a>&nbsp;&nbsp;&nbsp;check_ble_wakeup
<LI><a href="#[11a]">&gt;&gt;</a>&nbsp;&nbsp;&nbsp;ke_time
<LI><a href="#[fc]">&gt;&gt;</a>&nbsp;&nbsp;&nbsp;fw_ble_sleep
<LI><a href="#[d]">&gt;&gt;</a>&nbsp;&nbsp;&nbsp;BLE_IRQHandler
</UL>

<P><STRONG><a name="[89]"></a>__wr_ble_reg</STRONG> (Thumb, 4 bytes, Stack size 0 bytes, math.o(.text))
<BR><BR>[Called By]<UL><LI><a href="#[f8]">&gt;&gt;</a>&nbsp;&nbsp;&nbsp;ble_init
<LI><a href="#[11a]">&gt;&gt;</a>&nbsp;&nbsp;&nbsp;ke_time
<LI><a href="#[fc]">&gt;&gt;</a>&nbsp;&nbsp;&nbsp;fw_ble_sleep
<LI><a href="#[d]">&gt;&gt;</a>&nbsp;&nbsp;&nbsp;BLE_IRQHandler
</UL>

<P><STRONG><a name="[87]"></a>__aeabi_lmul</STRONG> (Thumb, 166 bytes, Stack size 0 bytes, math.o(.text))
<BR><BR>[Called By]<UL><LI><a href="#[86]">&gt;&gt;</a>&nbsp;&nbsp;&nbsp;ADC_RESULT_mV
<LI><a href="#[36]">&gt;&gt;</a>&nbsp;&nbsp;&nbsp;lld_sleep_lpcycles_2_us
</UL>

<P><STRONG><a name="[a6]"></a>__aeabi_uldivmod</STRONG> (Thumb, 256 bytes, Stack size 0 bytes, math.o(.text))
<BR><BR>[Called By]<UL><LI><a href="#[10e]">&gt;&gt;</a>&nbsp;&nbsp;&nbsp;rwble_slot_2_lpcycles
<LI><a href="#[a0]">&gt;&gt;</a>&nbsp;&nbsp;&nbsp;_printf_core
</UL>

<P><STRONG><a name="[141]"></a>__aeabi_uidiv</STRONG> (Thumb, 0 bytes, Stack size 12 bytes, uidiv.o(.text), UNUSED)

<P><STRONG><a name="[6c]"></a>__aeabi_uidivmod</STRONG> (Thumb, 44 bytes, Stack size 12 bytes, uidiv.o(.text))
<BR><BR>[Stack]<UL><LI>Max Depth = 12<LI>Call Chain = __aeabi_uidivmod
</UL>
<BR>[Called By]<UL><LI><a href="#[97]">&gt;&gt;</a>&nbsp;&nbsp;&nbsp;syscon_set_usart_clk
<LI><a href="#[96]">&gt;&gt;</a>&nbsp;&nbsp;&nbsp;syscon_set_timer_clk
<LI><a href="#[94]">&gt;&gt;</a>&nbsp;&nbsp;&nbsp;syscon_set_ble_clk
<LI><a href="#[95]">&gt;&gt;</a>&nbsp;&nbsp;&nbsp;syscon_set_apb_clk
<LI><a href="#[93]">&gt;&gt;</a>&nbsp;&nbsp;&nbsp;syscon_set_ahb_clk
<LI><a href="#[df]">&gt;&gt;</a>&nbsp;&nbsp;&nbsp;app_i_to_array
<LI><a href="#[6b]">&gt;&gt;</a>&nbsp;&nbsp;&nbsp;__aeabi_idivmod
<LI><a href="#[66]">&gt;&gt;</a>&nbsp;&nbsp;&nbsp;gatt_write_cmd_ind_handler
</UL>

<P><STRONG><a name="[142]"></a>__aeabi_idiv</STRONG> (Thumb, 0 bytes, Stack size 16 bytes, idiv.o(.text), UNUSED)

<P><STRONG><a name="[6b]"></a>__aeabi_idivmod</STRONG> (Thumb, 40 bytes, Stack size 16 bytes, idiv.o(.text))
<BR><BR>[Stack]<UL><LI>Max Depth = 28<LI>Call Chain = __aeabi_idivmod &rArr; __aeabi_uidivmod
</UL>
<BR>[Calls]<UL><LI><a href="#[6c]">&gt;&gt;</a>&nbsp;&nbsp;&nbsp;__aeabi_uidivmod
</UL>
<BR>[Called By]<UL><LI><a href="#[b9]">&gt;&gt;</a>&nbsp;&nbsp;&nbsp;adc_get_temp
<LI><a href="#[b4]">&gt;&gt;</a>&nbsp;&nbsp;&nbsp;adc_get_batt
<LI><a href="#[67]">&gt;&gt;</a>&nbsp;&nbsp;&nbsp;gatt_notify_cmp_evt_handler
</UL>

<P><STRONG><a name="[75]"></a>__aeabi_lasr</STRONG> (Thumb, 38 bytes, Stack size 8 bytes, llsshr.o(.text))
<BR><BR>[Stack]<UL><LI>Max Depth = 8<LI>Call Chain = __aeabi_lasr
</UL>
<BR>[Called By]<UL><LI><a href="#[73]">&gt;&gt;</a>&nbsp;&nbsp;&nbsp;__aeabi_dadd
<LI><a href="#[f5]">&gt;&gt;</a>&nbsp;&nbsp;&nbsp;atts_svc_create_db_ext
</UL>

<P><STRONG><a name="[143]"></a>_ll_sshift_r</STRONG> (Thumb, 0 bytes, Stack size 8 bytes, llsshr.o(.text), UNUSED)

<P><STRONG><a name="[144]"></a>rand</STRONG> (Thumb, 18 bytes, Stack size 0 bytes, rand.o(.text), UNUSED)

<P><STRONG><a name="[129]"></a>srand</STRONG> (Thumb, 6 bytes, Stack size 0 bytes, rand.o(.text))
<BR><BR>[Called By]<UL><LI><a href="#[11e]">&gt;&gt;</a>&nbsp;&nbsp;&nbsp;plf_init
</UL>

<P><STRONG><a name="[c2]"></a>__aeabi_memcpy</STRONG> (Thumb, 36 bytes, Stack size 0 bytes, memcpya.o(.text))
<BR><BR>[Called By]<UL><LI><a href="#[e9]">&gt;&gt;</a>&nbsp;&nbsp;&nbsp;app_qpps_data_send
<LI><a href="#[d7]">&gt;&gt;</a>&nbsp;&nbsp;&nbsp;app_gap_param_update_req
<LI><a href="#[c7]">&gt;&gt;</a>&nbsp;&nbsp;&nbsp;app_set_scan_rsp_data
<LI><a href="#[c9]">&gt;&gt;</a>&nbsp;&nbsp;&nbsp;app_gap_adv_start_req
<LI><a href="#[f2]">&gt;&gt;</a>&nbsp;&nbsp;&nbsp;app_smpc_tk_req_rsp
<LI><a href="#[f1]">&gt;&gt;</a>&nbsp;&nbsp;&nbsp;app_smpc_ltk_req_rsp
<LI><a href="#[ef]">&gt;&gt;</a>&nbsp;&nbsp;&nbsp;app_smpc_irk_req_rsp
<LI><a href="#[ec]">&gt;&gt;</a>&nbsp;&nbsp;&nbsp;app_smpc_chk_bd_addr_req_rsp
<LI><a href="#[58]">&gt;&gt;</a>&nbsp;&nbsp;&nbsp;app_smpc_ltk_req_ind_handler
<LI><a href="#[56]">&gt;&gt;</a>&nbsp;&nbsp;&nbsp;app_smpc_key_ind_handler
<LI><a href="#[59]">&gt;&gt;</a>&nbsp;&nbsp;&nbsp;app_smpc_irk_req_ind_handler
<LI><a href="#[e2]">&gt;&gt;</a>&nbsp;&nbsp;&nbsp;app_smp_init
<LI><a href="#[e5]">&gt;&gt;</a>&nbsp;&nbsp;&nbsp;app_smpm_set_key_req
<LI><a href="#[d5]">&gt;&gt;</a>&nbsp;&nbsp;&nbsp;app_set_link_status_by_conhdl
<LI><a href="#[d8]">&gt;&gt;</a>&nbsp;&nbsp;&nbsp;app_init_local_smp_key
<LI><a href="#[d4]">&gt;&gt;</a>&nbsp;&nbsp;&nbsp;app_get_bd_addr_by_conhdl
<LI><a href="#[c1]">&gt;&gt;</a>&nbsp;&nbsp;&nbsp;app_add_bonded_dev
<LI><a href="#[63]">&gt;&gt;</a>&nbsp;&nbsp;&nbsp;qpps_create_db_req_handler
<LI><a href="#[66]">&gt;&gt;</a>&nbsp;&nbsp;&nbsp;gatt_write_cmd_ind_handler
<LI><a href="#[f5]">&gt;&gt;</a>&nbsp;&nbsp;&nbsp;atts_svc_create_db_ext
<LI><a href="#[2e]">&gt;&gt;</a>&nbsp;&nbsp;&nbsp;l2cc_data_packet_ind_handler_patch
<LI><a href="#[3b]">&gt;&gt;</a>&nbsp;&nbsp;&nbsp;gatt_write_char_req_handler_patch
</UL>

<P><STRONG><a name="[eb]"></a>__aeabi_memcpy4</STRONG> (Thumb, 0 bytes, Stack size 0 bytes, memcpya.o(.text))
<BR><BR>[Called By]<UL><LI><a href="#[f8]">&gt;&gt;</a>&nbsp;&nbsp;&nbsp;ble_init
<LI><a href="#[e2]">&gt;&gt;</a>&nbsp;&nbsp;&nbsp;app_smp_init
<LI><a href="#[63]">&gt;&gt;</a>&nbsp;&nbsp;&nbsp;qpps_create_db_req_handler
<LI><a href="#[f9]">&gt;&gt;</a>&nbsp;&nbsp;&nbsp;task_gatt_desc_register
</UL>

<P><STRONG><a name="[145]"></a>__aeabi_memcpy8</STRONG> (Thumb, 0 bytes, Stack size 0 bytes, memcpya.o(.text), UNUSED)

<P><STRONG><a name="[6e]"></a>__aeabi_memset</STRONG> (Thumb, 14 bytes, Stack size 0 bytes, memseta.o(.text), UNUSED)
<BR><BR>[Called By]<UL><LI><a href="#[6f]">&gt;&gt;</a>&nbsp;&nbsp;&nbsp;_memset$wrapper
<LI><a href="#[6d]">&gt;&gt;</a>&nbsp;&nbsp;&nbsp;__aeabi_memclr
</UL>

<P><STRONG><a name="[146]"></a>__aeabi_memset4</STRONG> (Thumb, 0 bytes, Stack size 0 bytes, memseta.o(.text), UNUSED)

<P><STRONG><a name="[147]"></a>__aeabi_memset8</STRONG> (Thumb, 0 bytes, Stack size 0 bytes, memseta.o(.text), UNUSED)

<P><STRONG><a name="[6d]"></a>__aeabi_memclr</STRONG> (Thumb, 4 bytes, Stack size 0 bytes, memseta.o(.text), UNUSED)
<BR><BR>[Calls]<UL><LI><a href="#[6e]">&gt;&gt;</a>&nbsp;&nbsp;&nbsp;__aeabi_memset
</UL>

<P><STRONG><a name="[e1]"></a>__aeabi_memclr4</STRONG> (Thumb, 0 bytes, Stack size 0 bytes, memseta.o(.text))
<BR><BR>[Called By]<UL><LI><a href="#[e0]">&gt;&gt;</a>&nbsp;&nbsp;&nbsp;app_init
<LI><a href="#[d5]">&gt;&gt;</a>&nbsp;&nbsp;&nbsp;app_set_link_status_by_conhdl
</UL>

<P><STRONG><a name="[148]"></a>__aeabi_memclr8</STRONG> (Thumb, 0 bytes, Stack size 0 bytes, memseta.o(.text), UNUSED)

<P><STRONG><a name="[6f]"></a>_memset$wrapper</STRONG> (Thumb, 18 bytes, Stack size 8 bytes, memseta.o(.text), UNUSED)
<BR><BR>[Calls]<UL><LI><a href="#[6e]">&gt;&gt;</a>&nbsp;&nbsp;&nbsp;__aeabi_memset
</UL>

<P><STRONG><a name="[c0]"></a>strlen</STRONG> (Thumb, 14 bytes, Stack size 0 bytes, strlen.o(.text))
<BR><BR>[Called By]<UL><LI><a href="#[bd]">&gt;&gt;</a>&nbsp;&nbsp;&nbsp;add_to_list
</UL>

<P><STRONG><a name="[125]"></a>memcmp</STRONG> (Thumb, 26 bytes, Stack size 12 bytes, memcmp.o(.text))
<BR><BR>[Stack]<UL><LI>Max Depth = 12<LI>Call Chain = memcmp
</UL>
<BR>[Called By]<UL><LI><a href="#[124]">&gt;&gt;</a>&nbsp;&nbsp;&nbsp;nvds_restore_backup
</UL>

<P><STRONG><a name="[ea]"></a>strcpy</STRONG> (Thumb, 18 bytes, Stack size 0 bytes, strcpy.o(.text))
<BR><BR>[Called By]<UL><LI><a href="#[c8]">&gt;&gt;</a>&nbsp;&nbsp;&nbsp;app_set_adv_data
</UL>

<P><STRONG><a name="[70]"></a>atoi</STRONG> (Thumb, 26 bytes, Stack size 16 bytes, atoi.o(.text))
<BR><BR>[Stack]<UL><LI>Max Depth = 88<LI>Call Chain = atoi &rArr; strtol &rArr; _strtoul
</UL>
<BR>[Calls]<UL><LI><a href="#[72]">&gt;&gt;</a>&nbsp;&nbsp;&nbsp;strtol
<LI><a href="#[71]">&gt;&gt;</a>&nbsp;&nbsp;&nbsp;__aeabi_errno_addr
</UL>
<BR>[Called By]<UL><LI><a href="#[57]">&gt;&gt;</a>&nbsp;&nbsp;&nbsp;app_smpc_tk_req_ind_handler
</UL>

<P><STRONG><a name="[73]"></a>__aeabi_dadd</STRONG> (Thumb, 328 bytes, Stack size 48 bytes, dadd.o(.text))
<BR><BR>[Stack]<UL><LI>Max Depth = 104<LI>Call Chain = __aeabi_dadd &rArr; _double_epilogue &rArr; __aeabi_llsr
</UL>
<BR>[Calls]<UL><LI><a href="#[75]">&gt;&gt;</a>&nbsp;&nbsp;&nbsp;__aeabi_lasr
<LI><a href="#[74]">&gt;&gt;</a>&nbsp;&nbsp;&nbsp;__aeabi_llsl
<LI><a href="#[77]">&gt;&gt;</a>&nbsp;&nbsp;&nbsp;_double_round
<LI><a href="#[76]">&gt;&gt;</a>&nbsp;&nbsp;&nbsp;_double_epilogue
</UL>
<BR>[Called By]<UL><LI><a href="#[b9]">&gt;&gt;</a>&nbsp;&nbsp;&nbsp;adc_get_temp
<LI><a href="#[79]">&gt;&gt;</a>&nbsp;&nbsp;&nbsp;__aeabi_drsub
<LI><a href="#[78]">&gt;&gt;</a>&nbsp;&nbsp;&nbsp;__aeabi_dsub
</UL>

<P><STRONG><a name="[78]"></a>__aeabi_dsub</STRONG> (Thumb, 12 bytes, Stack size 8 bytes, dadd.o(.text), UNUSED)
<BR><BR>[Calls]<UL><LI><a href="#[73]">&gt;&gt;</a>&nbsp;&nbsp;&nbsp;__aeabi_dadd
</UL>

<P><STRONG><a name="[79]"></a>__aeabi_drsub</STRONG> (Thumb, 12 bytes, Stack size 8 bytes, dadd.o(.text), UNUSED)
<BR><BR>[Calls]<UL><LI><a href="#[73]">&gt;&gt;</a>&nbsp;&nbsp;&nbsp;__aeabi_dadd
</UL>

<P><STRONG><a name="[7a]"></a>__aeabi_dmul</STRONG> (Thumb, 202 bytes, Stack size 72 bytes, dmul.o(.text))
<BR><BR>[Stack]<UL><LI>Max Depth = 128<LI>Call Chain = __aeabi_dmul &rArr; _double_epilogue &rArr; __aeabi_llsr
</UL>
<BR>[Calls]<UL><LI><a href="#[76]">&gt;&gt;</a>&nbsp;&nbsp;&nbsp;_double_epilogue
</UL>
<BR>[Called By]<UL><LI><a href="#[b9]">&gt;&gt;</a>&nbsp;&nbsp;&nbsp;adc_get_temp
</UL>

<P><STRONG><a name="[7b]"></a>__aeabi_ddiv</STRONG> (Thumb, 234 bytes, Stack size 40 bytes, ddiv.o(.text))
<BR><BR>[Stack]<UL><LI>Max Depth = 48<LI>Call Chain = __aeabi_ddiv &rArr; _double_round
</UL>
<BR>[Calls]<UL><LI><a href="#[77]">&gt;&gt;</a>&nbsp;&nbsp;&nbsp;_double_round
</UL>
<BR>[Called By]<UL><LI><a href="#[b9]">&gt;&gt;</a>&nbsp;&nbsp;&nbsp;adc_get_temp
</UL>

<P><STRONG><a name="[7c]"></a>__aeabi_i2d</STRONG> (Thumb, 34 bytes, Stack size 16 bytes, dflti.o(.text))
<BR><BR>[Stack]<UL><LI>Max Depth = 72<LI>Call Chain = __aeabi_i2d &rArr; _double_epilogue &rArr; __aeabi_llsr
</UL>
<BR>[Calls]<UL><LI><a href="#[76]">&gt;&gt;</a>&nbsp;&nbsp;&nbsp;_double_epilogue
</UL>
<BR>[Called By]<UL><LI><a href="#[b9]">&gt;&gt;</a>&nbsp;&nbsp;&nbsp;adc_get_temp
</UL>

<P><STRONG><a name="[7d]"></a>__aeabi_d2iz</STRONG> (Thumb, 62 bytes, Stack size 16 bytes, dfixi.o(.text))
<BR><BR>[Stack]<UL><LI>Max Depth = 24<LI>Call Chain = __aeabi_d2iz &rArr; __aeabi_llsr
</UL>
<BR>[Calls]<UL><LI><a href="#[7e]">&gt;&gt;</a>&nbsp;&nbsp;&nbsp;__aeabi_llsr
</UL>
<BR>[Called By]<UL><LI><a href="#[b9]">&gt;&gt;</a>&nbsp;&nbsp;&nbsp;adc_get_temp
</UL>

<P><STRONG><a name="[74]"></a>__aeabi_llsl</STRONG> (Thumb, 32 bytes, Stack size 8 bytes, llshl.o(.text))
<BR><BR>[Stack]<UL><LI>Max Depth = 8<LI>Call Chain = __aeabi_llsl
</UL>
<BR>[Called By]<UL><LI><a href="#[73]">&gt;&gt;</a>&nbsp;&nbsp;&nbsp;__aeabi_dadd
<LI><a href="#[76]">&gt;&gt;</a>&nbsp;&nbsp;&nbsp;_double_epilogue
</UL>

<P><STRONG><a name="[149]"></a>_ll_shift_l</STRONG> (Thumb, 0 bytes, Stack size 8 bytes, llshl.o(.text), UNUSED)

<P><STRONG><a name="[7e]"></a>__aeabi_llsr</STRONG> (Thumb, 34 bytes, Stack size 8 bytes, llushr.o(.text))
<BR><BR>[Stack]<UL><LI>Max Depth = 8<LI>Call Chain = __aeabi_llsr
</UL>
<BR>[Called By]<UL><LI><a href="#[7d]">&gt;&gt;</a>&nbsp;&nbsp;&nbsp;__aeabi_d2iz
<LI><a href="#[76]">&gt;&gt;</a>&nbsp;&nbsp;&nbsp;_double_epilogue
</UL>

<P><STRONG><a name="[14a]"></a>_ll_ushift_r</STRONG> (Thumb, 0 bytes, Stack size 8 bytes, llushr.o(.text), UNUSED)

<P><STRONG><a name="[72]"></a>strtol</STRONG> (Thumb, 108 bytes, Stack size 32 bytes, strtol.o(.text))
<BR><BR>[Stack]<UL><LI>Max Depth = 72<LI>Call Chain = strtol &rArr; _strtoul
</UL>
<BR>[Calls]<UL><LI><a href="#[80]">&gt;&gt;</a>&nbsp;&nbsp;&nbsp;_strtoul
<LI><a href="#[7f]">&gt;&gt;</a>&nbsp;&nbsp;&nbsp;__rt_ctype_table
<LI><a href="#[71]">&gt;&gt;</a>&nbsp;&nbsp;&nbsp;__aeabi_errno_addr
</UL>
<BR>[Called By]<UL><LI><a href="#[70]">&gt;&gt;</a>&nbsp;&nbsp;&nbsp;atoi
</UL>

<P><STRONG><a name="[14b]"></a>__I$use$fp</STRONG> (Thumb, 0 bytes, Stack size 8 bytes, iusefp.o(.text), UNUSED)

<P><STRONG><a name="[77]"></a>_double_round</STRONG> (Thumb, 26 bytes, Stack size 8 bytes, depilogue.o(.text))
<BR><BR>[Stack]<UL><LI>Max Depth = 8<LI>Call Chain = _double_round
</UL>
<BR>[Called By]<UL><LI><a href="#[7b]">&gt;&gt;</a>&nbsp;&nbsp;&nbsp;__aeabi_ddiv
<LI><a href="#[73]">&gt;&gt;</a>&nbsp;&nbsp;&nbsp;__aeabi_dadd
<LI><a href="#[76]">&gt;&gt;</a>&nbsp;&nbsp;&nbsp;_double_epilogue
</UL>

<P><STRONG><a name="[76]"></a>_double_epilogue</STRONG> (Thumb, 164 bytes, Stack size 48 bytes, depilogue.o(.text))
<BR><BR>[Stack]<UL><LI>Max Depth = 56<LI>Call Chain = _double_epilogue &rArr; __aeabi_llsr
</UL>
<BR>[Calls]<UL><LI><a href="#[81]">&gt;&gt;</a>&nbsp;&nbsp;&nbsp;__ARM_clz
<LI><a href="#[7e]">&gt;&gt;</a>&nbsp;&nbsp;&nbsp;__aeabi_llsr
<LI><a href="#[74]">&gt;&gt;</a>&nbsp;&nbsp;&nbsp;__aeabi_llsl
<LI><a href="#[77]">&gt;&gt;</a>&nbsp;&nbsp;&nbsp;_double_round
</UL>
<BR>[Called By]<UL><LI><a href="#[7c]">&gt;&gt;</a>&nbsp;&nbsp;&nbsp;__aeabi_i2d
<LI><a href="#[7a]">&gt;&gt;</a>&nbsp;&nbsp;&nbsp;__aeabi_dmul
<LI><a href="#[73]">&gt;&gt;</a>&nbsp;&nbsp;&nbsp;__aeabi_dadd
</UL>

<P><STRONG><a name="[6a]"></a>__scatterload</STRONG> (Thumb, 28 bytes, Stack size 0 bytes, init.o(.text))
<BR><BR>[Calls]<UL><LI><a href="#[82]">&gt;&gt;</a>&nbsp;&nbsp;&nbsp;__main_after_scatterload
</UL>
<BR>[Called By]<UL><LI><a href="#[69]">&gt;&gt;</a>&nbsp;&nbsp;&nbsp;_main_scatterload
</UL>

<P><STRONG><a name="[14c]"></a>__scatterload_rt2</STRONG> (Thumb, 0 bytes, Stack size 0 bytes, init.o(.text), UNUSED)

<P><STRONG><a name="[7f]"></a>__rt_ctype_table</STRONG> (Thumb, 4 bytes, Stack size 0 bytes, ctype_o.o(.text))
<BR><BR>[Called By]<UL><LI><a href="#[72]">&gt;&gt;</a>&nbsp;&nbsp;&nbsp;strtol
</UL>

<P><STRONG><a name="[80]"></a>_strtoul</STRONG> (Thumb, 166 bytes, Stack size 40 bytes, _strtoul.o(.text))
<BR><BR>[Stack]<UL><LI>Max Depth = 40<LI>Call Chain = _strtoul
</UL>
<BR>[Calls]<UL><LI><a href="#[83]">&gt;&gt;</a>&nbsp;&nbsp;&nbsp;_chval
<LI><a href="#[71]">&gt;&gt;</a>&nbsp;&nbsp;&nbsp;__aeabi_errno_addr
</UL>
<BR>[Called By]<UL><LI><a href="#[72]">&gt;&gt;</a>&nbsp;&nbsp;&nbsp;strtol
</UL>

<P><STRONG><a name="[83]"></a>_chval</STRONG> (Thumb, 30 bytes, Stack size 0 bytes, _chval.o(.text))
<BR><BR>[Called By]<UL><LI><a href="#[80]">&gt;&gt;</a>&nbsp;&nbsp;&nbsp;_strtoul
</UL>

<P><STRONG><a name="[11]"></a>ADC_IRQHandler</STRONG> (Thumb, 190 bytes, Stack size 24 bytes, adc.o(i.ADC_IRQHandler))
<BR><BR>[Stack]<UL><LI>Max Depth = 24<LI>Call Chain = ADC_IRQHandler
</UL>
<BR>[Calls]<UL><LI><a href="#[85]">&gt;&gt;</a>&nbsp;&nbsp;&nbsp;adc_clean_fifo
<LI><a href="#[84]">&gt;&gt;</a>&nbsp;&nbsp;&nbsp;adc_adc_SetADC0WithMask
</UL>
<BR>[Address Reference Count : 1]<UL><LI> startup.o(RESET)
</UL>
<P><STRONG><a name="[86]"></a>ADC_RESULT_mV</STRONG> (Thumb, 42 bytes, Stack size 8 bytes, adc.o(i.ADC_RESULT_mV))
<BR><BR>[Stack]<UL><LI>Max Depth = 8<LI>Call Chain = ADC_RESULT_mV
</UL>
<BR>[Calls]<UL><LI><a href="#[87]">&gt;&gt;</a>&nbsp;&nbsp;&nbsp;__aeabi_lmul
</UL>
<BR>[Called By]<UL><LI><a href="#[b4]">&gt;&gt;</a>&nbsp;&nbsp;&nbsp;adc_get_batt
<LI><a href="#[2d]">&gt;&gt;</a>&nbsp;&nbsp;&nbsp;adc_sample_complete2
</UL>

<P><STRONG><a name="[d]"></a>BLE_IRQHandler</STRONG> (Thumb, 150 bytes, Stack size 16 bytes, lib.o(i.BLE_IRQHandler))
<BR><BR>[Stack]<UL><LI>Max Depth = 24<LI>Call Chain = BLE_IRQHandler &rArr; default_exit_sleep_cb
</UL>
<BR>[Calls]<UL><LI><a href="#[89]">&gt;&gt;</a>&nbsp;&nbsp;&nbsp;__wr_ble_reg
<LI><a href="#[88]">&gt;&gt;</a>&nbsp;&nbsp;&nbsp;__rd_ble_reg
<LI><a href="#[38]">&gt;&gt;</a>&nbsp;&nbsp;&nbsp;default_exit_sleep_cb
</UL>
<BR>[Address Reference Count : 1]<UL><LI> startup.o(RESET)
</UL>
<P><STRONG><a name="[b]"></a>COMPARATOR0_IRQHandler</STRONG> (Thumb, 12 bytes, Stack size 0 bytes, analog.o(i.COMPARATOR0_IRQHandler))
<BR>[Address Reference Count : 1]<UL><LI> startup.o(RESET)
</UL>
<P><STRONG><a name="[c]"></a>COMPARATOR1_IRQHandler</STRONG> (Thumb, 12 bytes, Stack size 0 bytes, analog.o(i.COMPARATOR1_IRQHandler))
<BR>[Address Reference Count : 1]<UL><LI> startup.o(RESET)
</UL>
<P><STRONG><a name="[a]"></a>GPIO_IRQHandler</STRONG> (Thumb, 36 bytes, Stack size 24 bytes, gpio.o(i.GPIO_IRQHandler))
<BR><BR>[Stack]<UL><LI>Max Depth = 24<LI>Call Chain = GPIO_IRQHandler
</UL>
<BR>[Address Reference Count : 1]<UL><LI> startup.o(RESET)
</UL>
<P><STRONG><a name="[8a]"></a>I2C_BYTE_READ</STRONG> (Thumb, 40 bytes, Stack size 8 bytes, i2c.o(i.I2C_BYTE_READ))
<BR><BR>[Stack]<UL><LI>Max Depth = 24<LI>Call Chain = I2C_BYTE_READ &rArr; i2c_read
</UL>
<BR>[Calls]<UL><LI><a href="#[8b]">&gt;&gt;</a>&nbsp;&nbsp;&nbsp;i2c_read
</UL>
<BR>[Called By]<UL><LI><a href="#[ac]">&gt;&gt;</a>&nbsp;&nbsp;&nbsp;accel_get_sample
<LI><a href="#[ab]">&gt;&gt;</a>&nbsp;&nbsp;&nbsp;accel_get_X_samples
</UL>

<P><STRONG><a name="[8c]"></a>I2C_BYTE_WRITE</STRONG> (Thumb, 32 bytes, Stack size 16 bytes, i2c.o(i.I2C_BYTE_WRITE))
<BR><BR>[Stack]<UL><LI>Max Depth = 24<LI>Call Chain = I2C_BYTE_WRITE &rArr; i2c_write
</UL>
<BR>[Calls]<UL><LI><a href="#[8d]">&gt;&gt;</a>&nbsp;&nbsp;&nbsp;i2c_write
</UL>
<BR>[Called By]<UL><LI><a href="#[a8]">&gt;&gt;</a>&nbsp;&nbsp;&nbsp;accel_shutdown
<LI><a href="#[aa]">&gt;&gt;</a>&nbsp;&nbsp;&nbsp;accel_enable_sample
<LI><a href="#[a7]">&gt;&gt;</a>&nbsp;&nbsp;&nbsp;accel_enable_fifo
</UL>

<P><STRONG><a name="[1b]"></a>I2C_IRQHandler</STRONG> (Thumb, 204 bytes, Stack size 20 bytes, i2c.o(i.I2C_IRQHandler))
<BR><BR>[Stack]<UL><LI>Max Depth = 20<LI>Call Chain = I2C_IRQHandler
</UL>
<BR>[Address Reference Count : 1]<UL><LI> startup.o(RESET)
</UL>
<P><STRONG><a name="[f]"></a>OSC_EN_IRQHandler</STRONG> (Thumb, 12 bytes, Stack size 0 bytes, sleep.o(i.OSC_EN_IRQHandler))
<BR>[Address Reference Count : 1]<UL><LI> startup.o(RESET)
</UL>
<P><STRONG><a name="[8e]"></a>SystemInit</STRONG> (Thumb, 242 bytes, Stack size 16 bytes, system.o(i.SystemInit))
<BR><BR>[Stack]<UL><LI>Max Depth = 44<LI>Call Chain = SystemInit &rArr; syscon_set_usart_clk &rArr; __aeabi_uidivmod
</UL>
<BR>[Calls]<UL><LI><a href="#[9c]">&gt;&gt;</a>&nbsp;&nbsp;&nbsp;uart_init
<LI><a href="#[97]">&gt;&gt;</a>&nbsp;&nbsp;&nbsp;syscon_set_usart_clk
<LI><a href="#[96]">&gt;&gt;</a>&nbsp;&nbsp;&nbsp;syscon_set_timer_clk
<LI><a href="#[92]">&gt;&gt;</a>&nbsp;&nbsp;&nbsp;syscon_set_sysclk_src
<LI><a href="#[94]">&gt;&gt;</a>&nbsp;&nbsp;&nbsp;syscon_set_ble_clk
<LI><a href="#[95]">&gt;&gt;</a>&nbsp;&nbsp;&nbsp;syscon_set_apb_clk
<LI><a href="#[93]">&gt;&gt;</a>&nbsp;&nbsp;&nbsp;syscon_set_ahb_clk
<LI><a href="#[98]">&gt;&gt;</a>&nbsp;&nbsp;&nbsp;gpio_init
<LI><a href="#[99]">&gt;&gt;</a>&nbsp;&nbsp;&nbsp;button_init
<LI><a href="#[9a]">&gt;&gt;</a>&nbsp;&nbsp;&nbsp;accel_gpio_init
<LI><a href="#[90]">&gt;&gt;</a>&nbsp;&nbsp;&nbsp;uart_clock_off
<LI><a href="#[8f]">&gt;&gt;</a>&nbsp;&nbsp;&nbsp;timer_clock_off
<LI><a href="#[91]">&gt;&gt;</a>&nbsp;&nbsp;&nbsp;spi_clock_off
<LI><a href="#[9b]">&gt;&gt;</a>&nbsp;&nbsp;&nbsp;analog_pin_enable
</UL>
<BR>[Called By]<UL><LI><a href="#[27]">&gt;&gt;</a>&nbsp;&nbsp;&nbsp;main
</UL>

<P><STRONG><a name="[1c]"></a>TIMER0_IRQHandler</STRONG> (Thumb, 44 bytes, Stack size 0 bytes, timer.o(i.TIMER0_IRQHandler))
<BR>[Address Reference Count : 1]<UL><LI> startup.o(RESET)
</UL>
<P><STRONG><a name="[1d]"></a>TIMER1_IRQHandler</STRONG> (Thumb, 44 bytes, Stack size 0 bytes, timer.o(i.TIMER1_IRQHandler))
<BR>[Address Reference Count : 1]<UL><LI> startup.o(RESET)
</UL>
<P><STRONG><a name="[1e]"></a>TIMER2_IRQHandler</STRONG> (Thumb, 44 bytes, Stack size 0 bytes, timer.o(i.TIMER2_IRQHandler))
<BR>[Address Reference Count : 1]<UL><LI> startup.o(RESET)
</UL>
<P><STRONG><a name="[1f]"></a>TIMER3_IRQHandler</STRONG> (Thumb, 44 bytes, Stack size 0 bytes, timer.o(i.TIMER3_IRQHandler))
<BR>[Address Reference Count : 1]<UL><LI> startup.o(RESET)
</UL>
<P><STRONG><a name="[14]"></a>UART0_RX_IRQHandler</STRONG> (Thumb, 90 bytes, Stack size 0 bytes, uart.o(i.UART0_RX_IRQHandler))
<BR>[Address Reference Count : 1]<UL><LI> startup.o(RESET)
</UL>
<P><STRONG><a name="[13]"></a>UART0_TX_IRQHandler</STRONG> (Thumb, 52 bytes, Stack size 8 bytes, uart.o(i.UART0_TX_IRQHandler))
<BR><BR>[Stack]<UL><LI>Max Depth = 16<LI>Call Chain = UART0_TX_IRQHandler &rArr; uart_tx_int_enable
</UL>
<BR>[Calls]<UL><LI><a href="#[9d]">&gt;&gt;</a>&nbsp;&nbsp;&nbsp;uart_tx_int_enable
</UL>
<BR>[Address Reference Count : 1]<UL><LI> startup.o(RESET)
</UL>
<P><STRONG><a name="[10d]"></a>UartPutc</STRONG> (Thumb, 18 bytes, Stack size 0 bytes, uart.o(i.UartPutc))
<BR><BR>[Called By]<UL><LI><a href="#[2a]">&gt;&gt;</a>&nbsp;&nbsp;&nbsp;fputc
</UL>

<P><STRONG><a name="[20]"></a>WDT_IRQHandler</STRONG> (Thumb, 18 bytes, Stack size 4 bytes, wdt.o(i.WDT_IRQHandler))
<BR><BR>[Stack]<UL><LI>Max Depth = 4<LI>Call Chain = WDT_IRQHandler
</UL>
<BR>[Calls]<UL><LI><a href="#[9e]">&gt;&gt;</a>&nbsp;&nbsp;&nbsp;wdt_irq_clear
</UL>
<BR>[Address Reference Count : 1]<UL><LI> startup.o(RESET)
</UL>
<P><STRONG><a name="[9f]"></a>__0printf$8</STRONG> (Thumb, 24 bytes, Stack size 24 bytes, printf8.o(i.__0printf$8), UNUSED)
<BR><BR>[Calls]<UL><LI><a href="#[a0]">&gt;&gt;</a>&nbsp;&nbsp;&nbsp;_printf_core
</UL>

<P><STRONG><a name="[14d]"></a>__1printf$8</STRONG> (Thumb, 0 bytes, Stack size 24 bytes, printf8.o(i.__0printf$8), UNUSED)

<P><STRONG><a name="[bc]"></a>__2printf</STRONG> (Thumb, 0 bytes, Stack size 24 bytes, printf8.o(i.__0printf$8))
<BR><BR>[Stack]<UL><LI>Max Depth = 24<LI>Call Chain = __2printf
</UL>
<BR>[Called By]<UL><LI><a href="#[12f]">&gt;&gt;</a>&nbsp;&nbsp;&nbsp;protocol_execute_command
<LI><a href="#[110]">&gt;&gt;</a>&nbsp;&nbsp;&nbsp;get_data_by_id
<LI><a href="#[bf]">&gt;&gt;</a>&nbsp;&nbsp;&nbsp;create_list
<LI><a href="#[bd]">&gt;&gt;</a>&nbsp;&nbsp;&nbsp;add_to_list
<LI><a href="#[cf]">&gt;&gt;</a>&nbsp;&nbsp;&nbsp;better_pedometer
<LI><a href="#[c4]">&gt;&gt;</a>&nbsp;&nbsp;&nbsp;assert_err
<LI><a href="#[57]">&gt;&gt;</a>&nbsp;&nbsp;&nbsp;app_smpc_tk_req_ind_handler
<LI><a href="#[5c]">&gt;&gt;</a>&nbsp;&nbsp;&nbsp;app_smpc_timeout_evt_handler
<LI><a href="#[5b]">&gt;&gt;</a>&nbsp;&nbsp;&nbsp;app_smpc_sec_started_ind_handler
<LI><a href="#[58]">&gt;&gt;</a>&nbsp;&nbsp;&nbsp;app_smpc_ltk_req_ind_handler
<LI><a href="#[56]">&gt;&gt;</a>&nbsp;&nbsp;&nbsp;app_smpc_key_ind_handler
<LI><a href="#[59]">&gt;&gt;</a>&nbsp;&nbsp;&nbsp;app_smpc_irk_req_ind_handler
<LI><a href="#[5a]">&gt;&gt;</a>&nbsp;&nbsp;&nbsp;app_smpc_chk_bd_addr_req_ind_handler
<LI><a href="#[5e]">&gt;&gt;</a>&nbsp;&nbsp;&nbsp;app_qpps_error_ind_handler
<LI><a href="#[5f]">&gt;&gt;</a>&nbsp;&nbsp;&nbsp;app_qpps_data_send_cfm_handler
<LI><a href="#[61]">&gt;&gt;</a>&nbsp;&nbsp;&nbsp;app_qpps_data_ind_handler
<LI><a href="#[53]">&gt;&gt;</a>&nbsp;&nbsp;&nbsp;app_gap_set_random_add_req_cmp_handler
<LI><a href="#[4c]">&gt;&gt;</a>&nbsp;&nbsp;&nbsp;app_gap_set_privacy_req_cmp_handler
<LI><a href="#[4e]">&gt;&gt;</a>&nbsp;&nbsp;&nbsp;app_gap_set_mode_req_cmp_evt_handler
<LI><a href="#[49]">&gt;&gt;</a>&nbsp;&nbsp;&nbsp;app_gap_set_devname_req_cmp_evt_handler
<LI><a href="#[47]">&gt;&gt;</a>&nbsp;&nbsp;&nbsp;app_gap_read_bdaddr_req_cmp_evt_handler
<LI><a href="#[4b]">&gt;&gt;</a>&nbsp;&nbsp;&nbsp;app_gap_param_update_resp_handler
<LI><a href="#[4f]">&gt;&gt;</a>&nbsp;&nbsp;&nbsp;app_gap_le_create_conn_req_cmp_evt_handler
<LI><a href="#[50]">&gt;&gt;</a>&nbsp;&nbsp;&nbsp;app_gap_discon_cmp_evt_handler
<LI><a href="#[4d]">&gt;&gt;</a>&nbsp;&nbsp;&nbsp;app_gap_change_param_req_cmp_handler
<LI><a href="#[51]">&gt;&gt;</a>&nbsp;&nbsp;&nbsp;app_gap_bond_req_ind_handler
<LI><a href="#[52]">&gt;&gt;</a>&nbsp;&nbsp;&nbsp;app_gap_bond_req_cmp_ind_handler
<LI><a href="#[4a]">&gt;&gt;</a>&nbsp;&nbsp;&nbsp;app_gap_adv_req_cmp_evt_handler
<LI><a href="#[2d]">&gt;&gt;</a>&nbsp;&nbsp;&nbsp;adc_sample_complete2
</UL>

<P><STRONG><a name="[81]"></a>__ARM_clz</STRONG> (Thumb, 46 bytes, Stack size 0 bytes, depilogue.o(i.__ARM_clz))
<BR><BR>[Called By]<UL><LI><a href="#[76]">&gt;&gt;</a>&nbsp;&nbsp;&nbsp;_double_epilogue
</UL>

<P><STRONG><a name="[d1]"></a>__ARM_common_switch8</STRONG> (Thumb, 26 bytes, Stack size 8 bytes, protocol_lib.o(i.__ARM_common_switch8))
<BR><BR>[Stack]<UL><LI>Max Depth = 8<LI>Call Chain = __ARM_common_switch8
</UL>
<BR>[Called By]<UL><LI><a href="#[12f]">&gt;&gt;</a>&nbsp;&nbsp;&nbsp;protocol_execute_command
<LI><a href="#[110]">&gt;&gt;</a>&nbsp;&nbsp;&nbsp;get_data_by_id
<LI><a href="#[cf]">&gt;&gt;</a>&nbsp;&nbsp;&nbsp;better_pedometer
<LI><a href="#[11c]">&gt;&gt;</a>&nbsp;&nbsp;&nbsp;led_set
<LI><a href="#[52]">&gt;&gt;</a>&nbsp;&nbsp;&nbsp;app_gap_bond_req_cmp_ind_handler
</UL>

<P><STRONG><a name="[71]"></a>__aeabi_errno_addr</STRONG> (Thumb, 4 bytes, Stack size 0 bytes, errno.o(i.__aeabi_errno_addr))
<BR><BR>[Called By]<UL><LI><a href="#[80]">&gt;&gt;</a>&nbsp;&nbsp;&nbsp;_strtoul
<LI><a href="#[72]">&gt;&gt;</a>&nbsp;&nbsp;&nbsp;strtol
<LI><a href="#[70]">&gt;&gt;</a>&nbsp;&nbsp;&nbsp;atoi
</UL>

<P><STRONG><a name="[14e]"></a>__rt_errno_addr</STRONG> (Thumb, 0 bytes, Stack size 0 bytes, errno.o(i.__aeabi_errno_addr), UNUSED)

<P><STRONG><a name="[14f]"></a>__scatterload_copy</STRONG> (Thumb, 14 bytes, Stack size unknown bytes, handlers.o(i.__scatterload_copy), UNUSED)

<P><STRONG><a name="[150]"></a>__scatterload_null</STRONG> (Thumb, 2 bytes, Stack size unknown bytes, handlers.o(i.__scatterload_null), UNUSED)

<P><STRONG><a name="[151]"></a>__scatterload_zeroinit</STRONG> (Thumb, 14 bytes, Stack size unknown bytes, handlers.o(i.__scatterload_zeroinit), UNUSED)

<P><STRONG><a name="[a7]"></a>accel_enable_fifo</STRONG> (Thumb, 70 bytes, Stack size 8 bytes, accel_lib.o(i.accel_enable_fifo))
<BR><BR>[Stack]<UL><LI>Max Depth = 40<LI>Call Chain = accel_enable_fifo &rArr; accel_shutdown &rArr; I2C_BYTE_WRITE &rArr; i2c_write
</UL>
<BR>[Calls]<UL><LI><a href="#[8c]">&gt;&gt;</a>&nbsp;&nbsp;&nbsp;I2C_BYTE_WRITE
<LI><a href="#[a8]">&gt;&gt;</a>&nbsp;&nbsp;&nbsp;accel_shutdown
<LI><a href="#[a9]">&gt;&gt;</a>&nbsp;&nbsp;&nbsp;i2c_init
</UL>
<BR>[Called By]<UL><LI><a href="#[12f]">&gt;&gt;</a>&nbsp;&nbsp;&nbsp;protocol_execute_command
</UL>

<P><STRONG><a name="[aa]"></a>accel_enable_sample</STRONG> (Thumb, 30 bytes, Stack size 8 bytes, accel_lib.o(i.accel_enable_sample))
<BR><BR>[Stack]<UL><LI>Max Depth = 40<LI>Call Chain = accel_enable_sample &rArr; accel_shutdown &rArr; I2C_BYTE_WRITE &rArr; i2c_write
</UL>
<BR>[Calls]<UL><LI><a href="#[8c]">&gt;&gt;</a>&nbsp;&nbsp;&nbsp;I2C_BYTE_WRITE
<LI><a href="#[a8]">&gt;&gt;</a>&nbsp;&nbsp;&nbsp;accel_shutdown
<LI><a href="#[a9]">&gt;&gt;</a>&nbsp;&nbsp;&nbsp;i2c_init
</UL>
<BR>[Called By]<UL><LI><a href="#[110]">&gt;&gt;</a>&nbsp;&nbsp;&nbsp;get_data_by_id
</UL>

<P><STRONG><a name="[ab]"></a>accel_get_X_samples</STRONG> (Thumb, 50 bytes, Stack size 24 bytes, accel_lib.o(i.accel_get_X_samples))
<BR><BR>[Stack]<UL><LI>Max Depth = 48<LI>Call Chain = accel_get_X_samples &rArr; I2C_BYTE_READ &rArr; i2c_read
</UL>
<BR>[Calls]<UL><LI><a href="#[8a]">&gt;&gt;</a>&nbsp;&nbsp;&nbsp;I2C_BYTE_READ
<LI><a href="#[a9]">&gt;&gt;</a>&nbsp;&nbsp;&nbsp;i2c_init
</UL>
<BR>[Called By]<UL><LI><a href="#[110]">&gt;&gt;</a>&nbsp;&nbsp;&nbsp;get_data_by_id
<LI><a href="#[3f]">&gt;&gt;</a>&nbsp;&nbsp;&nbsp;app_event_accel_handler
</UL>

<P><STRONG><a name="[ac]"></a>accel_get_sample</STRONG> (Thumb, 66 bytes, Stack size 24 bytes, accel_lib.o(i.accel_get_sample))
<BR><BR>[Stack]<UL><LI>Max Depth = 48<LI>Call Chain = accel_get_sample &rArr; I2C_BYTE_READ &rArr; i2c_read
</UL>
<BR>[Calls]<UL><LI><a href="#[8a]">&gt;&gt;</a>&nbsp;&nbsp;&nbsp;I2C_BYTE_READ
<LI><a href="#[a9]">&gt;&gt;</a>&nbsp;&nbsp;&nbsp;i2c_init
</UL>
<BR>[Called By]<UL><LI><a href="#[110]">&gt;&gt;</a>&nbsp;&nbsp;&nbsp;get_data_by_id
</UL>

<P><STRONG><a name="[9a]"></a>accel_gpio_init</STRONG> (Thumb, 34 bytes, Stack size 8 bytes, accel_lib.o(i.accel_gpio_init))
<BR><BR>[Stack]<UL><LI>Max Depth = 28<LI>Call Chain = accel_gpio_init &rArr; gpio_wakeup_config
</UL>
<BR>[Calls]<UL><LI><a href="#[b0]">&gt;&gt;</a>&nbsp;&nbsp;&nbsp;gpio_wakeup_config
<LI><a href="#[ae]">&gt;&gt;</a>&nbsp;&nbsp;&nbsp;gpio_set_interrupt
<LI><a href="#[ad]">&gt;&gt;</a>&nbsp;&nbsp;&nbsp;gpio_set_direction_field
<LI><a href="#[af]">&gt;&gt;</a>&nbsp;&nbsp;&nbsp;gpio_enable_interrupt
</UL>
<BR>[Called By]<UL><LI><a href="#[8e]">&gt;&gt;</a>&nbsp;&nbsp;&nbsp;SystemInit
</UL>

<P><STRONG><a name="[b1]"></a>accel_int_handler</STRONG> (Thumb, 36 bytes, Stack size 8 bytes, accel_lib.o(i.accel_int_handler))
<BR><BR>[Stack]<UL><LI>Max Depth = 24<LI>Call Chain = accel_int_handler &rArr; wakeup_32k_xtal_switch_clk
</UL>
<BR>[Calls]<UL><LI><a href="#[b3]">&gt;&gt;</a>&nbsp;&nbsp;&nbsp;wakeup_32k_xtal_switch_clk
<LI><a href="#[b2]">&gt;&gt;</a>&nbsp;&nbsp;&nbsp;ble_ext_wakeup_allow
</UL>
<BR>[Called By]<UL><LI><a href="#[29]">&gt;&gt;</a>&nbsp;&nbsp;&nbsp;gpio_interrupt_callback
</UL>

<P><STRONG><a name="[a8]"></a>accel_shutdown</STRONG> (Thumb, 126 bytes, Stack size 8 bytes, accel_lib.o(i.accel_shutdown))
<BR><BR>[Stack]<UL><LI>Max Depth = 32<LI>Call Chain = accel_shutdown &rArr; I2C_BYTE_WRITE &rArr; i2c_write
</UL>
<BR>[Calls]<UL><LI><a href="#[8c]">&gt;&gt;</a>&nbsp;&nbsp;&nbsp;I2C_BYTE_WRITE
<LI><a href="#[a9]">&gt;&gt;</a>&nbsp;&nbsp;&nbsp;i2c_init
</UL>
<BR>[Called By]<UL><LI><a href="#[12f]">&gt;&gt;</a>&nbsp;&nbsp;&nbsp;protocol_execute_command
<LI><a href="#[110]">&gt;&gt;</a>&nbsp;&nbsp;&nbsp;get_data_by_id
<LI><a href="#[aa]">&gt;&gt;</a>&nbsp;&nbsp;&nbsp;accel_enable_sample
<LI><a href="#[a7]">&gt;&gt;</a>&nbsp;&nbsp;&nbsp;accel_enable_fifo
</UL>

<P><STRONG><a name="[85]"></a>adc_clean_fifo</STRONG> (Thumb, 14 bytes, Stack size 0 bytes, adc.o(i.adc_clean_fifo))
<BR><BR>[Called By]<UL><LI><a href="#[11]">&gt;&gt;</a>&nbsp;&nbsp;&nbsp;ADC_IRQHandler
</UL>

<P><STRONG><a name="[b4]"></a>adc_get_batt</STRONG> (Thumb, 142 bytes, Stack size 16 bytes, adc_lib.o(i.adc_get_batt))
<BR><BR>[Stack]<UL><LI>Max Depth = 120<LI>Call Chain = adc_get_batt &rArr; adc_init &rArr; __adc_calibrate &rArr; adc_read
</UL>
<BR>[Calls]<UL><LI><a href="#[b8]">&gt;&gt;</a>&nbsp;&nbsp;&nbsp;adc_power_off
<LI><a href="#[b7]">&gt;&gt;</a>&nbsp;&nbsp;&nbsp;adc_enable
<LI><a href="#[b6]">&gt;&gt;</a>&nbsp;&nbsp;&nbsp;battery_monitor_enable
<LI><a href="#[a3]">&gt;&gt;</a>&nbsp;&nbsp;&nbsp;adc_read
<LI><a href="#[b5]">&gt;&gt;</a>&nbsp;&nbsp;&nbsp;adc_init
<LI><a href="#[86]">&gt;&gt;</a>&nbsp;&nbsp;&nbsp;ADC_RESULT_mV
<LI><a href="#[6b]">&gt;&gt;</a>&nbsp;&nbsp;&nbsp;__aeabi_idivmod
</UL>
<BR>[Called By]<UL><LI><a href="#[110]">&gt;&gt;</a>&nbsp;&nbsp;&nbsp;get_data_by_id
</UL>

<P><STRONG><a name="[b9]"></a>adc_get_temp</STRONG> (Thumb, 154 bytes, Stack size 16 bytes, adc_lib.o(i.adc_get_temp))
<BR><BR>[Stack]<UL><LI>Max Depth = 144<LI>Call Chain = adc_get_temp &rArr; __aeabi_dmul &rArr; _double_epilogue &rArr; __aeabi_llsr
</UL>
<BR>[Calls]<UL><LI><a href="#[b8]">&gt;&gt;</a>&nbsp;&nbsp;&nbsp;adc_power_off
<LI><a href="#[b7]">&gt;&gt;</a>&nbsp;&nbsp;&nbsp;adc_enable
<LI><a href="#[ba]">&gt;&gt;</a>&nbsp;&nbsp;&nbsp;temp_sensor_enable
<LI><a href="#[a3]">&gt;&gt;</a>&nbsp;&nbsp;&nbsp;adc_read
<LI><a href="#[b5]">&gt;&gt;</a>&nbsp;&nbsp;&nbsp;adc_init
<LI><a href="#[7c]">&gt;&gt;</a>&nbsp;&nbsp;&nbsp;__aeabi_i2d
<LI><a href="#[7a]">&gt;&gt;</a>&nbsp;&nbsp;&nbsp;__aeabi_dmul
<LI><a href="#[7b]">&gt;&gt;</a>&nbsp;&nbsp;&nbsp;__aeabi_ddiv
<LI><a href="#[73]">&gt;&gt;</a>&nbsp;&nbsp;&nbsp;__aeabi_dadd
<LI><a href="#[7d]">&gt;&gt;</a>&nbsp;&nbsp;&nbsp;__aeabi_d2iz
<LI><a href="#[6b]">&gt;&gt;</a>&nbsp;&nbsp;&nbsp;__aeabi_idivmod
</UL>
<BR>[Called By]<UL><LI><a href="#[110]">&gt;&gt;</a>&nbsp;&nbsp;&nbsp;get_data_by_id
</UL>

<P><STRONG><a name="[b5]"></a>adc_init</STRONG> (Thumb, 234 bytes, Stack size 48 bytes, adc.o(i.adc_init))
<BR><BR>[Stack]<UL><LI>Max Depth = 104<LI>Call Chain = adc_init &rArr; __adc_calibrate &rArr; adc_read
</UL>
<BR>[Calls]<UL><LI><a href="#[bb]">&gt;&gt;</a>&nbsp;&nbsp;&nbsp;syscon_SetADCCRWithMask
<LI><a href="#[a2]">&gt;&gt;</a>&nbsp;&nbsp;&nbsp;adc_adc_SetADC1WithMask
<LI><a href="#[a1]">&gt;&gt;</a>&nbsp;&nbsp;&nbsp;__adc_calibrate
</UL>
<BR>[Called By]<UL><LI><a href="#[103]">&gt;&gt;</a>&nbsp;&nbsp;&nbsp;enable_ADC_SAMPLE
<LI><a href="#[b9]">&gt;&gt;</a>&nbsp;&nbsp;&nbsp;adc_get_temp
<LI><a href="#[b4]">&gt;&gt;</a>&nbsp;&nbsp;&nbsp;adc_get_batt
</UL>

<P><STRONG><a name="[a3]"></a>adc_read</STRONG> (Thumb, 126 bytes, Stack size 24 bytes, adc.o(i.adc_read))
<BR><BR>[Stack]<UL><LI>Max Depth = 24<LI>Call Chain = adc_read
</UL>
<BR>[Calls]<UL><LI><a href="#[84]">&gt;&gt;</a>&nbsp;&nbsp;&nbsp;adc_adc_SetADC0WithMask
</UL>
<BR>[Called By]<UL><LI><a href="#[103]">&gt;&gt;</a>&nbsp;&nbsp;&nbsp;enable_ADC_SAMPLE
<LI><a href="#[b9]">&gt;&gt;</a>&nbsp;&nbsp;&nbsp;adc_get_temp
<LI><a href="#[b4]">&gt;&gt;</a>&nbsp;&nbsp;&nbsp;adc_get_batt
<LI><a href="#[2d]">&gt;&gt;</a>&nbsp;&nbsp;&nbsp;adc_sample_complete2
<LI><a href="#[a1]">&gt;&gt;</a>&nbsp;&nbsp;&nbsp;__adc_calibrate
</UL>

<P><STRONG><a name="[2d]"></a>adc_sample_complete2</STRONG> (Thumb, 46 bytes, Stack size 16 bytes, adc_lib.o(i.adc_sample_complete2))
<BR><BR>[Stack]<UL><LI>Max Depth = 40<LI>Call Chain = adc_sample_complete2 &rArr; adc_read
</UL>
<BR>[Calls]<UL><LI><a href="#[a3]">&gt;&gt;</a>&nbsp;&nbsp;&nbsp;adc_read
<LI><a href="#[86]">&gt;&gt;</a>&nbsp;&nbsp;&nbsp;ADC_RESULT_mV
<LI><a href="#[bc]">&gt;&gt;</a>&nbsp;&nbsp;&nbsp;__2printf
</UL>
<BR>[Address Reference Count : 2]<UL><LI> adc_lib.o(i.adc_sample_complete2)
<LI> adc_lib.o(i.enable_ADC_SAMPLE)
</UL>
<P><STRONG><a name="[2c]"></a>adc_sample_complete_callback</STRONG> (Thumb, 8 bytes, Stack size 0 bytes, adc_lib.o(i.adc_sample_complete_callback))
<BR>[Address Reference Count : 2]<UL><LI> adc_lib.o(i.adc_get_batt)
<LI> adc_lib.o(i.adc_get_temp)
</UL>
<P><STRONG><a name="[bd]"></a>add_to_list</STRONG> (Thumb, 66 bytes, Stack size 16 bytes, protocol_lib.o(i.add_to_list))
<BR><BR>[Stack]<UL><LI>Max Depth = 48<LI>Call Chain = add_to_list &rArr; create_list &rArr; __2printf
</UL>
<BR>[Calls]<UL><LI><a href="#[be]">&gt;&gt;</a>&nbsp;&nbsp;&nbsp;search_in_list
<LI><a href="#[bf]">&gt;&gt;</a>&nbsp;&nbsp;&nbsp;create_list
<LI><a href="#[c0]">&gt;&gt;</a>&nbsp;&nbsp;&nbsp;strlen
<LI><a href="#[bc]">&gt;&gt;</a>&nbsp;&nbsp;&nbsp;__2printf
</UL>
<BR>[Called By]<UL><LI><a href="#[12f]">&gt;&gt;</a>&nbsp;&nbsp;&nbsp;protocol_execute_command
</UL>

<P><STRONG><a name="[c1]"></a>app_add_bonded_dev</STRONG> (Thumb, 32 bytes, Stack size 8 bytes, app_util.o(i.app_add_bonded_dev))
<BR><BR>[Stack]<UL><LI>Max Depth = 8<LI>Call Chain = app_add_bonded_dev
</UL>
<BR>[Calls]<UL><LI><a href="#[c2]">&gt;&gt;</a>&nbsp;&nbsp;&nbsp;__aeabi_memcpy
</UL>
<BR>[Called By]<UL><LI><a href="#[52]">&gt;&gt;</a>&nbsp;&nbsp;&nbsp;app_gap_bond_req_cmp_ind_handler
</UL>

<P><STRONG><a name="[43]"></a>app_button_timer_handler</STRONG> (Thumb, 120 bytes, Stack size 24 bytes, usr_design.o(i.app_button_timer_handler))
<BR><BR>[Stack]<UL><LI>Max Depth = 64<LI>Call Chain = app_button_timer_handler &rArr; app_gap_adv_start_req
</UL>
<BR>[Calls]<UL><LI><a href="#[c3]">&gt;&gt;</a>&nbsp;&nbsp;&nbsp;gpio_read_pin
<LI><a href="#[c5]">&gt;&gt;</a>&nbsp;&nbsp;&nbsp;app_gap_adv_stop_req
<LI><a href="#[c7]">&gt;&gt;</a>&nbsp;&nbsp;&nbsp;app_set_scan_rsp_data
<LI><a href="#[c8]">&gt;&gt;</a>&nbsp;&nbsp;&nbsp;app_set_adv_data
<LI><a href="#[c6]">&gt;&gt;</a>&nbsp;&nbsp;&nbsp;app_get_local_service_flag
<LI><a href="#[c9]">&gt;&gt;</a>&nbsp;&nbsp;&nbsp;app_gap_adv_start_req
<LI><a href="#[c4]">&gt;&gt;</a>&nbsp;&nbsp;&nbsp;assert_err
</UL>
<BR>[Address Reference Count : 1]<UL><LI> app_task.o(.constdata)
</UL>
<P><STRONG><a name="[e7]"></a>app_clear_local_service_flag</STRONG> (Thumb, 10 bytes, Stack size 0 bytes, app_util.o(i.app_clear_local_service_flag))
<BR><BR>[Called By]<UL><LI><a href="#[62]">&gt;&gt;</a>&nbsp;&nbsp;&nbsp;app_qpps_create_db_cfm_handler
</UL>

<P><STRONG><a name="[ca]"></a>app_create_server_service_DB</STRONG> (Thumb, 16 bytes, Stack size 8 bytes, app_util.o(i.app_create_server_service_DB))
<BR><BR>[Stack]<UL><LI>Max Depth = 24<LI>Call Chain = app_create_server_service_DB &rArr; app_qpps_create_db
</UL>
<BR>[Calls]<UL><LI><a href="#[cb]">&gt;&gt;</a>&nbsp;&nbsp;&nbsp;app_qpps_create_db
</UL>
<BR>[Called By]<UL><LI><a href="#[47]">&gt;&gt;</a>&nbsp;&nbsp;&nbsp;app_gap_read_bdaddr_req_cmp_evt_handler
</UL>

<P><STRONG><a name="[cc]"></a>app_enable_server_service</STRONG> (Thumb, 46 bytes, Stack size 16 bytes, app_util.o(i.app_enable_server_service))
<BR><BR>[Stack]<UL><LI>Max Depth = 56<LI>Call Chain = app_enable_server_service &rArr; app_qpps_enable_req
</UL>
<BR>[Calls]<UL><LI><a href="#[cd]">&gt;&gt;</a>&nbsp;&nbsp;&nbsp;app_qpps_enable_req
</UL>
<BR>[Called By]<UL><LI><a href="#[4f]">&gt;&gt;</a>&nbsp;&nbsp;&nbsp;app_gap_le_create_conn_req_cmp_evt_handler
<LI><a href="#[50]">&gt;&gt;</a>&nbsp;&nbsp;&nbsp;app_gap_discon_cmp_evt_handler
</UL>

<P><STRONG><a name="[3f]"></a>app_event_accel_handler</STRONG> (Thumb, 62 bytes, Stack size 48 bytes, accel_lib.o(i.app_event_accel_handler))
<BR><BR>[Stack]<UL><LI>Max Depth = 96<LI>Call Chain = app_event_accel_handler &rArr; better_pedometer &rArr; __2printf
</UL>
<BR>[Calls]<UL><LI><a href="#[cf]">&gt;&gt;</a>&nbsp;&nbsp;&nbsp;better_pedometer
<LI><a href="#[ab]">&gt;&gt;</a>&nbsp;&nbsp;&nbsp;accel_get_X_samples
<LI><a href="#[ce]">&gt;&gt;</a>&nbsp;&nbsp;&nbsp;wakeup_32k_xtal_start_timer
</UL>
<BR>[Address Reference Count : 1]<UL><LI> usr_design.o(i.usr_init)
</UL>
<P><STRONG><a name="[3e]"></a>app_event_button1_press_handler</STRONG> (Thumb, 36 bytes, Stack size 8 bytes, usr_design.o(i.app_event_button1_press_handler))
<BR><BR>[Stack]<UL><LI>Max Depth = 8<LI>Call Chain = app_event_button1_press_handler
</UL>
<BR>[Calls]<UL><LI><a href="#[ce]">&gt;&gt;</a>&nbsp;&nbsp;&nbsp;wakeup_32k_xtal_start_timer
</UL>
<BR>[Address Reference Count : 1]<UL><LI> usr_design.o(i.usr_init)
</UL>
<P><STRONG><a name="[de]"></a>app_find_bonded_dev</STRONG> (Thumb, 50 bytes, Stack size 24 bytes, app_util.o(i.app_find_bonded_dev))
<BR><BR>[Stack]<UL><LI>Max Depth = 24<LI>Call Chain = app_find_bonded_dev
</UL>
<BR>[Called By]<UL><LI><a href="#[58]">&gt;&gt;</a>&nbsp;&nbsp;&nbsp;app_smpc_ltk_req_ind_handler
<LI><a href="#[dd]">&gt;&gt;</a>&nbsp;&nbsp;&nbsp;app_get_lk_sec_status
</UL>

<P><STRONG><a name="[42]"></a>app_gap_adv_intv_update_timer_handler</STRONG> (Thumb, 56 bytes, Stack size 24 bytes, usr_design.o(i.app_gap_adv_intv_update_timer_handler))
<BR><BR>[Stack]<UL><LI>Max Depth = 64<LI>Call Chain = app_gap_adv_intv_update_timer_handler &rArr; app_gap_adv_start_req
</UL>
<BR>[Calls]<UL><LI><a href="#[c7]">&gt;&gt;</a>&nbsp;&nbsp;&nbsp;app_set_scan_rsp_data
<LI><a href="#[c8]">&gt;&gt;</a>&nbsp;&nbsp;&nbsp;app_set_adv_data
<LI><a href="#[c6]">&gt;&gt;</a>&nbsp;&nbsp;&nbsp;app_get_local_service_flag
<LI><a href="#[c9]">&gt;&gt;</a>&nbsp;&nbsp;&nbsp;app_gap_adv_start_req
</UL>
<BR>[Address Reference Count : 1]<UL><LI> app_task.o(.constdata)
</UL>
<P><STRONG><a name="[4a]"></a>app_gap_adv_req_cmp_evt_handler</STRONG> (Thumb, 34 bytes, Stack size 16 bytes, app_gap_task.o(i.app_gap_adv_req_cmp_evt_handler))
<BR><BR>[Stack]<UL><LI>Max Depth = 88<LI>Call Chain = app_gap_adv_req_cmp_evt_handler &rArr; app_task_msg_hdl &rArr; app_gap_adv_start_req
</UL>
<BR>[Calls]<UL><LI><a href="#[d0]">&gt;&gt;</a>&nbsp;&nbsp;&nbsp;app_task_msg_hdl
<LI><a href="#[bc]">&gt;&gt;</a>&nbsp;&nbsp;&nbsp;__2printf
</UL>
<BR>[Address Reference Count : 1]<UL><LI> app_task.o(.constdata)
</UL>
<P><STRONG><a name="[c9]"></a>app_gap_adv_start_req</STRONG> (Thumb, 128 bytes, Stack size 40 bytes, app_gap.o(i.app_gap_adv_start_req))
<BR><BR>[Stack]<UL><LI>Max Depth = 40<LI>Call Chain = app_gap_adv_start_req
</UL>
<BR>[Calls]<UL><LI><a href="#[c2]">&gt;&gt;</a>&nbsp;&nbsp;&nbsp;__aeabi_memcpy
</UL>
<BR>[Called By]<UL><LI><a href="#[d0]">&gt;&gt;</a>&nbsp;&nbsp;&nbsp;app_task_msg_hdl
<LI><a href="#[42]">&gt;&gt;</a>&nbsp;&nbsp;&nbsp;app_gap_adv_intv_update_timer_handler
<LI><a href="#[43]">&gt;&gt;</a>&nbsp;&nbsp;&nbsp;app_button_timer_handler
<LI><a href="#[27]">&gt;&gt;</a>&nbsp;&nbsp;&nbsp;main
</UL>

<P><STRONG><a name="[c5]"></a>app_gap_adv_stop_req</STRONG> (Thumb, 26 bytes, Stack size 8 bytes, app_gap.o(i.app_gap_adv_stop_req))
<BR><BR>[Stack]<UL><LI>Max Depth = 8<LI>Call Chain = app_gap_adv_stop_req
</UL>
<BR>[Called By]<UL><LI><a href="#[43]">&gt;&gt;</a>&nbsp;&nbsp;&nbsp;app_button_timer_handler
</UL>

<P><STRONG><a name="[52]"></a>app_gap_bond_req_cmp_ind_handler</STRONG> (Thumb, 110 bytes, Stack size 16 bytes, app_gap_task.o(i.app_gap_bond_req_cmp_ind_handler))
<BR><BR>[Stack]<UL><LI>Max Depth = 88<LI>Call Chain = app_gap_bond_req_cmp_ind_handler &rArr; app_task_msg_hdl &rArr; app_gap_adv_start_req
</UL>
<BR>[Calls]<UL><LI><a href="#[d1]">&gt;&gt;</a>&nbsp;&nbsp;&nbsp;__ARM_common_switch8
<LI><a href="#[d0]">&gt;&gt;</a>&nbsp;&nbsp;&nbsp;app_task_msg_hdl
<LI><a href="#[c1]">&gt;&gt;</a>&nbsp;&nbsp;&nbsp;app_add_bonded_dev
<LI><a href="#[bc]">&gt;&gt;</a>&nbsp;&nbsp;&nbsp;__2printf
</UL>
<BR>[Address Reference Count : 1]<UL><LI> app_task.o(.constdata)
</UL>
<P><STRONG><a name="[51]"></a>app_gap_bond_req_ind_handler</STRONG> (Thumb, 82 bytes, Stack size 32 bytes, app_gap_task.o(i.app_gap_bond_req_ind_handler))
<BR><BR>[Stack]<UL><LI>Max Depth = 56<LI>Call Chain = app_gap_bond_req_ind_handler &rArr; app_gap_bond_resp
</UL>
<BR>[Calls]<UL><LI><a href="#[d3]">&gt;&gt;</a>&nbsp;&nbsp;&nbsp;app_gap_bond_resp
<LI><a href="#[d2]">&gt;&gt;</a>&nbsp;&nbsp;&nbsp;app_get_conhdl_by_idx
<LI><a href="#[bc]">&gt;&gt;</a>&nbsp;&nbsp;&nbsp;__2printf
</UL>
<BR>[Address Reference Count : 1]<UL><LI> app_task.o(.constdata)
</UL>
<P><STRONG><a name="[d3]"></a>app_gap_bond_resp</STRONG> (Thumb, 52 bytes, Stack size 24 bytes, app_gap.o(i.app_gap_bond_resp))
<BR><BR>[Stack]<UL><LI>Max Depth = 24<LI>Call Chain = app_gap_bond_resp
</UL>
<BR>[Called By]<UL><LI><a href="#[51]">&gt;&gt;</a>&nbsp;&nbsp;&nbsp;app_gap_bond_req_ind_handler
</UL>

<P><STRONG><a name="[4d]"></a>app_gap_change_param_req_cmp_handler</STRONG> (Thumb, 44 bytes, Stack size 16 bytes, app_gap_task.o(i.app_gap_change_param_req_cmp_handler))
<BR><BR>[Stack]<UL><LI>Max Depth = 88<LI>Call Chain = app_gap_change_param_req_cmp_handler &rArr; app_task_msg_hdl &rArr; app_gap_adv_start_req
</UL>
<BR>[Calls]<UL><LI><a href="#[d0]">&gt;&gt;</a>&nbsp;&nbsp;&nbsp;app_task_msg_hdl
<LI><a href="#[bc]">&gt;&gt;</a>&nbsp;&nbsp;&nbsp;__2printf
</UL>
<BR>[Address Reference Count : 1]<UL><LI> app_task.o(.constdata)
</UL>
<P><STRONG><a name="[50]"></a>app_gap_discon_cmp_evt_handler</STRONG> (Thumb, 86 bytes, Stack size 32 bytes, app_gap_task.o(i.app_gap_discon_cmp_evt_handler))
<BR><BR>[Stack]<UL><LI>Max Depth = 104<LI>Call Chain = app_gap_discon_cmp_evt_handler &rArr; app_task_msg_hdl &rArr; app_gap_adv_start_req
</UL>
<BR>[Calls]<UL><LI><a href="#[d0]">&gt;&gt;</a>&nbsp;&nbsp;&nbsp;app_task_msg_hdl
<LI><a href="#[d5]">&gt;&gt;</a>&nbsp;&nbsp;&nbsp;app_set_link_status_by_conhdl
<LI><a href="#[d4]">&gt;&gt;</a>&nbsp;&nbsp;&nbsp;app_get_bd_addr_by_conhdl
<LI><a href="#[cc]">&gt;&gt;</a>&nbsp;&nbsp;&nbsp;app_enable_server_service
<LI><a href="#[bc]">&gt;&gt;</a>&nbsp;&nbsp;&nbsp;__2printf
</UL>
<BR>[Address Reference Count : 1]<UL><LI> app_task.o(.constdata)
</UL>
<P><STRONG><a name="[4f]"></a>app_gap_le_create_conn_req_cmp_evt_handler</STRONG> (Thumb, 100 bytes, Stack size 32 bytes, app_gap_task.o(i.app_gap_le_create_conn_req_cmp_evt_handler))
<BR><BR>[Stack]<UL><LI>Max Depth = 104<LI>Call Chain = app_gap_le_create_conn_req_cmp_evt_handler &rArr; app_task_msg_hdl &rArr; app_gap_adv_start_req
</UL>
<BR>[Calls]<UL><LI><a href="#[d0]">&gt;&gt;</a>&nbsp;&nbsp;&nbsp;app_task_msg_hdl
<LI><a href="#[d6]">&gt;&gt;</a>&nbsp;&nbsp;&nbsp;app_set_role
<LI><a href="#[d5]">&gt;&gt;</a>&nbsp;&nbsp;&nbsp;app_set_link_status_by_conhdl
<LI><a href="#[cc]">&gt;&gt;</a>&nbsp;&nbsp;&nbsp;app_enable_server_service
<LI><a href="#[bc]">&gt;&gt;</a>&nbsp;&nbsp;&nbsp;__2printf
</UL>
<BR>[Address Reference Count : 1]<UL><LI> app_task.o(.constdata)
</UL>
<P><STRONG><a name="[d7]"></a>app_gap_param_update_req</STRONG> (Thumb, 42 bytes, Stack size 16 bytes, app_gap.o(i.app_gap_param_update_req))
<BR><BR>[Stack]<UL><LI>Max Depth = 16<LI>Call Chain = app_gap_param_update_req
</UL>
<BR>[Calls]<UL><LI><a href="#[c2]">&gt;&gt;</a>&nbsp;&nbsp;&nbsp;__aeabi_memcpy
</UL>
<BR>[Called By]<UL><LI><a href="#[d0]">&gt;&gt;</a>&nbsp;&nbsp;&nbsp;app_task_msg_hdl
</UL>

<P><STRONG><a name="[4b]"></a>app_gap_param_update_resp_handler</STRONG> (Thumb, 46 bytes, Stack size 16 bytes, app_gap_task.o(i.app_gap_param_update_resp_handler))
<BR><BR>[Stack]<UL><LI>Max Depth = 88<LI>Call Chain = app_gap_param_update_resp_handler &rArr; app_task_msg_hdl &rArr; app_gap_adv_start_req
</UL>
<BR>[Calls]<UL><LI><a href="#[d0]">&gt;&gt;</a>&nbsp;&nbsp;&nbsp;app_task_msg_hdl
<LI><a href="#[bc]">&gt;&gt;</a>&nbsp;&nbsp;&nbsp;__2printf
</UL>
<BR>[Address Reference Count : 1]<UL><LI> app_task.o(.constdata)
</UL>
<P><STRONG><a name="[d9]"></a>app_gap_read_bdaddr_req</STRONG> (Thumb, 10 bytes, Stack size 0 bytes, app_gap.o(i.app_gap_read_bdaddr_req))
<BR><BR>[Called By]<UL><LI><a href="#[46]">&gt;&gt;</a>&nbsp;&nbsp;&nbsp;app_gap_read_ver_req_cmp_evt_handler
</UL>

<P><STRONG><a name="[47]"></a>app_gap_read_bdaddr_req_cmp_evt_handler</STRONG> (Thumb, 48 bytes, Stack size 16 bytes, app_gap_task.o(i.app_gap_read_bdaddr_req_cmp_evt_handler))
<BR><BR>[Stack]<UL><LI>Max Depth = 88<LI>Call Chain = app_gap_read_bdaddr_req_cmp_evt_handler &rArr; app_task_msg_hdl &rArr; app_gap_adv_start_req
</UL>
<BR>[Calls]<UL><LI><a href="#[d0]">&gt;&gt;</a>&nbsp;&nbsp;&nbsp;app_task_msg_hdl
<LI><a href="#[d8]">&gt;&gt;</a>&nbsp;&nbsp;&nbsp;app_init_local_smp_key
<LI><a href="#[ca]">&gt;&gt;</a>&nbsp;&nbsp;&nbsp;app_create_server_service_DB
<LI><a href="#[bc]">&gt;&gt;</a>&nbsp;&nbsp;&nbsp;__2printf
</UL>
<BR>[Address Reference Count : 1]<UL><LI> app_task.o(.constdata)
</UL>
<P><STRONG><a name="[db]"></a>app_gap_read_ver_req</STRONG> (Thumb, 10 bytes, Stack size 0 bytes, app_gap.o(i.app_gap_read_ver_req))
<BR><BR>[Called By]<UL><LI><a href="#[45]">&gt;&gt;</a>&nbsp;&nbsp;&nbsp;app_gap_set_sec_req_cmp_evt_handler
</UL>

<P><STRONG><a name="[46]"></a>app_gap_read_ver_req_cmp_evt_handler</STRONG> (Thumb, 32 bytes, Stack size 16 bytes, app_gap_task.o(i.app_gap_read_ver_req_cmp_evt_handler))
<BR><BR>[Stack]<UL><LI>Max Depth = 88<LI>Call Chain = app_gap_read_ver_req_cmp_evt_handler &rArr; app_task_msg_hdl &rArr; app_gap_adv_start_req
</UL>
<BR>[Calls]<UL><LI><a href="#[d0]">&gt;&gt;</a>&nbsp;&nbsp;&nbsp;app_task_msg_hdl
<LI><a href="#[d9]">&gt;&gt;</a>&nbsp;&nbsp;&nbsp;app_gap_read_bdaddr_req
</UL>
<BR>[Address Reference Count : 1]<UL><LI> app_task.o(.constdata)
</UL>
<P><STRONG><a name="[48]"></a>app_gap_ready_evt_handler</STRONG> (Thumb, 24 bytes, Stack size 16 bytes, app_gap_task.o(i.app_gap_ready_evt_handler))
<BR><BR>[Stack]<UL><LI>Max Depth = 88<LI>Call Chain = app_gap_ready_evt_handler &rArr; app_task_msg_hdl &rArr; app_gap_adv_start_req
</UL>
<BR>[Calls]<UL><LI><a href="#[d0]">&gt;&gt;</a>&nbsp;&nbsp;&nbsp;app_task_msg_hdl
<LI><a href="#[da]">&gt;&gt;</a>&nbsp;&nbsp;&nbsp;app_gap_set_sec_req
</UL>
<BR>[Address Reference Count : 1]<UL><LI> app_task.o(.constdata)
</UL>
<P><STRONG><a name="[44]"></a>app_gap_reset_req_cmp_handler</STRONG> (Thumb, 10 bytes, Stack size 8 bytes, app_gap_task.o(i.app_gap_reset_req_cmp_handler))
<BR><BR>[Stack]<UL><LI>Max Depth = 80<LI>Call Chain = app_gap_reset_req_cmp_handler &rArr; app_task_msg_hdl &rArr; app_gap_adv_start_req
</UL>
<BR>[Calls]<UL><LI><a href="#[d0]">&gt;&gt;</a>&nbsp;&nbsp;&nbsp;app_task_msg_hdl
</UL>
<BR>[Address Reference Count : 1]<UL><LI> app_task.o(.constdata)
</UL>
<P><STRONG><a name="[f3]"></a>app_gap_set_bondable_mode_req</STRONG> (Thumb, 26 bytes, Stack size 8 bytes, app_gap.o(i.app_gap_set_bondable_mode_req))
<BR><BR>[Stack]<UL><LI>Max Depth = 8<LI>Call Chain = app_gap_set_bondable_mode_req
</UL>
<BR>[Called By]<UL><LI><a href="#[55]">&gt;&gt;</a>&nbsp;&nbsp;&nbsp;app_smpm_set_key_cfm_handler
</UL>

<P><STRONG><a name="[49]"></a>app_gap_set_devname_req_cmp_evt_handler</STRONG> (Thumb, 24 bytes, Stack size 16 bytes, app_gap_task.o(i.app_gap_set_devname_req_cmp_evt_handler))
<BR><BR>[Stack]<UL><LI>Max Depth = 88<LI>Call Chain = app_gap_set_devname_req_cmp_evt_handler &rArr; app_task_msg_hdl &rArr; app_gap_adv_start_req
</UL>
<BR>[Calls]<UL><LI><a href="#[d0]">&gt;&gt;</a>&nbsp;&nbsp;&nbsp;app_task_msg_hdl
<LI><a href="#[bc]">&gt;&gt;</a>&nbsp;&nbsp;&nbsp;__2printf
</UL>
<BR>[Address Reference Count : 1]<UL><LI> app_task.o(.constdata)
</UL>
<P><STRONG><a name="[4e]"></a>app_gap_set_mode_req_cmp_evt_handler</STRONG> (Thumb, 66 bytes, Stack size 8 bytes, app_gap_task.o(i.app_gap_set_mode_req_cmp_evt_handler))
<BR><BR>[Stack]<UL><LI>Max Depth = 80<LI>Call Chain = app_gap_set_mode_req_cmp_evt_handler &rArr; app_task_msg_hdl &rArr; app_gap_adv_start_req
</UL>
<BR>[Calls]<UL><LI><a href="#[d0]">&gt;&gt;</a>&nbsp;&nbsp;&nbsp;app_task_msg_hdl
<LI><a href="#[bc]">&gt;&gt;</a>&nbsp;&nbsp;&nbsp;__2printf
</UL>
<BR>[Address Reference Count : 1]<UL><LI> app_task.o(.constdata)
</UL>
<P><STRONG><a name="[4c]"></a>app_gap_set_privacy_req_cmp_handler</STRONG> (Thumb, 22 bytes, Stack size 8 bytes, app_gap_task.o(i.app_gap_set_privacy_req_cmp_handler))
<BR><BR>[Stack]<UL><LI>Max Depth = 32<LI>Call Chain = app_gap_set_privacy_req_cmp_handler &rArr; __2printf
</UL>
<BR>[Calls]<UL><LI><a href="#[bc]">&gt;&gt;</a>&nbsp;&nbsp;&nbsp;__2printf
</UL>
<BR>[Address Reference Count : 1]<UL><LI> app_task.o(.constdata)
</UL>
<P><STRONG><a name="[53]"></a>app_gap_set_random_add_req_cmp_handler</STRONG> (Thumb, 18 bytes, Stack size 8 bytes, app_gap_task.o(i.app_gap_set_random_add_req_cmp_handler))
<BR><BR>[Stack]<UL><LI>Max Depth = 32<LI>Call Chain = app_gap_set_random_add_req_cmp_handler &rArr; __2printf
</UL>
<BR>[Calls]<UL><LI><a href="#[bc]">&gt;&gt;</a>&nbsp;&nbsp;&nbsp;__2printf
</UL>
<BR>[Address Reference Count : 1]<UL><LI> app_task.o(.constdata)
</UL>
<P><STRONG><a name="[da]"></a>app_gap_set_sec_req</STRONG> (Thumb, 30 bytes, Stack size 16 bytes, app_gap.o(i.app_gap_set_sec_req))
<BR><BR>[Stack]<UL><LI>Max Depth = 16<LI>Call Chain = app_gap_set_sec_req
</UL>
<BR>[Called By]<UL><LI><a href="#[48]">&gt;&gt;</a>&nbsp;&nbsp;&nbsp;app_gap_ready_evt_handler
</UL>

<P><STRONG><a name="[45]"></a>app_gap_set_sec_req_cmp_evt_handler</STRONG> (Thumb, 32 bytes, Stack size 16 bytes, app_gap_task.o(i.app_gap_set_sec_req_cmp_evt_handler))
<BR><BR>[Stack]<UL><LI>Max Depth = 88<LI>Call Chain = app_gap_set_sec_req_cmp_evt_handler &rArr; app_task_msg_hdl &rArr; app_gap_adv_start_req
</UL>
<BR>[Calls]<UL><LI><a href="#[d0]">&gt;&gt;</a>&nbsp;&nbsp;&nbsp;app_task_msg_hdl
<LI><a href="#[db]">&gt;&gt;</a>&nbsp;&nbsp;&nbsp;app_gap_read_ver_req
</UL>
<BR>[Address Reference Count : 1]<UL><LI> app_task.o(.constdata)
</UL>
<P><STRONG><a name="[54]"></a>app_gatt_resource_access_req_handler</STRONG> (Thumb, 30 bytes, Stack size 16 bytes, app_gap_task.o(i.app_gatt_resource_access_req_handler))
<BR><BR>[Stack]<UL><LI>Max Depth = 16<LI>Call Chain = app_gatt_resource_access_req_handler
</UL>
<BR>[Address Reference Count : 1]<UL><LI> app_task.o(.constdata)
</UL>
<P><STRONG><a name="[d4]"></a>app_get_bd_addr_by_conhdl</STRONG> (Thumb, 60 bytes, Stack size 16 bytes, app_util.o(i.app_get_bd_addr_by_conhdl))
<BR><BR>[Stack]<UL><LI>Max Depth = 16<LI>Call Chain = app_get_bd_addr_by_conhdl
</UL>
<BR>[Calls]<UL><LI><a href="#[c2]">&gt;&gt;</a>&nbsp;&nbsp;&nbsp;__aeabi_memcpy
</UL>
<BR>[Called By]<UL><LI><a href="#[50]">&gt;&gt;</a>&nbsp;&nbsp;&nbsp;app_gap_discon_cmp_evt_handler
<LI><a href="#[d5]">&gt;&gt;</a>&nbsp;&nbsp;&nbsp;app_set_link_status_by_conhdl
</UL>

<P><STRONG><a name="[ed]"></a>app_get_bond_nb</STRONG> (Thumb, 6 bytes, Stack size 0 bytes, app_util.o(i.app_get_bond_nb))
<BR><BR>[Called By]<UL><LI><a href="#[59]">&gt;&gt;</a>&nbsp;&nbsp;&nbsp;app_smpc_irk_req_ind_handler
</UL>

<P><STRONG><a name="[ee]"></a>app_get_bond_status</STRONG> (Thumb, 30 bytes, Stack size 0 bytes, app_util.o(i.app_get_bond_status))
<BR><BR>[Called By]<UL><LI><a href="#[59]">&gt;&gt;</a>&nbsp;&nbsp;&nbsp;app_smpc_irk_req_ind_handler
</UL>

<P><STRONG><a name="[d2]"></a>app_get_conhdl_by_idx</STRONG> (Thumb, 30 bytes, Stack size 4 bytes, app_util.o(i.app_get_conhdl_by_idx))
<BR><BR>[Stack]<UL><LI>Max Depth = 4<LI>Call Chain = app_get_conhdl_by_idx
</UL>
<BR>[Calls]<UL><LI><a href="#[dc]">&gt;&gt;</a>&nbsp;&nbsp;&nbsp;app_get_link_status_by_idx
</UL>
<BR>[Called By]<UL><LI><a href="#[51]">&gt;&gt;</a>&nbsp;&nbsp;&nbsp;app_gap_bond_req_ind_handler
</UL>

<P><STRONG><a name="[dc]"></a>app_get_link_status_by_idx</STRONG> (Thumb, 24 bytes, Stack size 0 bytes, app_util.o(i.app_get_link_status_by_idx))
<BR><BR>[Called By]<UL><LI><a href="#[d2]">&gt;&gt;</a>&nbsp;&nbsp;&nbsp;app_get_conhdl_by_idx
</UL>

<P><STRONG><a name="[dd]"></a>app_get_lk_sec_status</STRONG> (Thumb, 32 bytes, Stack size 8 bytes, app_util.o(i.app_get_lk_sec_status))
<BR><BR>[Stack]<UL><LI>Max Depth = 32<LI>Call Chain = app_get_lk_sec_status &rArr; app_find_bonded_dev
</UL>
<BR>[Calls]<UL><LI><a href="#[de]">&gt;&gt;</a>&nbsp;&nbsp;&nbsp;app_find_bonded_dev
</UL>
<BR>[Called By]<UL><LI><a href="#[5a]">&gt;&gt;</a>&nbsp;&nbsp;&nbsp;app_smpc_chk_bd_addr_req_ind_handler
</UL>

<P><STRONG><a name="[c6]"></a>app_get_local_service_flag</STRONG> (Thumb, 6 bytes, Stack size 0 bytes, app_util.o(i.app_get_local_service_flag))
<BR><BR>[Called By]<UL><LI><a href="#[d0]">&gt;&gt;</a>&nbsp;&nbsp;&nbsp;app_task_msg_hdl
<LI><a href="#[42]">&gt;&gt;</a>&nbsp;&nbsp;&nbsp;app_gap_adv_intv_update_timer_handler
<LI><a href="#[43]">&gt;&gt;</a>&nbsp;&nbsp;&nbsp;app_button_timer_handler
<LI><a href="#[e0]">&gt;&gt;</a>&nbsp;&nbsp;&nbsp;app_init
<LI><a href="#[27]">&gt;&gt;</a>&nbsp;&nbsp;&nbsp;main
</UL>

<P><STRONG><a name="[f0]"></a>app_get_role</STRONG> (Thumb, 6 bytes, Stack size 0 bytes, app_util.o(i.app_get_role))
<BR><BR>[Called By]<UL><LI><a href="#[d0]">&gt;&gt;</a>&nbsp;&nbsp;&nbsp;app_task_msg_hdl
<LI><a href="#[58]">&gt;&gt;</a>&nbsp;&nbsp;&nbsp;app_smpc_ltk_req_ind_handler
</UL>

<P><STRONG><a name="[df]"></a>app_i_to_array</STRONG> (Thumb, 38 bytes, Stack size 24 bytes, app_util.o(i.app_i_to_array))
<BR><BR>[Stack]<UL><LI>Max Depth = 36<LI>Call Chain = app_i_to_array &rArr; __aeabi_uidivmod
</UL>
<BR>[Calls]<UL><LI><a href="#[6c]">&gt;&gt;</a>&nbsp;&nbsp;&nbsp;__aeabi_uidivmod
</UL>
<BR>[Called By]<UL><LI><a href="#[57]">&gt;&gt;</a>&nbsp;&nbsp;&nbsp;app_smpc_tk_req_ind_handler
</UL>

<P><STRONG><a name="[e0]"></a>app_init</STRONG> (Thumb, 86 bytes, Stack size 16 bytes, app_env.o(i.app_init))
<BR><BR>[Stack]<UL><LI>Max Depth = 64<LI>Call Chain = app_init &rArr; app_smp_init
</UL>
<BR>[Calls]<UL><LI><a href="#[c7]">&gt;&gt;</a>&nbsp;&nbsp;&nbsp;app_set_scan_rsp_data
<LI><a href="#[c8]">&gt;&gt;</a>&nbsp;&nbsp;&nbsp;app_set_adv_data
<LI><a href="#[c6]">&gt;&gt;</a>&nbsp;&nbsp;&nbsp;app_get_local_service_flag
<LI><a href="#[e3]">&gt;&gt;</a>&nbsp;&nbsp;&nbsp;task_app_desc_register
[...]
</UL>

<P><STRONG><a name="[91]"></a>spi_clock_off</STRONG> (Thumb, 34 bytes, Stack size 0 bytes, system.o(i.spi_clock_off))
<BR><BR>[Calls]<UL><LI><a href="#[91]">&gt;&gt;</a>&nbsp;&nbsp;&nbsp;spi_clock_off
</UL>
<BR>[Called By]<UL><LI><a href="#[91]">&gt;&gt;</a>&nbsp;&nbsp;&nbsp;spi_clock_off
<LI><a href="#[8e]">&gt;&gt;</a>&nbsp;&nbsp;&nbsp;SystemInit
</UL>

<P><STRONG><a name="[8f]"></a>timer_clock_off</STRONG> (Thumb, 52 bytes, Stack size 12 bytes, system.o(i.timer_clock_off))
<BR><BR>[Stack]<UL><LI>Max Depth = 12<LI>Call Chain = timer_clock_off
</UL>
<BR>[Called By]<UL><LI><a href="#[8e]">&gt;&gt;</a>&nbsp;&nbsp;&nbsp;SystemInit
</UL>

<P><STRONG><a name="[90]"></a>uart_clock_off</STRONG> (Thumb, 34 bytes, Stack size 0 bytes, system.o(i.uart_clock_off))
<BR><BR>[Calls]<UL><LI><a href="#[90]">&gt;&gt;</a>&nbsp;&nbsp;&nbsp;uart_clock_off
</UL>
<BR>[Called By]<UL><LI><a href="#[90]">&gt;&gt;</a>&nbsp;&nbsp;&nbsp;uart_clock_off
<LI><a href="#[8e]">&gt;&gt;</a>&nbsp;&nbsp;&nbsp;SystemInit
</UL>

<P><STRONG><a name="[b7]"></a>adc_enable</STRONG> (Thumb, 32 bytes, Stack size 0 bytes, adc_lib.o(i.adc_enable))
<BR><BR>[Called By]<UL><LI><a href="#[102]">&gt;&gt;</a>&nbsp;&nbsp;&nbsp;disable_ADC_SAMPLE
<LI><a href="#[b9]">&gt;&gt;</a>&nbsp;&nbsp;&nbsp;adc_get_temp
<LI><a href="#[b4]">&gt;&gt;</a>&nbsp;&nbsp;&nbsp;adc_get_batt
</UL>

<P><STRONG><a name="[b8]"></a>adc_power_off</STRONG> (Thumb, 14 bytes, Stack size 0 bytes, adc_lib.o(i.adc_power_off))
<BR><BR>[Called By]<UL><LI><a href="#[102]">&gt;&gt;</a>&nbsp;&nbsp;&nbsp;disable_ADC_SAMPLE
<LI><a href="#[b9]">&gt;&gt;</a>&nbsp;&nbsp;&nbsp;adc_get_temp
<LI><a href="#[b4]">&gt;&gt;</a>&nbsp;&nbsp;&nbsp;adc_get_batt
</UL>

<P><STRONG><a name="[e2]"></a>app_smp_init</STRONG> (Thumb, 240 bytes, Stack size 48 bytes, app_env.o(i.app_smp_init))
<BR><BR>[Stack]<UL><LI>Max Depth = 48<LI>Call Chain = app_smp_init
</UL>
<BR>[Calls]<UL><LI><a href="#[eb]">&gt;&gt;</a>&nbsp;&nbsp;&nbsp;__aeabi_memcpy4
<LI><a href="#[c2]">&gt;&gt;</a>&nbsp;&nbsp;&nbsp;__aeabi_memcpy
</UL>
<BR>[Called By]<UL><LI><a href="#[e0]">&gt;&gt;</a>&nbsp;&nbsp;&nbsp;app_init
</UL>

<P><STRONG><a name="[40]"></a>app_32k_xtal_wakeup_timer</STRONG> (Thumb, 56 bytes, Stack size 8 bytes, app_task.o(i.app_32k_xtal_wakeup_timer))
<BR><BR>[Stack]<UL><LI>Max Depth = 8<LI>Call Chain = app_32k_xtal_wakeup_timer
</UL>
<BR>[Address Reference Count : 1]<UL><LI> app_task.o(.constdata)
</UL>
<P><STRONG><a name="[e6]"></a>get_bit_num</STRONG> (Thumb, 20 bytes, Stack size 0 bytes, app_qpps_task.o(i.get_bit_num))
<BR><BR>[Called By]<UL><LI><a href="#[5f]">&gt;&gt;</a>&nbsp;&nbsp;&nbsp;app_qpps_data_send_cfm_handler
<LI><a href="#[60]">&gt;&gt;</a>&nbsp;&nbsp;&nbsp;app_qpps_cfg_indntf_ind_handler
</UL>

<P><STRONG><a name="[9d]"></a>uart_tx_int_enable</STRONG> (Thumb, 46 bytes, Stack size 8 bytes, uart.o(i.uart_tx_int_enable))
<BR><BR>[Stack]<UL><LI>Max Depth = 8<LI>Call Chain = uart_tx_int_enable
</UL>
<BR>[Called By]<UL><LI><a href="#[13]">&gt;&gt;</a>&nbsp;&nbsp;&nbsp;UART0_TX_IRQHandler
</UL>

<P><STRONG><a name="[105]"></a>syscon_SetCMDCRWithMask</STRONG> (Thumb, 12 bytes, Stack size 0 bytes, sleep.o(i.syscon_SetCMDCRWithMask))
<BR><BR>[Called By]<UL><LI><a href="#[b3]">&gt;&gt;</a>&nbsp;&nbsp;&nbsp;wakeup_32k_xtal_switch_clk
<LI><a href="#[121]">&gt;&gt;</a>&nbsp;&nbsp;&nbsp;wakeup_by_sleep_timer
<LI><a href="#[104]">&gt;&gt;</a>&nbsp;&nbsp;&nbsp;enter_sleep
</UL>

<P><STRONG><a name="[108]"></a>syscon_SetIvrefX32WithMask</STRONG> (Thumb, 14 bytes, Stack size 0 bytes, sleep.o(i.syscon_SetIvrefX32WithMask))
<BR><BR>[Called By]<UL><LI><a href="#[b3]">&gt;&gt;</a>&nbsp;&nbsp;&nbsp;wakeup_32k_xtal_switch_clk
<LI><a href="#[104]">&gt;&gt;</a>&nbsp;&nbsp;&nbsp;enter_sleep
</UL>

<P><STRONG><a name="[106]"></a>syscon_SetPGCR0WithMask</STRONG> (Thumb, 14 bytes, Stack size 0 bytes, sleep.o(i.syscon_SetPGCR0WithMask))
<BR><BR>[Called By]<UL><LI><a href="#[121]">&gt;&gt;</a>&nbsp;&nbsp;&nbsp;wakeup_by_sleep_timer
<LI><a href="#[120]">&gt;&gt;</a>&nbsp;&nbsp;&nbsp;sleep_init
<LI><a href="#[104]">&gt;&gt;</a>&nbsp;&nbsp;&nbsp;enter_sleep
</UL>

<P><STRONG><a name="[136]"></a>syscon_SetPGCR1WithMask</STRONG> (Thumb, 14 bytes, Stack size 0 bytes, sleep.o(i.syscon_SetPGCR1WithMask))
<BR><BR>[Called By]<UL><LI><a href="#[b3]">&gt;&gt;</a>&nbsp;&nbsp;&nbsp;wakeup_32k_xtal_switch_clk
<LI><a href="#[121]">&gt;&gt;</a>&nbsp;&nbsp;&nbsp;wakeup_by_sleep_timer
<LI><a href="#[120]">&gt;&gt;</a>&nbsp;&nbsp;&nbsp;sleep_init
</UL>

<P><STRONG><a name="[107]"></a>syscon_SetPGCR2WithMask</STRONG> (Thumb, 14 bytes, Stack size 0 bytes, sleep.o(i.syscon_SetPGCR2WithMask))
<BR><BR>[Called By]<UL><LI><a href="#[121]">&gt;&gt;</a>&nbsp;&nbsp;&nbsp;wakeup_by_sleep_timer
<LI><a href="#[104]">&gt;&gt;</a>&nbsp;&nbsp;&nbsp;enter_sleep
</UL>

<P><STRONG><a name="[137]"></a>syscon_SetCMDCRWithMask</STRONG> (Thumb, 12 bytes, Stack size 0 bytes, syscon.o(i.syscon_SetCMDCRWithMask))
<BR><BR>[Called By]<UL><LI><a href="#[97]">&gt;&gt;</a>&nbsp;&nbsp;&nbsp;syscon_set_usart_clk
<LI><a href="#[96]">&gt;&gt;</a>&nbsp;&nbsp;&nbsp;syscon_set_timer_clk
<LI><a href="#[92]">&gt;&gt;</a>&nbsp;&nbsp;&nbsp;syscon_set_sysclk_src
<LI><a href="#[94]">&gt;&gt;</a>&nbsp;&nbsp;&nbsp;syscon_set_ble_clk
<LI><a href="#[95]">&gt;&gt;</a>&nbsp;&nbsp;&nbsp;syscon_set_apb_clk
<LI><a href="#[93]">&gt;&gt;</a>&nbsp;&nbsp;&nbsp;syscon_set_ahb_clk
</UL>

<P><STRONG><a name="[a1]"></a>__adc_calibrate</STRONG> (Thumb, 168 bytes, Stack size 32 bytes, adc.o(i.__adc_calibrate))
<BR><BR>[Stack]<UL><LI>Max Depth = 56<LI>Call Chain = __adc_calibrate &rArr; adc_read
</UL>
<BR>[Calls]<UL><LI><a href="#[a3]">&gt;&gt;</a>&nbsp;&nbsp;&nbsp;adc_read
<LI><a href="#[a2]">&gt;&gt;</a>&nbsp;&nbsp;&nbsp;adc_adc_SetADC1WithMask
</UL>
<BR>[Called By]<UL><LI><a href="#[b5]">&gt;&gt;</a>&nbsp;&nbsp;&nbsp;adc_init
</UL>

<P><STRONG><a name="[84]"></a>adc_adc_SetADC0WithMask</STRONG> (Thumb, 12 bytes, Stack size 0 bytes, adc.o(i.adc_adc_SetADC0WithMask))
<BR><BR>[Called By]<UL><LI><a href="#[a3]">&gt;&gt;</a>&nbsp;&nbsp;&nbsp;adc_read
<LI><a href="#[11]">&gt;&gt;</a>&nbsp;&nbsp;&nbsp;ADC_IRQHandler
</UL>

<P><STRONG><a name="[a2]"></a>adc_adc_SetADC1WithMask</STRONG> (Thumb, 12 bytes, Stack size 0 bytes, adc.o(i.adc_adc_SetADC1WithMask))
<BR><BR>[Called By]<UL><LI><a href="#[b5]">&gt;&gt;</a>&nbsp;&nbsp;&nbsp;adc_init
<LI><a href="#[a1]">&gt;&gt;</a>&nbsp;&nbsp;&nbsp;__adc_calibrate
</UL>

<P><STRONG><a name="[2b]"></a>adc_offset_get_cb</STRONG> (Thumb, 8 bytes, Stack size 0 bytes, adc.o(i.adc_offset_get_cb))
<BR>[Address Reference Count : 1]<UL><LI> adc.o(i.__adc_calibrate)
</UL>
<P><STRONG><a name="[bb]"></a>syscon_SetADCCRWithMask</STRONG> (Thumb, 14 bytes, Stack size 0 bytes, adc.o(i.syscon_SetADCCRWithMask))
<BR><BR>[Called By]<UL><LI><a href="#[b5]">&gt;&gt;</a>&nbsp;&nbsp;&nbsp;adc_init
</UL>

<P><STRONG><a name="[f6]"></a>syscon_SetAnalogCRWithMask</STRONG> (Thumb, 14 bytes, Stack size 0 bytes, analog.o(i.syscon_SetAnalogCRWithMask))
<BR><BR>[Called By]<UL><LI><a href="#[ba]">&gt;&gt;</a>&nbsp;&nbsp;&nbsp;temp_sensor_enable
<LI><a href="#[b6]">&gt;&gt;</a>&nbsp;&nbsp;&nbsp;battery_monitor_enable
</UL>

<P><STRONG><a name="[3c]"></a>atts_req_error_ind_handler_patch</STRONG> (Thumb, 58 bytes, Stack size 16 bytes, lib.o(i.atts_req_error_ind_handler_patch))
<BR><BR>[Stack]<UL><LI>Max Depth = 16<LI>Call Chain = atts_req_error_ind_handler_patch
</UL>
<BR>[Address Reference Count : 1]<UL><LI> lib.o(i.task_gatt_desc_register)
</UL>
<P><STRONG><a name="[12a]"></a>cal_cal_SetCAL0WithMask</STRONG> (Thumb, 12 bytes, Stack size 0 bytes, lib.o(i.cal_cal_SetCAL0WithMask))
<BR><BR>[Called By]<UL><LI><a href="#[128]">&gt;&gt;</a>&nbsp;&nbsp;&nbsp;powerup_calibration
</UL>

<P><STRONG><a name="[12b]"></a>cal_cal_SetCAL1WithMask</STRONG> (Thumb, 12 bytes, Stack size 0 bytes, lib.o(i.cal_cal_SetCAL1WithMask))
<BR><BR>[Called By]<UL><LI><a href="#[128]">&gt;&gt;</a>&nbsp;&nbsp;&nbsp;powerup_calibration
</UL>

<P><STRONG><a name="[37]"></a>default_enter_sleep_cb</STRONG> (Thumb, 34 bytes, Stack size 8 bytes, lib.o(i.default_enter_sleep_cb))
<BR><BR>[Stack]<UL><LI>Max Depth = 8<LI>Call Chain = default_enter_sleep_cb
</UL>
<BR>[Address Reference Count : 1]<UL><LI> lib.o(i.plf_init)
</UL>
<P><STRONG><a name="[38]"></a>default_exit_sleep_cb</STRONG> (Thumb, 20 bytes, Stack size 8 bytes, lib.o(i.default_exit_sleep_cb))
<BR><BR>[Stack]<UL><LI>Max Depth = 8<LI>Call Chain = default_exit_sleep_cb
</UL>
<BR>[Called By]<UL><LI><a href="#[d]">&gt;&gt;</a>&nbsp;&nbsp;&nbsp;BLE_IRQHandler
</UL>
<BR>[Address Reference Count : 1]<UL><LI> lib.o(i.plf_init)
</UL>
<P><STRONG><a name="[10c]"></a>delay</STRONG> (Thumb, 16 bytes, Stack size 0 bytes, lib.o(i.delay))
<BR><BR>[Called By]<UL><LI><a href="#[128]">&gt;&gt;</a>&nbsp;&nbsp;&nbsp;powerup_calibration
<LI><a href="#[10b]">&gt;&gt;</a>&nbsp;&nbsp;&nbsp;flash_on
</UL>

<P><STRONG><a name="[127]"></a>dp_dp_SetRegWithMask</STRONG> (Thumb, 16 bytes, Stack size 0 bytes, lib.o(i.dp_dp_SetRegWithMask))
<BR><BR>[Called By]<UL><LI><a href="#[11e]">&gt;&gt;</a>&nbsp;&nbsp;&nbsp;plf_init
<LI><a href="#[10a]">&gt;&gt;</a>&nbsp;&nbsp;&nbsp;sleep_post_process
<LI><a href="#[133]">&gt;&gt;</a>&nbsp;&nbsp;&nbsp;restore_ble_setting
<LI><a href="#[128]">&gt;&gt;</a>&nbsp;&nbsp;&nbsp;powerup_calibration
</UL>

<P><STRONG><a name="[10b]"></a>flash_on</STRONG> (Thumb, 28 bytes, Stack size 8 bytes, lib.o(i.flash_on))
<BR><BR>[Stack]<UL><LI>Max Depth = 8<LI>Call Chain = flash_on
</UL>
<BR>[Calls]<UL><LI><a href="#[10c]">&gt;&gt;</a>&nbsp;&nbsp;&nbsp;delay
</UL>
<BR>[Called By]<UL><LI><a href="#[11e]">&gt;&gt;</a>&nbsp;&nbsp;&nbsp;plf_init
<LI><a href="#[124]">&gt;&gt;</a>&nbsp;&nbsp;&nbsp;nvds_restore_backup
<LI><a href="#[34]">&gt;&gt;</a>&nbsp;&nbsp;&nbsp;nvds_erase
</UL>

<P><STRONG><a name="[2f]"></a>gap_discon_ind_handler_patch</STRONG> (Thumb, 128 bytes, Stack size 40 bytes, lib.o(i.gap_discon_ind_handler_patch))
<BR><BR>[Stack]<UL><LI>Max Depth = 40<LI>Call Chain = gap_discon_ind_handler_patch
</UL>
<BR>[Address Reference Count : 1]<UL><LI> lib.o(i.ble_init)
</UL>
<P><STRONG><a name="[3a]"></a>gatt_read_char_req_handler_patch</STRONG> (Thumb, 58 bytes, Stack size 40 bytes, lib.o(i.gatt_read_char_req_handler_patch))
<BR><BR>[Stack]<UL><LI>Max Depth = 40<LI>Call Chain = gatt_read_char_req_handler_patch
</UL>
<BR>[Address Reference Count : 1]<UL><LI> lib.o(i.task_gatt_desc_register)
</UL>
<P><STRONG><a name="[3b]"></a>gatt_write_char_req_handler_patch</STRONG> (Thumb, 222 bytes, Stack size 40 bytes, lib.o(i.gatt_write_char_req_handler_patch))
<BR><BR>[Stack]<UL><LI>Max Depth = 40<LI>Call Chain = gatt_write_char_req_handler_patch
</UL>
<BR>[Calls]<UL><LI><a href="#[c2]">&gt;&gt;</a>&nbsp;&nbsp;&nbsp;__aeabi_memcpy
</UL>
<BR>[Address Reference Count : 1]<UL><LI> lib.o(i.task_gatt_desc_register)
</UL>
<P><STRONG><a name="[2e]"></a>l2cc_data_packet_ind_handler_patch</STRONG> (Thumb, 78 bytes, Stack size 24 bytes, lib.o(i.l2cc_data_packet_ind_handler_patch))
<BR><BR>[Stack]<UL><LI>Max Depth = 24<LI>Call Chain = l2cc_data_packet_ind_handler_patch
</UL>
<BR>[Calls]<UL><LI><a href="#[c2]">&gt;&gt;</a>&nbsp;&nbsp;&nbsp;__aeabi_memcpy
<LI><a href="#[11b]">&gt;&gt;</a>&nbsp;&nbsp;&nbsp;co_buf_rx_get
</UL>
<BR>[Address Reference Count : 1]<UL><LI> lib.o(i.ble_init)
</UL>
<P><STRONG><a name="[3d]"></a>l2cc_data_send_rsp_handler_patch</STRONG> (Thumb, 64 bytes, Stack size 16 bytes, lib.o(i.l2cc_data_send_rsp_handler_patch))
<BR><BR>[Stack]<UL><LI>Max Depth = 16<LI>Call Chain = l2cc_data_send_rsp_handler_patch
</UL>
<BR>[Address Reference Count : 1]<UL><LI> lib.o(i.task_gatt_desc_register)
</UL>
<P><STRONG><a name="[36]"></a>lld_sleep_lpcycles_2_us</STRONG> (Thumb, 50 bytes, Stack size 8 bytes, lib.o(i.lld_sleep_lpcycles_2_us))
<BR><BR>[Stack]<UL><LI>Max Depth = 8<LI>Call Chain = lld_sleep_lpcycles_2_us
</UL>
<BR>[Calls]<UL><LI><a href="#[87]">&gt;&gt;</a>&nbsp;&nbsp;&nbsp;__aeabi_lmul
</UL>
<BR>[Address Reference Count : 1]<UL><LI> lib.o(i.plf_init)
</UL>
<P><STRONG><a name="[123]"></a>nvds_copy</STRONG> (Thumb, 82 bytes, Stack size 24 bytes, lib.o(i.nvds_copy))
<BR><BR>[Stack]<UL><LI>Max Depth = 24<LI>Call Chain = nvds_copy
</UL>
<BR>[Called By]<UL><LI><a href="#[124]">&gt;&gt;</a>&nbsp;&nbsp;&nbsp;nvds_restore_backup
<LI><a href="#[34]">&gt;&gt;</a>&nbsp;&nbsp;&nbsp;nvds_erase
</UL>

<P><STRONG><a name="[34]"></a>nvds_erase</STRONG> (Thumb, 44 bytes, Stack size 16 bytes, lib.o(i.nvds_erase))
<BR><BR>[Stack]<UL><LI>Max Depth = 48<LI>Call Chain = nvds_erase &rArr; nvds_write
</UL>
<BR>[Calls]<UL><LI><a href="#[33]">&gt;&gt;</a>&nbsp;&nbsp;&nbsp;nvds_write
<LI><a href="#[123]">&gt;&gt;</a>&nbsp;&nbsp;&nbsp;nvds_copy
<LI><a href="#[10b]">&gt;&gt;</a>&nbsp;&nbsp;&nbsp;flash_on
</UL>
<BR>[Address Reference Count : 1]<UL><LI> lib.o(i.plf_init)
</UL>
<P><STRONG><a name="[124]"></a>nvds_restore_backup</STRONG> (Thumb, 98 bytes, Stack size 16 bytes, lib.o(i.nvds_restore_backup))
<BR><BR>[Stack]<UL><LI>Max Depth = 40<LI>Call Chain = nvds_restore_backup &rArr; nvds_copy
</UL>
<BR>[Calls]<UL><LI><a href="#[125]">&gt;&gt;</a>&nbsp;&nbsp;&nbsp;memcmp
<LI><a href="#[123]">&gt;&gt;</a>&nbsp;&nbsp;&nbsp;nvds_copy
<LI><a href="#[10b]">&gt;&gt;</a>&nbsp;&nbsp;&nbsp;flash_on
</UL>
<BR>[Called By]<UL><LI><a href="#[11e]">&gt;&gt;</a>&nbsp;&nbsp;&nbsp;plf_init
</UL>

<P><STRONG><a name="[33]"></a>nvds_write</STRONG> (Thumb, 80 bytes, Stack size 32 bytes, lib.o(i.nvds_write))
<BR><BR>[Stack]<UL><LI>Max Depth = 32<LI>Call Chain = nvds_write
</UL>
<BR>[Called By]<UL><LI><a href="#[34]">&gt;&gt;</a>&nbsp;&nbsp;&nbsp;nvds_erase
</UL>
<BR>[Address Reference Count : 1]<UL><LI> lib.o(i.plf_init)
</UL>
<P><STRONG><a name="[39]"></a>plf_reset_cb</STRONG> (Thumb, 12 bytes, Stack size 0 bytes, lib.o(i.plf_reset_cb))
<BR>[Address Reference Count : 1]<UL><LI> lib.o(i.plf_init)
</UL>
<P><STRONG><a name="[128]"></a>powerup_calibration</STRONG> (Thumb, 280 bytes, Stack size 24 bytes, lib.o(i.powerup_calibration))
<BR><BR>[Stack]<UL><LI>Max Depth = 48<LI>Call Chain = powerup_calibration &rArr; rf_enable
</UL>
<BR>[Calls]<UL><LI><a href="#[12c]">&gt;&gt;</a>&nbsp;&nbsp;&nbsp;rf_enable_sw_set_freq
<LI><a href="#[12d]">&gt;&gt;</a>&nbsp;&nbsp;&nbsp;rf_enable
<LI><a href="#[100]">&gt;&gt;</a>&nbsp;&nbsp;&nbsp;syscon_SetPGCR1WithMask
<LI><a href="#[127]">&gt;&gt;</a>&nbsp;&nbsp;&nbsp;dp_dp_SetRegWithMask
<LI><a href="#[10c]">&gt;&gt;</a>&nbsp;&nbsp;&nbsp;delay
<LI><a href="#[12b]">&gt;&gt;</a>&nbsp;&nbsp;&nbsp;cal_cal_SetCAL1WithMask
<LI><a href="#[12a]">&gt;&gt;</a>&nbsp;&nbsp;&nbsp;cal_cal_SetCAL0WithMask
</UL>
<BR>[Called By]<UL><LI><a href="#[11e]">&gt;&gt;</a>&nbsp;&nbsp;&nbsp;plf_init
</UL>

<P><STRONG><a name="[ff]"></a>syscon_SetIvrefX32WithMask</STRONG> (Thumb, 14 bytes, Stack size 0 bytes, lib.o(i.syscon_SetIvrefX32WithMask))
<BR><BR>[Called By]<UL><LI><a href="#[11e]">&gt;&gt;</a>&nbsp;&nbsp;&nbsp;plf_init
<LI><a href="#[fe]">&gt;&gt;</a>&nbsp;&nbsp;&nbsp;dc_dc_enable
</UL>

<P><STRONG><a name="[100]"></a>syscon_SetPGCR1WithMask</STRONG> (Thumb, 14 bytes, Stack size 0 bytes, lib.o(i.syscon_SetPGCR1WithMask))
<BR><BR>[Called By]<UL><LI><a href="#[11e]">&gt;&gt;</a>&nbsp;&nbsp;&nbsp;plf_init
<LI><a href="#[fe]">&gt;&gt;</a>&nbsp;&nbsp;&nbsp;dc_dc_enable
<LI><a href="#[10a]">&gt;&gt;</a>&nbsp;&nbsp;&nbsp;sleep_post_process
<LI><a href="#[128]">&gt;&gt;</a>&nbsp;&nbsp;&nbsp;powerup_calibration
</UL>

<P><STRONG><a name="[f9]"></a>task_gatt_desc_register</STRONG> (Thumb, 124 bytes, Stack size 40 bytes, lib.o(i.task_gatt_desc_register))
<BR><BR>[Stack]<UL><LI>Max Depth = 40<LI>Call Chain = task_gatt_desc_register
</UL>
<BR>[Calls]<UL><LI><a href="#[eb]">&gt;&gt;</a>&nbsp;&nbsp;&nbsp;__aeabi_memcpy4
</UL>
<BR>[Called By]<UL><LI><a href="#[f8]">&gt;&gt;</a>&nbsp;&nbsp;&nbsp;ble_init
</UL>

<P><STRONG><a name="[134]"></a>dp_dp_SetRegWithMask</STRONG> (Thumb, 16 bytes, Stack size 0 bytes, qnrf.o(i.dp_dp_SetRegWithMask))
<BR><BR>[Called By]<UL><LI><a href="#[12d]">&gt;&gt;</a>&nbsp;&nbsp;&nbsp;rf_enable
</UL>

<P><STRONG><a name="[68]"></a>gap_discon_cmp_evt_handler</STRONG> (Thumb, 20 bytes, Stack size 8 bytes, qpps_task.o(i.gap_discon_cmp_evt_handler))
<BR><BR>[Stack]<UL><LI>Max Depth = 24<LI>Call Chain = gap_discon_cmp_evt_handler &rArr; qpps_disable
</UL>
<BR>[Calls]<UL><LI><a href="#[10f]">&gt;&gt;</a>&nbsp;&nbsp;&nbsp;qpps_disable
</UL>
<BR>[Address Reference Count : 1]<UL><LI> qpps_task.o(.constdata)
</UL>
<P><STRONG><a name="[67]"></a>gatt_notify_cmp_evt_handler</STRONG> (Thumb, 56 bytes, Stack size 16 bytes, qpps_task.o(i.gatt_notify_cmp_evt_handler))
<BR><BR>[Stack]<UL><LI>Max Depth = 44<LI>Call Chain = gatt_notify_cmp_evt_handler &rArr; __aeabi_idivmod &rArr; __aeabi_uidivmod
</UL>
<BR>[Calls]<UL><LI><a href="#[6b]">&gt;&gt;</a>&nbsp;&nbsp;&nbsp;__aeabi_idivmod
</UL>
<BR>[Address Reference Count : 1]<UL><LI> qpps_task.o(.constdata)
</UL>
<P><STRONG><a name="[66]"></a>gatt_write_cmd_ind_handler</STRONG> (Thumb, 264 bytes, Stack size 40 bytes, qpps_task.o(i.gatt_write_cmd_ind_handler))
<BR><BR>[Stack]<UL><LI>Max Depth = 52<LI>Call Chain = gatt_write_cmd_ind_handler &rArr; __aeabi_uidivmod
</UL>
<BR>[Calls]<UL><LI><a href="#[c2]">&gt;&gt;</a>&nbsp;&nbsp;&nbsp;__aeabi_memcpy
<LI><a href="#[6c]">&gt;&gt;</a>&nbsp;&nbsp;&nbsp;__aeabi_uidivmod
</UL>
<BR>[Address Reference Count : 1]<UL><LI> qpps_task.o(.constdata)
</UL>
<P><STRONG><a name="[63]"></a>qpps_create_db_req_handler</STRONG> (Thumb, 350 bytes, Stack size 88 bytes, qpps_task.o(i.qpps_create_db_req_handler))
<BR><BR>[Stack]<UL><LI>Max Depth = 200<LI>Call Chain = qpps_create_db_req_handler &rArr; atts_svc_create_db_ext &rArr; __aeabi_lasr
</UL>
<BR>[Calls]<UL><LI><a href="#[eb]">&gt;&gt;</a>&nbsp;&nbsp;&nbsp;__aeabi_memcpy4
<LI><a href="#[c2]">&gt;&gt;</a>&nbsp;&nbsp;&nbsp;__aeabi_memcpy
<LI><a href="#[f5]">&gt;&gt;</a>&nbsp;&nbsp;&nbsp;atts_svc_create_db_ext
</UL>
<BR>[Address Reference Count : 1]<UL><LI> qpps_task.o(.constdata)
</UL>
<P><STRONG><a name="[65]"></a>qpps_data_send_req_handler</STRONG> (Thumb, 120 bytes, Stack size 24 bytes, qpps_task.o(i.qpps_data_send_req_handler))
<BR><BR>[Stack]<UL><LI>Max Depth = 40<LI>Call Chain = qpps_data_send_req_handler &rArr; qpps_error_ind_send
</UL>
<BR>[Calls]<UL><LI><a href="#[131]">&gt;&gt;</a>&nbsp;&nbsp;&nbsp;qpps_error_ind_send
</UL>
<BR>[Address Reference Count : 1]<UL><LI> qpps_task.o(.constdata)
</UL>
<P><STRONG><a name="[64]"></a>qpps_enable_req_handler</STRONG> (Thumb, 130 bytes, Stack size 24 bytes, qpps_task.o(i.qpps_enable_req_handler))
<BR><BR>[Stack]<UL><LI>Max Depth = 24<LI>Call Chain = qpps_enable_req_handler
</UL>
<BR>[Address Reference Count : 1]<UL><LI> qpps_task.o(.constdata)
</UL>
<P><STRONG><a name="[a0]"></a>_printf_core</STRONG> (Thumb, 1020 bytes, Stack size 104 bytes, printf8.o(i._printf_core), UNUSED)
<BR><BR>[Calls]<UL><LI><a href="#[a6]">&gt;&gt;</a>&nbsp;&nbsp;&nbsp;__aeabi_uldivmod
<LI><a href="#[a4]">&gt;&gt;</a>&nbsp;&nbsp;&nbsp;_printf_pre_padding
<LI><a href="#[a5]">&gt;&gt;</a>&nbsp;&nbsp;&nbsp;_printf_post_padding
</UL>
<BR>[Called By]<UL><LI><a href="#[9f]">&gt;&gt;</a>&nbsp;&nbsp;&nbsp;__0printf$8
</UL>

<P><STRONG><a name="[a5]"></a>_printf_post_padding</STRONG> (Thumb, 32 bytes, Stack size 24 bytes, printf8.o(i._printf_post_padding), UNUSED)
<BR><BR>[Called By]<UL><LI><a href="#[a0]">&gt;&gt;</a>&nbsp;&nbsp;&nbsp;_printf_core
</UL>

<P><STRONG><a name="[a4]"></a>_printf_pre_padding</STRONG> (Thumb, 44 bytes, Stack size 40 bytes, printf8.o(i._printf_pre_padding), UNUSED)
<BR><BR>[Called By]<UL><LI><a href="#[a0]">&gt;&gt;</a>&nbsp;&nbsp;&nbsp;_printf_core
</UL>
<P>
<H3>
Undefined Global Symbols
</H3><HR></body></html>
